Java HotSpot(TM) 64-Bit Server VM (25.151-b12) for windows-amd64 JRE (1.8.0_151-b12), built on Sep  5 2017 19:33:46 by "java_re" with MS VC++ 10.0 (VS2010)
Memory: 4k page, physical 8282412k(3241468k free), swap 14049580k(7185760k free)
CommandLine flags: -XX:CMSInitiatingOccupancyFraction=50 -XX:CMSMaxAbortablePrecleanTime=6000 -XX:+CMSParallelRemarkEnabled -XX:+CMSScavengeBeforeRemark -XX:ConcGCThreads=4 -XX:GCLogFileSize=20971520 -XX:InitialHeapSize=536870912 -XX:MaxHeapSize=536870912 -XX:MaxTenuringThreshold=8 -XX:NewRatio=3 -XX:NumberOfGCLogFiles=9 -XX:OldPLABSize=16 -XX:-OmitStackTraceInFastThrow -XX:ParallelGCThreads=4 -XX:+ParallelRefProcEnabled -XX:PretenureSizeThreshold=67108864 -XX:+PrintGC -XX:+PrintGCApplicationStoppedTime -XX:+PrintGCDateStamps -XX:+PrintGCDetails -XX:+PrintGCTimeStamps -XX:+PrintHeapAtGC -XX:+PrintTenuringDistribution -XX:SurvivorRatio=4 -XX:TargetSurvivorRatio=90 -XX:ThreadStackSize=256 -XX:+UseCMSInitiatingOccupancyOnly -XX:+UseCompressedClassPointers -XX:+UseCompressedOops -XX:+UseConcMarkSweepGC -XX:+UseGCLogFileRotation -XX:-UseLargePagesIndividualAllocation -XX:+UseParNewGC 
2017-10-31T09:02:16.311-0700: 0.220: Total time for which application threads were stopped: 0.0001300 seconds, Stopping threads took: 0.0000210 seconds
2017-10-31T09:02:16.532-0700: 0.441: Total time for which application threads were stopped: 0.0001551 seconds, Stopping threads took: 0.0000278 seconds
2017-10-31T09:02:17.260-0700: 1.168: Total time for which application threads were stopped: 0.0002621 seconds, Stopping threads took: 0.0000366 seconds
2017-10-31T09:02:17.503-0700: 1.411: Total time for which application threads were stopped: 0.0002479 seconds, Stopping threads took: 0.0000284 seconds
2017-10-31T09:02:18.285-0700: 2.193: Total time for which application threads were stopped: 0.0002878 seconds, Stopping threads took: 0.0000264 seconds
2017-10-31T09:02:18.335-0700: 2.243: Total time for which application threads were stopped: 0.0003021 seconds, Stopping threads took: 0.0000298 seconds
2017-10-31T09:02:18.493-0700: 2.402: Total time for which application threads were stopped: 0.0003048 seconds, Stopping threads took: 0.0000284 seconds
{Heap before GC invocations=0 (full 0):
 par new generation   total 109248K, used 87424K [0x00000000e0000000, 0x00000000e8000000, 0x00000000e8000000)
  eden space 87424K, 100% used [0x00000000e0000000, 0x00000000e5560000, 0x00000000e5560000)
  from space 21824K,   0% used [0x00000000e5560000, 0x00000000e5560000, 0x00000000e6ab0000)
  to   space 21824K,   0% used [0x00000000e6ab0000, 0x00000000e6ab0000, 0x00000000e8000000)
 concurrent mark-sweep generation total 393216K, used 0K [0x00000000e8000000, 0x0000000100000000, 0x0000000100000000)
 Metaspace       used 15921K, capacity 16188K, committed 16384K, reserved 1062912K
  class space    used 1901K, capacity 2016K, committed 2048K, reserved 1048576K
2017-10-31T09:02:18.676-0700: 2.586: [GC (Allocation Failure) 2017-10-31T09:02:18.677-0700: 2.586: [ParNew
Desired survivor size 20112992 bytes, new threshold 8 (max 8)
- age   1:    9464808 bytes,    9464808 total
: 87424K->9348K(109248K), 0.0097111 secs] 87424K->9348K(502464K), 0.0099766 secs] [Times: user=0.06 sys=0.00, real=0.01 secs] 
Heap after GC invocations=1 (full 0):
 par new generation   total 109248K, used 9348K [0x00000000e0000000, 0x00000000e8000000, 0x00000000e8000000)
  eden space 87424K,   0% used [0x00000000e0000000, 0x00000000e0000000, 0x00000000e5560000)
  from space 21824K,  42% used [0x00000000e6ab0000, 0x00000000e73d1138, 0x00000000e8000000)
  to   space 21824K,   0% used [0x00000000e5560000, 0x00000000e5560000, 0x00000000e6ab0000)
 concurrent mark-sweep generation total 393216K, used 0K [0x00000000e8000000, 0x0000000100000000, 0x0000000100000000)
 Metaspace       used 15921K, capacity 16188K, committed 16384K, reserved 1062912K
  class space    used 1901K, capacity 2016K, committed 2048K, reserved 1048576K
}
2017-10-31T09:02:18.687-0700: 2.596: Total time for which application threads were stopped: 0.0102793 seconds, Stopping threads took: 0.0000196 seconds
2017-10-31T09:02:18.722-0700: 2.630: Total time for which application threads were stopped: 0.0003048 seconds, Stopping threads took: 0.0000244 seconds
2017-10-31T09:02:18.724-0700: 2.632: Total time for which application threads were stopped: 0.0002912 seconds, Stopping threads took: 0.0000223 seconds
2017-10-31T09:02:18.727-0700: 2.636: Total time for which application threads were stopped: 0.0002743 seconds, Stopping threads took: 0.0000223 seconds
2017-10-31T09:02:18.867-0700: 2.776: Total time for which application threads were stopped: 0.0003230 seconds, Stopping threads took: 0.0000278 seconds
2017-10-31T09:02:19.131-0700: 3.040: Total time for which application threads were stopped: 0.0003894 seconds, Stopping threads took: 0.0000481 seconds
2017-10-31T09:02:19.350-0700: 3.259: Total time for which application threads were stopped: 0.0002127 seconds, Stopping threads took: 0.0000413 seconds
2017-10-31T09:02:19.350-0700: 3.259: Total time for which application threads were stopped: 0.0001558 seconds, Stopping threads took: 0.0000948 seconds
2017-10-31T09:02:19.352-0700: 3.261: Total time for which application threads were stopped: 0.0003982 seconds, Stopping threads took: 0.0001090 seconds
2017-10-31T09:02:19.482-0700: 3.390: Total time for which application threads were stopped: 0.0001842 seconds, Stopping threads took: 0.0000264 seconds
2017-10-31T09:02:19.575-0700: 3.484: Total time for which application threads were stopped: 0.0001348 seconds, Stopping threads took: 0.0000318 seconds
2017-10-31T09:02:19.603-0700: 3.512: Total time for which application threads were stopped: 0.0000914 seconds, Stopping threads took: 0.0000230 seconds
2017-10-31T09:02:19.652-0700: 3.561: Total time for which application threads were stopped: 0.0001199 seconds, Stopping threads took: 0.0000345 seconds
{Heap before GC invocations=1 (full 0):
 par new generation   total 109248K, used 96772K [0x00000000e0000000, 0x00000000e8000000, 0x00000000e8000000)
  eden space 87424K, 100% used [0x00000000e0000000, 0x00000000e5560000, 0x00000000e5560000)
  from space 21824K,  42% used [0x00000000e6ab0000, 0x00000000e73d1138, 0x00000000e8000000)
  to   space 21824K,   0% used [0x00000000e5560000, 0x00000000e5560000, 0x00000000e6ab0000)
 concurrent mark-sweep generation total 393216K, used 0K [0x00000000e8000000, 0x0000000100000000, 0x0000000100000000)
 Metaspace       used 22336K, capacity 22896K, committed 22956K, reserved 1069056K
  class space    used 2728K, capacity 2888K, committed 2892K, reserved 1048576K
2017-10-31T09:02:19.809-0700: 3.718: [GC (Allocation Failure) 2017-10-31T09:02:19.810-0700: 3.718: [ParNew
Desired survivor size 20112992 bytes, new threshold 8 (max 8)
- age   1:    8824424 bytes,    8824424 total
- age   2:    4286552 bytes,   13110976 total
: 96772K->17492K(109248K), 0.0137861 secs] 96772K->17492K(502464K), 0.0139561 secs] [Times: user=0.05 sys=0.02, real=0.01 secs] 
Heap after GC invocations=2 (full 0):
 par new generation   total 109248K, used 17492K [0x00000000e0000000, 0x00000000e8000000, 0x00000000e8000000)
  eden space 87424K,   0% used [0x00000000e0000000, 0x00000000e0000000, 0x00000000e5560000)
  from space 21824K,  80% used [0x00000000e5560000, 0x00000000e6675040, 0x00000000e6ab0000)
  to   space 21824K,   0% used [0x00000000e6ab0000, 0x00000000e6ab0000, 0x00000000e8000000)
 concurrent mark-sweep generation total 393216K, used 0K [0x00000000e8000000, 0x0000000100000000, 0x0000000100000000)
 Metaspace       used 22336K, capacity 22896K, committed 22956K, reserved 1069056K
  class space    used 2728K, capacity 2888K, committed 2892K, reserved 1048576K
}
2017-10-31T09:02:19.823-0700: 3.732: Total time for which application threads were stopped: 0.0143753 seconds, Stopping threads took: 0.0001436 seconds
2017-10-31T09:02:19.824-0700: 3.732: [GC (CMS Initial Mark) [1 CMS-initial-mark: 0K(393216K)] 17932K(502464K), 0.0036416 secs] [Times: user=0.00 sys=0.00, real=0.00 secs] 
2017-10-31T09:02:19.827-0700: 3.736: Total time for which application threads were stopped: 0.0038061 seconds, Stopping threads took: 0.0000318 seconds
2017-10-31T09:02:19.827-0700: 3.736: [CMS-concurrent-mark-start]
2017-10-31T09:02:19.828-0700: 3.736: [CMS-concurrent-mark: 0.000/0.000 secs] [Times: user=0.00 sys=0.00, real=0.00 secs] 
2017-10-31T09:02:19.828-0700: 3.736: [CMS-concurrent-preclean-start]
2017-10-31T09:02:19.829-0700: 3.738: [CMS-concurrent-preclean: 0.001/0.001 secs] [Times: user=0.00 sys=0.00, real=0.00 secs] 
2017-10-31T09:02:19.830-0700: 3.739: [GC (CMS Final Remark) [YG occupancy: 17932 K (109248 K)]{Heap before GC invocations=2 (full 1):
 par new generation   total 109248K, used 17932K [0x00000000e0000000, 0x00000000e8000000, 0x00000000e8000000)
  eden space 87424K,   0% used [0x00000000e0000000, 0x00000000e006e370, 0x00000000e5560000)
  from space 21824K,  80% used [0x00000000e5560000, 0x00000000e6675040, 0x00000000e6ab0000)
  to   space 21824K,   0% used [0x00000000e6ab0000, 0x00000000e6ab0000, 0x00000000e8000000)
 concurrent mark-sweep generation total 393216K, used 0K [0x00000000e8000000, 0x0000000100000000, 0x0000000100000000)
 Metaspace       used 22338K, capacity 22896K, committed 22956K, reserved 1069056K
  class space    used 2729K, capacity 2888K, committed 2892K, reserved 1048576K
2017-10-31T09:02:19.830-0700: 3.739: [GC (CMS Final Remark) 2017-10-31T09:02:19.830-0700: 3.739: [ParNew
Desired survivor size 20112992 bytes, new threshold 8 (max 8)
- age   1:       7704 bytes,       7704 total
- age   2:    8824464 bytes,    8832168 total
- age   3:    4286608 bytes,   13118776 total
: 17932K->15647K(109248K), 0.0114916 secs] 17932K->15647K(502464K), 0.0115620 secs] [Times: user=0.06 sys=0.00, real=0.01 secs] 
Heap after GC invocations=3 (full 1):
 par new generation   total 109248K, used 15647K [0x00000000e0000000, 0x00000000e8000000, 0x00000000e8000000)
  eden space 87424K,   0% used [0x00000000e0000000, 0x00000000e0000000, 0x00000000e5560000)
  from space 21824K,  71% used [0x00000000e6ab0000, 0x00000000e79f7e50, 0x00000000e8000000)
  to   space 21824K,   0% used [0x00000000e5560000, 0x00000000e5560000, 0x00000000e6ab0000)
 concurrent mark-sweep generation total 393216K, used 0K [0x00000000e8000000, 0x0000000100000000, 0x0000000100000000)
 Metaspace       used 22338K, capacity 22896K, committed 22956K, reserved 1069056K
  class space    used 2729K, capacity 2888K, committed 2892K, reserved 1048576K
}
2017-10-31T09:02:19.842-0700: 3.751: [Rescan (parallel) , 0.0039098 secs]2017-10-31T09:02:19.846-0700: 3.755: [weak refs processing, 0.0003772 secs]2017-10-31T09:02:19.846-0700: 3.755: [class unloading, 0.0046561 secs]2017-10-31T09:02:19.851-0700: 3.760: [scrub symbol table, 0.0048586 secs]2017-10-31T09:02:19.856-0700: 3.765: [scrub string table, 0.0004185 secs][1 CMS-remark: 0K(393216K)] 15647K(502464K), 0.0269667 secs] [Times: user=0.09 sys=0.00, real=0.03 secs] 
2017-10-31T09:02:19.858-0700: 3.766: Total time for which application threads were stopped: 0.0272159 seconds, Stopping threads took: 0.0001212 seconds
2017-10-31T09:02:19.858-0700: 3.767: [CMS-concurrent-sweep-start]
2017-10-31T09:02:19.859-0700: 3.767: [CMS-concurrent-sweep: 0.000/0.000 secs] [Times: user=0.00 sys=0.00, real=0.00 secs] 
2017-10-31T09:02:19.859-0700: 3.767: [CMS-concurrent-reset-start]
2017-10-31T09:02:19.861-0700: 3.770: [CMS-concurrent-reset: 0.003/0.003 secs] [Times: user=0.00 sys=0.00, real=0.00 secs] 
2017-10-31T09:02:19.908-0700: 3.817: Total time for which application threads were stopped: 0.0004524 seconds, Stopping threads took: 0.0000406 seconds
2017-10-31T09:02:19.952-0700: 3.861: Total time for which application threads were stopped: 0.0010294 seconds, Stopping threads took: 0.0005967 seconds
2017-10-31T09:02:20.213-0700: 4.121: Total time for which application threads were stopped: 0.0006684 seconds, Stopping threads took: 0.0001666 seconds
2017-10-31T09:02:20.219-0700: 4.127: Total time for which application threads were stopped: 0.0001646 seconds, Stopping threads took: 0.0000345 seconds
2017-10-31T09:02:20.224-0700: 4.132: Total time for which application threads were stopped: 0.0001652 seconds, Stopping threads took: 0.0000406 seconds
2017-10-31T09:02:20.238-0700: 4.146: Total time for which application threads were stopped: 0.0001612 seconds, Stopping threads took: 0.0000339 seconds
2017-10-31T09:02:20.269-0700: 4.177: Total time for which application threads were stopped: 0.0002438 seconds, Stopping threads took: 0.0001470 seconds
2017-10-31T09:02:20.272-0700: 4.181: Total time for which application threads were stopped: 0.0001950 seconds, Stopping threads took: 0.0000528 seconds
2017-10-31T09:02:20.277-0700: 4.186: Total time for which application threads were stopped: 0.0001111 seconds, Stopping threads took: 0.0000257 seconds
2017-10-31T09:02:20.277-0700: 4.186: Total time for which application threads were stopped: 0.0001219 seconds, Stopping threads took: 0.0000230 seconds
2017-10-31T09:02:20.278-0700: 4.186: Total time for which application threads were stopped: 0.0001023 seconds, Stopping threads took: 0.0000156 seconds
2017-10-31T09:02:20.278-0700: 4.186: Total time for which application threads were stopped: 0.0001978 seconds, Stopping threads took: 0.0001138 seconds
2017-10-31T09:02:20.284-0700: 4.193: Total time for which application threads were stopped: 0.0001659 seconds, Stopping threads took: 0.0000305 seconds
2017-10-31T09:02:20.287-0700: 4.196: Total time for which application threads were stopped: 0.0003129 seconds, Stopping threads took: 0.0002072 seconds
2017-10-31T09:02:20.288-0700: 4.197: Total time for which application threads were stopped: 0.0000826 seconds, Stopping threads took: 0.0000176 seconds
2017-10-31T09:02:20.288-0700: 4.197: Total time for which application threads were stopped: 0.0001212 seconds, Stopping threads took: 0.0000305 seconds
2017-10-31T09:02:20.288-0700: 4.197: Total time for which application threads were stopped: 0.0000637 seconds, Stopping threads took: 0.0000183 seconds
2017-10-31T09:02:20.290-0700: 4.198: Total time for which application threads were stopped: 0.0002546 seconds, Stopping threads took: 0.0001409 seconds
2017-10-31T09:02:20.290-0700: 4.199: Total time for which application threads were stopped: 0.0001192 seconds, Stopping threads took: 0.0000305 seconds
2017-10-31T09:02:20.291-0700: 4.200: Total time for which application threads were stopped: 0.0001206 seconds, Stopping threads took: 0.0000345 seconds
2017-10-31T09:02:20.294-0700: 4.203: Total time for which application threads were stopped: 0.0002011 seconds, Stopping threads took: 0.0001043 seconds
2017-10-31T09:02:20.298-0700: 4.207: Total time for which application threads were stopped: 0.0001923 seconds, Stopping threads took: 0.0001063 seconds
2017-10-31T09:02:20.300-0700: 4.208: Total time for which application threads were stopped: 0.0000941 seconds, Stopping threads took: 0.0000203 seconds
2017-10-31T09:02:20.304-0700: 4.212: Total time for which application threads were stopped: 0.0001415 seconds, Stopping threads took: 0.0000413 seconds
2017-10-31T09:02:20.304-0700: 4.213: Total time for which application threads were stopped: 0.0001206 seconds, Stopping threads took: 0.0000352 seconds
2017-10-31T09:02:20.305-0700: 4.213: Total time for which application threads were stopped: 0.0001402 seconds, Stopping threads took: 0.0000312 seconds
2017-10-31T09:02:20.305-0700: 4.213: Total time for which application threads were stopped: 0.0001490 seconds, Stopping threads took: 0.0000718 seconds
2017-10-31T09:02:20.305-0700: 4.214: Total time for which application threads were stopped: 0.0000826 seconds, Stopping threads took: 0.0000230 seconds
2017-10-31T09:02:20.306-0700: 4.214: Total time for which application threads were stopped: 0.0001388 seconds, Stopping threads took: 0.0000318 seconds
2017-10-31T09:02:20.306-0700: 4.214: Total time for which application threads were stopped: 0.0000819 seconds, Stopping threads took: 0.0000176 seconds
2017-10-31T09:02:20.306-0700: 4.215: Total time for which application threads were stopped: 0.0003434 seconds, Stopping threads took: 0.0001890 seconds
2017-10-31T09:02:20.307-0700: 4.216: Total time for which application threads were stopped: 0.0001869 seconds, Stopping threads took: 0.0000603 seconds
2017-10-31T09:02:20.309-0700: 4.217: Total time for which application threads were stopped: 0.0001463 seconds, Stopping threads took: 0.0000440 seconds
2017-10-31T09:02:20.309-0700: 4.217: Total time for which application threads were stopped: 0.0001226 seconds, Stopping threads took: 0.0000332 seconds
2017-10-31T09:02:20.309-0700: 4.218: Total time for which application threads were stopped: 0.0001327 seconds, Stopping threads took: 0.0000257 seconds
2017-10-31T09:02:20.309-0700: 4.218: Total time for which application threads were stopped: 0.0001009 seconds, Stopping threads took: 0.0000203 seconds
{Heap before GC invocations=3 (full 1):
 par new generation   total 109248K, used 103071K [0x00000000e0000000, 0x00000000e8000000, 0x00000000e8000000)
  eden space 87424K, 100% used [0x00000000e0000000, 0x00000000e5560000, 0x00000000e5560000)
  from space 21824K,  71% used [0x00000000e6ab0000, 0x00000000e79f7e50, 0x00000000e8000000)
  to   space 21824K,   0% used [0x00000000e5560000, 0x00000000e5560000, 0x00000000e6ab0000)
 concurrent mark-sweep generation total 393216K, used 0K [0x00000000e8000000, 0x0000000100000000, 0x0000000100000000)
 Metaspace       used 24421K, capacity 24984K, committed 25292K, reserved 1071104K
  class space    used 3002K, capacity 3198K, committed 3276K, reserved 1048576K
2017-10-31T09:02:20.310-0700: 4.218: [GC (Allocation Failure) 2017-10-31T09:02:20.310-0700: 4.218: [ParNew
Desired survivor size 20112992 bytes, new threshold 8 (max 8)
- age   1:    2894472 bytes,    2894472 total
- age   2:       3840 bytes,    2898312 total
- age   3:    4445824 bytes,    7344136 total
- age   4:    4279128 bytes,   11623264 total
: 103071K->16759K(109248K), 0.0129524 secs] 103071K->16759K(502464K), 0.0130459 secs] [Times: user=0.05 sys=0.01, real=0.01 secs] 
Heap after GC invocations=4 (full 1):
 par new generation   total 109248K, used 16759K [0x00000000e0000000, 0x00000000e8000000, 0x00000000e8000000)
  eden space 87424K,   0% used [0x00000000e0000000, 0x00000000e0000000, 0x00000000e5560000)
  from space 21824K,  76% used [0x00000000e5560000, 0x00000000e65bdf20, 0x00000000e6ab0000)
  to   space 21824K,   0% used [0x00000000e6ab0000, 0x00000000e6ab0000, 0x00000000e8000000)
 concurrent mark-sweep generation total 393216K, used 0K [0x00000000e8000000, 0x0000000100000000, 0x0000000100000000)
 Metaspace       used 24421K, capacity 24984K, committed 25292K, reserved 1071104K
  class space    used 3002K, capacity 3198K, committed 3276K, reserved 1048576K
}
2017-10-31T09:02:20.323-0700: 4.231: Total time for which application threads were stopped: 0.0132599 seconds, Stopping threads took: 0.0000284 seconds
2017-10-31T09:02:20.324-0700: 4.232: Total time for which application threads were stopped: 0.0001334 seconds, Stopping threads took: 0.0000501 seconds
2017-10-31T09:02:20.324-0700: 4.233: Total time for which application threads were stopped: 0.0001253 seconds, Stopping threads took: 0.0000203 seconds
2017-10-31T09:02:20.331-0700: 4.239: Total time for which application threads were stopped: 0.0007396 seconds, Stopping threads took: 0.0006298 seconds
2017-10-31T09:02:20.331-0700: 4.240: Total time for which application threads were stopped: 0.0001233 seconds, Stopping threads took: 0.0000339 seconds
2017-10-31T09:02:20.332-0700: 4.240: Total time for which application threads were stopped: 0.0001077 seconds, Stopping threads took: 0.0000400 seconds
2017-10-31T09:02:20.332-0700: 4.240: Total time for which application threads were stopped: 0.0000623 seconds, Stopping threads took: 0.0000115 seconds
2017-10-31T09:02:20.332-0700: 4.240: Total time for which application threads were stopped: 0.0000684 seconds, Stopping threads took: 0.0000190 seconds
2017-10-31T09:02:20.332-0700: 4.241: Total time for which application threads were stopped: 0.0001063 seconds, Stopping threads took: 0.0000264 seconds
2017-10-31T09:02:20.332-0700: 4.241: Total time for which application threads were stopped: 0.0000996 seconds, Stopping threads took: 0.0000366 seconds
2017-10-31T09:02:20.333-0700: 4.241: Total time for which application threads were stopped: 0.0000968 seconds, Stopping threads took: 0.0000339 seconds
2017-10-31T09:02:20.333-0700: 4.241: Total time for which application threads were stopped: 0.0000772 seconds, Stopping threads took: 0.0000129 seconds
2017-10-31T09:02:20.333-0700: 4.241: Total time for which application threads were stopped: 0.0000670 seconds, Stopping threads took: 0.0000183 seconds
2017-10-31T09:02:20.333-0700: 4.242: Total time for which application threads were stopped: 0.0000670 seconds, Stopping threads took: 0.0000183 seconds
2017-10-31T09:02:20.333-0700: 4.242: Total time for which application threads were stopped: 0.0000941 seconds, Stopping threads took: 0.0000223 seconds
2017-10-31T09:02:20.333-0700: 4.242: Total time for which application threads were stopped: 0.0000589 seconds, Stopping threads took: 0.0000108 seconds
2017-10-31T09:02:20.334-0700: 4.242: Total time for which application threads were stopped: 0.0002174 seconds, Stopping threads took: 0.0000589 seconds
2017-10-31T09:02:20.349-0700: 4.258: Total time for which application threads were stopped: 0.0001869 seconds, Stopping threads took: 0.0000603 seconds
2017-10-31T09:02:20.349-0700: 4.258: Total time for which application threads were stopped: 0.0001456 seconds, Stopping threads took: 0.0000278 seconds
2017-10-31T09:02:20.349-0700: 4.258: Total time for which application threads were stopped: 0.0001497 seconds, Stopping threads took: 0.0000406 seconds
2017-10-31T09:02:20.354-0700: 4.263: Total time for which application threads were stopped: 0.0001883 seconds, Stopping threads took: 0.0000501 seconds
2017-10-31T09:02:20.361-0700: 4.270: Total time for which application threads were stopped: 0.0001619 seconds, Stopping threads took: 0.0000474 seconds
2017-10-31T09:02:20.363-0700: 4.272: Total time for which application threads were stopped: 0.0001307 seconds, Stopping threads took: 0.0000427 seconds
2017-10-31T09:02:20.367-0700: 4.276: Total time for which application threads were stopped: 0.0001151 seconds, Stopping threads took: 0.0000440 seconds
2017-10-31T09:02:20.377-0700: 4.286: Total time for which application threads were stopped: 0.0001165 seconds, Stopping threads took: 0.0000291 seconds
2017-10-31T09:02:20.408-0700: 4.316: Total time for which application threads were stopped: 0.0001862 seconds, Stopping threads took: 0.0000610 seconds
{Heap before GC invocations=4 (full 1):
 par new generation   total 109248K, used 104183K [0x00000000e0000000, 0x00000000e8000000, 0x00000000e8000000)
  eden space 87424K, 100% used [0x00000000e0000000, 0x00000000e5560000, 0x00000000e5560000)
  from space 21824K,  76% used [0x00000000e5560000, 0x00000000e65bdf20, 0x00000000e6ab0000)
  to   space 21824K,   0% used [0x00000000e6ab0000, 0x00000000e6ab0000, 0x00000000e8000000)
 concurrent mark-sweep generation total 393216K, used 0K [0x00000000e8000000, 0x0000000100000000, 0x0000000100000000)
 Metaspace       used 24770K, capacity 25296K, committed 25548K, reserved 1071104K
  class space    used 3047K, capacity 3234K, committed 3276K, reserved 1048576K
2017-10-31T09:02:20.414-0700: 4.322: [GC (Allocation Failure) 2017-10-31T09:02:20.414-0700: 4.323: [ParNew
Desired survivor size 20112992 bytes, new threshold 8 (max 8)
- age   1:     649992 bytes,     649992 total
- age   2:    1680464 bytes,    2330456 total
- age   3:       3840 bytes,    2334296 total
- age   4:    4302888 bytes,    6637184 total
- age   5:    4235168 bytes,   10872352 total
: 104183K->14099K(109248K), 0.0123341 secs] 104183K->14099K(502464K), 0.0124458 secs] [Times: user=0.06 sys=0.00, real=0.01 secs] 
Heap after GC invocations=5 (full 1):
 par new generation   total 109248K, used 14099K [0x00000000e0000000, 0x00000000e8000000, 0x00000000e8000000)
  eden space 87424K,   0% used [0x00000000e0000000, 0x00000000e0000000, 0x00000000e5560000)
  from space 21824K,  64% used [0x00000000e6ab0000, 0x00000000e7874ec0, 0x00000000e8000000)
  to   space 21824K,   0% used [0x00000000e5560000, 0x00000000e5560000, 0x00000000e6ab0000)
 concurrent mark-sweep generation total 393216K, used 0K [0x00000000e8000000, 0x0000000100000000, 0x0000000100000000)
 Metaspace       used 24770K, capacity 25296K, committed 25548K, reserved 1071104K
  class space    used 3047K, capacity 3234K, committed 3276K, reserved 1048576K
}
2017-10-31T09:02:20.427-0700: 4.335: Total time for which application threads were stopped: 0.0127174 seconds, Stopping threads took: 0.0000569 seconds
2017-10-31T09:02:20.464-0700: 4.372: Total time for which application threads were stopped: 0.0001612 seconds, Stopping threads took: 0.0000555 seconds
2017-10-31T09:02:20.464-0700: 4.373: Total time for which application threads were stopped: 0.0001023 seconds, Stopping threads took: 0.0000291 seconds
2017-10-31T09:02:20.464-0700: 4.373: Total time for which application threads were stopped: 0.0000840 seconds, Stopping threads took: 0.0000217 seconds
2017-10-31T09:02:20.538-0700: 4.446: Total time for which application threads were stopped: 0.0001564 seconds, Stopping threads took: 0.0000427 seconds
{Heap before GC invocations=5 (full 1):
 par new generation   total 109248K, used 101523K [0x00000000e0000000, 0x00000000e8000000, 0x00000000e8000000)
  eden space 87424K, 100% used [0x00000000e0000000, 0x00000000e5560000, 0x00000000e5560000)
  from space 21824K,  64% used [0x00000000e6ab0000, 0x00000000e7874ec0, 0x00000000e8000000)
  to   space 21824K,   0% used [0x00000000e5560000, 0x00000000e5560000, 0x00000000e6ab0000)
 concurrent mark-sweep generation total 393216K, used 0K [0x00000000e8000000, 0x0000000100000000, 0x0000000100000000)
 Metaspace       used 24997K, capacity 25584K, committed 25804K, reserved 1071104K
  class space    used 3073K, capacity 3266K, committed 3276K, reserved 1048576K
2017-10-31T09:02:20.540-0700: 4.449: [GC (Allocation Failure) 2017-10-31T09:02:20.540-0700: 4.449: [ParNew
Desired survivor size 20112992 bytes, new threshold 8 (max 8)
- age   1:     597648 bytes,     597648 total
- age   2:     135880 bytes,     733528 total
- age   3:    1679704 bytes,    2413232 total
- age   4:       3840 bytes,    2417072 total
- age   5:    4297264 bytes,    6714336 total
- age   6:    4234728 bytes,   10949064 total
: 101523K->14359K(109248K), 0.0121024 secs] 101523K->14359K(502464K), 0.0122027 secs] [Times: user=0.06 sys=0.00, real=0.01 secs] 
Heap after GC invocations=6 (full 1):
 par new generation   total 109248K, used 14359K [0x00000000e0000000, 0x00000000e8000000, 0x00000000e8000000)
  eden space 87424K,   0% used [0x00000000e0000000, 0x00000000e0000000, 0x00000000e5560000)
  from space 21824K,  65% used [0x00000000e5560000, 0x00000000e6365e70, 0x00000000e6ab0000)
  to   space 21824K,   0% used [0x00000000e6ab0000, 0x00000000e6ab0000, 0x00000000e8000000)
 concurrent mark-sweep generation total 393216K, used 0K [0x00000000e8000000, 0x0000000100000000, 0x0000000100000000)
 Metaspace       used 24997K, capacity 25584K, committed 25804K, reserved 1071104K
  class space    used 3073K, capacity 3266K, committed 3276K, reserved 1048576K
}
2017-10-31T09:02:20.552-0700: 4.461: Total time for which application threads were stopped: 0.0124512 seconds, Stopping threads took: 0.0000603 seconds
2017-10-31T09:02:20.599-0700: 4.508: Total time for which application threads were stopped: 0.0001564 seconds, Stopping threads took: 0.0000501 seconds
2017-10-31T09:02:20.599-0700: 4.508: Total time for which application threads were stopped: 0.0001165 seconds, Stopping threads took: 0.0000515 seconds
2017-10-31T09:02:20.600-0700: 4.509: Total time for which application threads were stopped: 0.0000792 seconds, Stopping threads took: 0.0000203 seconds
2017-10-31T09:02:20.605-0700: 4.514: Total time for which application threads were stopped: 0.0001334 seconds, Stopping threads took: 0.0000312 seconds
2017-10-31T09:02:20.634-0700: 4.543: Total time for which application threads were stopped: 0.0001327 seconds, Stopping threads took: 0.0000325 seconds
2017-10-31T09:02:20.642-0700: 4.550: Total time for which application threads were stopped: 0.0002655 seconds, Stopping threads took: 0.0000406 seconds
2017-10-31T09:02:20.648-0700: 4.557: Total time for which application threads were stopped: 0.0002499 seconds, Stopping threads took: 0.0001680 seconds
2017-10-31T09:02:20.667-0700: 4.576: Total time for which application threads were stopped: 0.0001517 seconds, Stopping threads took: 0.0000569 seconds
2017-10-31T09:02:20.716-0700: 4.625: Total time for which application threads were stopped: 0.0002682 seconds, Stopping threads took: 0.0001476 seconds
2017-10-31T09:02:20.718-0700: 4.627: Total time for which application threads were stopped: 0.0003969 seconds, Stopping threads took: 0.0000196 seconds
2017-10-31T09:02:20.733-0700: 4.642: Total time for which application threads were stopped: 0.0001300 seconds, Stopping threads took: 0.0000440 seconds
2017-10-31T09:02:20.756-0700: 4.665: Total time for which application threads were stopped: 0.0001334 seconds, Stopping threads took: 0.0000298 seconds
2017-10-31T09:02:20.774-0700: 4.683: Total time for which application threads were stopped: 0.0001829 seconds, Stopping threads took: 0.0000352 seconds
2017-10-31T09:02:20.817-0700: 4.725: Total time for which application threads were stopped: 0.0004544 seconds, Stopping threads took: 0.0000251 seconds
2017-10-31T09:02:21.048-0700: 4.956: Total time for which application threads were stopped: 0.0001876 seconds, Stopping threads took: 0.0000467 seconds
2017-10-31T09:02:21.074-0700: 4.982: Total time for which application threads were stopped: 0.0001239 seconds, Stopping threads took: 0.0000230 seconds
2017-10-31T09:02:21.244-0700: 5.152: Total time for which application threads were stopped: 0.0001388 seconds, Stopping threads took: 0.0000284 seconds
2017-10-31T09:02:21.245-0700: 5.153: Total time for which application threads were stopped: 0.0000698 seconds, Stopping threads took: 0.0000203 seconds
2017-10-31T09:02:21.268-0700: 5.177: Total time for which application threads were stopped: 0.0001713 seconds, Stopping threads took: 0.0000542 seconds
{Heap before GC invocations=6 (full 1):
 par new generation   total 109248K, used 101783K [0x00000000e0000000, 0x00000000e8000000, 0x00000000e8000000)
  eden space 87424K, 100% used [0x00000000e0000000, 0x00000000e5560000, 0x00000000e5560000)
  from space 21824K,  65% used [0x00000000e5560000, 0x00000000e6365e70, 0x00000000e6ab0000)
  to   space 21824K,   0% used [0x00000000e6ab0000, 0x00000000e6ab0000, 0x00000000e8000000)
 concurrent mark-sweep generation total 393216K, used 0K [0x00000000e8000000, 0x0000000100000000, 0x0000000100000000)
 Metaspace       used 26879K, capacity 27496K, committed 27852K, reserved 1073152K
  class space    used 3289K, capacity 3498K, committed 3532K, reserved 1048576K
2017-10-31T09:02:21.270-0700: 5.178: [GC (Allocation Failure) 2017-10-31T09:02:21.270-0700: 5.179: [ParNew
Desired survivor size 20112992 bytes, new threshold 8 (max 8)
- age   1:    2896744 bytes,    2896744 total
- age   2:     161496 bytes,    3058240 total
- age   3:     134352 bytes,    3192592 total
- age   4:     616184 bytes,    3808776 total
- age   5:       3840 bytes,    3812616 total
- age   6:    4297080 bytes,    8109696 total
- age   7:    4234664 bytes,   12344360 total
: 101783K->14975K(109248K), 0.0134468 secs] 101783K->14975K(502464K), 0.0135335 secs] [Times: user=0.06 sys=0.00, real=0.01 secs] 
Heap after GC invocations=7 (full 1):
 par new generation   total 109248K, used 14975K [0x00000000e0000000, 0x00000000e8000000, 0x00000000e8000000)
  eden space 87424K,   0% used [0x00000000e0000000, 0x00000000e0000000, 0x00000000e5560000)
  from space 21824K,  68% used [0x00000000e6ab0000, 0x00000000e794fd30, 0x00000000e8000000)
  to   space 21824K,   0% used [0x00000000e5560000, 0x00000000e5560000, 0x00000000e6ab0000)
 concurrent mark-sweep generation total 393216K, used 0K [0x00000000e8000000, 0x0000000100000000, 0x0000000100000000)
 Metaspace       used 26879K, capacity 27496K, committed 27852K, reserved 1073152K
  class space    used 3289K, capacity 3498K, committed 3532K, reserved 1048576K
}
2017-10-31T09:02:21.284-0700: 5.192: Total time for which application threads were stopped: 0.0138437 seconds, Stopping threads took: 0.0000271 seconds
2017-10-31T09:02:21.290-0700: 5.198: Total time for which application threads were stopped: 0.0003860 seconds, Stopping threads took: 0.0002926 seconds
2017-10-31T09:02:21.312-0700: 5.221: Total time for which application threads were stopped: 0.0001368 seconds, Stopping threads took: 0.0000521 seconds
2017-10-31T09:02:21.324-0700: 5.232: Total time for which application threads were stopped: 0.0004863 seconds, Stopping threads took: 0.0000298 seconds
2017-10-31T09:02:21.341-0700: 5.250: Total time for which application threads were stopped: 0.0001470 seconds, Stopping threads took: 0.0000298 seconds
2017-10-31T09:02:21.341-0700: 5.250: Total time for which application threads were stopped: 0.0001077 seconds, Stopping threads took: 0.0000332 seconds
2017-10-31T09:02:21.341-0700: 5.250: Total time for which application threads were stopped: 0.0001070 seconds, Stopping threads took: 0.0000196 seconds
2017-10-31T09:02:21.343-0700: 5.251: Total time for which application threads were stopped: 0.0001070 seconds, Stopping threads took: 0.0000271 seconds
2017-10-31T09:02:21.343-0700: 5.252: Total time for which application threads were stopped: 0.0001206 seconds, Stopping threads took: 0.0000217 seconds
2017-10-31T09:02:21.344-0700: 5.253: Total time for which application threads were stopped: 0.0001829 seconds, Stopping threads took: 0.0001050 seconds
2017-10-31T09:02:21.344-0700: 5.253: Total time for which application threads were stopped: 0.0000935 seconds, Stopping threads took: 0.0000298 seconds
2017-10-31T09:02:21.345-0700: 5.253: Total time for which application threads were stopped: 0.0001368 seconds, Stopping threads took: 0.0000731 seconds
2017-10-31T09:02:21.345-0700: 5.254: Total time for which application threads were stopped: 0.0002045 seconds, Stopping threads took: 0.0000163 seconds
2017-10-31T09:02:21.353-0700: 5.262: Total time for which application threads were stopped: 0.0000989 seconds, Stopping threads took: 0.0000366 seconds
2017-10-31T09:02:21.357-0700: 5.265: Total time for which application threads were stopped: 0.0001266 seconds, Stopping threads took: 0.0000467 seconds
2017-10-31T09:02:21.365-0700: 5.273: Total time for which application threads were stopped: 0.0001713 seconds, Stopping threads took: 0.0000623 seconds
2017-10-31T09:02:21.366-0700: 5.274: Total time for which application threads were stopped: 0.0000955 seconds, Stopping threads took: 0.0000332 seconds
2017-10-31T09:02:21.370-0700: 5.278: Total time for which application threads were stopped: 0.0001348 seconds, Stopping threads took: 0.0000494 seconds
2017-10-31T09:02:21.551-0700: 5.460: Total time for which application threads were stopped: 0.0001145 seconds, Stopping threads took: 0.0000298 seconds
2017-10-31T09:02:21.573-0700: 5.482: Total time for which application threads were stopped: 0.0001219 seconds, Stopping threads took: 0.0000454 seconds
2017-10-31T09:02:21.629-0700: 5.538: Total time for which application threads were stopped: 0.0001625 seconds, Stopping threads took: 0.0000454 seconds
{Heap before GC invocations=7 (full 1):
 par new generation   total 109248K, used 102399K [0x00000000e0000000, 0x00000000e8000000, 0x00000000e8000000)
  eden space 87424K, 100% used [0x00000000e0000000, 0x00000000e5560000, 0x00000000e5560000)
  from space 21824K,  68% used [0x00000000e6ab0000, 0x00000000e794fd30, 0x00000000e8000000)
  to   space 21824K,   0% used [0x00000000e5560000, 0x00000000e5560000, 0x00000000e6ab0000)
 concurrent mark-sweep generation total 393216K, used 0K [0x00000000e8000000, 0x0000000100000000, 0x0000000100000000)
 Metaspace       used 29288K, capacity 30060K, committed 30284K, reserved 1075200K
  class space    used 3610K, capacity 3834K, committed 3916K, reserved 1048576K
2017-10-31T09:02:21.777-0700: 5.685: [GC (Allocation Failure) 2017-10-31T09:02:21.777-0700: 5.685: [ParNew
Desired survivor size 20112992 bytes, new threshold 8 (max 8)
- age   1:    3635688 bytes,    3635688 total
- age   2:    1500848 bytes,    5136536 total
- age   3:     159976 bytes,    5296512 total
- age   4:     124528 bytes,    5421040 total
- age   5:     607488 bytes,    6028528 total
- age   6:       3808 bytes,    6032336 total
- age   7:    4286784 bytes,   10319120 total
- age   8:    4219720 bytes,   14538840 total
: 102399K->20805K(109248K), 0.0149740 secs] 102399K->20805K(502464K), 0.0150580 secs] [Times: user=0.03 sys=0.00, real=0.02 secs] 
Heap after GC invocations=8 (full 1):
 par new generation   total 109248K, used 20805K [0x00000000e0000000, 0x00000000e8000000, 0x00000000e8000000)
  eden space 87424K,   0% used [0x00000000e0000000, 0x00000000e0000000, 0x00000000e5560000)
  from space 21824K,  95% used [0x00000000e5560000, 0x00000000e69b1580, 0x00000000e6ab0000)
  to   space 21824K,   0% used [0x00000000e6ab0000, 0x00000000e6ab0000, 0x00000000e8000000)
 concurrent mark-sweep generation total 393216K, used 0K [0x00000000e8000000, 0x0000000100000000, 0x0000000100000000)
 Metaspace       used 29288K, capacity 30060K, committed 30284K, reserved 1075200K
  class space    used 3610K, capacity 3834K, committed 3916K, reserved 1048576K
}
2017-10-31T09:02:21.792-0700: 5.700: Total time for which application threads were stopped: 0.0154501 seconds, Stopping threads took: 0.0000494 seconds
2017-10-31T09:02:21.849-0700: 5.757: Total time for which application threads were stopped: 0.0001937 seconds, Stopping threads took: 0.0000467 seconds
2017-10-31T09:02:21.849-0700: 5.757: Total time for which application threads were stopped: 0.0001043 seconds, Stopping threads took: 0.0000210 seconds
2017-10-31T09:02:21.859-0700: 5.768: Total time for which application threads were stopped: 0.0001239 seconds, Stopping threads took: 0.0000386 seconds
2017-10-31T09:02:21.860-0700: 5.768: Total time for which application threads were stopped: 0.0000941 seconds, Stopping threads took: 0.0000298 seconds
2017-10-31T09:02:21.896-0700: 5.805: Total time for which application threads were stopped: 0.0001849 seconds, Stopping threads took: 0.0001043 seconds
2017-10-31T09:02:21.942-0700: 5.851: Total time for which application threads were stopped: 0.0005648 seconds, Stopping threads took: 0.0000372 seconds
2017-10-31T09:02:21.948-0700: 5.857: Total time for which application threads were stopped: 0.0001219 seconds, Stopping threads took: 0.0000406 seconds
2017-10-31T09:02:22.015-0700: 5.923: Total time for which application threads were stopped: 0.0005472 seconds, Stopping threads took: 0.0000393 seconds
2017-10-31T09:02:22.036-0700: 5.945: Total time for which application threads were stopped: 0.0005736 seconds, Stopping threads took: 0.0000359 seconds
2017-10-31T09:02:22.109-0700: 6.017: Total time for which application threads were stopped: 0.0006048 seconds, Stopping threads took: 0.0000447 seconds
2017-10-31T09:02:22.152-0700: 6.060: Total time for which application threads were stopped: 0.0001727 seconds, Stopping threads took: 0.0000400 seconds
2017-10-31T09:02:22.153-0700: 6.061: Total time for which application threads were stopped: 0.0002621 seconds, Stopping threads took: 0.0001375 seconds
2017-10-31T09:02:22.153-0700: 6.061: Total time for which application threads were stopped: 0.0001029 seconds, Stopping threads took: 0.0000291 seconds
2017-10-31T09:02:22.172-0700: 6.081: Total time for which application threads were stopped: 0.0001402 seconds, Stopping threads took: 0.0000339 seconds
2017-10-31T09:02:22.258-0700: 6.167: Total time for which application threads were stopped: 0.0001673 seconds, Stopping threads took: 0.0000637 seconds
2017-10-31T09:02:22.265-0700: 6.174: Total time for which application threads were stopped: 0.0001368 seconds, Stopping threads took: 0.0000461 seconds
2017-10-31T09:02:22.266-0700: 6.174: Total time for which application threads were stopped: 0.0001097 seconds, Stopping threads took: 0.0000251 seconds
2017-10-31T09:02:23.267-0700: 7.175: Total time for which application threads were stopped: 0.0001862 seconds, Stopping threads took: 0.0000508 seconds
2017-10-31T09:02:24.548-0700: 8.457: Total time for which application threads were stopped: 0.0003847 seconds, Stopping threads took: 0.0001571 seconds
2017-10-31T09:02:24.548-0700: 8.457: Total time for which application threads were stopped: 0.0001801 seconds, Stopping threads took: 0.0000406 seconds
2017-10-31T09:02:24.549-0700: 8.457: Total time for which application threads were stopped: 0.0002397 seconds, Stopping threads took: 0.0000474 seconds
2017-10-31T09:02:24.549-0700: 8.458: Total time for which application threads were stopped: 0.0002201 seconds, Stopping threads took: 0.0000725 seconds
2017-10-31T09:02:24.600-0700: 8.508: Total time for which application threads were stopped: 0.0004802 seconds, Stopping threads took: 0.0000447 seconds
2017-10-31T09:02:25.601-0700: 9.509: Total time for which application threads were stopped: 0.0001314 seconds, Stopping threads took: 0.0000400 seconds
2017-10-31T09:03:38.511-0700: 82.419: Total time for which application threads were stopped: 0.0001219 seconds, Stopping threads took: 0.0000515 seconds
2017-10-31T09:03:38.511-0700: 82.419: Total time for which application threads were stopped: 0.0000637 seconds, Stopping threads took: 0.0000156 seconds
2017-10-31T09:03:38.511-0700: 82.420: Total time for which application threads were stopped: 0.0000467 seconds, Stopping threads took: 0.0000122 seconds
2017-10-31T09:03:38.511-0700: 82.420: Total time for which application threads were stopped: 0.0000345 seconds, Stopping threads took: 0.0000081 seconds
2017-10-31T09:03:38.539-0700: 82.448: Total time for which application threads were stopped: 0.0008750 seconds, Stopping threads took: 0.0000230 seconds
2017-10-31T09:03:38.613-0700: 82.521: Total time for which application threads were stopped: 0.0000799 seconds, Stopping threads took: 0.0000339 seconds
2017-10-31T09:03:38.613-0700: 82.522: Total time for which application threads were stopped: 0.0000582 seconds, Stopping threads took: 0.0000122 seconds
2017-10-31T09:03:38.614-0700: 82.522: Total time for which application threads were stopped: 0.0000555 seconds, Stopping threads took: 0.0000122 seconds
2017-10-31T09:03:38.614-0700: 82.523: Total time for which application threads were stopped: 0.0000542 seconds, Stopping threads took: 0.0000122 seconds
2017-10-31T09:03:38.614-0700: 82.523: Total time for which application threads were stopped: 0.0000393 seconds, Stopping threads took: 0.0000108 seconds
2017-10-31T09:03:38.614-0700: 82.523: Total time for which application threads were stopped: 0.0000386 seconds, Stopping threads took: 0.0000108 seconds
2017-10-31T09:03:38.614-0700: 82.523: Total time for which application threads were stopped: 0.0000393 seconds, Stopping threads took: 0.0000108 seconds
2017-10-31T09:03:38.615-0700: 82.523: Total time for which application threads were stopped: 0.0000630 seconds, Stopping threads took: 0.0000135 seconds
2017-10-31T09:03:38.615-0700: 82.523: Total time for which application threads were stopped: 0.0000562 seconds, Stopping threads took: 0.0000088 seconds
2017-10-31T09:03:38.615-0700: 82.524: Total time for which application threads were stopped: 0.0000779 seconds, Stopping threads took: 0.0000264 seconds
2017-10-31T09:03:38.615-0700: 82.524: Total time for which application threads were stopped: 0.0000454 seconds, Stopping threads took: 0.0000088 seconds
2017-10-31T09:03:38.615-0700: 82.524: Total time for which application threads were stopped: 0.0000454 seconds, Stopping threads took: 0.0000088 seconds
2017-10-31T09:03:38.615-0700: 82.524: Total time for which application threads were stopped: 0.0000657 seconds, Stopping threads took: 0.0000129 seconds
2017-10-31T09:03:38.615-0700: 82.524: Total time for which application threads were stopped: 0.0000616 seconds, Stopping threads took: 0.0000176 seconds
2017-10-31T09:03:38.616-0700: 82.525: Total time for which application threads were stopped: 0.0000603 seconds, Stopping threads took: 0.0000264 seconds
2017-10-31T09:03:38.617-0700: 82.526: Total time for which application threads were stopped: 0.0000576 seconds, Stopping threads took: 0.0000122 seconds
2017-10-31T09:03:38.620-0700: 82.528: Total time for which application threads were stopped: 0.0001023 seconds, Stopping threads took: 0.0000515 seconds
2017-10-31T09:03:38.621-0700: 82.529: Total time for which application threads were stopped: 0.0002343 seconds, Stopping threads took: 0.0001781 seconds
2017-10-31T09:03:38.621-0700: 82.529: Total time for which application threads were stopped: 0.0001456 seconds, Stopping threads took: 0.0000955 seconds
2017-10-31T09:03:38.626-0700: 82.535: Total time for which application threads were stopped: 0.0000962 seconds, Stopping threads took: 0.0000217 seconds
2017-10-31T09:03:38.631-0700: 82.539: Total time for which application threads were stopped: 0.0002316 seconds, Stopping threads took: 0.0001598 seconds
2017-10-31T09:03:38.651-0700: 82.559: Total time for which application threads were stopped: 0.0001260 seconds, Stopping threads took: 0.0000596 seconds
2017-10-31T09:03:38.652-0700: 82.560: Total time for which application threads were stopped: 0.0003102 seconds, Stopping threads took: 0.0002452 seconds
2017-10-31T09:03:38.652-0700: 82.560: Total time for which application threads were stopped: 0.0000901 seconds, Stopping threads took: 0.0000352 seconds
2017-10-31T09:03:38.653-0700: 82.561: Total time for which application threads were stopped: 0.0000874 seconds, Stopping threads took: 0.0000352 seconds
2017-10-31T09:03:38.654-0700: 82.562: Total time for which application threads were stopped: 0.0001029 seconds, Stopping threads took: 0.0000339 seconds
2017-10-31T09:03:38.654-0700: 82.563: Total time for which application threads were stopped: 0.0002154 seconds, Stopping threads took: 0.0001327 seconds
2017-10-31T09:03:38.655-0700: 82.563: Total time for which application threads were stopped: 0.0000928 seconds, Stopping threads took: 0.0000257 seconds
2017-10-31T09:03:38.656-0700: 82.564: Total time for which application threads were stopped: 0.0000765 seconds, Stopping threads took: 0.0000210 seconds
2017-10-31T09:03:38.663-0700: 82.571: Total time for which application threads were stopped: 0.0001253 seconds, Stopping threads took: 0.0000291 seconds
2017-10-31T09:03:38.698-0700: 82.606: Total time for which application threads were stopped: 0.0001063 seconds, Stopping threads took: 0.0000406 seconds
2017-10-31T09:03:38.698-0700: 82.606: Total time for which application threads were stopped: 0.0000698 seconds, Stopping threads took: 0.0000169 seconds
2017-10-31T09:03:38.700-0700: 82.609: Total time for which application threads were stopped: 0.0000752 seconds, Stopping threads took: 0.0000223 seconds
2017-10-31T09:03:38.706-0700: 82.614: Total time for which application threads were stopped: 0.0002594 seconds, Stopping threads took: 0.0001876 seconds
2017-10-31T09:03:38.706-0700: 82.614: Total time for which application threads were stopped: 0.0000813 seconds, Stopping threads took: 0.0000312 seconds
2017-10-31T09:03:38.706-0700: 82.615: Total time for which application threads were stopped: 0.0000691 seconds, Stopping threads took: 0.0000318 seconds
2017-10-31T09:03:38.708-0700: 82.617: Total time for which application threads were stopped: 0.0000968 seconds, Stopping threads took: 0.0000305 seconds
2017-10-31T09:03:38.708-0700: 82.617: Total time for which application threads were stopped: 0.0000718 seconds, Stopping threads took: 0.0000217 seconds
2017-10-31T09:03:38.709-0700: 82.617: Total time for which application threads were stopped: 0.0000515 seconds, Stopping threads took: 0.0000129 seconds
2017-10-31T09:03:38.709-0700: 82.617: Total time for which application threads were stopped: 0.0000698 seconds, Stopping threads took: 0.0000196 seconds
2017-10-31T09:03:38.709-0700: 82.617: Total time for which application threads were stopped: 0.0000752 seconds, Stopping threads took: 0.0000244 seconds
2017-10-31T09:03:38.709-0700: 82.618: Total time for which application threads were stopped: 0.0000752 seconds, Stopping threads took: 0.0000312 seconds
2017-10-31T09:03:38.709-0700: 82.618: Total time for which application threads were stopped: 0.0000677 seconds, Stopping threads took: 0.0000312 seconds
2017-10-31T09:03:38.709-0700: 82.618: Total time for which application threads were stopped: 0.0000433 seconds, Stopping threads took: 0.0000122 seconds
2017-10-31T09:03:38.710-0700: 82.618: Total time for which application threads were stopped: 0.0000521 seconds, Stopping threads took: 0.0000169 seconds
2017-10-31T09:03:38.710-0700: 82.619: Total time for which application threads were stopped: 0.0000481 seconds, Stopping threads took: 0.0000149 seconds
2017-10-31T09:03:38.710-0700: 82.619: Total time for which application threads were stopped: 0.0001551 seconds, Stopping threads took: 0.0001151 seconds
2017-10-31T09:03:38.711-0700: 82.619: Total time for which application threads were stopped: 0.0001646 seconds, Stopping threads took: 0.0001124 seconds
2017-10-31T09:03:38.711-0700: 82.620: Total time for which application threads were stopped: 0.0001517 seconds, Stopping threads took: 0.0000996 seconds
2017-10-31T09:03:38.712-0700: 82.620: Total time for which application threads were stopped: 0.0002045 seconds, Stopping threads took: 0.0001537 seconds
2017-10-31T09:03:38.712-0700: 82.621: Total time for which application threads were stopped: 0.0001713 seconds, Stopping threads took: 0.0001199 seconds
2017-10-31T09:03:38.712-0700: 82.621: Total time for which application threads were stopped: 0.0001917 seconds, Stopping threads took: 0.0000501 seconds
2017-10-31T09:03:38.712-0700: 82.621: Total time for which application threads were stopped: 0.0000406 seconds, Stopping threads took: 0.0000115 seconds
2017-10-31T09:03:38.713-0700: 82.622: Total time for which application threads were stopped: 0.0000413 seconds, Stopping threads took: 0.0000122 seconds
2017-10-31T09:03:38.715-0700: 82.623: Total time for which application threads were stopped: 0.0000718 seconds, Stopping threads took: 0.0000318 seconds
2017-10-31T09:03:38.715-0700: 82.624: Total time for which application threads were stopped: 0.0000515 seconds, Stopping threads took: 0.0000169 seconds
2017-10-31T09:03:38.998-0700: 82.907: Total time for which application threads were stopped: 0.0000955 seconds, Stopping threads took: 0.0000264 seconds
2017-10-31T09:03:39.026-0700: 82.935: Total time for which application threads were stopped: 0.0000779 seconds, Stopping threads took: 0.0000217 seconds
2017-10-31T09:03:39.064-0700: 82.972: Total time for which application threads were stopped: 0.0000968 seconds, Stopping threads took: 0.0000217 seconds
2017-10-31T09:03:39.064-0700: 82.972: Total time for which application threads were stopped: 0.0000664 seconds, Stopping threads took: 0.0000156 seconds
2017-10-31T09:03:39.064-0700: 82.973: Total time for which application threads were stopped: 0.0000569 seconds, Stopping threads took: 0.0000135 seconds
2017-10-31T09:03:39.065-0700: 82.973: Total time for which application threads were stopped: 0.0000569 seconds, Stopping threads took: 0.0000135 seconds
{Heap before GC invocations=8 (full 1):
 par new generation   total 109248K, used 108229K [0x00000000e0000000, 0x00000000e8000000, 0x00000000e8000000)
  eden space 87424K, 100% used [0x00000000e0000000, 0x00000000e5560000, 0x00000000e5560000)
  from space 21824K,  95% used [0x00000000e5560000, 0x00000000e69b1580, 0x00000000e6ab0000)
  to   space 21824K,   0% used [0x00000000e6ab0000, 0x00000000e6ab0000, 0x00000000e8000000)
 concurrent mark-sweep generation total 393216K, used 0K [0x00000000e8000000, 0x0000000100000000, 0x0000000100000000)
 Metaspace       used 35168K, capacity 36122K, committed 36428K, reserved 1081344K
  class space    used 4399K, capacity 4663K, committed 4684K, reserved 1048576K
2017-10-31T09:03:39.081-0700: 82.990: [GC (Allocation Failure) 2017-10-31T09:03:39.081-0700: 82.990: [ParNew
Desired survivor size 20112992 bytes, new threshold 8 (max 8)
- age   1:   13183096 bytes,   13183096 total
- age   2:    1295936 bytes,   14479032 total
- age   3:    1491128 bytes,   15970160 total
- age   4:     148600 bytes,   16118760 total
- age   5:     121728 bytes,   16240488 total
- age   6:     577736 bytes,   16818224 total
- age   7:       3792 bytes,   16822016 total
- age   8:    4215336 bytes,   21037352 total
: 108229K->21824K(109248K), 0.0381508 secs] 108229K->26593K(502464K), 0.0382449 secs] [Times: user=0.14 sys=0.00, real=0.04 secs] 
Heap after GC invocations=9 (full 1):
 par new generation   total 109248K, used 21824K [0x00000000e0000000, 0x00000000e8000000, 0x00000000e8000000)
  eden space 87424K,   0% used [0x00000000e0000000, 0x00000000e0000000, 0x00000000e5560000)
  from space 21824K, 100% used [0x00000000e6ab0000, 0x00000000e8000000, 0x00000000e8000000)
  to   space 21824K,   0% used [0x00000000e5560000, 0x00000000e5560000, 0x00000000e6ab0000)
 concurrent mark-sweep generation total 393216K, used 4769K [0x00000000e8000000, 0x0000000100000000, 0x0000000100000000)
 Metaspace       used 35168K, capacity 36122K, committed 36428K, reserved 1081344K
  class space    used 4399K, capacity 4663K, committed 4684K, reserved 1048576K
}
2017-10-31T09:03:39.119-0700: 83.028: Total time for which application threads were stopped: 0.0384583 seconds, Stopping threads took: 0.0000257 seconds
2017-10-31T09:03:39.120-0700: 83.029: Total time for which application threads were stopped: 0.0001057 seconds, Stopping threads took: 0.0000372 seconds
2017-10-31T09:03:39.121-0700: 83.030: Total time for which application threads were stopped: 0.0003840 seconds, Stopping threads took: 0.0003366 seconds
2017-10-31T09:03:39.121-0700: 83.030: Total time for which application threads were stopped: 0.0000684 seconds, Stopping threads took: 0.0000359 seconds
2017-10-31T09:03:39.121-0700: 83.030: Total time for which application threads were stopped: 0.0000738 seconds, Stopping threads took: 0.0000413 seconds
2017-10-31T09:03:39.121-0700: 83.030: Total time for which application threads were stopped: 0.0000569 seconds, Stopping threads took: 0.0000284 seconds
2017-10-31T09:03:39.121-0700: 83.030: Total time for which application threads were stopped: 0.0001382 seconds, Stopping threads took: 0.0000867 seconds
2017-10-31T09:03:39.122-0700: 83.031: Total time for which application threads were stopped: 0.0001564 seconds, Stopping threads took: 0.0000935 seconds
2017-10-31T09:03:39.122-0700: 83.031: Total time for which application threads were stopped: 0.0000501 seconds, Stopping threads took: 0.0000149 seconds
2017-10-31T09:03:39.122-0700: 83.031: Total time for which application threads were stopped: 0.0000887 seconds, Stopping threads took: 0.0000521 seconds
2017-10-31T09:03:39.122-0700: 83.031: Total time for which application threads were stopped: 0.0000549 seconds, Stopping threads took: 0.0000257 seconds
2017-10-31T09:03:39.122-0700: 83.031: Total time for which application threads were stopped: 0.0000562 seconds, Stopping threads took: 0.0000257 seconds
2017-10-31T09:03:39.122-0700: 83.031: Total time for which application threads were stopped: 0.0000867 seconds, Stopping threads took: 0.0000305 seconds
2017-10-31T09:03:39.122-0700: 83.031: Total time for which application threads were stopped: 0.0000576 seconds, Stopping threads took: 0.0000183 seconds
2017-10-31T09:03:39.122-0700: 83.031: Total time for which application threads were stopped: 0.0000657 seconds, Stopping threads took: 0.0000223 seconds
2017-10-31T09:03:39.123-0700: 83.032: Total time for which application threads were stopped: 0.0000962 seconds, Stopping threads took: 0.0000366 seconds
2017-10-31T09:03:39.123-0700: 83.032: Total time for which application threads were stopped: 0.0000549 seconds, Stopping threads took: 0.0000190 seconds
2017-10-31T09:03:39.123-0700: 83.032: Total time for which application threads were stopped: 0.0000779 seconds, Stopping threads took: 0.0000325 seconds
2017-10-31T09:03:39.123-0700: 83.032: Total time for which application threads were stopped: 0.0000779 seconds, Stopping threads took: 0.0000230 seconds
2017-10-31T09:03:39.123-0700: 83.032: Total time for which application threads were stopped: 0.0002384 seconds, Stopping threads took: 0.0000156 seconds
2017-10-31T09:03:39.125-0700: 83.034: Total time for which application threads were stopped: 0.0001131 seconds, Stopping threads took: 0.0000542 seconds
2017-10-31T09:03:39.126-0700: 83.035: Total time for which application threads were stopped: 0.0000975 seconds, Stopping threads took: 0.0000501 seconds
2017-10-31T09:03:39.147-0700: 83.056: Total time for which application threads were stopped: 0.0001246 seconds, Stopping threads took: 0.0000203 seconds
2017-10-31T09:03:39.302-0700: 83.211: Total time for which application threads were stopped: 0.0000860 seconds, Stopping threads took: 0.0000223 seconds
2017-10-31T09:03:39.308-0700: 83.217: Total time for which application threads were stopped: 0.0001571 seconds, Stopping threads took: 0.0000880 seconds
2017-10-31T09:03:39.308-0700: 83.217: Total time for which application threads were stopped: 0.0000684 seconds, Stopping threads took: 0.0000271 seconds
2017-10-31T09:03:39.312-0700: 83.221: Total time for which application threads were stopped: 0.0000941 seconds, Stopping threads took: 0.0000318 seconds
2017-10-31T09:03:39.312-0700: 83.221: Total time for which application threads were stopped: 0.0000813 seconds, Stopping threads took: 0.0000210 seconds
2017-10-31T09:03:39.324-0700: 83.233: Total time for which application threads were stopped: 0.0000948 seconds, Stopping threads took: 0.0000237 seconds
2017-10-31T09:03:39.324-0700: 83.233: Total time for which application threads were stopped: 0.0000765 seconds, Stopping threads took: 0.0000142 seconds
2017-10-31T09:03:39.325-0700: 83.234: Total time for which application threads were stopped: 0.0000996 seconds, Stopping threads took: 0.0000244 seconds
2017-10-31T09:03:39.330-0700: 83.239: Total time for which application threads were stopped: 0.0002181 seconds, Stopping threads took: 0.0001219 seconds
2017-10-31T09:03:39.367-0700: 83.275: Total time for which application threads were stopped: 0.0001219 seconds, Stopping threads took: 0.0000413 seconds
2017-10-31T09:03:39.539-0700: 83.448: Total time for which application threads were stopped: 0.0002580 seconds, Stopping threads took: 0.0001693 seconds
2017-10-31T09:03:39.541-0700: 83.450: Total time for which application threads were stopped: 0.0000955 seconds, Stopping threads took: 0.0000400 seconds
2017-10-31T09:03:39.541-0700: 83.450: Total time for which application threads were stopped: 0.0001090 seconds, Stopping threads took: 0.0000555 seconds
2017-10-31T09:03:39.544-0700: 83.453: Total time for which application threads were stopped: 0.0000975 seconds, Stopping threads took: 0.0000332 seconds
2017-10-31T09:03:39.550-0700: 83.459: Total time for which application threads were stopped: 0.0000772 seconds, Stopping threads took: 0.0000217 seconds
2017-10-31T09:03:39.564-0700: 83.472: Total time for which application threads were stopped: 0.0002560 seconds, Stopping threads took: 0.0001639 seconds
2017-10-31T09:03:39.751-0700: 83.660: Total time for which application threads were stopped: 0.0000847 seconds, Stopping threads took: 0.0000217 seconds
2017-10-31T09:03:39.754-0700: 83.662: Total time for which application threads were stopped: 0.0001117 seconds, Stopping threads took: 0.0000454 seconds
2017-10-31T09:03:39.754-0700: 83.662: Total time for which application threads were stopped: 0.0000759 seconds, Stopping threads took: 0.0000332 seconds
2017-10-31T09:03:39.756-0700: 83.665: Total time for which application threads were stopped: 0.0000894 seconds, Stopping threads took: 0.0000271 seconds
2017-10-31T09:03:39.764-0700: 83.672: Total time for which application threads were stopped: 0.0000698 seconds, Stopping threads took: 0.0000223 seconds
2017-10-31T09:03:39.779-0700: 83.688: Total time for which application threads were stopped: 0.0001057 seconds, Stopping threads took: 0.0000271 seconds
2017-10-31T09:03:39.949-0700: 83.858: Total time for which application threads were stopped: 0.0001084 seconds, Stopping threads took: 0.0000305 seconds
2017-10-31T09:03:39.957-0700: 83.866: Total time for which application threads were stopped: 0.0001104 seconds, Stopping threads took: 0.0000433 seconds
2017-10-31T09:03:39.957-0700: 83.866: Total time for which application threads were stopped: 0.0000637 seconds, Stopping threads took: 0.0000169 seconds
2017-10-31T09:03:39.959-0700: 83.869: Total time for which application threads were stopped: 0.0000962 seconds, Stopping threads took: 0.0000284 seconds
2017-10-31T09:03:39.966-0700: 83.875: Total time for which application threads were stopped: 0.0000786 seconds, Stopping threads took: 0.0000284 seconds
2017-10-31T09:03:39.980-0700: 83.889: Total time for which application threads were stopped: 0.0001172 seconds, Stopping threads took: 0.0000386 seconds
2017-10-31T09:03:40.200-0700: 84.109: Total time for which application threads were stopped: 0.0000962 seconds, Stopping threads took: 0.0000237 seconds
2017-10-31T09:03:40.202-0700: 84.111: Total time for which application threads were stopped: 0.0001212 seconds, Stopping threads took: 0.0000501 seconds
2017-10-31T09:03:40.203-0700: 84.111: Total time for which application threads were stopped: 0.0000813 seconds, Stopping threads took: 0.0000305 seconds
2017-10-31T09:03:40.206-0700: 84.114: Total time for which application threads were stopped: 0.0000982 seconds, Stopping threads took: 0.0000312 seconds
2017-10-31T09:03:40.214-0700: 84.123: Total time for which application threads were stopped: 0.0002052 seconds, Stopping threads took: 0.0001294 seconds
2017-10-31T09:03:40.235-0700: 84.143: Total time for which application threads were stopped: 0.0001178 seconds, Stopping threads took: 0.0000447 seconds
2017-10-31T09:03:40.480-0700: 84.389: Total time for which application threads were stopped: 0.0000847 seconds, Stopping threads took: 0.0000223 seconds
2017-10-31T09:03:40.483-0700: 84.392: Total time for which application threads were stopped: 0.0001361 seconds, Stopping threads took: 0.0000562 seconds
2017-10-31T09:03:40.484-0700: 84.392: Total time for which application threads were stopped: 0.0000813 seconds, Stopping threads took: 0.0000284 seconds
2017-10-31T09:03:40.488-0700: 84.397: Total time for which application threads were stopped: 0.0008642 seconds, Stopping threads took: 0.0007856 seconds
2017-10-31T09:03:40.504-0700: 84.413: Total time for which application threads were stopped: 0.0002872 seconds, Stopping threads took: 0.0002045 seconds
2017-10-31T09:03:40.530-0700: 84.438: Total time for which application threads were stopped: 0.0001375 seconds, Stopping threads took: 0.0000325 seconds
2017-10-31T09:03:40.753-0700: 84.661: Total time for which application threads were stopped: 0.0001043 seconds, Stopping threads took: 0.0000257 seconds
2017-10-31T09:03:40.756-0700: 84.664: Total time for which application threads were stopped: 0.0000840 seconds, Stopping threads took: 0.0000251 seconds
2017-10-31T09:03:40.756-0700: 84.664: Total time for which application threads were stopped: 0.0001368 seconds, Stopping threads took: 0.0000860 seconds
2017-10-31T09:03:40.759-0700: 84.667: Total time for which application threads were stopped: 0.0000982 seconds, Stopping threads took: 0.0000332 seconds
2017-10-31T09:03:40.768-0700: 84.676: Total time for which application threads were stopped: 0.0000799 seconds, Stopping threads took: 0.0000223 seconds
2017-10-31T09:03:40.785-0700: 84.693: Total time for which application threads were stopped: 0.0001449 seconds, Stopping threads took: 0.0000494 seconds
2017-10-31T09:03:40.993-0700: 84.901: Total time for which application threads were stopped: 0.0001172 seconds, Stopping threads took: 0.0000447 seconds
2017-10-31T09:03:40.995-0700: 84.903: Total time for which application threads were stopped: 0.0001023 seconds, Stopping threads took: 0.0000406 seconds
2017-10-31T09:03:40.995-0700: 84.903: Total time for which application threads were stopped: 0.0000535 seconds, Stopping threads took: 0.0000169 seconds
2017-10-31T09:03:40.998-0700: 84.906: Total time for which application threads were stopped: 0.0001036 seconds, Stopping threads took: 0.0000271 seconds
2017-10-31T09:03:41.005-0700: 84.913: Total time for which application threads were stopped: 0.0000819 seconds, Stopping threads took: 0.0000298 seconds
2017-10-31T09:03:41.023-0700: 84.932: Total time for which application threads were stopped: 0.0001314 seconds, Stopping threads took: 0.0000433 seconds
2017-10-31T09:03:41.245-0700: 85.155: Total time for which application threads were stopped: 0.0000928 seconds, Stopping threads took: 0.0000271 seconds
2017-10-31T09:03:41.249-0700: 85.157: Total time for which application threads were stopped: 0.0001239 seconds, Stopping threads took: 0.0000420 seconds
2017-10-31T09:03:41.249-0700: 85.157: Total time for which application threads were stopped: 0.0000962 seconds, Stopping threads took: 0.0000366 seconds
2017-10-31T09:03:41.252-0700: 85.160: Total time for which application threads were stopped: 0.0001294 seconds, Stopping threads took: 0.0000474 seconds
2017-10-31T09:03:41.266-0700: 85.174: Total time for which application threads were stopped: 0.0001111 seconds, Stopping threads took: 0.0000318 seconds
2017-10-31T09:03:41.289-0700: 85.197: Total time for which application threads were stopped: 0.0001768 seconds, Stopping threads took: 0.0000481 seconds
2017-10-31T09:03:41.512-0700: 85.420: Total time for which application threads were stopped: 0.0001632 seconds, Stopping threads took: 0.0000433 seconds
2017-10-31T09:03:41.515-0700: 85.424: Total time for which application threads were stopped: 0.0001077 seconds, Stopping threads took: 0.0000474 seconds
2017-10-31T09:03:41.518-0700: 85.427: Total time for which application threads were stopped: 0.0002885 seconds, Stopping threads took: 0.0002140 seconds
2017-10-31T09:03:41.518-0700: 85.427: Total time for which application threads were stopped: 0.0000901 seconds, Stopping threads took: 0.0000339 seconds
2017-10-31T09:03:41.520-0700: 85.429: Total time for which application threads were stopped: 0.0001483 seconds, Stopping threads took: 0.0000291 seconds
2017-10-31T09:03:41.533-0700: 85.441: Total time for which application threads were stopped: 0.0001544 seconds, Stopping threads took: 0.0000332 seconds
2017-10-31T09:03:41.535-0700: 85.444: Total time for which application threads were stopped: 0.0005601 seconds, Stopping threads took: 0.0000339 seconds
2017-10-31T09:03:41.547-0700: 85.456: Total time for which application threads were stopped: 0.0001280 seconds, Stopping threads took: 0.0000440 seconds
2017-10-31T09:03:41.660-0700: 85.569: Total time for which application threads were stopped: 0.0002194 seconds, Stopping threads took: 0.0000433 seconds
2017-10-31T09:03:41.660-0700: 85.569: Total time for which application threads were stopped: 0.0001145 seconds, Stopping threads took: 0.0000190 seconds
2017-10-31T09:03:41.660-0700: 85.569: Total time for which application threads were stopped: 0.0001233 seconds, Stopping threads took: 0.0000305 seconds
2017-10-31T09:03:41.661-0700: 85.569: Total time for which application threads were stopped: 0.0001097 seconds, Stopping threads took: 0.0000244 seconds
2017-10-31T09:03:41.661-0700: 85.569: Total time for which application threads were stopped: 0.0001057 seconds, Stopping threads took: 0.0000190 seconds
2017-10-31T09:03:41.661-0700: 85.570: Total time for which application threads were stopped: 0.0000955 seconds, Stopping threads took: 0.0000163 seconds
2017-10-31T09:03:41.661-0700: 85.570: Total time for which application threads were stopped: 0.0001280 seconds, Stopping threads took: 0.0000305 seconds
2017-10-31T09:03:41.661-0700: 85.570: Total time for which application threads were stopped: 0.0001050 seconds, Stopping threads took: 0.0000237 seconds
2017-10-31T09:03:41.661-0700: 85.570: Total time for which application threads were stopped: 0.0001036 seconds, Stopping threads took: 0.0000217 seconds
2017-10-31T09:03:41.661-0700: 85.570: Total time for which application threads were stopped: 0.0001206 seconds, Stopping threads took: 0.0000251 seconds
2017-10-31T09:03:41.662-0700: 85.570: Total time for which application threads were stopped: 0.0001057 seconds, Stopping threads took: 0.0000257 seconds
2017-10-31T09:03:41.662-0700: 85.570: Total time for which application threads were stopped: 0.0001090 seconds, Stopping threads took: 0.0000237 seconds
2017-10-31T09:03:41.884-0700: 85.792: Total time for which application threads were stopped: 0.0002668 seconds, Stopping threads took: 0.0000291 seconds
2017-10-31T09:03:41.884-0700: 85.793: Total time for which application threads were stopped: 0.0000826 seconds, Stopping threads took: 0.0000230 seconds
2017-10-31T09:03:41.885-0700: 85.794: Total time for which application threads were stopped: 0.0000962 seconds, Stopping threads took: 0.0000244 seconds
2017-10-31T09:03:41.886-0700: 85.794: Total time for which application threads were stopped: 0.0001016 seconds, Stopping threads took: 0.0000332 seconds
2017-10-31T09:03:41.886-0700: 85.794: Total time for which application threads were stopped: 0.0000826 seconds, Stopping threads took: 0.0000312 seconds
2017-10-31T09:03:41.886-0700: 85.794: Total time for which application threads were stopped: 0.0000792 seconds, Stopping threads took: 0.0000284 seconds
2017-10-31T09:03:41.887-0700: 85.795: Total time for which application threads were stopped: 0.0000813 seconds, Stopping threads took: 0.0000203 seconds
2017-10-31T09:03:41.887-0700: 85.795: Total time for which application threads were stopped: 0.0000799 seconds, Stopping threads took: 0.0000345 seconds
2017-10-31T09:03:41.887-0700: 85.795: Total time for which application threads were stopped: 0.0002289 seconds, Stopping threads took: 0.0000278 seconds
2017-10-31T09:03:41.893-0700: 85.801: Total time for which application threads were stopped: 0.0001151 seconds, Stopping threads took: 0.0000406 seconds
2017-10-31T09:03:41.893-0700: 85.801: Total time for which application threads were stopped: 0.0001361 seconds, Stopping threads took: 0.0000752 seconds
2017-10-31T09:03:41.894-0700: 85.802: Total time for which application threads were stopped: 0.0001361 seconds, Stopping threads took: 0.0000833 seconds
2017-10-31T09:03:41.894-0700: 85.802: Total time for which application threads were stopped: 0.0000968 seconds, Stopping threads took: 0.0000257 seconds
2017-10-31T09:03:41.894-0700: 85.803: Total time for which application threads were stopped: 0.0001002 seconds, Stopping threads took: 0.0000325 seconds
2017-10-31T09:03:41.894-0700: 85.803: Total time for which application threads were stopped: 0.0001050 seconds, Stopping threads took: 0.0000271 seconds
2017-10-31T09:03:41.894-0700: 85.803: Total time for which application threads were stopped: 0.0000596 seconds, Stopping threads took: 0.0000163 seconds
2017-10-31T09:03:41.895-0700: 85.803: Total time for which application threads were stopped: 0.0000718 seconds, Stopping threads took: 0.0000257 seconds
2017-10-31T09:03:41.895-0700: 85.803: Total time for which application threads were stopped: 0.0000616 seconds, Stopping threads took: 0.0000284 seconds
2017-10-31T09:03:41.895-0700: 85.803: Total time for which application threads were stopped: 0.0000549 seconds, Stopping threads took: 0.0000223 seconds
2017-10-31T09:03:41.895-0700: 85.803: Total time for which application threads were stopped: 0.0000535 seconds, Stopping threads took: 0.0000217 seconds
2017-10-31T09:03:41.895-0700: 85.803: Total time for which application threads were stopped: 0.0000528 seconds, Stopping threads took: 0.0000217 seconds
2017-10-31T09:03:41.895-0700: 85.803: Total time for which application threads were stopped: 0.0000501 seconds, Stopping threads took: 0.0000210 seconds
2017-10-31T09:03:41.895-0700: 85.804: Total time for which application threads were stopped: 0.0001564 seconds, Stopping threads took: 0.0000230 seconds
2017-10-31T09:03:41.896-0700: 85.804: Total time for which application threads were stopped: 0.0000819 seconds, Stopping threads took: 0.0000163 seconds
2017-10-31T09:03:41.897-0700: 85.805: Total time for which application threads were stopped: 0.0000880 seconds, Stopping threads took: 0.0000176 seconds
2017-10-31T09:03:41.897-0700: 85.806: Total time for which application threads were stopped: 0.0000704 seconds, Stopping threads took: 0.0000230 seconds
2017-10-31T09:03:41.898-0700: 85.806: Total time for which application threads were stopped: 0.0000704 seconds, Stopping threads took: 0.0000176 seconds
2017-10-31T09:03:41.898-0700: 85.807: Total time for which application threads were stopped: 0.0000711 seconds, Stopping threads took: 0.0000156 seconds
2017-10-31T09:03:41.899-0700: 85.807: Total time for which application threads were stopped: 0.0001158 seconds, Stopping threads took: 0.0000163 seconds
2017-10-31T09:03:41.899-0700: 85.808: Total time for which application threads were stopped: 0.0000542 seconds, Stopping threads took: 0.0000156 seconds
2017-10-31T09:03:41.900-0700: 85.808: Total time for which application threads were stopped: 0.0000623 seconds, Stopping threads took: 0.0000190 seconds
2017-10-31T09:03:41.900-0700: 85.809: Total time for which application threads were stopped: 0.0000786 seconds, Stopping threads took: 0.0000196 seconds
2017-10-31T09:03:41.910-0700: 85.818: Total time for which application threads were stopped: 0.0001280 seconds, Stopping threads took: 0.0000291 seconds
2017-10-31T09:03:41.917-0700: 85.825: Total time for which application threads were stopped: 0.0002330 seconds, Stopping threads took: 0.0001578 seconds
{Heap before GC invocations=9 (full 1):
 par new generation   total 109248K, used 109248K [0x00000000e0000000, 0x00000000e8000000, 0x00000000e8000000)
  eden space 87424K, 100% used [0x00000000e0000000, 0x00000000e5560000, 0x00000000e5560000)
  from space 21824K, 100% used [0x00000000e6ab0000, 0x00000000e8000000, 0x00000000e8000000)
  to   space 21824K,   0% used [0x00000000e5560000, 0x00000000e5560000, 0x00000000e6ab0000)
 concurrent mark-sweep generation total 393216K, used 4769K [0x00000000e8000000, 0x0000000100000000, 0x0000000100000000)
 Metaspace       used 36035K, capacity 36878K, committed 37068K, reserved 1081344K
  class space    used 4464K, capacity 4697K, committed 4812K, reserved 1048576K
2017-10-31T09:03:41.926-0700: 85.834: [GC (Allocation Failure) 2017-10-31T09:03:41.926-0700: 85.834: [ParNew
Desired survivor size 20112992 bytes, new threshold 8 (max 8)
- age   1:    1839960 bytes,    1839960 total
- age   2:    7582624 bytes,    9422584 total
- age   3:     958000 bytes,   10380584 total
- age   4:    1491032 bytes,   11871616 total
- age   5:     148600 bytes,   12020216 total
- age   6:     121728 bytes,   12141944 total
- age   7:     577736 bytes,   12719680 total
- age   8:       3792 bytes,   12723472 total
: 109248K->19696K(109248K), 0.0219178 secs] 114017K->28744K(502464K), 0.0220052 secs] [Times: user=0.06 sys=0.02, real=0.02 secs] 
Heap after GC invocations=10 (full 1):
 par new generation   total 109248K, used 19696K [0x00000000e0000000, 0x00000000e8000000, 0x00000000e8000000)
  eden space 87424K,   0% used [0x00000000e0000000, 0x00000000e0000000, 0x00000000e5560000)
  from space 21824K,  90% used [0x00000000e5560000, 0x00000000e689c330, 0x00000000e6ab0000)
  to   space 21824K,   0% used [0x00000000e6ab0000, 0x00000000e6ab0000, 0x00000000e8000000)
 concurrent mark-sweep generation total 393216K, used 9047K [0x00000000e8000000, 0x0000000100000000, 0x0000000100000000)
 Metaspace       used 36035K, capacity 36878K, committed 37068K, reserved 1081344K
  class space    used 4464K, capacity 4697K, committed 4812K, reserved 1048576K
}
2017-10-31T09:03:41.948-0700: 85.856: Total time for which application threads were stopped: 0.0222348 seconds, Stopping threads took: 0.0000332 seconds
2017-10-31T09:03:41.954-0700: 85.863: Total time for which application threads were stopped: 0.0001246 seconds, Stopping threads took: 0.0000339 seconds
2017-10-31T09:03:42.074-0700: 85.983: Total time for which application threads were stopped: 0.0001165 seconds, Stopping threads took: 0.0000298 seconds
2017-10-31T09:03:42.135-0700: 86.043: Total time for which application threads were stopped: 0.0001368 seconds, Stopping threads took: 0.0000393 seconds
2017-10-31T09:03:42.176-0700: 86.085: Total time for which application threads were stopped: 0.0001178 seconds, Stopping threads took: 0.0000305 seconds
2017-10-31T09:03:42.199-0700: 86.107: Total time for which application threads were stopped: 0.0001158 seconds, Stopping threads took: 0.0000291 seconds
2017-10-31T09:03:42.590-0700: 86.498: Total time for which application threads were stopped: 0.0002648 seconds, Stopping threads took: 0.0001761 seconds
2017-10-31T09:03:42.590-0700: 86.499: Total time for which application threads were stopped: 0.0002289 seconds, Stopping threads took: 0.0001652 seconds
2017-10-31T09:03:42.608-0700: 86.516: Total time for which application threads were stopped: 0.0001131 seconds, Stopping threads took: 0.0000298 seconds
2017-10-31T09:03:42.616-0700: 86.524: Total time for which application threads were stopped: 0.0000975 seconds, Stopping threads took: 0.0000318 seconds
2017-10-31T09:03:42.626-0700: 86.535: Total time for which application threads were stopped: 0.0001050 seconds, Stopping threads took: 0.0000284 seconds
2017-10-31T09:03:42.812-0700: 86.721: Total time for which application threads were stopped: 0.0000941 seconds, Stopping threads took: 0.0000291 seconds
2017-10-31T09:03:42.812-0700: 86.721: Total time for which application threads were stopped: 0.0000955 seconds, Stopping threads took: 0.0000433 seconds
2017-10-31T09:03:42.826-0700: 86.735: Total time for which application threads were stopped: 0.0001178 seconds, Stopping threads took: 0.0000386 seconds
2017-10-31T09:03:42.835-0700: 86.744: Total time for which application threads were stopped: 0.0001151 seconds, Stopping threads took: 0.0000454 seconds
2017-10-31T09:03:42.849-0700: 86.758: Total time for which application threads were stopped: 0.0001558 seconds, Stopping threads took: 0.0000894 seconds
2017-10-31T09:03:43.127-0700: 87.035: Total time for which application threads were stopped: 0.0001402 seconds, Stopping threads took: 0.0000549 seconds
2017-10-31T09:03:43.127-0700: 87.036: Total time for which application threads were stopped: 0.0000813 seconds, Stopping threads took: 0.0000271 seconds
2017-10-31T09:03:43.148-0700: 87.057: Total time for which application threads were stopped: 0.0001138 seconds, Stopping threads took: 0.0000406 seconds
2017-10-31T09:03:43.177-0700: 87.085: Total time for which application threads were stopped: 0.0000921 seconds, Stopping threads took: 0.0000332 seconds
2017-10-31T09:03:43.212-0700: 87.121: Total time for which application threads were stopped: 0.0001463 seconds, Stopping threads took: 0.0000474 seconds
2017-10-31T09:03:43.475-0700: 87.384: Total time for which application threads were stopped: 0.0001266 seconds, Stopping threads took: 0.0000400 seconds
2017-10-31T09:03:43.475-0700: 87.384: Total time for which application threads were stopped: 0.0001023 seconds, Stopping threads took: 0.0000210 seconds
2017-10-31T09:03:43.489-0700: 87.398: Total time for which application threads were stopped: 0.0001084 seconds, Stopping threads took: 0.0000325 seconds
2017-10-31T09:03:43.495-0700: 87.405: Total time for which application threads were stopped: 0.0001138 seconds, Stopping threads took: 0.0000589 seconds
2017-10-31T09:03:43.510-0700: 87.418: Total time for which application threads were stopped: 0.0001666 seconds, Stopping threads took: 0.0000704 seconds
2017-10-31T09:03:43.702-0700: 87.611: Total time for which application threads were stopped: 0.0001930 seconds, Stopping threads took: 0.0000610 seconds
2017-10-31T09:03:43.702-0700: 87.611: Total time for which application threads were stopped: 0.0001023 seconds, Stopping threads took: 0.0000400 seconds
2017-10-31T09:03:43.720-0700: 87.629: Total time for which application threads were stopped: 0.0001036 seconds, Stopping threads took: 0.0000291 seconds
2017-10-31T09:03:43.727-0700: 87.636: Total time for which application threads were stopped: 0.0000759 seconds, Stopping threads took: 0.0000217 seconds
2017-10-31T09:03:43.738-0700: 87.646: Total time for which application threads were stopped: 0.0001206 seconds, Stopping threads took: 0.0000413 seconds
2017-10-31T09:03:43.984-0700: 87.892: Total time for which application threads were stopped: 0.0001537 seconds, Stopping threads took: 0.0000413 seconds
2017-10-31T09:03:43.984-0700: 87.893: Total time for which application threads were stopped: 0.0002824 seconds, Stopping threads took: 0.0000433 seconds
2017-10-31T09:03:44.005-0700: 87.913: Total time for which application threads were stopped: 0.0001395 seconds, Stopping threads took: 0.0000372 seconds
2017-10-31T09:03:44.013-0700: 87.922: Total time for which application threads were stopped: 0.0000996 seconds, Stopping threads took: 0.0000345 seconds
2017-10-31T09:03:44.030-0700: 87.939: Total time for which application threads were stopped: 0.0001503 seconds, Stopping threads took: 0.0000433 seconds
2017-10-31T09:03:44.443-0700: 88.351: Total time for which application threads were stopped: 0.0007788 seconds, Stopping threads took: 0.0001097 seconds
2017-10-31T09:03:44.473-0700: 88.382: Total time for which application threads were stopped: 0.0002858 seconds, Stopping threads took: 0.0000393 seconds
2017-10-31T09:03:44.480-0700: 88.388: Total time for which application threads were stopped: 0.0000914 seconds, Stopping threads took: 0.0000318 seconds
2017-10-31T09:03:44.490-0700: 88.398: Total time for which application threads were stopped: 0.0001192 seconds, Stopping threads took: 0.0000488 seconds
2017-10-31T09:03:44.832-0700: 88.740: Total time for which application threads were stopped: 0.0002993 seconds, Stopping threads took: 0.0000725 seconds
2017-10-31T09:03:44.833-0700: 88.741: Total time for which application threads were stopped: 0.0003197 seconds, Stopping threads took: 0.0000874 seconds
2017-10-31T09:03:44.840-0700: 88.749: Total time for which application threads were stopped: 0.0003373 seconds, Stopping threads took: 0.0002167 seconds
2017-10-31T09:03:44.873-0700: 88.781: Total time for which application threads were stopped: 0.0016823 seconds, Stopping threads took: 0.0014209 seconds
2017-10-31T09:03:44.921-0700: 88.830: Total time for which application threads were stopped: 0.0002248 seconds, Stopping threads took: 0.0000508 seconds
2017-10-31T09:03:44.921-0700: 88.830: Total time for which application threads were stopped: 0.0001402 seconds, Stopping threads took: 0.0000284 seconds
2017-10-31T09:03:44.922-0700: 88.830: Total time for which application threads were stopped: 0.0001531 seconds, Stopping threads took: 0.0000494 seconds
2017-10-31T09:03:44.922-0700: 88.831: Total time for which application threads were stopped: 0.0001666 seconds, Stopping threads took: 0.0000433 seconds
2017-10-31T09:03:44.923-0700: 88.831: Total time for which application threads were stopped: 0.0006400 seconds, Stopping threads took: 0.0005167 seconds
2017-10-31T09:03:44.923-0700: 88.832: Total time for which application threads were stopped: 0.0001314 seconds, Stopping threads took: 0.0000271 seconds
2017-10-31T09:03:44.924-0700: 88.832: Total time for which application threads were stopped: 0.0001510 seconds, Stopping threads took: 0.0000325 seconds
2017-10-31T09:03:44.924-0700: 88.833: Total time for which application threads were stopped: 0.0001199 seconds, Stopping threads took: 0.0000183 seconds
2017-10-31T09:03:44.924-0700: 88.833: Total time for which application threads were stopped: 0.0001280 seconds, Stopping threads took: 0.0000366 seconds
2017-10-31T09:03:44.925-0700: 88.833: Total time for which application threads were stopped: 0.0001077 seconds, Stopping threads took: 0.0000183 seconds
2017-10-31T09:03:44.925-0700: 88.833: Total time for which application threads were stopped: 0.0001199 seconds, Stopping threads took: 0.0000325 seconds
2017-10-31T09:03:44.925-0700: 88.833: Total time for which application threads were stopped: 0.0001233 seconds, Stopping threads took: 0.0000264 seconds
2017-10-31T09:03:45.158-0700: 89.068: Total time for which application threads were stopped: 0.0001998 seconds, Stopping threads took: 0.0001280 seconds
2017-10-31T09:03:45.159-0700: 89.068: Total time for which application threads were stopped: 0.0001361 seconds, Stopping threads took: 0.0000711 seconds
2017-10-31T09:03:45.160-0700: 89.069: Total time for which application threads were stopped: 0.0001009 seconds, Stopping threads took: 0.0000366 seconds
2017-10-31T09:03:45.160-0700: 89.069: Total time for which application threads were stopped: 0.0000786 seconds, Stopping threads took: 0.0000190 seconds
2017-10-31T09:03:45.160-0700: 89.070: Total time for which application threads were stopped: 0.0002201 seconds, Stopping threads took: 0.0000190 seconds
2017-10-31T09:03:45.168-0700: 89.076: Total time for which application threads were stopped: 0.0001307 seconds, Stopping threads took: 0.0000461 seconds
2017-10-31T09:03:45.169-0700: 89.077: Total time for which application threads were stopped: 0.0002716 seconds, Stopping threads took: 0.0000379 seconds
2017-10-31T09:03:45.211-0700: 89.120: Total time for which application threads were stopped: 0.0001226 seconds, Stopping threads took: 0.0000312 seconds
2017-10-31T09:03:45.825-0700: 89.733: Total time for which application threads were stopped: 0.0000833 seconds, Stopping threads took: 0.0000237 seconds
2017-10-31T09:03:45.853-0700: 89.761: Total time for which application threads were stopped: 0.0001327 seconds, Stopping threads took: 0.0000440 seconds
2017-10-31T09:03:46.044-0700: 89.953: Total time for which application threads were stopped: 0.0001002 seconds, Stopping threads took: 0.0000325 seconds
{Heap before GC invocations=10 (full 1):
 par new generation   total 109248K, used 106876K [0x00000000e0000000, 0x00000000e8000000, 0x00000000e8000000)
  eden space 87424K,  99% used [0x00000000e0000000, 0x00000000e5522e98, 0x00000000e5560000)
  from space 21824K,  90% used [0x00000000e5560000, 0x00000000e689c330, 0x00000000e6ab0000)
  to   space 21824K,   0% used [0x00000000e6ab0000, 0x00000000e6ab0000, 0x00000000e8000000)
 concurrent mark-sweep generation total 393216K, used 9047K [0x00000000e8000000, 0x0000000100000000, 0x0000000100000000)
 Metaspace       used 36297K, capacity 37208K, committed 37580K, reserved 1081344K
  class space    used 4466K, capacity 4698K, committed 4812K, reserved 1048576K
2017-10-31T09:03:46.068-0700: 89.976: [GC (Allocation Failure) 2017-10-31T09:03:46.068-0700: 89.976: [ParNew
Desired survivor size 20112992 bytes, new threshold 8 (max 8)
- age   1:    1933272 bytes,    1933272 total
- age   2:     249656 bytes,    2182928 total
- age   3:    9803672 bytes,   11986600 total
- age   4:     958496 bytes,   12945096 total
- age   5:    1491032 bytes,   14436128 total
- age   6:     148600 bytes,   14584728 total
- age   7:     121728 bytes,   14706456 total
- age   8:     577736 bytes,   15284192 total
: 106876K->17193K(109248K), 0.0152659 secs] 115924K->26245K(502464K), 0.0153465 secs] [Times: user=0.06 sys=0.00, real=0.01 secs] 
Heap after GC invocations=11 (full 1):
 par new generation   total 109248K, used 17193K [0x00000000e0000000, 0x00000000e8000000, 0x00000000e8000000)
  eden space 87424K,   0% used [0x00000000e0000000, 0x00000000e0000000, 0x00000000e5560000)
  from space 21824K,  78% used [0x00000000e6ab0000, 0x00000000e7b7a7c8, 0x00000000e8000000)
  to   space 21824K,   0% used [0x00000000e5560000, 0x00000000e5560000, 0x00000000e6ab0000)
 concurrent mark-sweep generation total 393216K, used 9051K [0x00000000e8000000, 0x0000000100000000, 0x0000000100000000)
 Metaspace       used 36297K, capacity 37208K, committed 37580K, reserved 1081344K
  class space    used 4466K, capacity 4698K, committed 4812K, reserved 1048576K
}
2017-10-31T09:03:46.083-0700: 89.992: Total time for which application threads were stopped: 0.0155571 seconds, Stopping threads took: 0.0000217 seconds
2017-10-31T09:03:46.086-0700: 89.994: Total time for which application threads were stopped: 0.0000819 seconds, Stopping threads took: 0.0000217 seconds
2017-10-31T09:03:46.310-0700: 90.219: Total time for which application threads were stopped: 0.0001361 seconds, Stopping threads took: 0.0000420 seconds
2017-10-31T09:03:46.356-0700: 90.266: Total time for which application threads were stopped: 0.0001734 seconds, Stopping threads took: 0.0000677 seconds
2017-10-31T09:03:46.588-0700: 90.496: Total time for which application threads were stopped: 0.0001551 seconds, Stopping threads took: 0.0000549 seconds
2017-10-31T09:03:46.620-0700: 90.528: Total time for which application threads were stopped: 0.0001158 seconds, Stopping threads took: 0.0000332 seconds
2017-10-31T09:03:46.832-0700: 90.741: Total time for which application threads were stopped: 0.0001226 seconds, Stopping threads took: 0.0000582 seconds
2017-10-31T09:03:46.875-0700: 90.784: Total time for which application threads were stopped: 0.0001104 seconds, Stopping threads took: 0.0000318 seconds
2017-10-31T09:03:47.102-0700: 91.011: Total time for which application threads were stopped: 0.0001246 seconds, Stopping threads took: 0.0000461 seconds
2017-10-31T09:03:47.131-0700: 91.039: Total time for which application threads were stopped: 0.0001199 seconds, Stopping threads took: 0.0000474 seconds
2017-10-31T09:03:47.388-0700: 91.297: Total time for which application threads were stopped: 0.0001510 seconds, Stopping threads took: 0.0000555 seconds
2017-10-31T09:03:47.421-0700: 91.329: Total time for which application threads were stopped: 0.0001680 seconds, Stopping threads took: 0.0000549 seconds
2017-10-31T09:03:47.684-0700: 91.592: Total time for which application threads were stopped: 0.0003075 seconds, Stopping threads took: 0.0000400 seconds
2017-10-31T09:03:47.687-0700: 91.596: Total time for which application threads were stopped: 0.0001944 seconds, Stopping threads took: 0.0000623 seconds
2017-10-31T09:03:47.690-0700: 91.598: Total time for which application threads were stopped: 0.0001348 seconds, Stopping threads took: 0.0000555 seconds
2017-10-31T09:03:47.690-0700: 91.598: Total time for which application threads were stopped: 0.0001077 seconds, Stopping threads took: 0.0000413 seconds
2017-10-31T09:03:47.707-0700: 91.615: Total time for which application threads were stopped: 0.0001354 seconds, Stopping threads took: 0.0000528 seconds
2017-10-31T09:03:48.031-0700: 91.940: Total time for which application threads were stopped: 0.0001632 seconds, Stopping threads took: 0.0000427 seconds
2017-10-31T09:03:48.032-0700: 91.940: Total time for which application threads were stopped: 0.0000867 seconds, Stopping threads took: 0.0000257 seconds
2017-10-31T09:03:48.038-0700: 91.947: Total time for which application threads were stopped: 0.0001632 seconds, Stopping threads took: 0.0000332 seconds
2017-10-31T09:03:48.039-0700: 91.948: Total time for which application threads were stopped: 0.0000921 seconds, Stopping threads took: 0.0000271 seconds
2017-10-31T09:03:48.039-0700: 91.948: Total time for which application threads were stopped: 0.0000677 seconds, Stopping threads took: 0.0000169 seconds
2017-10-31T09:03:48.040-0700: 91.948: Total time for which application threads were stopped: 0.0001145 seconds, Stopping threads took: 0.0000203 seconds
2017-10-31T09:03:48.040-0700: 91.949: Total time for which application threads were stopped: 0.0000799 seconds, Stopping threads took: 0.0000230 seconds
2017-10-31T09:03:48.040-0700: 91.949: Total time for which application threads were stopped: 0.0000833 seconds, Stopping threads took: 0.0000251 seconds
2017-10-31T09:03:48.041-0700: 91.950: Total time for which application threads were stopped: 0.0000948 seconds, Stopping threads took: 0.0000332 seconds
2017-10-31T09:03:48.046-0700: 91.955: Total time for which application threads were stopped: 0.0001138 seconds, Stopping threads took: 0.0000406 seconds
2017-10-31T09:03:48.048-0700: 91.957: Total time for which application threads were stopped: 0.0001111 seconds, Stopping threads took: 0.0000379 seconds
2017-10-31T09:03:48.723-0700: 92.632: Total time for which application threads were stopped: 0.0001585 seconds, Stopping threads took: 0.0000318 seconds
2017-10-31T09:03:48.723-0700: 92.632: Total time for which application threads were stopped: 0.0000799 seconds, Stopping threads took: 0.0000163 seconds
2017-10-31T09:03:48.735-0700: 92.644: Total time for which application threads were stopped: 0.0001111 seconds, Stopping threads took: 0.0000345 seconds
2017-10-31T09:03:49.035-0700: 92.943: Total time for which application threads were stopped: 0.0001483 seconds, Stopping threads took: 0.0000440 seconds
2017-10-31T09:03:49.035-0700: 92.943: Total time for which application threads were stopped: 0.0000772 seconds, Stopping threads took: 0.0000196 seconds
2017-10-31T09:03:49.049-0700: 92.957: Total time for which application threads were stopped: 0.0001239 seconds, Stopping threads took: 0.0000440 seconds
2017-10-31T09:03:49.250-0700: 93.159: Total time for which application threads were stopped: 0.0001361 seconds, Stopping threads took: 0.0000494 seconds
2017-10-31T09:03:49.250-0700: 93.159: Total time for which application threads were stopped: 0.0000664 seconds, Stopping threads took: 0.0000135 seconds
2017-10-31T09:03:49.268-0700: 93.176: Total time for which application threads were stopped: 0.0001029 seconds, Stopping threads took: 0.0000271 seconds
2017-10-31T09:03:49.584-0700: 93.492: Total time for which application threads were stopped: 0.0001896 seconds, Stopping threads took: 0.0000420 seconds
2017-10-31T09:03:49.584-0700: 93.493: Total time for which application threads were stopped: 0.0001578 seconds, Stopping threads took: 0.0000630 seconds
2017-10-31T09:03:49.605-0700: 93.514: Total time for which application threads were stopped: 0.0001734 seconds, Stopping threads took: 0.0000488 seconds
{Heap before GC invocations=11 (full 1):
 par new generation   total 109248K, used 104206K [0x00000000e0000000, 0x00000000e8000000, 0x00000000e8000000)
  eden space 87424K,  99% used [0x00000000e0000000, 0x00000000e54f9230, 0x00000000e5560000)
  from space 21824K,  78% used [0x00000000e6ab0000, 0x00000000e7b7a7c8, 0x00000000e8000000)
  to   space 21824K,   0% used [0x00000000e5560000, 0x00000000e5560000, 0x00000000e6ab0000)
 concurrent mark-sweep generation total 393216K, used 9051K [0x00000000e8000000, 0x0000000100000000, 0x0000000100000000)
 Metaspace       used 36465K, capacity 37428K, committed 37580K, reserved 1081344K
  class space    used 4467K, capacity 4698K, committed 4812K, reserved 1048576K
2017-10-31T09:03:49.631-0700: 93.539: [GC (Allocation Failure) 2017-10-31T09:03:49.631-0700: 93.539: [ParNew
Desired survivor size 20112992 bytes, new threshold 8 (max 8)
- age   1:    1828984 bytes,    1828984 total
- age   2:      32496 bytes,    1861480 total
- age   3:     247184 bytes,    2108664 total
- age   4:    7575024 bytes,    9683688 total
- age   5:     958024 bytes,   10641712 total
- age   6:    1491016 bytes,   12132728 total
- age   7:     148600 bytes,   12281328 total
- age   8:     121728 bytes,   12403056 total
: 104206K->16137K(109248K), 0.0252980 secs] 113257K->25764K(502464K), 0.0254422 secs] [Times: user=0.13 sys=0.00, real=0.02 secs] 
Heap after GC invocations=12 (full 1):
 par new generation   total 109248K, used 16137K [0x00000000e0000000, 0x00000000e8000000, 0x00000000e8000000)
  eden space 87424K,   0% used [0x00000000e0000000, 0x00000000e0000000, 0x00000000e5560000)
  from space 21824K,  73% used [0x00000000e5560000, 0x00000000e6522540, 0x00000000e6ab0000)
  to   space 21824K,   0% used [0x00000000e6ab0000, 0x00000000e6ab0000, 0x00000000e8000000)
 concurrent mark-sweep generation total 393216K, used 9627K [0x00000000e8000000, 0x0000000100000000, 0x0000000100000000)
 Metaspace       used 36465K, capacity 37428K, committed 37580K, reserved 1081344K
  class space    used 4467K, capacity 4698K, committed 4812K, reserved 1048576K
}
2017-10-31T09:03:49.656-0700: 93.565: Total time for which application threads were stopped: 0.0259204 seconds, Stopping threads took: 0.0000684 seconds
2017-10-31T09:03:49.937-0700: 93.846: Total time for which application threads were stopped: 0.0003562 seconds, Stopping threads took: 0.0001151 seconds
2017-10-31T09:03:49.938-0700: 93.846: Total time for which application threads were stopped: 0.0003027 seconds, Stopping threads took: 0.0000833 seconds
2017-10-31T09:03:49.964-0700: 93.872: Total time for which application threads were stopped: 0.0001510 seconds, Stopping threads took: 0.0000359 seconds
2017-10-31T09:03:50.198-0700: 94.106: Total time for which application threads were stopped: 0.0002486 seconds, Stopping threads took: 0.0001639 seconds
2017-10-31T09:03:50.198-0700: 94.106: Total time for which application threads were stopped: 0.0000989 seconds, Stopping threads took: 0.0000515 seconds
2017-10-31T09:03:50.208-0700: 94.117: Total time for which application threads were stopped: 0.0001117 seconds, Stopping threads took: 0.0000264 seconds
2017-10-31T09:03:50.475-0700: 94.383: Total time for which application threads were stopped: 0.0001388 seconds, Stopping threads took: 0.0000454 seconds
2017-10-31T09:03:50.475-0700: 94.383: Total time for which application threads were stopped: 0.0001185 seconds, Stopping threads took: 0.0000332 seconds
2017-10-31T09:03:50.491-0700: 94.400: Total time for which application threads were stopped: 0.0001544 seconds, Stopping threads took: 0.0000339 seconds
2017-10-31T09:03:50.819-0700: 94.728: Total time for which application threads were stopped: 0.0003772 seconds, Stopping threads took: 0.0001117 seconds
2017-10-31T09:03:50.824-0700: 94.733: Total time for which application threads were stopped: 0.0003319 seconds, Stopping threads took: 0.0001253 seconds
2017-10-31T09:03:50.824-0700: 94.734: Total time for which application threads were stopped: 0.0002492 seconds, Stopping threads took: 0.0001063 seconds
2017-10-31T09:03:50.890-0700: 94.798: Total time for which application threads were stopped: 0.0003664 seconds, Stopping threads took: 0.0000813 seconds
2017-10-31T09:03:51.231-0700: 95.139: Total time for which application threads were stopped: 0.0001761 seconds, Stopping threads took: 0.0000461 seconds
2017-10-31T09:03:51.231-0700: 95.139: Total time for which application threads were stopped: 0.0000860 seconds, Stopping threads took: 0.0000271 seconds
2017-10-31T09:03:51.234-0700: 95.143: Total time for which application threads were stopped: 0.0001192 seconds, Stopping threads took: 0.0000400 seconds
2017-10-31T09:03:51.246-0700: 95.154: Total time for which application threads were stopped: 0.0001395 seconds, Stopping threads took: 0.0000318 seconds
2017-10-31T09:03:51.250-0700: 95.158: Total time for which application threads were stopped: 0.0001117 seconds, Stopping threads took: 0.0000318 seconds
2017-10-31T09:03:51.250-0700: 95.159: Total time for which application threads were stopped: 0.0000819 seconds, Stopping threads took: 0.0000217 seconds
2017-10-31T09:03:51.251-0700: 95.159: Total time for which application threads were stopped: 0.0000860 seconds, Stopping threads took: 0.0000291 seconds
2017-10-31T09:03:51.251-0700: 95.159: Total time for which application threads were stopped: 0.0000914 seconds, Stopping threads took: 0.0000298 seconds
2017-10-31T09:03:51.251-0700: 95.160: Total time for which application threads were stopped: 0.0001219 seconds, Stopping threads took: 0.0000223 seconds
2017-10-31T09:03:51.252-0700: 95.160: Total time for which application threads were stopped: 0.0000772 seconds, Stopping threads took: 0.0000244 seconds
2017-10-31T09:03:51.252-0700: 95.161: Total time for which application threads were stopped: 0.0000725 seconds, Stopping threads took: 0.0000271 seconds
2017-10-31T09:03:51.264-0700: 95.172: Total time for which application threads were stopped: 0.0002546 seconds, Stopping threads took: 0.0000345 seconds
2017-10-31T09:03:51.909-0700: 95.818: Total time for which application threads were stopped: 0.0001266 seconds, Stopping threads took: 0.0000223 seconds
2017-10-31T09:03:51.909-0700: 95.818: Total time for which application threads were stopped: 0.0000427 seconds, Stopping threads took: 0.0000102 seconds
2017-10-31T09:03:52.131-0700: 96.039: Total time for which application threads were stopped: 0.0001429 seconds, Stopping threads took: 0.0000420 seconds
2017-10-31T09:03:52.131-0700: 96.039: Total time for which application threads were stopped: 0.0000752 seconds, Stopping threads took: 0.0000230 seconds
2017-10-31T09:03:52.348-0700: 96.256: Total time for which application threads were stopped: 0.0001483 seconds, Stopping threads took: 0.0000271 seconds
2017-10-31T09:03:52.348-0700: 96.256: Total time for which application threads were stopped: 0.0000623 seconds, Stopping threads took: 0.0000169 seconds
2017-10-31T09:03:52.600-0700: 96.508: Total time for which application threads were stopped: 0.0001219 seconds, Stopping threads took: 0.0000352 seconds
2017-10-31T09:03:52.600-0700: 96.509: Total time for which application threads were stopped: 0.0000887 seconds, Stopping threads took: 0.0000244 seconds
2017-10-31T09:03:52.883-0700: 96.792: Total time for which application threads were stopped: 0.0002574 seconds, Stopping threads took: 0.0001124 seconds
2017-10-31T09:03:52.883-0700: 96.792: Total time for which application threads were stopped: 0.0002276 seconds, Stopping threads took: 0.0000996 seconds
2017-10-31T09:03:53.238-0700: 97.147: Total time for which application threads were stopped: 0.0002079 seconds, Stopping threads took: 0.0000799 seconds
2017-10-31T09:03:53.238-0700: 97.147: Total time for which application threads were stopped: 0.0001497 seconds, Stopping threads took: 0.0000549 seconds
2017-10-31T09:03:53.602-0700: 97.511: Total time for which application threads were stopped: 0.0001788 seconds, Stopping threads took: 0.0000853 seconds
2017-10-31T09:03:53.602-0700: 97.511: Total time for which application threads were stopped: 0.0000657 seconds, Stopping threads took: 0.0000149 seconds
{Heap before GC invocations=12 (full 1):
 par new generation   total 109248K, used 103154K [0x00000000e0000000, 0x00000000e8000000, 0x00000000e8000000)
  eden space 87424K,  99% used [0x00000000e0000000, 0x00000000e54fa4c8, 0x00000000e5560000)
  from space 21824K,  73% used [0x00000000e5560000, 0x00000000e6522540, 0x00000000e6ab0000)
  to   space 21824K,   0% used [0x00000000e6ab0000, 0x00000000e6ab0000, 0x00000000e8000000)
 concurrent mark-sweep generation total 393216K, used 9627K [0x00000000e8000000, 0x0000000100000000, 0x0000000100000000)
 Metaspace       used 36637K, capacity 37620K, committed 37836K, reserved 1083392K
  class space    used 4467K, capacity 4698K, committed 4812K, reserved 1048576K
2017-10-31T09:03:53.627-0700: 97.536: [GC (Allocation Failure) 2017-10-31T09:03:53.627-0700: 97.536: [ParNew
Desired survivor size 20112992 bytes, new threshold 8 (max 8)
- age   1:    1514400 bytes,    1514400 total
- age   2:      23376 bytes,    1537776 total
- age   3:      31472 bytes,    1569248 total
- age   4:     245192 bytes,    1814440 total
- age   5:    7574600 bytes,    9389040 total
- age   6:     958000 bytes,   10347040 total
- age   7:    1491016 bytes,   11838056 total
- age   8:     148600 bytes,   11986656 total
: 103154K->14538K(109248K), 0.0141254 secs] 112781K->24289K(502464K), 0.0142175 secs] [Times: user=0.06 sys=0.00, real=0.01 secs] 
Heap after GC invocations=13 (full 1):
 par new generation   total 109248K, used 14538K [0x00000000e0000000, 0x00000000e8000000, 0x00000000e8000000)
  eden space 87424K,   0% used [0x00000000e0000000, 0x00000000e0000000, 0x00000000e5560000)
  from space 21824K,  66% used [0x00000000e6ab0000, 0x00000000e78e2820, 0x00000000e8000000)
  to   space 21824K,   0% used [0x00000000e5560000, 0x00000000e5560000, 0x00000000e6ab0000)
 concurrent mark-sweep generation total 393216K, used 9751K [0x00000000e8000000, 0x0000000100000000, 0x0000000100000000)
 Metaspace       used 36637K, capacity 37620K, committed 37836K, reserved 1083392K
  class space    used 4467K, capacity 4698K, committed 4812K, reserved 1048576K
}
2017-10-31T09:03:53.641-0700: 97.550: Total time for which application threads were stopped: 0.0144342 seconds, Stopping threads took: 0.0000237 seconds
2017-10-31T09:03:53.907-0700: 97.816: Total time for which application threads were stopped: 0.0001693 seconds, Stopping threads took: 0.0000413 seconds
2017-10-31T09:03:53.910-0700: 97.818: Total time for which application threads were stopped: 0.0001531 seconds, Stopping threads took: 0.0000677 seconds
2017-10-31T09:03:53.910-0700: 97.818: Total time for which application threads were stopped: 0.0001023 seconds, Stopping threads took: 0.0000318 seconds
2017-10-31T09:03:54.206-0700: 98.115: Total time for which application threads were stopped: 0.0002032 seconds, Stopping threads took: 0.0000582 seconds
2017-10-31T09:03:54.207-0700: 98.115: Total time for which application threads were stopped: 0.0000989 seconds, Stopping threads took: 0.0000251 seconds
2017-10-31T09:03:54.207-0700: 98.116: Total time for which application threads were stopped: 0.0002519 seconds, Stopping threads took: 0.0000251 seconds
2017-10-31T09:03:54.208-0700: 98.116: Total time for which application threads were stopped: 0.0002763 seconds, Stopping threads took: 0.0000582 seconds
2017-10-31T09:03:54.895-0700: 98.804: Total time for which application threads were stopped: 0.0002601 seconds, Stopping threads took: 0.0000501 seconds
2017-10-31T09:03:55.896-0700: 99.804: Total time for which application threads were stopped: 0.0001266 seconds, Stopping threads took: 0.0000352 seconds
2017-10-31T09:03:56.838-0700: 100.746: Total time for which application threads were stopped: 0.0001950 seconds, Stopping threads took: 0.0000494 seconds
{Heap before GC invocations=13 (full 1):
 par new generation   total 109248K, used 101962K [0x00000000e0000000, 0x00000000e8000000, 0x00000000e8000000)
  eden space 87424K, 100% used [0x00000000e0000000, 0x00000000e5560000, 0x00000000e5560000)
  from space 21824K,  66% used [0x00000000e6ab0000, 0x00000000e78e2820, 0x00000000e8000000)
  to   space 21824K,   0% used [0x00000000e5560000, 0x00000000e5560000, 0x00000000e6ab0000)
 concurrent mark-sweep generation total 393216K, used 9751K [0x00000000e8000000, 0x0000000100000000, 0x0000000100000000)
 Metaspace       used 36761K, capacity 37752K, committed 38092K, reserved 1083392K
  class space    used 4467K, capacity 4698K, committed 4812K, reserved 1048576K
2017-10-31T09:03:56.894-0700: 100.803: [GC (Allocation Failure) 2017-10-31T09:03:56.894-0700: 100.803: [ParNew
Desired survivor size 20112992 bytes, new threshold 8 (max 8)
- age   1:    1637384 bytes,    1637384 total
- age   2:     101024 bytes,    1738408 total
- age   3:      21664 bytes,    1760072 total
- age   4:      31472 bytes,    1791544 total
- age   5:     244472 bytes,    2036016 total
- age   6:    7574208 bytes,    9610224 total
- age   7:     958000 bytes,   10568224 total
- age   8:    1491016 bytes,   12059240 total
: 101962K->14653K(109248K), 0.0143949 secs] 111713K->24552K(502464K), 0.0145040 secs] [Times: user=0.06 sys=0.00, real=0.01 secs] 
Heap after GC invocations=14 (full 1):
 par new generation   total 109248K, used 14653K [0x00000000e0000000, 0x00000000e8000000, 0x00000000e8000000)
  eden space 87424K,   0% used [0x00000000e0000000, 0x00000000e0000000, 0x00000000e5560000)
  from space 21824K,  67% used [0x00000000e5560000, 0x00000000e63af520, 0x00000000e6ab0000)
  to   space 21824K,   0% used [0x00000000e6ab0000, 0x00000000e6ab0000, 0x00000000e8000000)
 concurrent mark-sweep generation total 393216K, used 9899K [0x00000000e8000000, 0x0000000100000000, 0x0000000100000000)
 Metaspace       used 36761K, capacity 37752K, committed 38092K, reserved 1083392K
  class space    used 4467K, capacity 4698K, committed 4812K, reserved 1048576K
}
2017-10-31T09:03:56.908-0700: 100.817: Total time for which application threads were stopped: 0.0148318 seconds, Stopping threads took: 0.0000501 seconds
2017-10-31T09:03:56.909-0700: 100.818: Total time for which application threads were stopped: 0.0003081 seconds, Stopping threads took: 0.0000657 seconds
2017-10-31T09:03:57.910-0700: 101.818: Total time for which application threads were stopped: 0.0001388 seconds, Stopping threads took: 0.0000325 seconds
2017-10-31T09:03:58.910-0700: 102.818: Total time for which application threads were stopped: 0.0001443 seconds, Stopping threads took: 0.0000339 seconds
2017-10-31T09:03:59.667-0700: 103.576: Total time for which application threads were stopped: 0.0001707 seconds, Stopping threads took: 0.0000474 seconds
{Heap before GC invocations=14 (full 1):
 par new generation   total 109248K, used 102077K [0x00000000e0000000, 0x00000000e8000000, 0x00000000e8000000)
  eden space 87424K, 100% used [0x00000000e0000000, 0x00000000e5560000, 0x00000000e5560000)
  from space 21824K,  67% used [0x00000000e5560000, 0x00000000e63af520, 0x00000000e6ab0000)
  to   space 21824K,   0% used [0x00000000e6ab0000, 0x00000000e6ab0000, 0x00000000e8000000)
 concurrent mark-sweep generation total 393216K, used 9899K [0x00000000e8000000, 0x0000000100000000, 0x0000000100000000)
 Metaspace       used 36868K, capacity 37816K, committed 38092K, reserved 1083392K
  class space    used 4467K, capacity 4698K, committed 4812K, reserved 1048576K
2017-10-31T09:04:00.578-0700: 104.487: [GC (Allocation Failure) 2017-10-31T09:04:00.578-0700: 104.487: [ParNew
Desired survivor size 20112992 bytes, new threshold 8 (max 8)
- age   1:    1217008 bytes,    1217008 total
- age   2:      13304 bytes,    1230312 total
- age   3:      33032 bytes,    1263344 total
- age   4:      21664 bytes,    1285008 total
- age   5:      30824 bytes,    1315832 total
- age   6:     244400 bytes,    1560232 total
- age   7:    7573920 bytes,    9134152 total
- age   8:     958000 bytes,   10092152 total
: 102077K->11871K(109248K), 0.0150417 secs] 111976K->23236K(502464K), 0.0151467 secs] [Times: user=0.06 sys=0.00, real=0.01 secs] 
Heap after GC invocations=15 (full 1):
 par new generation   total 109248K, used 11871K [0x00000000e0000000, 0x00000000e8000000, 0x00000000e8000000)
  eden space 87424K,   0% used [0x00000000e0000000, 0x00000000e0000000, 0x00000000e5560000)
  from space 21824K,  54% used [0x00000000e6ab0000, 0x00000000e7647f90, 0x00000000e8000000)
  to   space 21824K,   0% used [0x00000000e5560000, 0x00000000e5560000, 0x00000000e6ab0000)
 concurrent mark-sweep generation total 393216K, used 11364K [0x00000000e8000000, 0x0000000100000000, 0x0000000100000000)
 Metaspace       used 36868K, capacity 37816K, committed 38092K, reserved 1083392K
  class space    used 4467K, capacity 4698K, committed 4812K, reserved 1048576K
}
2017-10-31T09:04:00.593-0700: 104.502: Total time for which application threads were stopped: 0.0154548 seconds, Stopping threads took: 0.0000264 seconds
2017-10-31T09:04:01.594-0700: 105.502: Total time for which application threads were stopped: 0.0001558 seconds, Stopping threads took: 0.0000420 seconds
2017-10-31T09:04:02.594-0700: 106.503: Total time for which application threads were stopped: 0.0001903 seconds, Stopping threads took: 0.0000603 seconds
2017-10-31T09:04:02.605-0700: 106.514: Total time for which application threads were stopped: 0.0001578 seconds, Stopping threads took: 0.0000278 seconds
2017-10-31T09:04:03.606-0700: 107.514: Total time for which application threads were stopped: 0.0001117 seconds, Stopping threads took: 0.0000257 seconds
{Heap before GC invocations=15 (full 1):
 par new generation   total 109248K, used 99279K [0x00000000e0000000, 0x00000000e8000000, 0x00000000e8000000)
  eden space 87424K,  99% used [0x00000000e0000000, 0x00000000e555be78, 0x00000000e5560000)
  from space 21824K,  54% used [0x00000000e6ab0000, 0x00000000e7647f90, 0x00000000e8000000)
  to   space 21824K,   0% used [0x00000000e5560000, 0x00000000e5560000, 0x00000000e6ab0000)
 concurrent mark-sweep generation total 393216K, used 11364K [0x00000000e8000000, 0x0000000100000000, 0x0000000100000000)
 Metaspace       used 36963K, capacity 37880K, committed 38092K, reserved 1083392K
  class space    used 4467K, capacity 4698K, committed 4812K, reserved 1048576K
2017-10-31T09:04:04.124-0700: 108.033: [GC (Allocation Failure) 2017-10-31T09:04:04.124-0700: 108.033: [ParNew
Desired survivor size 20112992 bytes, new threshold 8 (max 8)
- age   1:    1316128 bytes,    1316128 total
- age   2:      19664 bytes,    1335792 total
- age   3:      12264 bytes,    1348056 total
- age   4:      33032 bytes,    1381088 total
- age   5:      20952 bytes,    1402040 total
- age   6:      30680 bytes,    1432720 total
- age   7:     244400 bytes,    1677120 total
- age   8:    7573280 bytes,    9250400 total
: 99279K->12633K(109248K), 0.0217045 secs] 110643K->24970K(502464K), 0.0218149 secs] [Times: user=0.06 sys=0.00, real=0.02 secs] 
Heap after GC invocations=16 (full 1):
 par new generation   total 109248K, used 12633K [0x00000000e0000000, 0x00000000e8000000, 0x00000000e8000000)
  eden space 87424K,   0% used [0x00000000e0000000, 0x00000000e0000000, 0x00000000e5560000)
  from space 21824K,  57% used [0x00000000e5560000, 0x00000000e61b6660, 0x00000000e6ab0000)
  to   space 21824K,   0% used [0x00000000e6ab0000, 0x00000000e6ab0000, 0x00000000e8000000)
 concurrent mark-sweep generation total 393216K, used 12336K [0x00000000e8000000, 0x0000000100000000, 0x0000000100000000)
 Metaspace       used 36963K, capacity 37880K, committed 38092K, reserved 1083392K
  class space    used 4467K, capacity 4698K, committed 4812K, reserved 1048576K
}
2017-10-31T09:04:04.146-0700: 108.055: Total time for which application threads were stopped: 0.0221217 seconds, Stopping threads took: 0.0000271 seconds
2017-10-31T09:04:05.107-0700: 109.016: Total time for which application threads were stopped: 0.0002099 seconds, Stopping threads took: 0.0000562 seconds
2017-10-31T09:04:06.108-0700: 110.016: Total time for which application threads were stopped: 0.0001388 seconds, Stopping threads took: 0.0000318 seconds
2017-10-31T09:04:07.108-0700: 111.016: Total time for which application threads were stopped: 0.0002039 seconds, Stopping threads took: 0.0000488 seconds
{Heap before GC invocations=16 (full 1):
 par new generation   total 109248K, used 100027K [0x00000000e0000000, 0x00000000e8000000, 0x00000000e8000000)
  eden space 87424K,  99% used [0x00000000e0000000, 0x00000000e5558720, 0x00000000e5560000)
  from space 21824K,  57% used [0x00000000e5560000, 0x00000000e61b6660, 0x00000000e6ab0000)
  to   space 21824K,   0% used [0x00000000e6ab0000, 0x00000000e6ab0000, 0x00000000e8000000)
 concurrent mark-sweep generation total 393216K, used 12336K [0x00000000e8000000, 0x0000000100000000, 0x0000000100000000)
 Metaspace       used 37058K, capacity 37954K, committed 38092K, reserved 1083392K
  class space    used 4467K, capacity 4699K, committed 4812K, reserved 1048576K
2017-10-31T09:04:07.926-0700: 111.834: [GC (Allocation Failure) 2017-10-31T09:04:07.926-0700: 111.834: [ParNew
Desired survivor size 20112992 bytes, new threshold 8 (max 8)
- age   1:    1545960 bytes,    1545960 total
- age   2:      11688 bytes,    1557648 total
- age   3:      18752 bytes,    1576400 total
- age   4:      12168 bytes,    1588568 total
- age   5:      32056 bytes,    1620624 total
- age   6:      20808 bytes,    1641432 total
- age   7:      30440 bytes,    1671872 total
- age   8:     244192 bytes,    1916064 total
: 100027K->4321K(109248K), 0.0255560 secs] 112364K->24768K(502464K), 0.0256556 secs] [Times: user=0.08 sys=0.00, real=0.02 secs] 
Heap after GC invocations=17 (full 1):
 par new generation   total 109248K, used 4321K [0x00000000e0000000, 0x00000000e8000000, 0x00000000e8000000)
  eden space 87424K,   0% used [0x00000000e0000000, 0x00000000e0000000, 0x00000000e5560000)
  from space 21824K,  19% used [0x00000000e6ab0000, 0x00000000e6ee8690, 0x00000000e8000000)
  to   space 21824K,   0% used [0x00000000e5560000, 0x00000000e5560000, 0x00000000e6ab0000)
 concurrent mark-sweep generation total 393216K, used 20447K [0x00000000e8000000, 0x0000000100000000, 0x0000000100000000)
 Metaspace       used 37058K, capacity 37954K, committed 38092K, reserved 1083392K
  class space    used 4467K, capacity 4699K, committed 4812K, reserved 1048576K
}
2017-10-31T09:04:07.951-0700: 111.860: Total time for which application threads were stopped: 0.0259732 seconds, Stopping threads took: 0.0000305 seconds
2017-10-31T09:04:07.952-0700: 111.860: Total time for which application threads were stopped: 0.0002865 seconds, Stopping threads took: 0.0000542 seconds
2017-10-31T09:04:08.216-0700: 112.125: Total time for which application threads were stopped: 0.0002546 seconds, Stopping threads took: 0.0000955 seconds
2017-10-31T09:04:09.217-0700: 113.125: Total time for which application threads were stopped: 0.0001774 seconds, Stopping threads took: 0.0000305 seconds
2017-10-31T09:04:10.217-0700: 114.126: Total time for which application threads were stopped: 0.0001287 seconds, Stopping threads took: 0.0000339 seconds
2017-10-31T09:04:10.940-0700: 114.848: Total time for which application threads were stopped: 0.0001632 seconds, Stopping threads took: 0.0000488 seconds
2017-10-31T09:04:10.965-0700: 114.873: Total time for which application threads were stopped: 0.0003264 seconds, Stopping threads took: 0.0001984 seconds
{Heap before GC invocations=17 (full 1):
 par new generation   total 109248K, used 91457K [0x00000000e0000000, 0x00000000e8000000, 0x00000000e8000000)
  eden space 87424K,  99% used [0x00000000e0000000, 0x00000000e5517f18, 0x00000000e5560000)
  from space 21824K,  19% used [0x00000000e6ab0000, 0x00000000e6ee8690, 0x00000000e8000000)
  to   space 21824K,   0% used [0x00000000e5560000, 0x00000000e5560000, 0x00000000e6ab0000)
 concurrent mark-sweep generation total 393216K, used 20447K [0x00000000e8000000, 0x0000000100000000, 0x0000000100000000)
 Metaspace       used 37119K, capacity 38146K, committed 38516K, reserved 1083392K
  class space    used 4467K, capacity 4699K, committed 4812K, reserved 1048576K
2017-10-31T09:04:10.994-0700: 114.903: [GC (Allocation Failure) 2017-10-31T09:04:10.995-0700: 114.903: [ParNew
Desired survivor size 20112992 bytes, new threshold 8 (max 8)
- age   1:    1838392 bytes,    1838392 total
- age   2:      80816 bytes,    1919208 total
- age   3:      10776 bytes,    1929984 total
- age   4:      18752 bytes,    1948736 total
- age   5:      11736 bytes,    1960472 total
- age   6:      31704 bytes,    1992176 total
- age   7:      20808 bytes,    2012984 total
- age   8:      29504 bytes,    2042488 total
: 91457K->2941K(109248K), 0.0075378 secs] 111904K->23627K(502464K), 0.0076651 secs] [Times: user=0.00 sys=0.00, real=0.01 secs] 
Heap after GC invocations=18 (full 1):
 par new generation   total 109248K, used 2941K [0x00000000e0000000, 0x00000000e8000000, 0x00000000e8000000)
  eden space 87424K,   0% used [0x00000000e0000000, 0x00000000e0000000, 0x00000000e5560000)
  from space 21824K,  13% used [0x00000000e5560000, 0x00000000e583f498, 0x00000000e6ab0000)
  to   space 21824K,   0% used [0x00000000e6ab0000, 0x00000000e6ab0000, 0x00000000e8000000)
 concurrent mark-sweep generation total 393216K, used 20686K [0x00000000e8000000, 0x0000000100000000, 0x0000000100000000)
 Metaspace       used 37119K, capacity 38146K, committed 38516K, reserved 1083392K
  class space    used 4467K, capacity 4699K, committed 4812K, reserved 1048576K
}
2017-10-31T09:04:11.002-0700: 114.911: Total time for which application threads were stopped: 0.0079949 seconds, Stopping threads took: 0.0000508 seconds
2017-10-31T09:04:11.002-0700: 114.911: [GC (CMS Initial Mark) [1 CMS-initial-mark: 20686K(393216K)] 24139K(502464K), 0.0009759 secs] [Times: user=0.00 sys=0.00, real=0.00 secs] 
2017-10-31T09:04:11.003-0700: 114.912: Total time for which application threads were stopped: 0.0011615 seconds, Stopping threads took: 0.0000616 seconds
2017-10-31T09:04:11.003-0700: 114.912: [CMS-concurrent-mark-start]
2017-10-31T09:04:11.022-0700: 114.931: [CMS-concurrent-mark: 0.018/0.018 secs] [Times: user=0.06 sys=0.00, real=0.02 secs] 
2017-10-31T09:04:11.022-0700: 114.931: [CMS-concurrent-preclean-start]
2017-10-31T09:04:11.023-0700: 114.932: [CMS-concurrent-preclean: 0.002/0.002 secs] [Times: user=0.00 sys=0.00, real=0.00 secs] 
2017-10-31T09:04:11.024-0700: 114.933: [GC (CMS Final Remark) [YG occupancy: 4291 K (109248 K)]{Heap before GC invocations=18 (full 2):
 par new generation   total 109248K, used 4291K [0x00000000e0000000, 0x00000000e8000000, 0x00000000e8000000)
  eden space 87424K,   1% used [0x00000000e0000000, 0x00000000e0151a00, 0x00000000e5560000)
  from space 21824K,  13% used [0x00000000e5560000, 0x00000000e583f498, 0x00000000e6ab0000)
  to   space 21824K,   0% used [0x00000000e6ab0000, 0x00000000e6ab0000, 0x00000000e8000000)
 concurrent mark-sweep generation total 393216K, used 20686K [0x00000000e8000000, 0x0000000100000000, 0x0000000100000000)
 Metaspace       used 37119K, capacity 38146K, committed 38516K, reserved 1083392K
  class space    used 4467K, capacity 4699K, committed 4812K, reserved 1048576K
2017-10-31T09:04:11.024-0700: 114.933: [GC (CMS Final Remark) 2017-10-31T09:04:11.024-0700: 114.933: [ParNew
Desired survivor size 20112992 bytes, new threshold 8 (max 8)
- age   1:      39368 bytes,      39368 total
- age   2:    1780104 bytes,    1819472 total
- age   3:      79904 bytes,    1899376 total
- age   4:      10776 bytes,    1910152 total
- age   5:      18752 bytes,    1928904 total
- age   6:      11736 bytes,    1940640 total
- age   7:      31704 bytes,    1972344 total
- age   8:      20808 bytes,    1993152 total
: 4291K->2419K(109248K), 0.0073062 secs] 24978K->23135K(502464K), 0.0073868 secs] [Times: user=0.06 sys=0.00, real=0.01 secs] 
Heap after GC invocations=19 (full 2):
 par new generation   total 109248K, used 2419K [0x00000000e0000000, 0x00000000e8000000, 0x00000000e8000000)
  eden space 87424K,   0% used [0x00000000e0000000, 0x00000000e0000000, 0x00000000e5560000)
  from space 21824K,  11% used [0x00000000e6ab0000, 0x00000000e6d0ceb8, 0x00000000e8000000)
  to   space 21824K,   0% used [0x00000000e5560000, 0x00000000e5560000, 0x00000000e6ab0000)
 concurrent mark-sweep generation total 393216K, used 20715K [0x00000000e8000000, 0x0000000100000000, 0x0000000100000000)
 Metaspace       used 37119K, capacity 38146K, committed 38516K, reserved 1083392K
  class space    used 4467K, capacity 4699K, committed 4812K, reserved 1048576K
}
2017-10-31T09:04:11.031-0700: 114.940: [Rescan (parallel) , 0.0012556 secs]2017-10-31T09:04:11.032-0700: 114.942: [weak refs processing, 0.0003820 secs]2017-10-31T09:04:11.033-0700: 114.942: [class unloading, 0.0155198 secs]2017-10-31T09:04:11.049-0700: 114.957: [scrub symbol table, 0.0078764 secs]2017-10-31T09:04:11.057-0700: 114.965: [scrub string table, 0.0005242 secs][1 CMS-remark: 20715K(393216K)] 23135K(502464K), 0.0352590 secs] [Times: user=0.09 sys=0.00, real=0.04 secs] 
2017-10-31T09:04:11.059-0700: 114.968: Total time for which application threads were stopped: 0.0354269 seconds, Stopping threads took: 0.0000433 seconds
2017-10-31T09:04:11.059-0700: 114.968: [CMS-concurrent-sweep-start]
2017-10-31T09:04:11.072-0700: 114.982: [CMS-concurrent-sweep: 0.014/0.014 secs] [Times: user=0.05 sys=0.00, real=0.01 secs] 
2017-10-31T09:04:11.073-0700: 114.982: [CMS-concurrent-reset-start]
2017-10-31T09:04:11.074-0700: 114.983: [CMS-concurrent-reset: 0.001/0.001 secs] [Times: user=0.00 sys=0.00, real=0.00 secs] 
2017-10-31T09:04:11.352-0700: 115.261: Total time for which application threads were stopped: 0.0003400 seconds, Stopping threads took: 0.0000339 seconds
2017-10-31T09:04:11.364-0700: 115.273: Total time for which application threads were stopped: 0.0002330 seconds, Stopping threads took: 0.0000372 seconds
2017-10-31T09:04:12.364-0700: 116.273: Total time for which application threads were stopped: 0.0001707 seconds, Stopping threads took: 0.0000603 seconds
2017-10-31T09:04:13.364-0700: 117.273: Total time for which application threads were stopped: 0.0001178 seconds, Stopping threads took: 0.0000332 seconds
2017-10-31T09:04:13.911-0700: 117.820: Total time for which application threads were stopped: 0.0001883 seconds, Stopping threads took: 0.0000562 seconds
2017-10-31T09:04:14.911-0700: 118.820: Total time for which application threads were stopped: 0.0002140 seconds, Stopping threads took: 0.0000447 seconds
{Heap before GC invocations=19 (full 2):
 par new generation   total 109248K, used 89626K [0x00000000e0000000, 0x00000000e8000000, 0x00000000e8000000)
  eden space 87424K,  99% used [0x00000000e0000000, 0x00000000e5529cb8, 0x00000000e5560000)
  from space 21824K,  11% used [0x00000000e6ab0000, 0x00000000e6d0ceb8, 0x00000000e8000000)
  to   space 21824K,   0% used [0x00000000e5560000, 0x00000000e5560000, 0x00000000e6ab0000)
 concurrent mark-sweep generation total 393216K, used 20362K [0x00000000e8000000, 0x0000000100000000, 0x0000000100000000)
 Metaspace       used 37167K, capacity 38104K, committed 38516K, reserved 1083392K
  class space    used 4461K, capacity 4688K, committed 4812K, reserved 1048576K
2017-10-31T09:04:14.922-0700: 118.830: [GC (Allocation Failure) 2017-10-31T09:04:14.922-0700: 118.830: [ParNew
Desired survivor size 20112992 bytes, new threshold 8 (max 8)
- age   1:    1471120 bytes,    1471120 total
- age   3:      13480 bytes,    1484600 total
- age   4:      12824 bytes,    1497424 total
- age   5:      10424 bytes,    1507848 total
- age   6:      18104 bytes,    1525952 total
- age   7:      11448 bytes,    1537400 total
- age   8:      31704 bytes,    1569104 total
: 89626K->2016K(109248K), 0.0033666 secs] 109989K->22399K(502464K), 0.0034621 secs] [Times: user=0.00 sys=0.00, real=0.00 secs] 
Heap after GC invocations=20 (full 2):
 par new generation   total 109248K, used 2016K [0x00000000e0000000, 0x00000000e8000000, 0x00000000e8000000)
  eden space 87424K,   0% used [0x00000000e0000000, 0x00000000e0000000, 0x00000000e5560000)
  from space 21824K,   9% used [0x00000000e5560000, 0x00000000e57582f0, 0x00000000e6ab0000)
  to   space 21824K,   0% used [0x00000000e6ab0000, 0x00000000e6ab0000, 0x00000000e8000000)
 concurrent mark-sweep generation total 393216K, used 20383K [0x00000000e8000000, 0x0000000100000000, 0x0000000100000000)
 Metaspace       used 37167K, capacity 38104K, committed 38516K, reserved 1083392K
  class space    used 4461K, capacity 4688K, committed 4812K, reserved 1048576K
}
2017-10-31T09:04:14.925-0700: 118.834: Total time for which application threads were stopped: 0.0036836 seconds, Stopping threads took: 0.0000251 seconds
2017-10-31T09:04:15.925-0700: 119.834: Total time for which application threads were stopped: 0.0001375 seconds, Stopping threads took: 0.0000400 seconds
2017-10-31T09:04:16.614-0700: 120.523: Total time for which application threads were stopped: 0.0003014 seconds, Stopping threads took: 0.0000718 seconds
2017-10-31T09:04:17.614-0700: 121.523: Total time for which application threads were stopped: 0.0001815 seconds, Stopping threads took: 0.0000515 seconds
{Heap before GC invocations=20 (full 2):
 par new generation   total 109248K, used 89210K [0x00000000e0000000, 0x00000000e8000000, 0x00000000e8000000)
  eden space 87424K,  99% used [0x00000000e0000000, 0x00000000e55268a0, 0x00000000e5560000)
  from space 21824K,   9% used [0x00000000e5560000, 0x00000000e57582f0, 0x00000000e6ab0000)
  to   space 21824K,   0% used [0x00000000e6ab0000, 0x00000000e6ab0000, 0x00000000e8000000)
 concurrent mark-sweep generation total 393216K, used 20383K [0x00000000e8000000, 0x0000000100000000, 0x0000000100000000)
 Metaspace       used 37250K, capacity 38168K, committed 38516K, reserved 1083392K
  class space    used 4461K, capacity 4688K, committed 4812K, reserved 1048576K
2017-10-31T09:04:18.293-0700: 122.202: [GC (Allocation Failure) 2017-10-31T09:04:18.293-0700: 122.202: [ParNew
Desired survivor size 20112992 bytes, new threshold 8 (max 8)
- age   1:    1690808 bytes,    1690808 total
- age   2:      11872 bytes,    1702680 total
- age   4:      12440 bytes,    1715120 total
- age   5:      12824 bytes,    1727944 total
- age   6:       9848 bytes,    1737792 total
- age   7:      17960 bytes,    1755752 total
- age   8:      11448 bytes,    1767200 total
: 89210K->1880K(109248K), 0.0041075 secs] 109593K->22294K(502464K), 0.0042071 secs] [Times: user=0.00 sys=0.00, real=0.00 secs] 
Heap after GC invocations=21 (full 2):
 par new generation   total 109248K, used 1880K [0x00000000e0000000, 0x00000000e8000000, 0x00000000e8000000)
  eden space 87424K,   0% used [0x00000000e0000000, 0x00000000e0000000, 0x00000000e5560000)
  from space 21824K,   8% used [0x00000000e6ab0000, 0x00000000e6c86098, 0x00000000e8000000)
  to   space 21824K,   0% used [0x00000000e5560000, 0x00000000e5560000, 0x00000000e6ab0000)
 concurrent mark-sweep generation total 393216K, used 20414K [0x00000000e8000000, 0x0000000100000000, 0x0000000100000000)
 Metaspace       used 37250K, capacity 38168K, committed 38516K, reserved 1083392K
  class space    used 4461K, capacity 4688K, committed 4812K, reserved 1048576K
}
2017-10-31T09:04:18.297-0700: 122.206: Total time for which application threads were stopped: 0.0045613 seconds, Stopping threads took: 0.0000332 seconds
2017-10-31T09:04:19.297-0700: 123.206: Total time for which application threads were stopped: 0.0001537 seconds, Stopping threads took: 0.0000339 seconds
2017-10-31T09:04:19.331-0700: 123.240: Total time for which application threads were stopped: 0.0001646 seconds, Stopping threads took: 0.0000427 seconds
2017-10-31T09:04:20.332-0700: 124.240: Total time for which application threads were stopped: 0.0001788 seconds, Stopping threads took: 0.0000474 seconds
2017-10-31T09:04:21.332-0700: 125.241: Total time for which application threads were stopped: 0.0001415 seconds, Stopping threads took: 0.0000325 seconds
{Heap before GC invocations=21 (full 2):
 par new generation   total 109248K, used 89304K [0x00000000e0000000, 0x00000000e8000000, 0x00000000e8000000)
  eden space 87424K, 100% used [0x00000000e0000000, 0x00000000e5560000, 0x00000000e5560000)
  from space 21824K,   8% used [0x00000000e6ab0000, 0x00000000e6c86098, 0x00000000e8000000)
  to   space 21824K,   0% used [0x00000000e5560000, 0x00000000e5560000, 0x00000000e6ab0000)
 concurrent mark-sweep generation total 393216K, used 20414K [0x00000000e8000000, 0x0000000100000000, 0x0000000100000000)
 Metaspace       used 37327K, capacity 38300K, committed 38516K, reserved 1083392K
  class space    used 4461K, capacity 4688K, committed 4812K, reserved 1048576K
2017-10-31T09:04:21.872-0700: 125.780: [GC (Allocation Failure) 2017-10-31T09:04:21.872-0700: 125.780: [ParNew
Desired survivor size 20112992 bytes, new threshold 8 (max 8)
- age   1:    1541728 bytes,    1541728 total
- age   2:      13008 bytes,    1554736 total
- age   3:      10960 bytes,    1565696 total
- age   5:      12440 bytes,    1578136 total
- age   6:      12248 bytes,    1590384 total
- age   7:       9560 bytes,    1599944 total
- age   8:      17960 bytes,    1617904 total
: 89304K->1817K(109248K), 0.0067332 secs] 109718K->22243K(502464K), 0.0068199 secs] [Times: user=0.00 sys=0.00, real=0.01 secs] 
Heap after GC invocations=22 (full 2):
 par new generation   total 109248K, used 1817K [0x00000000e0000000, 0x00000000e8000000, 0x00000000e8000000)
  eden space 87424K,   0% used [0x00000000e0000000, 0x00000000e0000000, 0x00000000e5560000)
  from space 21824K,   8% used [0x00000000e5560000, 0x00000000e5726758, 0x00000000e6ab0000)
  to   space 21824K,   0% used [0x00000000e6ab0000, 0x00000000e6ab0000, 0x00000000e8000000)
 concurrent mark-sweep generation total 393216K, used 20425K [0x00000000e8000000, 0x0000000100000000, 0x0000000100000000)
 Metaspace       used 37327K, capacity 38300K, committed 38516K, reserved 1083392K
  class space    used 4461K, capacity 4688K, committed 4812K, reserved 1048576K
}
2017-10-31T09:04:21.879-0700: 125.787: Total time for which application threads were stopped: 0.0070651 seconds, Stopping threads took: 0.0000291 seconds
2017-10-31T09:04:22.380-0700: 126.289: Total time for which application threads were stopped: 0.0002045 seconds, Stopping threads took: 0.0000562 seconds
2017-10-31T09:04:23.380-0700: 127.289: Total time for which application threads were stopped: 0.0001862 seconds, Stopping threads took: 0.0000413 seconds
2017-10-31T09:04:24.381-0700: 128.289: Total time for which application threads were stopped: 0.0001287 seconds, Stopping threads took: 0.0000332 seconds
2017-10-31T09:04:25.047-0700: 128.956: Total time for which application threads were stopped: 0.0005486 seconds, Stopping threads took: 0.0001151 seconds
{Heap before GC invocations=22 (full 2):
 par new generation   total 109248K, used 89241K [0x00000000e0000000, 0x00000000e8000000, 0x00000000e8000000)
  eden space 87424K, 100% used [0x00000000e0000000, 0x00000000e5560000, 0x00000000e5560000)
  from space 21824K,   8% used [0x00000000e5560000, 0x00000000e5726758, 0x00000000e6ab0000)
  to   space 21824K,   0% used [0x00000000e6ab0000, 0x00000000e6ab0000, 0x00000000e8000000)
 concurrent mark-sweep generation total 393216K, used 20425K [0x00000000e8000000, 0x0000000100000000, 0x0000000100000000)
 Metaspace       used 37361K, capacity 38332K, committed 38516K, reserved 1083392K
  class space    used 4463K, capacity 4720K, committed 4812K, reserved 1048576K
2017-10-31T09:04:25.102-0700: 129.011: [GC (Allocation Failure) 2017-10-31T09:04:25.102-0700: 129.011: [ParNew
Desired survivor size 20112992 bytes, new threshold 8 (max 8)
- age   1:    2003480 bytes,    2003480 total
- age   2:      12120 bytes,    2015600 total
- age   3:      12096 bytes,    2027696 total
- age   4:      10960 bytes,    2038656 total
- age   6:      12008 bytes,    2050664 total
- age   7:      11960 bytes,    2062624 total
- age   8:       9560 bytes,    2072184 total
: 89241K->2184K(109248K), 0.0037831 secs] 109667K->22626K(502464K), 0.0038745 secs] [Times: user=0.06 sys=0.00, real=0.00 secs] 
Heap after GC invocations=23 (full 2):
 par new generation   total 109248K, used 2184K [0x00000000e0000000, 0x00000000e8000000, 0x00000000e8000000)
  eden space 87424K,   0% used [0x00000000e0000000, 0x00000000e0000000, 0x00000000e5560000)
  from space 21824K,  10% used [0x00000000e6ab0000, 0x00000000e6cd2080, 0x00000000e8000000)
  to   space 21824K,   0% used [0x00000000e5560000, 0x00000000e5560000, 0x00000000e6ab0000)
 concurrent mark-sweep generation total 393216K, used 20442K [0x00000000e8000000, 0x0000000100000000, 0x0000000100000000)
 Metaspace       used 37361K, capacity 38332K, committed 38516K, reserved 1083392K
  class space    used 4463K, capacity 4720K, committed 4812K, reserved 1048576K
}
2017-10-31T09:04:25.106-0700: 129.015: Total time for which application threads were stopped: 0.0042003 seconds, Stopping threads took: 0.0000643 seconds
2017-10-31T09:04:26.107-0700: 130.015: Total time for which application threads were stopped: 0.0001443 seconds, Stopping threads took: 0.0000312 seconds
2017-10-31T09:04:27.107-0700: 131.016: Total time for which application threads were stopped: 0.0000989 seconds, Stopping threads took: 0.0000251 seconds
2017-10-31T09:04:27.907-0700: 131.815: Total time for which application threads were stopped: 0.0001984 seconds, Stopping threads took: 0.0000494 seconds
{Heap before GC invocations=23 (full 2):
 par new generation   total 109248K, used 89608K [0x00000000e0000000, 0x00000000e8000000, 0x00000000e8000000)
  eden space 87424K, 100% used [0x00000000e0000000, 0x00000000e5560000, 0x00000000e5560000)
  from space 21824K,  10% used [0x00000000e6ab0000, 0x00000000e6cd2080, 0x00000000e8000000)
  to   space 21824K,   0% used [0x00000000e5560000, 0x00000000e5560000, 0x00000000e6ab0000)
 concurrent mark-sweep generation total 393216K, used 20442K [0x00000000e8000000, 0x0000000100000000, 0x0000000100000000)
 Metaspace       used 37396K, capacity 38332K, committed 38516K, reserved 1083392K
  class space    used 4464K, capacity 4720K, committed 4812K, reserved 1048576K
2017-10-31T09:04:28.896-0700: 132.804: [GC (Allocation Failure) 2017-10-31T09:04:28.896-0700: 132.804: [ParNew
Desired survivor size 20112992 bytes, new threshold 8 (max 8)
- age   1:    1242624 bytes,    1242624 total
- age   2:      77336 bytes,    1319960 total
- age   3:      11208 bytes,    1331168 total
- age   4:      12096 bytes,    1343264 total
- age   5:      10384 bytes,    1353648 total
- age   7:      11720 bytes,    1365368 total
- age   8:      11960 bytes,    1377328 total
: 89608K->2849K(109248K), 0.0038258 secs] 110050K->23301K(502464K), 0.0039301 secs] [Times: user=0.00 sys=0.00, real=0.00 secs] 
Heap after GC invocations=24 (full 2):
 par new generation   total 109248K, used 2849K [0x00000000e0000000, 0x00000000e8000000, 0x00000000e8000000)
  eden space 87424K,   0% used [0x00000000e0000000, 0x00000000e0000000, 0x00000000e5560000)
  from space 21824K,  13% used [0x00000000e5560000, 0x00000000e5828730, 0x00000000e6ab0000)
  to   space 21824K,   0% used [0x00000000e6ab0000, 0x00000000e6ab0000, 0x00000000e8000000)
 concurrent mark-sweep generation total 393216K, used 20452K [0x00000000e8000000, 0x0000000100000000, 0x0000000100000000)
 Metaspace       used 37396K, capacity 38332K, committed 38516K, reserved 1083392K
  class space    used 4464K, capacity 4720K, committed 4812K, reserved 1048576K
}
2017-10-31T09:04:28.900-0700: 132.808: Total time for which application threads were stopped: 0.0041935 seconds, Stopping threads took: 0.0000244 seconds
2017-10-31T09:04:29.901-0700: 133.809: Total time for which application threads were stopped: 0.0000975 seconds, Stopping threads took: 0.0000284 seconds
2017-10-31T09:04:30.667-0700: 134.576: Total time for which application threads were stopped: 0.0005249 seconds, Stopping threads took: 0.0000840 seconds
2017-10-31T09:04:31.668-0700: 135.576: Total time for which application threads were stopped: 0.0001287 seconds, Stopping threads took: 0.0000284 seconds
{Heap before GC invocations=24 (full 2):
 par new generation   total 109248K, used 90011K [0x00000000e0000000, 0x00000000e8000000, 0x00000000e8000000)
  eden space 87424K,  99% used [0x00000000e0000000, 0x00000000e551e6b0, 0x00000000e5560000)
  from space 21824K,  13% used [0x00000000e5560000, 0x00000000e5828730, 0x00000000e6ab0000)
  to   space 21824K,   0% used [0x00000000e6ab0000, 0x00000000e6ab0000, 0x00000000e8000000)
 concurrent mark-sweep generation total 393216K, used 20452K [0x00000000e8000000, 0x0000000100000000, 0x0000000100000000)
 Metaspace       used 37415K, capacity 38396K, committed 38772K, reserved 1083392K
  class space    used 4464K, capacity 4720K, committed 4812K, reserved 1048576K
2017-10-31T09:04:32.246-0700: 136.155: [GC (Allocation Failure) 2017-10-31T09:04:32.246-0700: 136.155: [ParNew
Desired survivor size 20112992 bytes, new threshold 8 (max 8)
- age   1:    1558224 bytes,    1558224 total
- age   2:      13256 bytes,    1571480 total
- age   3:       9216 bytes,    1580696 total
- age   4:      11208 bytes,    1591904 total
- age   5:      11520 bytes,    1603424 total
- age   6:      10168 bytes,    1613592 total
- age   8:      11720 bytes,    1625312 total
: 90011K->1779K(109248K), 0.0055419 secs] 110463K->22243K(502464K), 0.0056218 secs] [Times: user=0.00 sys=0.00, real=0.01 secs] 
Heap after GC invocations=25 (full 2):
 par new generation   total 109248K, used 1779K [0x00000000e0000000, 0x00000000e8000000, 0x00000000e8000000)
  eden space 87424K,   0% used [0x00000000e0000000, 0x00000000e0000000, 0x00000000e5560000)
  from space 21824K,   8% used [0x00000000e6ab0000, 0x00000000e6c6cde0, 0x00000000e8000000)
  to   space 21824K,   0% used [0x00000000e5560000, 0x00000000e5560000, 0x00000000e6ab0000)
 concurrent mark-sweep generation total 393216K, used 20463K [0x00000000e8000000, 0x0000000100000000, 0x0000000100000000)
 Metaspace       used 37415K, capacity 38396K, committed 38772K, reserved 1083392K
  class space    used 4464K, capacity 4720K, committed 4812K, reserved 1048576K
}
2017-10-31T09:04:32.252-0700: 136.160: Total time for which application threads were stopped: 0.0058738 seconds, Stopping threads took: 0.0000230 seconds
2017-10-31T09:04:33.252-0700: 137.160: Total time for which application threads were stopped: 0.0001415 seconds, Stopping threads took: 0.0000332 seconds
2017-10-31T09:04:33.703-0700: 137.613: Total time for which application threads were stopped: 0.0001578 seconds, Stopping threads took: 0.0000454 seconds
2017-10-31T09:04:34.704-0700: 138.613: Total time for which application threads were stopped: 0.0001910 seconds, Stopping threads took: 0.0001016 seconds
2017-10-31T09:04:35.705-0700: 139.614: Total time for which application threads were stopped: 0.0001070 seconds, Stopping threads took: 0.0000284 seconds
{Heap before GC invocations=25 (full 2):
 par new generation   total 109248K, used 88758K [0x00000000e0000000, 0x00000000e8000000, 0x00000000e8000000)
  eden space 87424K,  99% used [0x00000000e0000000, 0x00000000e54f0ad8, 0x00000000e5560000)
  from space 21824K,   8% used [0x00000000e6ab0000, 0x00000000e6c6cde0, 0x00000000e8000000)
  to   space 21824K,   0% used [0x00000000e5560000, 0x00000000e5560000, 0x00000000e6ab0000)
 concurrent mark-sweep generation total 393216K, used 20463K [0x00000000e8000000, 0x0000000100000000, 0x0000000100000000)
 Metaspace       used 37466K, capacity 38460K, committed 38772K, reserved 1083392K
  class space    used 4464K, capacity 4720K, committed 4812K, reserved 1048576K
2017-10-31T09:04:35.901-0700: 139.810: [GC (Allocation Failure) 2017-10-31T09:04:35.901-0700: 139.810: [ParNew
Desired survivor size 20112992 bytes, new threshold 8 (max 8)
- age   1:    1787320 bytes,    1787320 total
- age   2:       9064 bytes,    1796384 total
- age   3:      12344 bytes,    1808728 total
- age   4:       9216 bytes,    1817944 total
- age   5:      10704 bytes,    1828648 total
- age   6:      11232 bytes,    1839880 total
- age   7:      10168 bytes,    1850048 total
: 88758K->1945K(109248K), 0.0039267 secs] 109221K->22420K(502464K), 0.0040378 secs] [Times: user=0.00 sys=0.00, real=0.00 secs] 
Heap after GC invocations=26 (full 2):
 par new generation   total 109248K, used 1945K [0x00000000e0000000, 0x00000000e8000000, 0x00000000e8000000)
  eden space 87424K,   0% used [0x00000000e0000000, 0x00000000e0000000, 0x00000000e5560000)
  from space 21824K,   8% used [0x00000000e5560000, 0x00000000e5746498, 0x00000000e6ab0000)
  to   space 21824K,   0% used [0x00000000e6ab0000, 0x00000000e6ab0000, 0x00000000e8000000)
 concurrent mark-sweep generation total 393216K, used 20475K [0x00000000e8000000, 0x0000000100000000, 0x0000000100000000)
 Metaspace       used 37466K, capacity 38460K, committed 38772K, reserved 1083392K
  class space    used 4464K, capacity 4720K, committed 4812K, reserved 1048576K
}
2017-10-31T09:04:35.905-0700: 139.814: Total time for which application threads were stopped: 0.0043845 seconds, Stopping threads took: 0.0000379 seconds
2017-10-31T09:04:36.581-0700: 140.490: Total time for which application threads were stopped: 0.0005296 seconds, Stopping threads took: 0.0001138 seconds
2017-10-31T09:04:37.581-0700: 141.490: Total time for which application threads were stopped: 0.0001497 seconds, Stopping threads took: 0.0000339 seconds
2017-10-31T09:04:38.582-0700: 142.490: Total time for which application threads were stopped: 0.0001300 seconds, Stopping threads took: 0.0000413 seconds
2017-10-31T09:04:39.537-0700: 143.445: Total time for which application threads were stopped: 0.0002323 seconds, Stopping threads took: 0.0000515 seconds
{Heap before GC invocations=26 (full 2):
 par new generation   total 109248K, used 89369K [0x00000000e0000000, 0x00000000e8000000, 0x00000000e8000000)
  eden space 87424K, 100% used [0x00000000e0000000, 0x00000000e5560000, 0x00000000e5560000)
  from space 21824K,   8% used [0x00000000e5560000, 0x00000000e5746498, 0x00000000e6ab0000)
  to   space 21824K,   0% used [0x00000000e6ab0000, 0x00000000e6ab0000, 0x00000000e8000000)
 concurrent mark-sweep generation total 393216K, used 20475K [0x00000000e8000000, 0x0000000100000000, 0x0000000100000000)
 Metaspace       used 37525K, capacity 38524K, committed 38772K, reserved 1083392K
  class space    used 4464K, capacity 4720K, committed 4812K, reserved 1048576K
2017-10-31T09:04:39.581-0700: 143.489: [GC (Allocation Failure) 2017-10-31T09:04:39.581-0700: 143.489: [ParNew
Desired survivor size 20112992 bytes, new threshold 8 (max 8)
- age   1:    2114736 bytes,    2114736 total
- age   2:      13848 bytes,    2128584 total
- age   3:       8152 bytes,    2136736 total
- age   4:      12344 bytes,    2149080 total
- age   5:       8568 bytes,    2157648 total
- age   6:      10416 bytes,    2168064 total
- age   7:      11232 bytes,    2179296 total
- age   8:      10168 bytes,    2189464 total
: 89369K->2723K(109248K), 0.0064244 secs] 109844K->23199K(502464K), 0.0066384 secs] [Times: user=0.00 sys=0.00, real=0.01 secs] 
Heap after GC invocations=27 (full 2):
 par new generation   total 109248K, used 2723K [0x00000000e0000000, 0x00000000e8000000, 0x00000000e8000000)
  eden space 87424K,   0% used [0x00000000e0000000, 0x00000000e0000000, 0x00000000e5560000)
  from space 21824K,  12% used [0x00000000e6ab0000, 0x00000000e6d58ff0, 0x00000000e8000000)
  to   space 21824K,   0% used [0x00000000e5560000, 0x00000000e5560000, 0x00000000e6ab0000)
 concurrent mark-sweep generation total 393216K, used 20475K [0x00000000e8000000, 0x0000000100000000, 0x0000000100000000)
 Metaspace       used 37525K, capacity 38524K, committed 38772K, reserved 1083392K
  class space    used 4464K, capacity 4720K, committed 4812K, reserved 1048576K
}
2017-10-31T09:04:39.588-0700: 143.496: Total time for which application threads were stopped: 0.0070813 seconds, Stopping threads took: 0.0000366 seconds
2017-10-31T09:04:40.589-0700: 144.497: Total time for which application threads were stopped: 0.0001625 seconds, Stopping threads took: 0.0000339 seconds
2017-10-31T09:04:41.589-0700: 145.498: Total time for which application threads were stopped: 0.0001145 seconds, Stopping threads took: 0.0000278 seconds
2017-10-31T09:04:42.589-0700: 146.498: Total time for which application threads were stopped: 0.0001517 seconds, Stopping threads took: 0.0000359 seconds
2017-10-31T09:04:42.721-0700: 146.629: Total time for which application threads were stopped: 0.0001578 seconds, Stopping threads took: 0.0000488 seconds
{Heap before GC invocations=27 (full 2):
 par new generation   total 109248K, used 89884K [0x00000000e0000000, 0x00000000e8000000, 0x00000000e8000000)
  eden space 87424K,  99% used [0x00000000e0000000, 0x00000000e551e0d8, 0x00000000e5560000)
  from space 21824K,  12% used [0x00000000e6ab0000, 0x00000000e6d58ff0, 0x00000000e8000000)
  to   space 21824K,   0% used [0x00000000e5560000, 0x00000000e5560000, 0x00000000e6ab0000)
 concurrent mark-sweep generation total 393216K, used 20475K [0x00000000e8000000, 0x0000000100000000, 0x0000000100000000)
 Metaspace       used 37576K, capacity 38524K, committed 38772K, reserved 1083392K
  class space    used 4464K, capacity 4720K, committed 4812K, reserved 1048576K
2017-10-31T09:04:42.760-0700: 146.668: [GC (Allocation Failure) 2017-10-31T09:04:42.760-0700: 146.668: [ParNew
Desired survivor size 20112992 bytes, new threshold 8 (max 8)
- age   1:    1911704 bytes,    1911704 total
- age   2:     396224 bytes,    2307928 total
- age   3:      12936 bytes,    2320864 total
- age   4:       8152 bytes,    2329016 total
- age   5:      11768 bytes,    2340784 total
- age   6:       8424 bytes,    2349208 total
- age   7:      10416 bytes,    2359624 total
- age   8:      11232 bytes,    2370856 total
: 89884K->2930K(109248K), 0.0049229 secs] 110359K->23415K(502464K), 0.0050381 secs] [Times: user=0.06 sys=0.00, real=0.01 secs] 
Heap after GC invocations=28 (full 2):
 par new generation   total 109248K, used 2930K [0x00000000e0000000, 0x00000000e8000000, 0x00000000e8000000)
  eden space 87424K,   0% used [0x00000000e0000000, 0x00000000e0000000, 0x00000000e5560000)
  from space 21824K,  13% used [0x00000000e5560000, 0x00000000e583c918, 0x00000000e6ab0000)
  to   space 21824K,   0% used [0x00000000e6ab0000, 0x00000000e6ab0000, 0x00000000e8000000)
 concurrent mark-sweep generation total 393216K, used 20485K [0x00000000e8000000, 0x0000000100000000, 0x0000000100000000)
 Metaspace       used 37576K, capacity 38524K, committed 38772K, reserved 1083392K
  class space    used 4464K, capacity 4720K, committed 4812K, reserved 1048576K
}
2017-10-31T09:04:42.765-0700: 146.673: Total time for which application threads were stopped: 0.0053604 seconds, Stopping threads took: 0.0000650 seconds
2017-10-31T09:04:43.765-0700: 147.673: Total time for which application threads were stopped: 0.0001585 seconds, Stopping threads took: 0.0000379 seconds
2017-10-31T09:04:44.766-0700: 148.674: Total time for which application threads were stopped: 0.0001727 seconds, Stopping threads took: 0.0000325 seconds
2017-10-31T09:04:45.612-0700: 149.521: Total time for which application threads were stopped: 0.0001984 seconds, Stopping threads took: 0.0000616 seconds
{Heap before GC invocations=28 (full 2):
 par new generation   total 109248K, used 90354K [0x00000000e0000000, 0x00000000e8000000, 0x00000000e8000000)
  eden space 87424K, 100% used [0x00000000e0000000, 0x00000000e5560000, 0x00000000e5560000)
  from space 21824K,  13% used [0x00000000e5560000, 0x00000000e583c918, 0x00000000e6ab0000)
  to   space 21824K,   0% used [0x00000000e6ab0000, 0x00000000e6ab0000, 0x00000000e8000000)
 concurrent mark-sweep generation total 393216K, used 20485K [0x00000000e8000000, 0x0000000100000000, 0x0000000100000000)
 Metaspace       used 37624K, capacity 38592K, committed 38772K, reserved 1083392K
  class space    used 4464K, capacity 4720K, committed 4812K, reserved 1048576K
2017-10-31T09:04:46.608-0700: 150.517: [GC (Allocation Failure) 2017-10-31T09:04:46.608-0700: 150.517: [ParNew
Desired survivor size 20112992 bytes, new threshold 8 (max 8)
- age   1:    1531600 bytes,    1531600 total
- age   2:      27432 bytes,    1559032 total
- age   3:      13584 bytes,    1572616 total
- age   4:      12936 bytes,    1585552 total
- age   5:       7504 bytes,    1593056 total
- age   6:      11624 bytes,    1604680 total
- age   7:       8424 bytes,    1613104 total
- age   8:      10416 bytes,    1623520 total
: 90354K->2239K(109248K), 0.0057424 secs] 110839K->22735K(502464K), 0.0058271 secs] [Times: user=0.00 sys=0.00, real=0.01 secs] 
Heap after GC invocations=29 (full 2):
 par new generation   total 109248K, used 2239K [0x00000000e0000000, 0x00000000e8000000, 0x00000000e8000000)
  eden space 87424K,   0% used [0x00000000e0000000, 0x00000000e0000000, 0x00000000e5560000)
  from space 21824K,  10% used [0x00000000e6ab0000, 0x00000000e6cdfcf0, 0x00000000e8000000)
  to   space 21824K,   0% used [0x00000000e5560000, 0x00000000e5560000, 0x00000000e6ab0000)
 concurrent mark-sweep generation total 393216K, used 20496K [0x00000000e8000000, 0x0000000100000000, 0x0000000100000000)
 Metaspace       used 37624K, capacity 38592K, committed 38772K, reserved 1083392K
  class space    used 4464K, capacity 4720K, committed 4812K, reserved 1048576K
}
2017-10-31T09:04:46.614-0700: 150.523: Total time for which application threads were stopped: 0.0060763 seconds, Stopping threads took: 0.0000230 seconds
2017-10-31T09:04:47.614-0700: 151.523: Total time for which application threads were stopped: 0.0001212 seconds, Stopping threads took: 0.0000400 seconds
2017-10-31T09:04:48.421-0700: 152.330: Total time for which application threads were stopped: 0.0001923 seconds, Stopping threads took: 0.0000623 seconds
2017-10-31T09:04:49.421-0700: 153.330: Total time for which application threads were stopped: 0.0001537 seconds, Stopping threads took: 0.0000298 seconds
{Heap before GC invocations=29 (full 2):
 par new generation   total 109248K, used 89663K [0x00000000e0000000, 0x00000000e8000000, 0x00000000e8000000)
  eden space 87424K, 100% used [0x00000000e0000000, 0x00000000e5560000, 0x00000000e5560000)
  from space 21824K,  10% used [0x00000000e6ab0000, 0x00000000e6cdfcf0, 0x00000000e8000000)
  to   space 21824K,   0% used [0x00000000e5560000, 0x00000000e5560000, 0x00000000e6ab0000)
 concurrent mark-sweep generation total 393216K, used 20496K [0x00000000e8000000, 0x0000000100000000, 0x0000000100000000)
 Metaspace       used 37644K, capacity 38592K, committed 38772K, reserved 1083392K
  class space    used 4464K, capacity 4720K, committed 4812K, reserved 1048576K
2017-10-31T09:04:50.051-0700: 153.960: [GC (Allocation Failure) 2017-10-31T09:04:50.051-0700: 153.961: [ParNew
Desired survivor size 20112992 bytes, new threshold 8 (max 8)
- age   1:    1529440 bytes,    1529440 total
- age   2:       9400 bytes,    1538840 total
- age   3:      26392 bytes,    1565232 total
- age   4:      13584 bytes,    1578816 total
- age   5:      12360 bytes,    1591176 total
- age   6:       7288 bytes,    1598464 total
- age   7:      11624 bytes,    1610088 total
- age   8:       8424 bytes,    1618512 total
: 89663K->1970K(109248K), 0.0056706 secs] 110159K->22476K(502464K), 0.0058636 secs] [Times: user=0.02 sys=0.00, real=0.01 secs] 
Heap after GC invocations=30 (full 2):
 par new generation   total 109248K, used 1970K [0x00000000e0000000, 0x00000000e8000000, 0x00000000e8000000)
  eden space 87424K,   0% used [0x00000000e0000000, 0x00000000e0000000, 0x00000000e5560000)
  from space 21824K,   9% used [0x00000000e5560000, 0x00000000e574c990, 0x00000000e6ab0000)
  to   space 21824K,   0% used [0x00000000e6ab0000, 0x00000000e6ab0000, 0x00000000e8000000)
 concurrent mark-sweep generation total 393216K, used 20506K [0x00000000e8000000, 0x0000000100000000, 0x0000000100000000)
 Metaspace       used 37644K, capacity 38592K, committed 38772K, reserved 1083392K
  class space    used 4464K, capacity 4720K, committed 4812K, reserved 1048576K
}
2017-10-31T09:04:50.057-0700: 153.966: Total time for which application threads were stopped: 0.0063939 seconds, Stopping threads took: 0.0000725 seconds
2017-10-31T09:04:51.058-0700: 154.967: Total time for which application threads were stopped: 0.0002695 seconds, Stopping threads took: 0.0000582 seconds
2017-10-31T09:04:51.432-0700: 155.340: Total time for which application threads were stopped: 0.0002939 seconds, Stopping threads took: 0.0000420 seconds
2017-10-31T09:04:52.432-0700: 156.340: Total time for which application threads were stopped: 0.0001964 seconds, Stopping threads took: 0.0000271 seconds
2017-10-31T09:04:53.433-0700: 157.341: Total time for which application threads were stopped: 0.0001551 seconds, Stopping threads took: 0.0000366 seconds
{Heap before GC invocations=30 (full 2):
 par new generation   total 109248K, used 89394K [0x00000000e0000000, 0x00000000e8000000, 0x00000000e8000000)
  eden space 87424K, 100% used [0x00000000e0000000, 0x00000000e5560000, 0x00000000e5560000)
  from space 21824K,   9% used [0x00000000e5560000, 0x00000000e574c990, 0x00000000e6ab0000)
  to   space 21824K,   0% used [0x00000000e6ab0000, 0x00000000e6ab0000, 0x00000000e8000000)
 concurrent mark-sweep generation total 393216K, used 20506K [0x00000000e8000000, 0x0000000100000000, 0x0000000100000000)
 Metaspace       used 37689K, capacity 38656K, committed 39028K, reserved 1083392K
  class space    used 4464K, capacity 4720K, committed 4812K, reserved 1048576K
2017-10-31T09:04:53.847-0700: 157.755: [GC (Allocation Failure) 2017-10-31T09:04:53.847-0700: 157.755: [ParNew
Desired survivor size 20112992 bytes, new threshold 8 (max 8)
- age   1:    1924944 bytes,    1924944 total
- age   2:      10072 bytes,    1935016 total
- age   3:       8488 bytes,    1943504 total
- age   4:      26256 bytes,    1969760 total
- age   5:      13008 bytes,    1982768 total
- age   6:      12072 bytes,    1994840 total
- age   7:       7288 bytes,    2002128 total
- age   8:      11624 bytes,    2013752 total
: 89394K->2118K(109248K), 0.0039348 secs] 109900K->22633K(502464K), 0.0040195 secs] [Times: user=0.00 sys=0.00, real=0.00 secs] 
Heap after GC invocations=31 (full 2):
 par new generation   total 109248K, used 2118K [0x00000000e0000000, 0x00000000e8000000, 0x00000000e8000000)
  eden space 87424K,   0% used [0x00000000e0000000, 0x00000000e0000000, 0x00000000e5560000)
  from space 21824K,   9% used [0x00000000e6ab0000, 0x00000000e6cc1b30, 0x00000000e8000000)
  to   space 21824K,   0% used [0x00000000e5560000, 0x00000000e5560000, 0x00000000e6ab0000)
 concurrent mark-sweep generation total 393216K, used 20514K [0x00000000e8000000, 0x0000000100000000, 0x0000000100000000)
 Metaspace       used 37689K, capacity 38656K, committed 39028K, reserved 1083392K
  class space    used 4464K, capacity 4720K, committed 4812K, reserved 1048576K
}
2017-10-31T09:04:53.851-0700: 157.759: Total time for which application threads were stopped: 0.0042762 seconds, Stopping threads took: 0.0000271 seconds
2017-10-31T09:04:54.384-0700: 158.292: Total time for which application threads were stopped: 0.0002147 seconds, Stopping threads took: 0.0000589 seconds
2017-10-31T09:04:55.384-0700: 159.292: Total time for which application threads were stopped: 0.0001409 seconds, Stopping threads took: 0.0000298 seconds
2017-10-31T09:04:56.384-0700: 160.293: Total time for which application threads were stopped: 0.0001368 seconds, Stopping threads took: 0.0000284 seconds
2017-10-31T09:04:57.384-0700: 161.293: Total time for which application threads were stopped: 0.0001964 seconds, Stopping threads took: 0.0000461 seconds
2017-10-31T09:04:57.439-0700: 161.347: Total time for which application threads were stopped: 0.0003576 seconds, Stopping threads took: 0.0000637 seconds
{Heap before GC invocations=31 (full 2):
 par new generation   total 109248K, used 89542K [0x00000000e0000000, 0x00000000e8000000, 0x00000000e8000000)
  eden space 87424K, 100% used [0x00000000e0000000, 0x00000000e5560000, 0x00000000e5560000)
  from space 21824K,   9% used [0x00000000e6ab0000, 0x00000000e6cc1b30, 0x00000000e8000000)
  to   space 21824K,   0% used [0x00000000e5560000, 0x00000000e5560000, 0x00000000e6ab0000)
 concurrent mark-sweep generation total 393216K, used 20514K [0x00000000e8000000, 0x0000000100000000, 0x0000000100000000)
 Metaspace       used 37744K, capacity 38720K, committed 39028K, reserved 1083392K
  class space    used 4465K, capacity 4720K, committed 4812K, reserved 1048576K
2017-10-31T09:04:57.486-0700: 161.395: [GC (Allocation Failure) 2017-10-31T09:04:57.486-0700: 161.395: [ParNew
Desired survivor size 20112992 bytes, new threshold 8 (max 8)
- age   1:    2104440 bytes,    2104440 total
- age   2:       9568 bytes,    2114008 total
- age   3:       9160 bytes,    2123168 total
- age   4:       8488 bytes,    2131656 total
- age   5:      25608 bytes,    2157264 total
- age   6:      12864 bytes,    2170128 total
- age   7:      12072 bytes,    2182200 total
- age   8:       7288 bytes,    2189488 total
: 89542K->2835K(109248K), 0.0093576 secs] 110057K->23361K(502464K), 0.0095614 secs] [Times: user=0.02 sys=0.00, real=0.01 secs] 
Heap after GC invocations=32 (full 2):
 par new generation   total 109248K, used 2835K [0x00000000e0000000, 0x00000000e8000000, 0x00000000e8000000)
  eden space 87424K,   0% used [0x00000000e0000000, 0x00000000e0000000, 0x00000000e5560000)
  from space 21824K,  12% used [0x00000000e5560000, 0x00000000e5824e98, 0x00000000e6ab0000)
  to   space 21824K,   0% used [0x00000000e6ab0000, 0x00000000e6ab0000, 0x00000000e8000000)
 concurrent mark-sweep generation total 393216K, used 20525K [0x00000000e8000000, 0x0000000100000000, 0x0000000100000000)
 Metaspace       used 37744K, capacity 38720K, committed 39028K, reserved 1083392K
  class space    used 4465K, capacity 4720K, committed 4812K, reserved 1048576K
}
2017-10-31T09:04:57.496-0700: 161.405: Total time for which application threads were stopped: 0.0101066 seconds, Stopping threads took: 0.0000454 seconds
2017-10-31T09:04:58.497-0700: 162.405: Total time for which application threads were stopped: 0.0001409 seconds, Stopping threads took: 0.0000251 seconds
2017-10-31T09:04:59.497-0700: 163.405: Total time for which application threads were stopped: 0.0001341 seconds, Stopping threads took: 0.0000251 seconds
2017-10-31T09:05:00.169-0700: 164.078: Total time for which application threads were stopped: 0.0001632 seconds, Stopping threads took: 0.0000420 seconds
{Heap before GC invocations=32 (full 2):
 par new generation   total 109248K, used 90259K [0x00000000e0000000, 0x00000000e8000000, 0x00000000e8000000)
  eden space 87424K, 100% used [0x00000000e0000000, 0x00000000e5560000, 0x00000000e5560000)
  from space 21824K,  12% used [0x00000000e5560000, 0x00000000e5824e98, 0x00000000e6ab0000)
  to   space 21824K,   0% used [0x00000000e6ab0000, 0x00000000e6ab0000, 0x00000000e8000000)
 concurrent mark-sweep generation total 393216K, used 20525K [0x00000000e8000000, 0x0000000100000000, 0x0000000100000000)
 Metaspace       used 37877K, capacity 38784K, committed 39028K, reserved 1083392K
  class space    used 4465K, capacity 4720K, committed 4812K, reserved 1048576K
2017-10-31T09:05:00.238-0700: 164.147: [GC (Allocation Failure) 2017-10-31T09:05:00.238-0700: 164.147: [ParNew
Desired survivor size 20112992 bytes, new threshold 8 (max 8)
- age   1:    2428208 bytes,    2428208 total
- age   2:     331200 bytes,    2759408 total
- age   3:       8656 bytes,    2768064 total
- age   4:       9160 bytes,    2777224 total
- age   5:       7984 bytes,    2785208 total
- age   6:      25536 bytes,    2810744 total
- age   7:      12864 bytes,    2823608 total
- age   8:      12072 bytes,    2835680 total
: 90259K->2912K(109248K), 0.0038996 secs] 110785K->23445K(502464K), 0.0040249 secs] [Times: user=0.00 sys=0.00, real=0.00 secs] 
Heap after GC invocations=33 (full 2):
 par new generation   total 109248K, used 2912K [0x00000000e0000000, 0x00000000e8000000, 0x00000000e8000000)
  eden space 87424K,   0% used [0x00000000e0000000, 0x00000000e0000000, 0x00000000e5560000)
  from space 21824K,  13% used [0x00000000e6ab0000, 0x00000000e6d881e0, 0x00000000e8000000)
  to   space 21824K,   0% used [0x00000000e5560000, 0x00000000e5560000, 0x00000000e6ab0000)
 concurrent mark-sweep generation total 393216K, used 20532K [0x00000000e8000000, 0x0000000100000000, 0x0000000100000000)
 Metaspace       used 37877K, capacity 38784K, committed 39028K, reserved 1083392K
  class space    used 4465K, capacity 4720K, committed 4812K, reserved 1048576K
}
2017-10-31T09:05:00.242-0700: 164.151: Total time for which application threads were stopped: 0.0043628 seconds, Stopping threads took: 0.0000447 seconds
2017-10-31T09:05:01.242-0700: 165.151: Total time for which application threads were stopped: 0.0001646 seconds, Stopping threads took: 0.0000366 seconds
2017-10-31T09:05:02.243-0700: 166.151: Total time for which application threads were stopped: 0.0001382 seconds, Stopping threads took: 0.0000400 seconds
2017-10-31T09:05:02.977-0700: 166.886: Total time for which application threads were stopped: 0.0004754 seconds, Stopping threads took: 0.0001226 seconds
{Heap before GC invocations=33 (full 2):
 par new generation   total 109248K, used 90336K [0x00000000e0000000, 0x00000000e8000000, 0x00000000e8000000)
  eden space 87424K, 100% used [0x00000000e0000000, 0x00000000e5560000, 0x00000000e5560000)
  from space 21824K,  13% used [0x00000000e6ab0000, 0x00000000e6d881e0, 0x00000000e8000000)
  to   space 21824K,   0% used [0x00000000e5560000, 0x00000000e5560000, 0x00000000e6ab0000)
 concurrent mark-sweep generation total 393216K, used 20532K [0x00000000e8000000, 0x0000000100000000, 0x0000000100000000)
 Metaspace       used 37950K, capacity 38912K, committed 39284K, reserved 1083392K
  class space    used 4465K, capacity 4720K, committed 4812K, reserved 1048576K
2017-10-31T09:05:03.610-0700: 167.519: [GC (Allocation Failure) 2017-10-31T09:05:03.610-0700: 167.519: [ParNew
Desired survivor size 20112992 bytes, new threshold 8 (max 8)
- age   1:    1484040 bytes,    1484040 total
- age   2:      83792 bytes,    1567832 total
- age   3:       7840 bytes,    1575672 total
- age   4:       8656 bytes,    1584328 total
- age   5:       8656 bytes,    1592984 total
- age   6:       7696 bytes,    1600680 total
- age   7:      25536 bytes,    1626216 total
- age   8:      12864 bytes,    1639080 total
: 90336K->3215K(109248K), 0.0035793 secs] 110869K->23759K(502464K), 0.0036551 secs] [Times: user=0.00 sys=0.00, real=0.00 secs] 
Heap after GC invocations=34 (full 2):
 par new generation   total 109248K, used 3215K [0x00000000e0000000, 0x00000000e8000000, 0x00000000e8000000)
  eden space 87424K,   0% used [0x00000000e0000000, 0x00000000e0000000, 0x00000000e5560000)
  from space 21824K,  14% used [0x00000000e5560000, 0x00000000e5883c40, 0x00000000e6ab0000)
  to   space 21824K,   0% used [0x00000000e6ab0000, 0x00000000e6ab0000, 0x00000000e8000000)
 concurrent mark-sweep generation total 393216K, used 20544K [0x00000000e8000000, 0x0000000100000000, 0x0000000100000000)
 Metaspace       used 37950K, capacity 38912K, committed 39284K, reserved 1083392K
  class space    used 4465K, capacity 4720K, committed 4812K, reserved 1048576K
}
2017-10-31T09:05:03.614-0700: 167.522: Total time for which application threads were stopped: 0.0039416 seconds, Stopping threads took: 0.0000278 seconds
2017-10-31T09:05:04.614-0700: 168.523: Total time for which application threads were stopped: 0.0001382 seconds, Stopping threads took: 0.0000345 seconds
2017-10-31T09:05:05.615-0700: 169.524: Total time for which application threads were stopped: 0.0001375 seconds, Stopping threads took: 0.0000332 seconds
2017-10-31T09:05:05.817-0700: 169.726: Total time for which application threads were stopped: 0.0002296 seconds, Stopping threads took: 0.0000359 seconds
2017-10-31T09:05:06.817-0700: 170.726: Total time for which application threads were stopped: 0.0001741 seconds, Stopping threads took: 0.0000298 seconds
{Heap before GC invocations=34 (full 2):
 par new generation   total 109248K, used 90630K [0x00000000e0000000, 0x00000000e8000000, 0x00000000e8000000)
  eden space 87424K,  99% used [0x00000000e0000000, 0x00000000e555de68, 0x00000000e5560000)
  from space 21824K,  14% used [0x00000000e5560000, 0x00000000e5883c40, 0x00000000e6ab0000)
  to   space 21824K,   0% used [0x00000000e6ab0000, 0x00000000e6ab0000, 0x00000000e8000000)
 concurrent mark-sweep generation total 393216K, used 20544K [0x00000000e8000000, 0x0000000100000000, 0x0000000100000000)
 Metaspace       used 37957K, capacity 38912K, committed 39284K, reserved 1083392K
  class space    used 4465K, capacity 4720K, committed 4812K, reserved 1048576K
2017-10-31T09:05:07.448-0700: 171.356: [GC (Allocation Failure) 2017-10-31T09:05:07.448-0700: 171.357: [ParNew
Desired survivor size 20112992 bytes, new threshold 8 (max 8)
- age   1:    1725360 bytes,    1725360 total
- age   2:       9888 bytes,    1735248 total
- age   3:      11688 bytes,    1746936 total
- age   4:       7840 bytes,    1754776 total
- age   5:       8152 bytes,    1762928 total
- age   6:       8368 bytes,    1771296 total
- age   7:       7696 bytes,    1778992 total
- age   8:      25536 bytes,    1804528 total
: 90630K->2361K(109248K), 0.0062801 secs] 111175K->22918K(502464K), 0.0066303 secs] [Times: user=0.00 sys=0.00, real=0.01 secs] 
Heap after GC invocations=35 (full 2):
 par new generation   total 109248K, used 2361K [0x00000000e0000000, 0x00000000e8000000, 0x00000000e8000000)
  eden space 87424K,   0% used [0x00000000e0000000, 0x00000000e0000000, 0x00000000e5560000)
  from space 21824K,  10% used [0x00000000e6ab0000, 0x00000000e6cfe610, 0x00000000e8000000)
  to   space 21824K,   0% used [0x00000000e5560000, 0x00000000e5560000, 0x00000000e6ab0000)
 concurrent mark-sweep generation total 393216K, used 20557K [0x00000000e8000000, 0x0000000100000000, 0x0000000100000000)
 Metaspace       used 37957K, capacity 38912K, committed 39284K, reserved 1083392K
  class space    used 4465K, capacity 4720K, committed 4812K, reserved 1048576K
}
2017-10-31T09:05:07.455-0700: 171.363: Total time for which application threads were stopped: 0.0072838 seconds, Stopping threads took: 0.0000975 seconds
2017-10-31T09:05:08.456-0700: 172.364: Total time for which application threads were stopped: 0.0001585 seconds, Stopping threads took: 0.0000352 seconds
2017-10-31T09:05:09.174-0700: 173.082: Total time for which application threads were stopped: 0.0006339 seconds, Stopping threads took: 0.0004659 seconds
2017-10-31T09:05:10.174-0700: 174.083: Total time for which application threads were stopped: 0.0001910 seconds, Stopping threads took: 0.0000366 seconds
{Heap before GC invocations=35 (full 2):
 par new generation   total 109248K, used 89785K [0x00000000e0000000, 0x00000000e8000000, 0x00000000e8000000)
  eden space 87424K, 100% used [0x00000000e0000000, 0x00000000e5560000, 0x00000000e5560000)
  from space 21824K,  10% used [0x00000000e6ab0000, 0x00000000e6cfe610, 0x00000000e8000000)
  to   space 21824K,   0% used [0x00000000e5560000, 0x00000000e5560000, 0x00000000e6ab0000)
 concurrent mark-sweep generation total 393216K, used 20557K [0x00000000e8000000, 0x0000000100000000, 0x0000000100000000)
 Metaspace       used 37960K, capacity 38912K, committed 39284K, reserved 1083392K
  class space    used 4465K, capacity 4720K, committed 4812K, reserved 1048576K
2017-10-31T09:05:11.016-0700: 174.924: [GC (Allocation Failure) 2017-10-31T09:05:11.016-0700: 174.924: [ParNew
Desired survivor size 20112992 bytes, new threshold 8 (max 8)
- age   1:    1685152 bytes,    1685152 total
- age   2:       8744 bytes,    1693896 total
- age   3:       8976 bytes,    1702872 total
- age   4:      11688 bytes,    1714560 total
- age   5:       7336 bytes,    1721896 total
- age   6:       7864 bytes,    1729760 total
- age   7:       8368 bytes,    1738128 total
- age   8:       7696 bytes,    1745824 total
: 89785K->2020K(109248K), 0.0039619 secs] 110342K->22602K(502464K), 0.0040608 secs] [Times: user=0.00 sys=0.00, real=0.00 secs] 
Heap after GC invocations=36 (full 2):
 par new generation   total 109248K, used 2020K [0x00000000e0000000, 0x00000000e8000000, 0x00000000e8000000)
  eden space 87424K,   0% used [0x00000000e0000000, 0x00000000e0000000, 0x00000000e5560000)
  from space 21824K,   9% used [0x00000000e5560000, 0x00000000e5759340, 0x00000000e6ab0000)
  to   space 21824K,   0% used [0x00000000e6ab0000, 0x00000000e6ab0000, 0x00000000e8000000)
 concurrent mark-sweep generation total 393216K, used 20582K [0x00000000e8000000, 0x0000000100000000, 0x0000000100000000)
 Metaspace       used 37960K, capacity 38912K, committed 39284K, reserved 1083392K
  class space    used 4465K, capacity 4720K, committed 4812K, reserved 1048576K
}
2017-10-31T09:05:11.020-0700: 174.928: Total time for which application threads were stopped: 0.0042999 seconds, Stopping threads took: 0.0000264 seconds
2017-10-31T09:05:11.853-0700: 175.762: Total time for which application threads were stopped: 0.0001862 seconds, Stopping threads took: 0.0000318 seconds
2017-10-31T09:05:12.854-0700: 176.762: Total time for which application threads were stopped: 0.0001341 seconds, Stopping threads took: 0.0000339 seconds
2017-10-31T09:05:13.855-0700: 177.763: Total time for which application threads were stopped: 0.0002282 seconds, Stopping threads took: 0.0000582 seconds
{Heap before GC invocations=36 (full 2):
 par new generation   total 109248K, used 89136K [0x00000000e0000000, 0x00000000e8000000, 0x00000000e8000000)
  eden space 87424K,  99% used [0x00000000e0000000, 0x00000000e5512ef8, 0x00000000e5560000)
  from space 21824K,   9% used [0x00000000e5560000, 0x00000000e5759340, 0x00000000e6ab0000)
  to   space 21824K,   0% used [0x00000000e6ab0000, 0x00000000e6ab0000, 0x00000000e8000000)
 concurrent mark-sweep generation total 393216K, used 20582K [0x00000000e8000000, 0x0000000100000000, 0x0000000100000000)
 Metaspace       used 37974K, capacity 38976K, committed 39284K, reserved 1083392K
  class space    used 4465K, capacity 4720K, committed 4812K, reserved 1048576K
2017-10-31T09:05:14.546-0700: 178.455: [GC (Allocation Failure) 2017-10-31T09:05:14.546-0700: 178.455: [ParNew
Desired survivor size 20112992 bytes, new threshold 8 (max 8)
- age   1:    2100528 bytes,    2100528 total
- age   2:       9192 bytes,    2109720 total
- age   3:       7576 bytes,    2117296 total
- age   4:       8976 bytes,    2126272 total
- age   5:      11184 bytes,    2137456 total
- age   6:       7048 bytes,    2144504 total
- age   7:       7864 bytes,    2152368 total
- age   8:       8368 bytes,    2160736 total
: 89136K->2488K(109248K), 0.0046676 secs] 109718K->23078K(502464K), 0.0047638 secs] [Times: user=0.00 sys=0.00, real=0.01 secs] 
Heap after GC invocations=37 (full 2):
 par new generation   total 109248K, used 2488K [0x00000000e0000000, 0x00000000e8000000, 0x00000000e8000000)
  eden space 87424K,   0% used [0x00000000e0000000, 0x00000000e0000000, 0x00000000e5560000)
  from space 21824K,  11% used [0x00000000e6ab0000, 0x00000000e6d1e2c0, 0x00000000e8000000)
  to   space 21824K,   0% used [0x00000000e5560000, 0x00000000e5560000, 0x00000000e6ab0000)
 concurrent mark-sweep generation total 393216K, used 20589K [0x00000000e8000000, 0x0000000100000000, 0x0000000100000000)
 Metaspace       used 37974K, capacity 38976K, committed 39284K, reserved 1083392K
  class space    used 4465K, capacity 4720K, committed 4812K, reserved 1048576K
}
2017-10-31T09:05:14.551-0700: 178.460: Total time for which application threads were stopped: 0.0050746 seconds, Stopping threads took: 0.0000332 seconds
2017-10-31T09:05:14.850-0700: 178.758: Total time for which application threads were stopped: 0.0001700 seconds, Stopping threads took: 0.0000298 seconds
2017-10-31T09:05:15.850-0700: 179.758: Total time for which application threads were stopped: 0.0001354 seconds, Stopping threads took: 0.0000359 seconds
2017-10-31T09:05:17.556-0700: 181.464: Total time for which application threads were stopped: 0.0002316 seconds, Stopping threads took: 0.0000887 seconds
{Heap before GC invocations=37 (full 2):
 par new generation   total 109248K, used 89887K [0x00000000e0000000, 0x00000000e8000000, 0x00000000e8000000)
  eden space 87424K,  99% used [0x00000000e0000000, 0x00000000e5559bf8, 0x00000000e5560000)
  from space 21824K,  11% used [0x00000000e6ab0000, 0x00000000e6d1e2c0, 0x00000000e8000000)
  to   space 21824K,   0% used [0x00000000e5560000, 0x00000000e5560000, 0x00000000e6ab0000)
 concurrent mark-sweep generation total 393216K, used 20589K [0x00000000e8000000, 0x0000000100000000, 0x0000000100000000)
 Metaspace       used 37979K, capacity 38976K, committed 39284K, reserved 1083392K
  class space    used 4465K, capacity 4720K, committed 4812K, reserved 1048576K
2017-10-31T09:05:17.583-0700: 181.492: [GC (Allocation Failure) 2017-10-31T09:05:17.583-0700: 181.492: [ParNew
Desired survivor size 20112992 bytes, new threshold 8 (max 8)
- age   1:    2468080 bytes,    2468080 total
- age   2:      75520 bytes,    2543600 total
- age   3:       8280 bytes,    2551880 total
- age   4:       7576 bytes,    2559456 total
- age   5:       8472 bytes,    2567928 total
- age   6:      10968 bytes,    2578896 total
- age   7:       7016 bytes,    2585912 total
- age   8:       7864 bytes,    2593776 total
: 89887K->3041K(109248K), 0.0048450 secs] 110477K->23639K(502464K), 0.0049426 secs] [Times: user=0.02 sys=0.00, real=0.01 secs] 
Heap after GC invocations=38 (full 2):
 par new generation   total 109248K, used 3041K [0x00000000e0000000, 0x00000000e8000000, 0x00000000e8000000)
  eden space 87424K,   0% used [0x00000000e0000000, 0x00000000e0000000, 0x00000000e5560000)
  from space 21824K,  13% used [0x00000000e5560000, 0x00000000e5858560, 0x00000000e6ab0000)
  to   space 21824K,   0% used [0x00000000e6ab0000, 0x00000000e6ab0000, 0x00000000e8000000)
 concurrent mark-sweep generation total 393216K, used 20597K [0x00000000e8000000, 0x0000000100000000, 0x0000000100000000)
 Metaspace       used 37979K, capacity 38976K, committed 39284K, reserved 1083392K
  class space    used 4465K, capacity 4720K, committed 4812K, reserved 1048576K
}
2017-10-31T09:05:17.588-0700: 181.497: Total time for which application threads were stopped: 0.0052758 seconds, Stopping threads took: 0.0000596 seconds
2017-10-31T09:05:18.589-0700: 182.497: Total time for which application threads were stopped: 0.0001490 seconds, Stopping threads took: 0.0000325 seconds
2017-10-31T09:05:19.590-0700: 183.498: Total time for which application threads were stopped: 0.0001239 seconds, Stopping threads took: 0.0000447 seconds
2017-10-31T09:05:20.397-0700: 184.306: Total time for which application threads were stopped: 0.0001930 seconds, Stopping threads took: 0.0000413 seconds
{Heap before GC invocations=38 (full 2):
 par new generation   total 109248K, used 90418K [0x00000000e0000000, 0x00000000e8000000, 0x00000000e8000000)
  eden space 87424K,  99% used [0x00000000e0000000, 0x00000000e5554698, 0x00000000e5560000)
  from space 21824K,  13% used [0x00000000e5560000, 0x00000000e5858560, 0x00000000e6ab0000)
  to   space 21824K,   0% used [0x00000000e6ab0000, 0x00000000e6ab0000, 0x00000000e8000000)
 concurrent mark-sweep generation total 393216K, used 20597K [0x00000000e8000000, 0x0000000100000000, 0x0000000100000000)
 Metaspace       used 37989K, capacity 38976K, committed 39284K, reserved 1083392K
  class space    used 4465K, capacity 4720K, committed 4812K, reserved 1048576K
2017-10-31T09:05:20.484-0700: 184.393: [GC (Allocation Failure) 2017-10-31T09:05:20.484-0700: 184.393: [ParNew
Desired survivor size 20112992 bytes, new threshold 8 (max 8)
- age   1:    2334336 bytes,    2334336 total
- age   2:     512448 bytes,    2846784 total
- age   3:       7528 bytes,    2854312 total
- age   4:       8280 bytes,    2862592 total
- age   5:       7144 bytes,    2869736 total
- age   6:       8256 bytes,    2877992 total
- age   7:      10968 bytes,    2888960 total
- age   8:       7016 bytes,    2895976 total
: 90418K->3184K(109248K), 0.0041353 secs] 111016K->23790K(502464K), 0.0042856 secs] [Times: user=0.00 sys=0.00, real=0.00 secs] 
Heap after GC invocations=39 (full 2):
 par new generation   total 109248K, used 3184K [0x00000000e0000000, 0x00000000e8000000, 0x00000000e8000000)
  eden space 87424K,   0% used [0x00000000e0000000, 0x00000000e0000000, 0x00000000e5560000)
  from space 21824K,  14% used [0x00000000e6ab0000, 0x00000000e6dcc2e8, 0x00000000e8000000)
  to   space 21824K,   0% used [0x00000000e5560000, 0x00000000e5560000, 0x00000000e6ab0000)
 concurrent mark-sweep generation total 393216K, used 20605K [0x00000000e8000000, 0x0000000100000000, 0x0000000100000000)
 Metaspace       used 37989K, capacity 38976K, committed 39284K, reserved 1083392K
  class space    used 4465K, capacity 4720K, committed 4812K, reserved 1048576K
}
2017-10-31T09:05:20.489-0700: 184.397: Total time for which application threads were stopped: 0.0046988 seconds, Stopping threads took: 0.0000650 seconds
2017-10-31T09:05:21.489-0700: 185.397: Total time for which application threads were stopped: 0.0001483 seconds, Stopping threads took: 0.0000372 seconds
2017-10-31T09:05:22.490-0700: 186.398: Total time for which application threads were stopped: 0.0001727 seconds, Stopping threads took: 0.0000372 seconds
2017-10-31T09:05:23.249-0700: 187.158: Total time for which application threads were stopped: 0.0001768 seconds, Stopping threads took: 0.0000461 seconds
2017-10-31T09:05:24.250-0700: 188.158: Total time for which application threads were stopped: 0.0001585 seconds, Stopping threads took: 0.0000332 seconds
{Heap before GC invocations=39 (full 2):
 par new generation   total 109248K, used 90419K [0x00000000e0000000, 0x00000000e8000000, 0x00000000e8000000)
  eden space 87424K,  99% used [0x00000000e0000000, 0x00000000e5530c00, 0x00000000e5560000)
  from space 21824K,  14% used [0x00000000e6ab0000, 0x00000000e6dcc2e8, 0x00000000e8000000)
  to   space 21824K,   0% used [0x00000000e5560000, 0x00000000e5560000, 0x00000000e6ab0000)
 concurrent mark-sweep generation total 393216K, used 20605K [0x00000000e8000000, 0x0000000100000000, 0x0000000100000000)
 Metaspace       used 38009K, capacity 38976K, committed 39284K, reserved 1083392K
  class space    used 4465K, capacity 4720K, committed 4812K, reserved 1048576K
2017-10-31T09:05:24.342-0700: 188.251: [GC (Allocation Failure) 2017-10-31T09:05:24.342-0700: 188.251: [ParNew
Desired survivor size 20112992 bytes, new threshold 8 (max 8)
- age   1:    1929336 bytes,    1929336 total
- age   2:       8440 bytes,    1937776 total
- age   3:      13056 bytes,    1950832 total
- age   4:       7528 bytes,    1958360 total
- age   5:       7848 bytes,    1966208 total
- age   6:       6784 bytes,    1972992 total
- age   7:       8256 bytes,    1981248 total
- age   8:      10968 bytes,    1992216 total
: 90419K->3864K(109248K), 0.0035786 secs] 111025K->24476K(502464K), 0.0036673 secs] [Times: user=0.00 sys=0.00, real=0.00 secs] 
Heap after GC invocations=40 (full 2):
 par new generation   total 109248K, used 3864K [0x00000000e0000000, 0x00000000e8000000, 0x00000000e8000000)
  eden space 87424K,   0% used [0x00000000e0000000, 0x00000000e0000000, 0x00000000e5560000)
  from space 21824K,  17% used [0x00000000e5560000, 0x00000000e5926060, 0x00000000e6ab0000)
  to   space 21824K,   0% used [0x00000000e6ab0000, 0x00000000e6ab0000, 0x00000000e8000000)
 concurrent mark-sweep generation total 393216K, used 20612K [0x00000000e8000000, 0x0000000100000000, 0x0000000100000000)
 Metaspace       used 38009K, capacity 38976K, committed 39284K, reserved 1083392K
  class space    used 4465K, capacity 4720K, committed 4812K, reserved 1048576K
}
2017-10-31T09:05:24.346-0700: 188.255: Total time for which application threads were stopped: 0.0038969 seconds, Stopping threads took: 0.0000230 seconds
2017-10-31T09:05:25.347-0700: 189.256: Total time for which application threads were stopped: 0.0001361 seconds, Stopping threads took: 0.0000345 seconds
2017-10-31T09:05:26.067-0700: 189.975: Total time for which application threads were stopped: 0.0001937 seconds, Stopping threads took: 0.0000467 seconds
2017-10-31T09:05:27.067-0700: 190.975: Total time for which application threads were stopped: 0.0001402 seconds, Stopping threads took: 0.0000474 seconds
{Heap before GC invocations=40 (full 2):
 par new generation   total 109248K, used 91065K [0x00000000e0000000, 0x00000000e8000000, 0x00000000e8000000)
  eden space 87424K,  99% used [0x00000000e0000000, 0x00000000e55286a8, 0x00000000e5560000)
  from space 21824K,  17% used [0x00000000e5560000, 0x00000000e5926060, 0x00000000e6ab0000)
  to   space 21824K,   0% used [0x00000000e6ab0000, 0x00000000e6ab0000, 0x00000000e8000000)
 concurrent mark-sweep generation total 393216K, used 20612K [0x00000000e8000000, 0x0000000100000000, 0x0000000100000000)
 Metaspace       used 38026K, capacity 38980K, committed 39284K, reserved 1083392K
  class space    used 4465K, capacity 4720K, committed 4812K, reserved 1048576K
2017-10-31T09:05:27.337-0700: 191.246: [GC (Allocation Failure) 2017-10-31T09:05:27.337-0700: 191.246: [ParNew
Desired survivor size 20112992 bytes, new threshold 8 (max 8)
- age   1:    1842432 bytes,    1842432 total
- age   2:      76552 bytes,    1918984 total
- age   3:       7400 bytes,    1926384 total
- age   4:      13056 bytes,    1939440 total
- age   5:       7168 bytes,    1946608 total
- age   6:       7488 bytes,    1954096 total
- age   7:       6784 bytes,    1960880 total
- age   8:       8256 bytes,    1969136 total
: 91065K->2369K(109248K), 0.0061013 secs] 111678K->22992K(502464K), 0.0061779 secs] [Times: user=0.06 sys=0.00, real=0.01 secs] 
Heap after GC invocations=41 (full 2):
 par new generation   total 109248K, used 2369K [0x00000000e0000000, 0x00000000e8000000, 0x00000000e8000000)
  eden space 87424K,   0% used [0x00000000e0000000, 0x00000000e0000000, 0x00000000e5560000)
  from space 21824K,  10% used [0x00000000e6ab0000, 0x00000000e6d006a0, 0x00000000e8000000)
  to   space 21824K,   0% used [0x00000000e5560000, 0x00000000e5560000, 0x00000000e6ab0000)
 concurrent mark-sweep generation total 393216K, used 20623K [0x00000000e8000000, 0x0000000100000000, 0x0000000100000000)
 Metaspace       used 38026K, capacity 38980K, committed 39284K, reserved 1083392K
  class space    used 4465K, capacity 4720K, committed 4812K, reserved 1048576K
}
2017-10-31T09:05:27.343-0700: 191.252: Total time for which application threads were stopped: 0.0064278 seconds, Stopping threads took: 0.0000264 seconds
2017-10-31T09:05:28.344-0700: 192.252: Total time for which application threads were stopped: 0.0001476 seconds, Stopping threads took: 0.0000359 seconds
2017-10-31T09:05:29.054-0700: 192.963: Total time for which application threads were stopped: 0.0009339 seconds, Stopping threads took: 0.0004571 seconds
2017-10-31T09:05:30.055-0700: 193.963: Total time for which application threads were stopped: 0.0001300 seconds, Stopping threads took: 0.0000345 seconds
{Heap before GC invocations=41 (full 2):
 par new generation   total 109248K, used 89448K [0x00000000e0000000, 0x00000000e8000000, 0x00000000e8000000)
  eden space 87424K,  99% used [0x00000000e0000000, 0x00000000e5509d28, 0x00000000e5560000)
  from space 21824K,  10% used [0x00000000e6ab0000, 0x00000000e6d006a0, 0x00000000e8000000)
  to   space 21824K,   0% used [0x00000000e5560000, 0x00000000e5560000, 0x00000000e6ab0000)
 concurrent mark-sweep generation total 393216K, used 20623K [0x00000000e8000000, 0x0000000100000000, 0x0000000100000000)
 Metaspace       used 38073K, capacity 39048K, committed 39284K, reserved 1083392K
  class space    used 4465K, capacity 4720K, committed 4812K, reserved 1048576K
2017-10-31T09:05:30.750-0700: 194.658: [GC (Allocation Failure) 2017-10-31T09:05:30.750-0700: 194.658: [ParNew
Desired survivor size 20112992 bytes, new threshold 8 (max 8)
- age   1:    2065232 bytes,    2065232 total
- age   2:       8392 bytes,    2073624 total
- age   3:       8512 bytes,    2082136 total
- age   4:       7400 bytes,    2089536 total
- age   5:      12912 bytes,    2102448 total
- age   6:       6664 bytes,    2109112 total
- age   7:       7488 bytes,    2116600 total
- age   8:       6784 bytes,    2123384 total
: 89448K->2721K(109248K), 0.0038129 secs] 110072K->23352K(502464K), 0.0038854 secs] [Times: user=0.00 sys=0.00, real=0.00 secs] 
Heap after GC invocations=42 (full 2):
 par new generation   total 109248K, used 2721K [0x00000000e0000000, 0x00000000e8000000, 0x00000000e8000000)
  eden space 87424K,   0% used [0x00000000e0000000, 0x00000000e0000000, 0x00000000e5560000)
  from space 21824K,  12% used [0x00000000e5560000, 0x00000000e58086d0, 0x00000000e6ab0000)
  to   space 21824K,   0% used [0x00000000e6ab0000, 0x00000000e6ab0000, 0x00000000e8000000)
 concurrent mark-sweep generation total 393216K, used 20631K [0x00000000e8000000, 0x0000000100000000, 0x0000000100000000)
 Metaspace       used 38073K, capacity 39048K, committed 39284K, reserved 1083392K
  class space    used 4465K, capacity 4720K, committed 4812K, reserved 1048576K
}
2017-10-31T09:05:30.754-0700: 194.662: Total time for which application threads were stopped: 0.0041421 seconds, Stopping threads took: 0.0000230 seconds
2017-10-31T09:05:31.788-0700: 195.697: Total time for which application threads were stopped: 0.0001747 seconds, Stopping threads took: 0.0000474 seconds
2017-10-31T09:05:32.788-0700: 196.696: Total time for which application threads were stopped: 0.0001619 seconds, Stopping threads took: 0.0000339 seconds
2017-10-31T09:05:33.789-0700: 197.697: Total time for which application threads were stopped: 0.0001402 seconds, Stopping threads took: 0.0000345 seconds
{Heap before GC invocations=42 (full 2):
 par new generation   total 109248K, used 89883K [0x00000000e0000000, 0x00000000e8000000, 0x00000000e8000000)
  eden space 87424K,  99% used [0x00000000e0000000, 0x00000000e551e610, 0x00000000e5560000)
  from space 21824K,  12% used [0x00000000e5560000, 0x00000000e58086d0, 0x00000000e6ab0000)
  to   space 21824K,   0% used [0x00000000e6ab0000, 0x00000000e6ab0000, 0x00000000e8000000)
 concurrent mark-sweep generation total 393216K, used 20631K [0x00000000e8000000, 0x0000000100000000, 0x0000000100000000)
 Metaspace       used 38078K, capacity 39048K, committed 39284K, reserved 1083392K
  class space    used 4466K, capacity 4720K, committed 4812K, reserved 1048576K
2017-10-31T09:05:34.019-0700: 197.927: [GC (Allocation Failure) 2017-10-31T09:05:34.019-0700: 197.927: [ParNew
Desired survivor size 20112992 bytes, new threshold 8 (max 8)
- age   1:    2160728 bytes,    2160728 total
- age   2:       9696 bytes,    2170424 total
- age   3:       7480 bytes,    2177904 total
- age   4:       8512 bytes,    2186416 total
- age   5:       7184 bytes,    2193600 total
- age   6:      12336 bytes,    2205936 total
- age   7:       6664 bytes,    2212600 total
- age   8:       7488 bytes,    2220088 total
: 89883K->2681K(109248K), 0.0054011 secs] 110514K->23319K(502464K), 0.0054857 secs] [Times: user=0.00 sys=0.00, real=0.00 secs] 
Heap after GC invocations=43 (full 2):
 par new generation   total 109248K, used 2681K [0x00000000e0000000, 0x00000000e8000000, 0x00000000e8000000)
  eden space 87424K,   0% used [0x00000000e0000000, 0x00000000e0000000, 0x00000000e5560000)
  from space 21824K,  12% used [0x00000000e6ab0000, 0x00000000e6d4e518, 0x00000000e8000000)
  to   space 21824K,   0% used [0x00000000e5560000, 0x00000000e5560000, 0x00000000e6ab0000)
 concurrent mark-sweep generation total 393216K, used 20637K [0x00000000e8000000, 0x0000000100000000, 0x0000000100000000)
 Metaspace       used 38078K, capacity 39048K, committed 39284K, reserved 1083392K
  class space    used 4466K, capacity 4720K, committed 4812K, reserved 1048576K
}
2017-10-31T09:05:34.024-0700: 197.933: Total time for which application threads were stopped: 0.0057512 seconds, Stopping threads took: 0.0000223 seconds
2017-10-31T09:05:34.525-0700: 198.434: Total time for which application threads were stopped: 0.0003156 seconds, Stopping threads took: 0.0000847 seconds
2017-10-31T09:05:35.525-0700: 199.433: Total time for which application threads were stopped: 0.0001768 seconds, Stopping threads took: 0.0000494 seconds
2017-10-31T09:05:37.448-0700: 201.356: Total time for which application threads were stopped: 0.0002039 seconds, Stopping threads took: 0.0000298 seconds
{Heap before GC invocations=43 (full 2):
 par new generation   total 109248K, used 90105K [0x00000000e0000000, 0x00000000e8000000, 0x00000000e8000000)
  eden space 87424K, 100% used [0x00000000e0000000, 0x00000000e5560000, 0x00000000e5560000)
  from space 21824K,  12% used [0x00000000e6ab0000, 0x00000000e6d4e518, 0x00000000e8000000)
  to   space 21824K,   0% used [0x00000000e5560000, 0x00000000e5560000, 0x00000000e6ab0000)
 concurrent mark-sweep generation total 393216K, used 20637K [0x00000000e8000000, 0x0000000100000000, 0x0000000100000000)
 Metaspace       used 38093K, capacity 39048K, committed 39284K, reserved 1083392K
  class space    used 4466K, capacity 4720K, committed 4812K, reserved 1048576K
2017-10-31T09:05:37.461-0700: 201.370: [GC (Allocation Failure) 2017-10-31T09:05:37.461-0700: 201.370: [ParNew
Desired survivor size 20112992 bytes, new threshold 8 (max 8)
- age   1:    2414168 bytes,    2414168 total
- age   2:       8968 bytes,    2423136 total
- age   3:       8736 bytes,    2431872 total
- age   4:       7480 bytes,    2439352 total
- age   5:       8152 bytes,    2447504 total
- age   6:       6752 bytes,    2454256 total
- age   7:      12336 bytes,    2466592 total
- age   8:       6664 bytes,    2473256 total
: 90105K->2719K(109248K), 0.0039788 secs] 110743K->23364K(502464K), 0.0041712 secs] [Times: user=0.06 sys=0.00, real=0.01 secs] 
Heap after GC invocations=44 (full 2):
 par new generation   total 109248K, used 2719K [0x00000000e0000000, 0x00000000e8000000, 0x00000000e8000000)
  eden space 87424K,   0% used [0x00000000e0000000, 0x00000000e0000000, 0x00000000e5560000)
  from space 21824K,  12% used [0x00000000e5560000, 0x00000000e5807cf0, 0x00000000e6ab0000)
  to   space 21824K,   0% used [0x00000000e6ab0000, 0x00000000e6ab0000, 0x00000000e8000000)
 concurrent mark-sweep generation total 393216K, used 20645K [0x00000000e8000000, 0x0000000100000000, 0x0000000100000000)
 Metaspace       used 38093K, capacity 39048K, committed 39284K, reserved 1083392K
  class space    used 4466K, capacity 4720K, committed 4812K, reserved 1048576K
}
2017-10-31T09:05:37.466-0700: 201.374: Total time for which application threads were stopped: 0.0044624 seconds, Stopping threads took: 0.0000589 seconds
2017-10-31T09:05:38.466-0700: 202.375: Total time for which application threads were stopped: 0.0001476 seconds, Stopping threads took: 0.0000332 seconds
2017-10-31T09:05:39.467-0700: 203.375: Total time for which application threads were stopped: 0.0001354 seconds, Stopping threads took: 0.0000291 seconds
2017-10-31T09:05:40.302-0700: 204.210: Total time for which application threads were stopped: 0.0002025 seconds, Stopping threads took: 0.0000488 seconds
{Heap before GC invocations=44 (full 2):
 par new generation   total 109248K, used 89700K [0x00000000e0000000, 0x00000000e8000000, 0x00000000e8000000)
  eden space 87424K,  99% used [0x00000000e0000000, 0x00000000e54f1490, 0x00000000e5560000)
  from space 21824K,  12% used [0x00000000e5560000, 0x00000000e5807cf0, 0x00000000e6ab0000)
  to   space 21824K,   0% used [0x00000000e6ab0000, 0x00000000e6ab0000, 0x00000000e8000000)
 concurrent mark-sweep generation total 393216K, used 20645K [0x00000000e8000000, 0x0000000100000000, 0x0000000100000000)
 Metaspace       used 38113K, capacity 39048K, committed 39284K, reserved 1083392K
  class space    used 4466K, capacity 4720K, committed 4812K, reserved 1048576K
2017-10-31T09:05:40.353-0700: 204.262: [GC (Allocation Failure) 2017-10-31T09:05:40.353-0700: 204.262: [ParNew
Desired survivor size 20112992 bytes, new threshold 8 (max 8)
- age   1:    2734184 bytes,    2734184 total
- age   2:     268144 bytes,    3002328 total
- age   3:       8056 bytes,    3010384 total
- age   4:       8696 bytes,    3019080 total
- age   5:       7192 bytes,    3026272 total
- age   6:       7720 bytes,    3033992 total
- age   7:       6752 bytes,    3040744 total
- age   8:      12336 bytes,    3053080 total
: 89700K->3990K(109248K), 0.0053164 secs] 110345K->24642K(502464K), 0.0054979 secs] [Times: user=0.06 sys=0.00, real=0.01 secs] 
Heap after GC invocations=45 (full 2):
 par new generation   total 109248K, used 3990K [0x00000000e0000000, 0x00000000e8000000, 0x00000000e8000000)
  eden space 87424K,   0% used [0x00000000e0000000, 0x00000000e0000000, 0x00000000e5560000)
  from space 21824K,  18% used [0x00000000e6ab0000, 0x00000000e6e95b30, 0x00000000e8000000)
  to   space 21824K,   0% used [0x00000000e5560000, 0x00000000e5560000, 0x00000000e6ab0000)
 concurrent mark-sweep generation total 393216K, used 20651K [0x00000000e8000000, 0x0000000100000000, 0x0000000100000000)
 Metaspace       used 38113K, capacity 39048K, committed 39284K, reserved 1083392K
  class space    used 4466K, capacity 4720K, committed 4812K, reserved 1048576K
}
2017-10-31T09:05:40.359-0700: 204.267: Total time for which application threads were stopped: 0.0067508 seconds, Stopping threads took: 0.0008987 seconds
2017-10-31T09:05:41.360-0700: 205.268: Total time for which application threads were stopped: 0.0001564 seconds, Stopping threads took: 0.0000372 seconds
2017-10-31T09:05:42.360-0700: 206.269: Total time for which application threads were stopped: 0.0001781 seconds, Stopping threads took: 0.0000332 seconds
2017-10-31T09:05:43.109-0700: 207.017: Total time for which application threads were stopped: 0.0005486 seconds, Stopping threads took: 0.0003664 seconds
{Heap before GC invocations=45 (full 2):
 par new generation   total 109248K, used 91250K [0x00000000e0000000, 0x00000000e8000000, 0x00000000e8000000)
  eden space 87424K,  99% used [0x00000000e0000000, 0x00000000e5536d30, 0x00000000e5560000)
  from space 21824K,  18% used [0x00000000e6ab0000, 0x00000000e6e95b30, 0x00000000e8000000)
  to   space 21824K,   0% used [0x00000000e5560000, 0x00000000e5560000, 0x00000000e6ab0000)
 concurrent mark-sweep generation total 393216K, used 20651K [0x00000000e8000000, 0x0000000100000000, 0x0000000100000000)
 Metaspace       used 38264K, capacity 39240K, committed 39540K, reserved 1083392K
  class space    used 4466K, capacity 4720K, committed 4812K, reserved 1048576K
2017-10-31T09:05:43.182-0700: 207.092: [GC (Allocation Failure) 2017-10-31T09:05:43.183-0700: 207.092: [ParNew
Desired survivor size 20112992 bytes, new threshold 8 (max 8)
- age   1:    2440016 bytes,    2440016 total
- age   2:     672976 bytes,    3112992 total
- age   3:       7808 bytes,    3120800 total
- age   4:       8056 bytes,    3128856 total
- age   5:       8552 bytes,    3137408 total
- age   6:       6760 bytes,    3144168 total
- age   7:       7720 bytes,    3151888 total
- age   8:       6752 bytes,    3158640 total
: 91250K->3866K(109248K), 0.0041786 secs] 111901K->24529K(502464K), 0.0042992 secs] [Times: user=0.00 sys=0.00, real=0.01 secs] 
Heap after GC invocations=46 (full 2):
 par new generation   total 109248K, used 3866K [0x00000000e0000000, 0x00000000e8000000, 0x00000000e8000000)
  eden space 87424K,   0% used [0x00000000e0000000, 0x00000000e0000000, 0x00000000e5560000)
  from space 21824K,  17% used [0x00000000e5560000, 0x00000000e5926920, 0x00000000e6ab0000)
  to   space 21824K,   0% used [0x00000000e6ab0000, 0x00000000e6ab0000, 0x00000000e8000000)
 concurrent mark-sweep generation total 393216K, used 20663K [0x00000000e8000000, 0x0000000100000000, 0x0000000100000000)
 Metaspace       used 38264K, capacity 39240K, committed 39540K, reserved 1083392K
  class space    used 4466K, capacity 4720K, committed 4812K, reserved 1048576K
}
2017-10-31T09:05:43.187-0700: 207.096: Total time for which application threads were stopped: 0.0046439 seconds, Stopping threads took: 0.0000298 seconds
2017-10-31T09:05:44.188-0700: 208.096: Total time for which application threads were stopped: 0.0001483 seconds, Stopping threads took: 0.0000339 seconds
2017-10-31T09:05:45.188-0700: 209.096: Total time for which application threads were stopped: 0.0001558 seconds, Stopping threads took: 0.0000366 seconds
2017-10-31T09:05:45.996-0700: 209.904: Total time for which application threads were stopped: 0.0005831 seconds, Stopping threads took: 0.0001023 seconds
{Heap before GC invocations=46 (full 2):
 par new generation   total 109248K, used 91290K [0x00000000e0000000, 0x00000000e8000000, 0x00000000e8000000)
  eden space 87424K, 100% used [0x00000000e0000000, 0x00000000e5560000, 0x00000000e5560000)
  from space 21824K,  17% used [0x00000000e5560000, 0x00000000e5926920, 0x00000000e6ab0000)
  to   space 21824K,   0% used [0x00000000e6ab0000, 0x00000000e6ab0000, 0x00000000e8000000)
 concurrent mark-sweep generation total 393216K, used 20663K [0x00000000e8000000, 0x0000000100000000, 0x0000000100000000)
 Metaspace       used 38265K, capacity 39240K, committed 39540K, reserved 1083392K
  class space    used 4466K, capacity 4720K, committed 4812K, reserved 1048576K
2017-10-31T09:05:46.383-0700: 210.291: [GC (Allocation Failure) 2017-10-31T09:05:46.383-0700: 210.291: [ParNew
Desired survivor size 20112992 bytes, new threshold 8 (max 8)
- age   1:    1796464 bytes,    1796464 total
- age   2:      86280 bytes,    1882744 total
- age   3:      11016 bytes,    1893760 total
- age   4:       7808 bytes,    1901568 total
- age   5:       7912 bytes,    1909480 total
- age   6:       7904 bytes,    1917384 total
- age   7:       6760 bytes,    1924144 total
- age   8:       7504 bytes,    1931648 total
: 91290K->2893K(109248K), 0.0051593 secs] 111953K->23563K(502464K), 0.0052622 secs] [Times: user=0.05 sys=0.00, real=0.01 secs] 
Heap after GC invocations=47 (full 2):
 par new generation   total 109248K, used 2893K [0x00000000e0000000, 0x00000000e8000000, 0x00000000e8000000)
  eden space 87424K,   0% used [0x00000000e0000000, 0x00000000e0000000, 0x00000000e5560000)
  from space 21824K,  13% used [0x00000000e6ab0000, 0x00000000e6d836d8, 0x00000000e8000000)
  to   space 21824K,   0% used [0x00000000e5560000, 0x00000000e5560000, 0x00000000e6ab0000)
 concurrent mark-sweep generation total 393216K, used 20670K [0x00000000e8000000, 0x0000000100000000, 0x0000000100000000)
 Metaspace       used 38265K, capacity 39240K, committed 39540K, reserved 1083392K
  class space    used 4466K, capacity 4720K, committed 4812K, reserved 1048576K
}
2017-10-31T09:05:46.388-0700: 210.296: Total time for which application threads were stopped: 0.0056063 seconds, Stopping threads took: 0.0000427 seconds
2017-10-31T09:05:48.389-0700: 212.297: Total time for which application threads were stopped: 0.0001199 seconds, Stopping threads took: 0.0000312 seconds
2017-10-31T09:05:49.014-0700: 212.922: Total time for which application threads were stopped: 0.0002276 seconds, Stopping threads took: 0.0000494 seconds
2017-10-31T09:05:50.014-0700: 213.922: Total time for which application threads were stopped: 0.0001578 seconds, Stopping threads took: 0.0000339 seconds
{Heap before GC invocations=47 (full 2):
 par new generation   total 109248K, used 90153K [0x00000000e0000000, 0x00000000e8000000, 0x00000000e8000000)
  eden space 87424K,  99% used [0x00000000e0000000, 0x00000000e55370d0, 0x00000000e5560000)
  from space 21824K,  13% used [0x00000000e6ab0000, 0x00000000e6d836d8, 0x00000000e8000000)
  to   space 21824K,   0% used [0x00000000e5560000, 0x00000000e5560000, 0x00000000e6ab0000)
 concurrent mark-sweep generation total 393216K, used 20670K [0x00000000e8000000, 0x0000000100000000, 0x0000000100000000)
 Metaspace       used 38265K, capacity 39240K, committed 39540K, reserved 1083392K
  class space    used 4466K, capacity 4720K, committed 4812K, reserved 1048576K
2017-10-31T09:05:50.180-0700: 214.089: [GC (Allocation Failure) 2017-10-31T09:05:50.180-0700: 214.089: [ParNew
Desired survivor size 20112992 bytes, new threshold 8 (max 8)
- age   1:    2100424 bytes,    2100424 total
- age   2:      12112 bytes,    2112536 total
- age   3:      14128 bytes,    2126664 total
- age   4:      11016 bytes,    2137680 total
- age   5:       7592 bytes,    2145272 total
- age   6:       7264 bytes,    2152536 total
- age   7:       7904 bytes,    2160440 total
- age   8:       6760 bytes,    2167200 total
: 90153K->2627K(109248K), 0.0045030 secs] 110824K->23305K(502464K), 0.0046270 secs] [Times: user=0.06 sys=0.00, real=0.00 secs] 
Heap after GC invocations=48 (full 2):
 par new generation   total 109248K, used 2627K [0x00000000e0000000, 0x00000000e8000000, 0x00000000e8000000)
  eden space 87424K,   0% used [0x00000000e0000000, 0x00000000e0000000, 0x00000000e5560000)
  from space 21824K,  12% used [0x00000000e5560000, 0x00000000e57f0e00, 0x00000000e6ab0000)
  to   space 21824K,   0% used [0x00000000e6ab0000, 0x00000000e6ab0000, 0x00000000e8000000)
 concurrent mark-sweep generation total 393216K, used 20677K [0x00000000e8000000, 0x0000000100000000, 0x0000000100000000)
 Metaspace       used 38265K, capacity 39240K, committed 39540K, reserved 1083392K
  class space    used 4466K, capacity 4720K, committed 4812K, reserved 1048576K
}
2017-10-31T09:05:50.185-0700: 214.094: Total time for which application threads were stopped: 0.0049006 seconds, Stopping threads took: 0.0000352 seconds
2017-10-31T09:05:51.186-0700: 215.094: Total time for which application threads were stopped: 0.0001842 seconds, Stopping threads took: 0.0000352 seconds
2017-10-31T09:05:52.187-0700: 216.095: Total time for which application threads were stopped: 0.0001449 seconds, Stopping threads took: 0.0000332 seconds
2017-10-31T09:08:05.262-0700: 349.170: Total time for which application threads were stopped: 0.0001612 seconds, Stopping threads took: 0.0000345 seconds
2017-10-31T09:08:06.263-0700: 350.171: Total time for which application threads were stopped: 0.0002993 seconds, Stopping threads took: 0.0000616 seconds
2017-10-31T09:08:21.467-0700: 365.376: Total time for which application threads were stopped: 0.0009542 seconds, Stopping threads took: 0.0000379 seconds
2017-10-31T09:08:22.467-0700: 366.376: Total time for which application threads were stopped: 0.0003278 seconds, Stopping threads took: 0.0000637 seconds
2017-10-31T09:08:28.800-0700: 372.709: Total time for which application threads were stopped: 0.0001409 seconds, Stopping threads took: 0.0000420 seconds
2017-10-31T09:08:28.803-0700: 372.712: Total time for which application threads were stopped: 0.0001361 seconds, Stopping threads took: 0.0000386 seconds
2017-10-31T09:08:28.808-0700: 372.717: Total time for which application threads were stopped: 0.0001287 seconds, Stopping threads took: 0.0000312 seconds
2017-10-31T09:08:29.809-0700: 373.718: Total time for which application threads were stopped: 0.0002932 seconds, Stopping threads took: 0.0000725 seconds
2017-10-31T09:08:32.810-0700: 376.718: Total time for which application threads were stopped: 0.0001327 seconds, Stopping threads took: 0.0000291 seconds
2017-10-31T09:08:35.811-0700: 379.720: Total time for which application threads were stopped: 0.0002756 seconds, Stopping threads took: 0.0000657 seconds
2017-10-31T09:08:38.813-0700: 382.722: Total time for which application threads were stopped: 0.0002506 seconds, Stopping threads took: 0.0000650 seconds
2017-10-31T09:08:41.814-0700: 385.723: Total time for which application threads were stopped: 0.0003000 seconds, Stopping threads took: 0.0000677 seconds
2017-10-31T09:09:00.962-0700: 404.870: Total time for which application threads were stopped: 0.0009949 seconds, Stopping threads took: 0.0000244 seconds
2017-10-31T09:09:00.984-0700: 404.893: Total time for which application threads were stopped: 0.0002032 seconds, Stopping threads took: 0.0000372 seconds
2017-10-31T09:09:01.634-0700: 405.542: Total time for which application threads were stopped: 0.0001558 seconds, Stopping threads took: 0.0000352 seconds
2017-10-31T09:09:01.675-0700: 405.584: Total time for which application threads were stopped: 0.0001625 seconds, Stopping threads took: 0.0000345 seconds
2017-10-31T09:09:01.676-0700: 405.584: Total time for which application threads were stopped: 0.0001131 seconds, Stopping threads took: 0.0000298 seconds
2017-10-31T09:09:01.676-0700: 405.585: Total time for which application threads were stopped: 0.0000996 seconds, Stopping threads took: 0.0000312 seconds
2017-10-31T09:09:01.676-0700: 405.585: Total time for which application threads were stopped: 0.0000989 seconds, Stopping threads took: 0.0000291 seconds
2017-10-31T09:09:01.676-0700: 405.585: Total time for which application threads were stopped: 0.0000955 seconds, Stopping threads took: 0.0000298 seconds
2017-10-31T09:09:01.677-0700: 405.586: Total time for which application threads were stopped: 0.0001375 seconds, Stopping threads took: 0.0000406 seconds
2017-10-31T09:09:01.677-0700: 405.586: Total time for which application threads were stopped: 0.0000975 seconds, Stopping threads took: 0.0000183 seconds
2017-10-31T09:09:01.678-0700: 405.586: Total time for which application threads were stopped: 0.0001172 seconds, Stopping threads took: 0.0000223 seconds
2017-10-31T09:09:01.678-0700: 405.587: Total time for which application threads were stopped: 0.0000996 seconds, Stopping threads took: 0.0000251 seconds
2017-10-31T09:09:01.678-0700: 405.587: Total time for which application threads were stopped: 0.0001117 seconds, Stopping threads took: 0.0000386 seconds
2017-10-31T09:09:01.678-0700: 405.587: Total time for which application threads were stopped: 0.0000941 seconds, Stopping threads took: 0.0000264 seconds
2017-10-31T09:09:01.678-0700: 405.587: Total time for which application threads were stopped: 0.0000826 seconds, Stopping threads took: 0.0000278 seconds
2017-10-31T09:09:01.678-0700: 405.587: Total time for which application threads were stopped: 0.0001097 seconds, Stopping threads took: 0.0000244 seconds
2017-10-31T09:09:02.678-0700: 406.587: Total time for which application threads were stopped: 0.0003271 seconds, Stopping threads took: 0.0000637 seconds
2017-10-31T09:09:12.684-0700: 416.592: Total time for which application threads were stopped: 0.0003894 seconds, Stopping threads took: 0.0000772 seconds
2017-10-31T09:10:25.719-0700: 489.628: Total time for which application threads were stopped: 0.0001849 seconds, Stopping threads took: 0.0000372 seconds
{Heap before GC invocations=48 (full 2):
 par new generation   total 109248K, used 90051K [0x00000000e0000000, 0x00000000e8000000, 0x00000000e8000000)
  eden space 87424K, 100% used [0x00000000e0000000, 0x00000000e5560000, 0x00000000e5560000)
  from space 21824K,  12% used [0x00000000e5560000, 0x00000000e57f0e00, 0x00000000e6ab0000)
  to   space 21824K,   0% used [0x00000000e6ab0000, 0x00000000e6ab0000, 0x00000000e8000000)
 concurrent mark-sweep generation total 393216K, used 20677K [0x00000000e8000000, 0x0000000100000000, 0x0000000100000000)
 Metaspace       used 38736K, capacity 39662K, committed 39884K, reserved 1085440K
  class space    used 4515K, capacity 4753K, committed 4812K, reserved 1048576K
2017-10-31T09:10:26.383-0700: 490.292: [GC (Allocation Failure) 2017-10-31T09:10:26.383-0700: 490.292: [ParNew
Desired survivor size 20112992 bytes, new threshold 8 (max 8)
- age   1:    1443264 bytes,    1443264 total
- age   2:       7520 bytes,    1450784 total
- age   3:      10480 bytes,    1461264 total
- age   4:      13480 bytes,    1474744 total
- age   5:       8792 bytes,    1483536 total
- age   6:       7088 bytes,    1490624 total
- age   7:       7264 bytes,    1497888 total
- age   8:       7904 bytes,    1505792 total
: 90051K->1966K(109248K), 0.0057112 secs] 110729K->22650K(502464K), 0.0058155 secs] [Times: user=0.06 sys=0.00, real=0.01 secs] 
Heap after GC invocations=49 (full 2):
 par new generation   total 109248K, used 1966K [0x00000000e0000000, 0x00000000e8000000, 0x00000000e8000000)
  eden space 87424K,   0% used [0x00000000e0000000, 0x00000000e0000000, 0x00000000e5560000)
  from space 21824K,   9% used [0x00000000e6ab0000, 0x00000000e6c9baa0, 0x00000000e8000000)
  to   space 21824K,   0% used [0x00000000e5560000, 0x00000000e5560000, 0x00000000e6ab0000)
 concurrent mark-sweep generation total 393216K, used 20684K [0x00000000e8000000, 0x0000000100000000, 0x0000000100000000)
 Metaspace       used 38736K, capacity 39662K, committed 39884K, reserved 1085440K
  class space    used 4515K, capacity 4753K, committed 4812K, reserved 1048576K
}
2017-10-31T09:10:26.390-0700: 490.298: Total time for which application threads were stopped: 0.0061711 seconds, Stopping threads took: 0.0000427 seconds
2017-10-31T09:10:27.358-0700: 491.267: Total time for which application threads were stopped: 0.0002479 seconds, Stopping threads took: 0.0000772 seconds
2017-10-31T09:10:28.358-0700: 492.267: Total time for which application threads were stopped: 0.0001165 seconds, Stopping threads took: 0.0000332 seconds
2017-10-31T09:10:29.359-0700: 493.267: Total time for which application threads were stopped: 0.0001666 seconds, Stopping threads took: 0.0000481 seconds
{Heap before GC invocations=49 (full 2):
 par new generation   total 109248K, used 89390K [0x00000000e0000000, 0x00000000e8000000, 0x00000000e8000000)
  eden space 87424K, 100% used [0x00000000e0000000, 0x00000000e5560000, 0x00000000e5560000)
  from space 21824K,   9% used [0x00000000e6ab0000, 0x00000000e6c9baa0, 0x00000000e8000000)
  to   space 21824K,   0% used [0x00000000e5560000, 0x00000000e5560000, 0x00000000e6ab0000)
 concurrent mark-sweep generation total 393216K, used 20684K [0x00000000e8000000, 0x0000000100000000, 0x0000000100000000)
 Metaspace       used 38744K, capacity 39726K, committed 39884K, reserved 1085440K
  class space    used 4515K, capacity 4753K, committed 4812K, reserved 1048576K
2017-10-31T09:10:29.697-0700: 493.605: [GC (Allocation Failure) 2017-10-31T09:10:29.697-0700: 493.605: [ParNew
Desired survivor size 20112992 bytes, new threshold 8 (max 8)
- age   1:    1114192 bytes,    1114192 total
- age   2:     171496 bytes,    1285688 total
- age   3:       6608 bytes,    1292296 total
- age   4:      10480 bytes,    1302776 total
- age   5:      13440 bytes,    1316216 total
- age   6:       8656 bytes,    1324872 total
- age   7:       7088 bytes,    1331960 total
- age   8:       7264 bytes,    1339224 total
: 89390K->1624K(109248K), 0.0060343 secs] 110074K->22316K(502464K), 0.0061284 secs] [Times: user=0.06 sys=0.00, real=0.01 secs] 
Heap after GC invocations=50 (full 2):
 par new generation   total 109248K, used 1624K [0x00000000e0000000, 0x00000000e8000000, 0x00000000e8000000)
  eden space 87424K,   0% used [0x00000000e0000000, 0x00000000e0000000, 0x00000000e5560000)
  from space 21824K,   7% used [0x00000000e5560000, 0x00000000e56f6220, 0x00000000e6ab0000)
  to   space 21824K,   0% used [0x00000000e6ab0000, 0x00000000e6ab0000, 0x00000000e8000000)
 concurrent mark-sweep generation total 393216K, used 20691K [0x00000000e8000000, 0x0000000100000000, 0x0000000100000000)
 Metaspace       used 38744K, capacity 39726K, committed 39884K, reserved 1085440K
  class space    used 4515K, capacity 4753K, committed 4812K, reserved 1048576K
}
2017-10-31T09:10:29.703-0700: 493.612: Total time for which application threads were stopped: 0.0063810 seconds, Stopping threads took: 0.0000257 seconds
2017-10-31T09:10:29.837-0700: 493.746: Total time for which application threads were stopped: 0.0002607 seconds, Stopping threads took: 0.0000535 seconds
2017-10-31T09:10:30.837-0700: 494.746: Total time for which application threads were stopped: 0.0001246 seconds, Stopping threads took: 0.0000359 seconds
2017-10-31T09:10:31.838-0700: 495.746: Total time for which application threads were stopped: 0.0001253 seconds, Stopping threads took: 0.0000332 seconds
2017-10-31T09:10:32.478-0700: 496.386: Total time for which application threads were stopped: 0.0002614 seconds, Stopping threads took: 0.0000230 seconds
{Heap before GC invocations=50 (full 2):
 par new generation   total 109248K, used 88844K [0x00000000e0000000, 0x00000000e8000000, 0x00000000e8000000)
  eden space 87424K,  99% used [0x00000000e0000000, 0x00000000e552cee0, 0x00000000e5560000)
  from space 21824K,   7% used [0x00000000e5560000, 0x00000000e56f6220, 0x00000000e6ab0000)
  to   space 21824K,   0% used [0x00000000e6ab0000, 0x00000000e6ab0000, 0x00000000e8000000)
 concurrent mark-sweep generation total 393216K, used 20691K [0x00000000e8000000, 0x0000000100000000, 0x0000000100000000)
 Metaspace       used 38744K, capacity 39726K, committed 39884K, reserved 1085440K
  class space    used 4515K, capacity 4753K, committed 4812K, reserved 1048576K
2017-10-31T09:10:33.141-0700: 497.049: [GC (Allocation Failure) 2017-10-31T09:10:33.141-0700: 497.049: [ParNew
Desired survivor size 20112992 bytes, new threshold 8 (max 8)
- age   1:    1166560 bytes,    1166560 total
- age   2:      22616 bytes,    1189176 total
- age   3:     170584 bytes,    1359760 total
- age   4:       6608 bytes,    1366368 total
- age   5:      10480 bytes,    1376848 total
- age   6:      13440 bytes,    1390288 total
- age   7:       8656 bytes,    1398944 total
- age   8:       7088 bytes,    1406032 total
: 88844K->1617K(109248K), 0.0036036 secs] 109536K->22316K(502464K), 0.0036795 secs] [Times: user=0.00 sys=0.00, real=0.00 secs] 
Heap after GC invocations=51 (full 2):
 par new generation   total 109248K, used 1617K [0x00000000e0000000, 0x00000000e8000000, 0x00000000e8000000)
  eden space 87424K,   0% used [0x00000000e0000000, 0x00000000e0000000, 0x00000000e5560000)
  from space 21824K,   7% used [0x00000000e6ab0000, 0x00000000e6c446b0, 0x00000000e8000000)
  to   space 21824K,   0% used [0x00000000e5560000, 0x00000000e5560000, 0x00000000e6ab0000)
 concurrent mark-sweep generation total 393216K, used 20698K [0x00000000e8000000, 0x0000000100000000, 0x0000000100000000)
 Metaspace       used 38744K, capacity 39726K, committed 39884K, reserved 1085440K
  class space    used 4515K, capacity 4753K, committed 4812K, reserved 1048576K
}
2017-10-31T09:10:33.144-0700: 497.053: Total time for which application threads were stopped: 0.0039287 seconds, Stopping threads took: 0.0000257 seconds
2017-10-31T09:10:34.144-0700: 498.053: Total time for which application threads were stopped: 0.0001429 seconds, Stopping threads took: 0.0000298 seconds
2017-10-31T09:10:35.142-0700: 499.051: Total time for which application threads were stopped: 0.0003454 seconds, Stopping threads took: 0.0000515 seconds
2017-10-31T09:10:36.143-0700: 500.052: Total time for which application threads were stopped: 0.0001680 seconds, Stopping threads took: 0.0000366 seconds
{Heap before GC invocations=51 (full 2):
 par new generation   total 109248K, used 89041K [0x00000000e0000000, 0x00000000e8000000, 0x00000000e8000000)
  eden space 87424K, 100% used [0x00000000e0000000, 0x00000000e5560000, 0x00000000e5560000)
  from space 21824K,   7% used [0x00000000e6ab0000, 0x00000000e6c446b0, 0x00000000e8000000)
  to   space 21824K,   0% used [0x00000000e5560000, 0x00000000e5560000, 0x00000000e6ab0000)
 concurrent mark-sweep generation total 393216K, used 20698K [0x00000000e8000000, 0x0000000100000000, 0x0000000100000000)
 Metaspace       used 38767K, capacity 39726K, committed 39884K, reserved 1085440K
  class space    used 4515K, capacity 4753K, committed 4812K, reserved 1048576K
2017-10-31T09:10:36.711-0700: 500.620: [GC (Allocation Failure) 2017-10-31T09:10:36.711-0700: 500.620: [ParNew
Desired survivor size 20112992 bytes, new threshold 8 (max 8)
- age   1:    1191296 bytes,    1191296 total
- age   2:       8792 bytes,    1200088 total
- age   3:      21368 bytes,    1221456 total
- age   4:     170584 bytes,    1392040 total
- age   5:       6608 bytes,    1398648 total
- age   6:      10480 bytes,    1409128 total
- age   7:      13440 bytes,    1422568 total
- age   8:       8656 bytes,    1431224 total
: 89041K->1557K(109248K), 0.0055406 secs] 109740K->22263K(502464K), 0.0056516 secs] [Times: user=0.06 sys=0.00, real=0.01 secs] 
Heap after GC invocations=52 (full 2):
 par new generation   total 109248K, used 1557K [0x00000000e0000000, 0x00000000e8000000, 0x00000000e8000000)
  eden space 87424K,   0% used [0x00000000e0000000, 0x00000000e0000000, 0x00000000e5560000)
  from space 21824K,   7% used [0x00000000e5560000, 0x00000000e56e56b0, 0x00000000e6ab0000)
  to   space 21824K,   0% used [0x00000000e6ab0000, 0x00000000e6ab0000, 0x00000000e8000000)
 concurrent mark-sweep generation total 393216K, used 20705K [0x00000000e8000000, 0x0000000100000000, 0x0000000100000000)
 Metaspace       used 38767K, capacity 39726K, committed 39884K, reserved 1085440K
  class space    used 4515K, capacity 4753K, committed 4812K, reserved 1048576K
}
2017-10-31T09:10:36.717-0700: 500.625: Total time for which application threads were stopped: 0.0059253 seconds, Stopping threads took: 0.0000251 seconds
2017-10-31T09:10:37.717-0700: 501.626: Total time for which application threads were stopped: 0.0001334 seconds, Stopping threads took: 0.0000481 seconds
2017-10-31T09:10:37.942-0700: 501.851: Total time for which application threads were stopped: 0.0002397 seconds, Stopping threads took: 0.0000603 seconds
2017-10-31T09:10:38.942-0700: 502.851: Total time for which application threads were stopped: 0.0001490 seconds, Stopping threads took: 0.0000372 seconds
2017-10-31T09:10:39.943-0700: 503.852: Total time for which application threads were stopped: 0.0003664 seconds, Stopping threads took: 0.0000894 seconds
{Heap before GC invocations=52 (full 2):
 par new generation   total 109248K, used 88874K [0x00000000e0000000, 0x00000000e8000000, 0x00000000e8000000)
  eden space 87424K,  99% used [0x00000000e0000000, 0x00000000e5545158, 0x00000000e5560000)
  from space 21824K,   7% used [0x00000000e5560000, 0x00000000e56e56b0, 0x00000000e6ab0000)
  to   space 21824K,   0% used [0x00000000e6ab0000, 0x00000000e6ab0000, 0x00000000e8000000)
 concurrent mark-sweep generation total 393216K, used 20705K [0x00000000e8000000, 0x0000000100000000, 0x0000000100000000)
 Metaspace       used 38777K, capacity 39790K, committed 39884K, reserved 1085440K
  class space    used 4515K, capacity 4753K, committed 4812K, reserved 1048576K
2017-10-31T09:10:40.401-0700: 504.310: [GC (Allocation Failure) 2017-10-31T09:10:40.402-0700: 504.311: [ParNew
Desired survivor size 20112992 bytes, new threshold 8 (max 8)
- age   1:    1541776 bytes,    1541776 total
- age   2:      12624 bytes,    1554400 total
- age   3:       7880 bytes,    1562280 total
- age   4:      21368 bytes,    1583648 total
- age   5:     170520 bytes,    1754168 total
- age   6:       6608 bytes,    1760776 total
- age   7:      10480 bytes,    1771256 total
- age   8:      13440 bytes,    1784696 total
: 88874K->2177K(109248K), 0.0075635 secs] 109579K->22891K(502464K), 0.0077010 secs] [Times: user=0.00 sys=0.00, real=0.01 secs] 
Heap after GC invocations=53 (full 2):
 par new generation   total 109248K, used 2177K [0x00000000e0000000, 0x00000000e8000000, 0x00000000e8000000)
  eden space 87424K,   0% used [0x00000000e0000000, 0x00000000e0000000, 0x00000000e5560000)
  from space 21824K,   9% used [0x00000000e6ab0000, 0x00000000e6cd0660, 0x00000000e8000000)
  to   space 21824K,   0% used [0x00000000e5560000, 0x00000000e5560000, 0x00000000e6ab0000)
 concurrent mark-sweep generation total 393216K, used 20714K [0x00000000e8000000, 0x0000000100000000, 0x0000000100000000)
 Metaspace       used 38777K, capacity 39790K, committed 39884K, reserved 1085440K
  class space    used 4515K, capacity 4753K, committed 4812K, reserved 1048576K
}
2017-10-31T09:10:40.409-0700: 504.318: Total time for which application threads were stopped: 0.0081080 seconds, Stopping threads took: 0.0000420 seconds
2017-10-31T09:10:40.718-0700: 504.627: Total time for which application threads were stopped: 0.0003386 seconds, Stopping threads took: 0.0000535 seconds
2017-10-31T09:10:41.719-0700: 505.628: Total time for which application threads were stopped: 0.0001517 seconds, Stopping threads took: 0.0000325 seconds
2017-10-31T09:10:43.555-0700: 507.464: Total time for which application threads were stopped: 0.0003163 seconds, Stopping threads took: 0.0000420 seconds
{Heap before GC invocations=53 (full 2):
 par new generation   total 109248K, used 89430K [0x00000000e0000000, 0x00000000e8000000, 0x00000000e8000000)
  eden space 87424K,  99% used [0x00000000e0000000, 0x00000000e55353c0, 0x00000000e5560000)
  from space 21824K,   9% used [0x00000000e6ab0000, 0x00000000e6cd0660, 0x00000000e8000000)
  to   space 21824K,   0% used [0x00000000e5560000, 0x00000000e5560000, 0x00000000e6ab0000)
 concurrent mark-sweep generation total 393216K, used 20714K [0x00000000e8000000, 0x0000000100000000, 0x0000000100000000)
 Metaspace       used 38791K, capacity 39790K, committed 39884K, reserved 1085440K
  class space    used 4515K, capacity 4753K, committed 4812K, reserved 1048576K
2017-10-31T09:10:43.608-0700: 507.516: [GC (Allocation Failure) 2017-10-31T09:10:43.608-0700: 507.516: [ParNew
Desired survivor size 20112992 bytes, new threshold 8 (max 8)
- age   1:    1709560 bytes,    1709560 total
- age   2:      76360 bytes,    1785920 total
- age   3:      11712 bytes,    1797632 total
- age   4:       7880 bytes,    1805512 total
- age   5:      21368 bytes,    1826880 total
- age   6:     170520 bytes,    1997400 total
- age   7:       6608 bytes,    2004008 total
- age   8:      10480 bytes,    2014488 total
: 89430K->2226K(109248K), 0.0076495 secs] 110144K->22954K(502464K), 0.0078324 secs] [Times: user=0.00 sys=0.00, real=0.01 secs] 
Heap after GC invocations=54 (full 2):
 par new generation   total 109248K, used 2226K [0x00000000e0000000, 0x00000000e8000000, 0x00000000e8000000)
  eden space 87424K,   0% used [0x00000000e0000000, 0x00000000e0000000, 0x00000000e5560000)
  from space 21824K,  10% used [0x00000000e5560000, 0x00000000e578cbd0, 0x00000000e6ab0000)
  to   space 21824K,   0% used [0x00000000e6ab0000, 0x00000000e6ab0000, 0x00000000e8000000)
 concurrent mark-sweep generation total 393216K, used 20727K [0x00000000e8000000, 0x0000000100000000, 0x0000000100000000)
 Metaspace       used 38791K, capacity 39790K, committed 39884K, reserved 1085440K
  class space    used 4515K, capacity 4753K, committed 4812K, reserved 1048576K
}
2017-10-31T09:10:43.616-0700: 507.524: Total time for which application threads were stopped: 0.0084785 seconds, Stopping threads took: 0.0000528 seconds
2017-10-31T09:10:44.616-0700: 508.524: Total time for which application threads were stopped: 0.0003115 seconds, Stopping threads took: 0.0000670 seconds
2017-10-31T09:10:45.616-0700: 509.524: Total time for which application threads were stopped: 0.0001165 seconds, Stopping threads took: 0.0000291 seconds
2017-10-31T09:10:46.495-0700: 510.404: Total time for which application threads were stopped: 0.0002174 seconds, Stopping threads took: 0.0000298 seconds
2017-10-31T09:10:47.496-0700: 511.404: Total time for which application threads were stopped: 0.0001957 seconds, Stopping threads took: 0.0000535 seconds
{Heap before GC invocations=54 (full 2):
 par new generation   total 109248K, used 89333K [0x00000000e0000000, 0x00000000e8000000, 0x00000000e8000000)
  eden space 87424K,  99% used [0x00000000e0000000, 0x00000000e55109f0, 0x00000000e5560000)
  from space 21824K,  10% used [0x00000000e5560000, 0x00000000e578cbd0, 0x00000000e6ab0000)
  to   space 21824K,   0% used [0x00000000e6ab0000, 0x00000000e6ab0000, 0x00000000e8000000)
 concurrent mark-sweep generation total 393216K, used 20727K [0x00000000e8000000, 0x0000000100000000, 0x0000000100000000)
 Metaspace       used 38889K, capacity 39854K, committed 40140K, reserved 1085440K
  class space    used 4515K, capacity 4753K, committed 4812K, reserved 1048576K
2017-10-31T09:10:47.668-0700: 511.577: [GC (Allocation Failure) 2017-10-31T09:10:47.668-0700: 511.577: [ParNew
Desired survivor size 20112992 bytes, new threshold 8 (max 8)
- age   1:    1422288 bytes,    1422288 total
- age   2:       7752 bytes,    1430040 total
- age   3:       8368 bytes,    1438408 total
- age   4:      11712 bytes,    1450120 total
- age   5:       7816 bytes,    1457936 total
- age   6:      21368 bytes,    1479304 total
- age   7:     170520 bytes,    1649824 total
- age   8:       6608 bytes,    1656432 total
: 89333K->2307K(109248K), 0.0046304 secs] 110060K->23044K(502464K), 0.0047584 secs] [Times: user=0.00 sys=0.00, real=0.01 secs] 
Heap after GC invocations=55 (full 2):
 par new generation   total 109248K, used 2307K [0x00000000e0000000, 0x00000000e8000000, 0x00000000e8000000)
  eden space 87424K,   0% used [0x00000000e0000000, 0x00000000e0000000, 0x00000000e5560000)
  from space 21824K,  10% used [0x00000000e6ab0000, 0x00000000e6cf0cc0, 0x00000000e8000000)
  to   space 21824K,   0% used [0x00000000e5560000, 0x00000000e5560000, 0x00000000e6ab0000)
 concurrent mark-sweep generation total 393216K, used 20737K [0x00000000e8000000, 0x0000000100000000, 0x0000000100000000)
 Metaspace       used 38889K, capacity 39854K, committed 40140K, reserved 1085440K
  class space    used 4515K, capacity 4753K, committed 4812K, reserved 1048576K
}
2017-10-31T09:10:47.673-0700: 511.582: Total time for which application threads were stopped: 0.0050509 seconds, Stopping threads took: 0.0000318 seconds
2017-10-31T09:10:48.674-0700: 512.582: Total time for which application threads were stopped: 0.0001598 seconds, Stopping threads took: 0.0000345 seconds
2017-10-31T09:10:49.221-0700: 513.129: Total time for which application threads were stopped: 0.0002018 seconds, Stopping threads took: 0.0000325 seconds
2017-10-31T09:10:50.221-0700: 514.129: Total time for which application threads were stopped: 0.0001734 seconds, Stopping threads took: 0.0000386 seconds
{Heap before GC invocations=55 (full 2):
 par new generation   total 109248K, used 89731K [0x00000000e0000000, 0x00000000e8000000, 0x00000000e8000000)
  eden space 87424K, 100% used [0x00000000e0000000, 0x00000000e5560000, 0x00000000e5560000)
  from space 21824K,  10% used [0x00000000e6ab0000, 0x00000000e6cf0cc0, 0x00000000e8000000)
  to   space 21824K,   0% used [0x00000000e5560000, 0x00000000e5560000, 0x00000000e6ab0000)
 concurrent mark-sweep generation total 393216K, used 20737K [0x00000000e8000000, 0x0000000100000000, 0x0000000100000000)
 Metaspace       used 39003K, capacity 39918K, committed 40140K, reserved 1085440K
  class space    used 4515K, capacity 4753K, committed 4812K, reserved 1048576K
2017-10-31T09:10:51.100-0700: 515.008: [GC (Allocation Failure) 2017-10-31T09:10:51.100-0700: 515.008: [ParNew
Desired survivor size 20112992 bytes, new threshold 8 (max 8)
- age   1:    1519328 bytes,    1519328 total
- age   2:      12400 bytes,    1531728 total
- age   3:       6840 bytes,    1538568 total
- age   4:       8272 bytes,    1546840 total
- age   5:      11384 bytes,    1558224 total
- age   6:       7816 bytes,    1566040 total
- age   7:      21232 bytes,    1587272 total
- age   8:     170376 bytes,    1757648 total
: 89731K->1939K(109248K), 0.0058081 secs] 110468K->22683K(502464K), 0.0059341 secs] [Times: user=0.06 sys=0.00, real=0.01 secs] 
Heap after GC invocations=56 (full 2):
 par new generation   total 109248K, used 1939K [0x00000000e0000000, 0x00000000e8000000, 0x00000000e8000000)
  eden space 87424K,   0% used [0x00000000e0000000, 0x00000000e0000000, 0x00000000e5560000)
  from space 21824K,   8% used [0x00000000e5560000, 0x00000000e5744ca0, 0x00000000e6ab0000)
  to   space 21824K,   0% used [0x00000000e6ab0000, 0x00000000e6ab0000, 0x00000000e8000000)
 concurrent mark-sweep generation total 393216K, used 20744K [0x00000000e8000000, 0x0000000100000000, 0x0000000100000000)
 Metaspace       used 39003K, capacity 39918K, committed 40140K, reserved 1085440K
  class space    used 4515K, capacity 4753K, committed 4812K, reserved 1048576K
}
2017-10-31T09:10:51.106-0700: 515.014: Total time for which application threads were stopped: 0.0063302 seconds, Stopping threads took: 0.0000318 seconds
2017-10-31T09:10:51.996-0700: 515.905: Total time for which application threads were stopped: 0.0003278 seconds, Stopping threads took: 0.0000657 seconds
2017-10-31T09:10:52.997-0700: 516.905: Total time for which application threads were stopped: 0.0003759 seconds, Stopping threads took: 0.0000745 seconds
2017-10-31T09:10:53.997-0700: 517.906: Total time for which application threads were stopped: 0.0002282 seconds, Stopping threads took: 0.0000393 seconds
2017-10-31T09:10:54.710-0700: 518.619: Total time for which application threads were stopped: 0.0002194 seconds, Stopping threads took: 0.0000305 seconds
{Heap before GC invocations=56 (full 2):
 par new generation   total 109248K, used 89363K [0x00000000e0000000, 0x00000000e8000000, 0x00000000e8000000)
  eden space 87424K, 100% used [0x00000000e0000000, 0x00000000e5560000, 0x00000000e5560000)
  from space 21824K,   8% used [0x00000000e5560000, 0x00000000e5744ca0, 0x00000000e6ab0000)
  to   space 21824K,   0% used [0x00000000e6ab0000, 0x00000000e6ab0000, 0x00000000e8000000)
 concurrent mark-sweep generation total 393216K, used 20744K [0x00000000e8000000, 0x0000000100000000, 0x0000000100000000)
 Metaspace       used 39205K, capacity 40110K, committed 40396K, reserved 1085440K
  class space    used 4515K, capacity 4753K, committed 4812K, reserved 1048576K
2017-10-31T09:10:54.716-0700: 518.624: [GC (Allocation Failure) 2017-10-31T09:10:54.716-0700: 518.624: [ParNew
Desired survivor size 20112992 bytes, new threshold 8 (max 8)
- age   1:    1594152 bytes,    1594152 total
- age   2:      14400 bytes,    1608552 total
- age   3:      11136 bytes,    1619688 total
- age   4:       6840 bytes,    1626528 total
- age   5:       8272 bytes,    1634800 total
- age   6:      11248 bytes,    1646048 total
- age   7:       7816 bytes,    1653864 total
- age   8:      21232 bytes,    1675096 total
: 89363K->1965K(109248K), 0.0047353 secs] 110107K->22879K(502464K), 0.0048525 secs] [Times: user=0.00 sys=0.00, real=0.00 secs] 
Heap after GC invocations=57 (full 2):
 par new generation   total 109248K, used 1965K [0x00000000e0000000, 0x00000000e8000000, 0x00000000e8000000)
  eden space 87424K,   0% used [0x00000000e0000000, 0x00000000e0000000, 0x00000000e5560000)
  from space 21824K,   9% used [0x00000000e6ab0000, 0x00000000e6c9b6c0, 0x00000000e8000000)
  to   space 21824K,   0% used [0x00000000e5560000, 0x00000000e5560000, 0x00000000e6ab0000)
 concurrent mark-sweep generation total 393216K, used 20913K [0x00000000e8000000, 0x0000000100000000, 0x0000000100000000)
 Metaspace       used 39205K, capacity 40110K, committed 40396K, reserved 1085440K
  class space    used 4515K, capacity 4753K, committed 4812K, reserved 1048576K
}
2017-10-31T09:10:54.721-0700: 518.629: Total time for which application threads were stopped: 0.0051816 seconds, Stopping threads took: 0.0000339 seconds
2017-10-31T09:10:55.722-0700: 519.630: Total time for which application threads were stopped: 0.0001619 seconds, Stopping threads took: 0.0000379 seconds
2017-10-31T09:10:57.307-0700: 521.215: Total time for which application threads were stopped: 0.0002628 seconds, Stopping threads took: 0.0000765 seconds
{Heap before GC invocations=57 (full 2):
 par new generation   total 109248K, used 89008K [0x00000000e0000000, 0x00000000e8000000, 0x00000000e8000000)
  eden space 87424K,  99% used [0x00000000e0000000, 0x00000000e5500a08, 0x00000000e5560000)
  from space 21824K,   9% used [0x00000000e6ab0000, 0x00000000e6c9b6c0, 0x00000000e8000000)
  to   space 21824K,   0% used [0x00000000e5560000, 0x00000000e5560000, 0x00000000e6ab0000)
 concurrent mark-sweep generation total 393216K, used 20913K [0x00000000e8000000, 0x0000000100000000, 0x0000000100000000)
 Metaspace       used 39207K, capacity 40174K, committed 40396K, reserved 1085440K
  class space    used 4515K, capacity 4753K, committed 4812K, reserved 1048576K
2017-10-31T09:10:57.372-0700: 521.280: [GC (Allocation Failure) 2017-10-31T09:10:57.372-0700: 521.280: [ParNew
Desired survivor size 20112992 bytes, new threshold 8 (max 8)
- age   1:    1994728 bytes,    1994728 total
- age   2:     146016 bytes,    2140744 total
- age   3:      13488 bytes,    2154232 total
- age   4:      11136 bytes,    2165368 total
- age   5:       6408 bytes,    2171776 total
- age   6:       8128 bytes,    2179904 total
- age   7:      11248 bytes,    2191152 total
- age   8:       7816 bytes,    2198968 total
: 89008K->2302K(109248K), 0.0063350 secs] 109921K->23237K(502464K), 0.0064251 secs] [Times: user=0.00 sys=0.00, real=0.01 secs] 
Heap after GC invocations=58 (full 2):
 par new generation   total 109248K, used 2302K [0x00000000e0000000, 0x00000000e8000000, 0x00000000e8000000)
  eden space 87424K,   0% used [0x00000000e0000000, 0x00000000e0000000, 0x00000000e5560000)
  from space 21824K,  10% used [0x00000000e5560000, 0x00000000e579fbd8, 0x00000000e6ab0000)
  to   space 21824K,   0% used [0x00000000e6ab0000, 0x00000000e6ab0000, 0x00000000e8000000)
 concurrent mark-sweep generation total 393216K, used 20934K [0x00000000e8000000, 0x0000000100000000, 0x0000000100000000)
 Metaspace       used 39207K, capacity 40174K, committed 40396K, reserved 1085440K
  class space    used 4515K, capacity 4753K, committed 4812K, reserved 1048576K
}
2017-10-31T09:10:57.378-0700: 521.287: Total time for which application threads were stopped: 0.0066817 seconds, Stopping threads took: 0.0000278 seconds
2017-10-31T09:10:58.379-0700: 522.287: Total time for which application threads were stopped: 0.0001632 seconds, Stopping threads took: 0.0000318 seconds
2017-10-31T09:10:59.970-0700: 523.878: Total time for which application threads were stopped: 0.0002262 seconds, Stopping threads took: 0.0000298 seconds
2017-10-31T09:11:00.970-0700: 524.878: Total time for which application threads were stopped: 0.0001774 seconds, Stopping threads took: 0.0000339 seconds
{Heap before GC invocations=58 (full 2):
 par new generation   total 109248K, used 89726K [0x00000000e0000000, 0x00000000e8000000, 0x00000000e8000000)
  eden space 87424K, 100% used [0x00000000e0000000, 0x00000000e5560000, 0x00000000e5560000)
  from space 21824K,  10% used [0x00000000e5560000, 0x00000000e579fbd8, 0x00000000e6ab0000)
  to   space 21824K,   0% used [0x00000000e6ab0000, 0x00000000e6ab0000, 0x00000000e8000000)
 concurrent mark-sweep generation total 393216K, used 20934K [0x00000000e8000000, 0x0000000100000000, 0x0000000100000000)
 Metaspace       used 39208K, capacity 40174K, committed 40396K, reserved 1085440K
  class space    used 4515K, capacity 4753K, committed 4812K, reserved 1048576K
2017-10-31T09:11:01.253-0700: 525.163: [GC (Allocation Failure) 2017-10-31T09:11:01.253-0700: 525.163: [ParNew
Desired survivor size 20112992 bytes, new threshold 8 (max 8)
- age   1:    1647352 bytes,    1647352 total
- age   2:       8328 bytes,    1655680 total
- age   3:       8520 bytes,    1664200 total
- age   4:      12920 bytes,    1677120 total
- age   5:      10632 bytes,    1687752 total
- age   6:       6120 bytes,    1693872 total
- age   7:       8128 bytes,    1702000 total
- age   8:      11248 bytes,    1713248 total
: 89726K->2306K(109248K), 0.0048640 secs] 110661K->23248K(502464K), 0.0049446 secs] [Times: user=0.00 sys=0.00, real=0.01 secs] 
Heap after GC invocations=59 (full 2):
 par new generation   total 109248K, used 2306K [0x00000000e0000000, 0x00000000e8000000, 0x00000000e8000000)
  eden space 87424K,   0% used [0x00000000e0000000, 0x00000000e0000000, 0x00000000e5560000)
  from space 21824K,  10% used [0x00000000e6ab0000, 0x00000000e6cf0a20, 0x00000000e8000000)
  to   space 21824K,   0% used [0x00000000e5560000, 0x00000000e5560000, 0x00000000e6ab0000)
 concurrent mark-sweep generation total 393216K, used 20941K [0x00000000e8000000, 0x0000000100000000, 0x0000000100000000)
 Metaspace       used 39208K, capacity 40174K, committed 40396K, reserved 1085440K
  class space    used 4515K, capacity 4753K, committed 4812K, reserved 1048576K
}
2017-10-31T09:11:01.259-0700: 525.168: Total time for which application threads were stopped: 0.0051884 seconds, Stopping threads took: 0.0000230 seconds
2017-10-31T09:11:02.259-0700: 526.168: Total time for which application threads were stopped: 0.0001537 seconds, Stopping threads took: 0.0000339 seconds
2017-10-31T09:11:02.705-0700: 526.613: Total time for which application threads were stopped: 0.0002966 seconds, Stopping threads took: 0.0000562 seconds
{Heap before GC invocations=59 (full 2):
 par new generation   total 109248K, used 89730K [0x00000000e0000000, 0x00000000e8000000, 0x00000000e8000000)
  eden space 87424K, 100% used [0x00000000e0000000, 0x00000000e5560000, 0x00000000e5560000)
  from space 21824K,  10% used [0x00000000e6ab0000, 0x00000000e6cf0a20, 0x00000000e8000000)
  to   space 21824K,   0% used [0x00000000e5560000, 0x00000000e5560000, 0x00000000e6ab0000)
 concurrent mark-sweep generation total 393216K, used 20941K [0x00000000e8000000, 0x0000000100000000, 0x0000000100000000)
 Metaspace       used 39208K, capacity 40174K, committed 40396K, reserved 1085440K
  class space    used 4515K, capacity 4753K, committed 4812K, reserved 1048576K
2017-10-31T09:11:04.906-0700: 528.814: [GC (Allocation Failure) 2017-10-31T09:11:04.906-0700: 528.814: [ParNew
Desired survivor size 20112992 bytes, new threshold 8 (max 8)
- age   1:    1399952 bytes,    1399952 total
- age   2:      10576 bytes,    1410528 total
- age   3:       7416 bytes,    1417944 total
- age   4:       8520 bytes,    1426464 total
- age   5:      12416 bytes,    1438880 total
- age   6:      10272 bytes,    1449152 total
- age   7:       6120 bytes,    1455272 total
- age   8:       8128 bytes,    1463400 total
: 89730K->1982K(109248K), 0.0045843 secs] 110672K->22935K(502464K), 0.0046927 secs] [Times: user=0.00 sys=0.00, real=0.00 secs] 
Heap after GC invocations=60 (full 2):
 par new generation   total 109248K, used 1982K [0x00000000e0000000, 0x00000000e8000000, 0x00000000e8000000)
  eden space 87424K,   0% used [0x00000000e0000000, 0x00000000e0000000, 0x00000000e5560000)
  from space 21824K,   9% used [0x00000000e5560000, 0x00000000e574fb08, 0x00000000e6ab0000)
  to   space 21824K,   0% used [0x00000000e6ab0000, 0x00000000e6ab0000, 0x00000000e8000000)
 concurrent mark-sweep generation total 393216K, used 20952K [0x00000000e8000000, 0x0000000100000000, 0x0000000100000000)
 Metaspace       used 39208K, capacity 40174K, committed 40396K, reserved 1085440K
  class space    used 4515K, capacity 4753K, committed 4812K, reserved 1048576K
}
2017-10-31T09:11:04.911-0700: 528.819: Total time for which application threads were stopped: 0.0050096 seconds, Stopping threads took: 0.0000440 seconds
2017-10-31T09:11:05.714-0700: 529.622: Total time for which application threads were stopped: 0.0002953 seconds, Stopping threads took: 0.0000440 seconds
2017-10-31T09:11:06.715-0700: 530.623: Total time for which application threads were stopped: 0.0001422 seconds, Stopping threads took: 0.0000298 seconds
2017-10-31T09:11:07.716-0700: 531.624: Total time for which application threads were stopped: 0.0001605 seconds, Stopping threads took: 0.0000345 seconds
{Heap before GC invocations=60 (full 2):
 par new generation   total 109248K, used 89064K [0x00000000e0000000, 0x00000000e8000000, 0x00000000e8000000)
  eden space 87424K,  99% used [0x00000000e0000000, 0x00000000e550a5b8, 0x00000000e5560000)
  from space 21824K,   9% used [0x00000000e5560000, 0x00000000e574fb08, 0x00000000e6ab0000)
  to   space 21824K,   0% used [0x00000000e6ab0000, 0x00000000e6ab0000, 0x00000000e8000000)
 concurrent mark-sweep generation total 393216K, used 20952K [0x00000000e8000000, 0x0000000100000000, 0x0000000100000000)
 Metaspace       used 39210K, capacity 40174K, committed 40396K, reserved 1085440K
  class space    used 4515K, capacity 4753K, committed 4812K, reserved 1048576K
2017-10-31T09:11:08.245-0700: 532.154: [GC (Allocation Failure) 2017-10-31T09:11:08.245-0700: 532.154: [ParNew
Desired survivor size 20112992 bytes, new threshold 8 (max 8)
- age   1:    1647784 bytes,    1647784 total
- age   2:       8208 bytes,    1655992 total
- age   3:       9664 bytes,    1665656 total
- age   4:       7416 bytes,    1673072 total
- age   5:       8088 bytes,    1681160 total
- age   6:      12056 bytes,    1693216 total
- age   7:      10272 bytes,    1703488 total
- age   8:       6120 bytes,    1709608 total
: 89064K->1972K(109248K), 0.0078039 secs] 110017K->22932K(502464K), 0.0079143 secs] [Times: user=0.00 sys=0.00, real=0.01 secs] 
Heap after GC invocations=61 (full 2):
 par new generation   total 109248K, used 1972K [0x00000000e0000000, 0x00000000e8000000, 0x00000000e8000000)
  eden space 87424K,   0% used [0x00000000e0000000, 0x00000000e0000000, 0x00000000e5560000)
  from space 21824K,   9% used [0x00000000e6ab0000, 0x00000000e6c9d0b8, 0x00000000e8000000)
  to   space 21824K,   0% used [0x00000000e5560000, 0x00000000e5560000, 0x00000000e6ab0000)
 concurrent mark-sweep generation total 393216K, used 20960K [0x00000000e8000000, 0x0000000100000000, 0x0000000100000000)
 Metaspace       used 39210K, capacity 40174K, committed 40396K, reserved 1085440K
  class space    used 4515K, capacity 4753K, committed 4812K, reserved 1048576K
}
2017-10-31T09:11:08.253-0700: 532.162: Total time for which application threads were stopped: 0.0082509 seconds, Stopping threads took: 0.0000284 seconds
2017-10-31T09:11:08.546-0700: 532.455: Total time for which application threads were stopped: 0.0002702 seconds, Stopping threads took: 0.0000549 seconds
2017-10-31T09:11:10.547-0700: 534.455: Total time for which application threads were stopped: 0.0001910 seconds, Stopping threads took: 0.0000352 seconds
2017-10-31T09:11:11.185-0700: 535.094: Total time for which application threads were stopped: 0.0002560 seconds, Stopping threads took: 0.0000406 seconds
{Heap before GC invocations=61 (full 2):
 par new generation   total 109248K, used 88947K [0x00000000e0000000, 0x00000000e8000000, 0x00000000e8000000)
  eden space 87424K,  99% used [0x00000000e0000000, 0x00000000e54efcb8, 0x00000000e5560000)
  from space 21824K,   9% used [0x00000000e6ab0000, 0x00000000e6c9d0b8, 0x00000000e8000000)
  to   space 21824K,   0% used [0x00000000e5560000, 0x00000000e5560000, 0x00000000e6ab0000)
 concurrent mark-sweep generation total 393216K, used 20960K [0x00000000e8000000, 0x0000000100000000, 0x0000000100000000)
 Metaspace       used 39210K, capacity 40174K, committed 40396K, reserved 1085440K
  class space    used 4515K, capacity 4753K, committed 4812K, reserved 1048576K
2017-10-31T09:11:11.215-0700: 535.124: [GC (Allocation Failure) 2017-10-31T09:11:11.215-0700: 535.124: [ParNew
Desired survivor size 20112992 bytes, new threshold 8 (max 8)
- age   1:    2063120 bytes,    2063120 total
- age   2:      75680 bytes,    2138800 total
- age   3:       7296 bytes,    2146096 total
- age   4:       9664 bytes,    2155760 total
- age   5:       7056 bytes,    2162816 total
- age   6:       7728 bytes,    2170544 total
- age   7:      12056 bytes,    2182600 total
- age   8:      10272 bytes,    2192872 total
: 88947K->2569K(109248K), 0.0044191 secs] 109908K->23536K(502464K), 0.0045233 secs] [Times: user=0.00 sys=0.00, real=0.01 secs] 
Heap after GC invocations=62 (full 2):
 par new generation   total 109248K, used 2569K [0x00000000e0000000, 0x00000000e8000000, 0x00000000e8000000)
  eden space 87424K,   0% used [0x00000000e0000000, 0x00000000e0000000, 0x00000000e5560000)
  from space 21824K,  11% used [0x00000000e5560000, 0x00000000e57e2768, 0x00000000e6ab0000)
  to   space 21824K,   0% used [0x00000000e6ab0000, 0x00000000e6ab0000, 0x00000000e8000000)
 concurrent mark-sweep generation total 393216K, used 20966K [0x00000000e8000000, 0x0000000100000000, 0x0000000100000000)
 Metaspace       used 39210K, capacity 40174K, committed 40396K, reserved 1085440K
  class space    used 4515K, capacity 4753K, committed 4812K, reserved 1048576K
}
2017-10-31T09:11:11.220-0700: 535.129: Total time for which application threads were stopped: 0.0048498 seconds, Stopping threads took: 0.0000257 seconds
2017-10-31T09:11:13.221-0700: 537.130: Total time for which application threads were stopped: 0.0002045 seconds, Stopping threads took: 0.0000813 seconds
2017-10-31T09:11:13.962-0700: 537.871: Total time for which application threads were stopped: 0.0002242 seconds, Stopping threads took: 0.0000345 seconds
2017-10-31T09:11:14.963-0700: 538.871: Total time for which application threads were stopped: 0.0001517 seconds, Stopping threads took: 0.0000332 seconds
{Heap before GC invocations=62 (full 2):
 par new generation   total 109248K, used 89993K [0x00000000e0000000, 0x00000000e8000000, 0x00000000e8000000)
  eden space 87424K, 100% used [0x00000000e0000000, 0x00000000e5560000, 0x00000000e5560000)
  from space 21824K,  11% used [0x00000000e5560000, 0x00000000e57e2768, 0x00000000e6ab0000)
  to   space 21824K,   0% used [0x00000000e6ab0000, 0x00000000e6ab0000, 0x00000000e8000000)
 concurrent mark-sweep generation total 393216K, used 20966K [0x00000000e8000000, 0x0000000100000000, 0x0000000100000000)
 Metaspace       used 39221K, capacity 40174K, committed 40396K, reserved 1085440K
  class space    used 4515K, capacity 4753K, committed 4812K, reserved 1048576K
2017-10-31T09:11:15.073-0700: 538.982: [GC (Allocation Failure) 2017-10-31T09:11:15.073-0700: 538.982: [ParNew
Desired survivor size 20112992 bytes, new threshold 8 (max 8)
- age   1:    1346888 bytes,    1346888 total
- age   2:       7352 bytes,    1354240 total
- age   3:       7688 bytes,    1361928 total
- age   4:       7296 bytes,    1369224 total
- age   5:       8728 bytes,    1377952 total
- age   6:       6696 bytes,    1384648 total
- age   7:       7728 bytes,    1392376 total
- age   8:      12056 bytes,    1404432 total
: 89993K->2541K(109248K), 0.0038380 secs] 110960K->23518K(502464K), 0.0039389 secs] [Times: user=0.00 sys=0.00, real=0.00 secs] 
Heap after GC invocations=63 (full 2):
 par new generation   total 109248K, used 2541K [0x00000000e0000000, 0x00000000e8000000, 0x00000000e8000000)
  eden space 87424K,   0% used [0x00000000e0000000, 0x00000000e0000000, 0x00000000e5560000)
  from space 21824K,  11% used [0x00000000e6ab0000, 0x00000000e6d2b5a0, 0x00000000e8000000)
  to   space 21824K,   0% used [0x00000000e5560000, 0x00000000e5560000, 0x00000000e6ab0000)
 concurrent mark-sweep generation total 393216K, used 20976K [0x00000000e8000000, 0x0000000100000000, 0x0000000100000000)
 Metaspace       used 39221K, capacity 40174K, committed 40396K, reserved 1085440K
  class space    used 4515K, capacity 4753K, committed 4812K, reserved 1048576K
}
2017-10-31T09:11:15.077-0700: 538.986: Total time for which application threads were stopped: 0.0042599 seconds, Stopping threads took: 0.0000305 seconds
2017-10-31T09:11:16.077-0700: 539.986: Total time for which application threads were stopped: 0.0001571 seconds, Stopping threads took: 0.0000345 seconds
2017-10-31T09:11:16.795-0700: 540.704: Total time for which application threads were stopped: 0.0002452 seconds, Stopping threads took: 0.0000494 seconds
2017-10-31T09:11:17.796-0700: 541.705: Total time for which application threads were stopped: 0.0001632 seconds, Stopping threads took: 0.0000352 seconds
{Heap before GC invocations=63 (full 2):
 par new generation   total 109248K, used 89760K [0x00000000e0000000, 0x00000000e8000000, 0x00000000e8000000)
  eden space 87424K,  99% used [0x00000000e0000000, 0x00000000e552ce48, 0x00000000e5560000)
  from space 21824K,  11% used [0x00000000e6ab0000, 0x00000000e6d2b5a0, 0x00000000e8000000)
  to   space 21824K,   0% used [0x00000000e5560000, 0x00000000e5560000, 0x00000000e6ab0000)
 concurrent mark-sweep generation total 393216K, used 20976K [0x00000000e8000000, 0x0000000100000000, 0x0000000100000000)
 Metaspace       used 39223K, capacity 40174K, committed 40396K, reserved 1085440K
  class space    used 4515K, capacity 4753K, committed 4812K, reserved 1048576K
2017-10-31T09:11:18.414-0700: 542.322: [GC (Allocation Failure) 2017-10-31T09:11:18.414-0700: 542.322: [ParNew
Desired survivor size 20112992 bytes, new threshold 8 (max 8)
- age   1:    1703624 bytes,    1703624 total
- age   2:      10272 bytes,    1713896 total
- age   3:       6312 bytes,    1720208 total
- age   4:       7688 bytes,    1727896 total
- age   5:       6792 bytes,    1734688 total
- age   6:       8512 bytes,    1743200 total
- age   7:       6696 bytes,    1749896 total
- age   8:       7728 bytes,    1757624 total
: 89760K->1890K(109248K), 0.0063973 secs] 110737K->22879K(502464K), 0.0064792 secs] [Times: user=0.06 sys=0.00, real=0.01 secs] 
Heap after GC invocations=64 (full 2):
 par new generation   total 109248K, used 1890K [0x00000000e0000000, 0x00000000e8000000, 0x00000000e8000000)
  eden space 87424K,   0% used [0x00000000e0000000, 0x00000000e0000000, 0x00000000e5560000)
  from space 21824K,   8% used [0x00000000e5560000, 0x00000000e5738a70, 0x00000000e6ab0000)
  to   space 21824K,   0% used [0x00000000e6ab0000, 0x00000000e6ab0000, 0x00000000e8000000)
 concurrent mark-sweep generation total 393216K, used 20988K [0x00000000e8000000, 0x0000000100000000, 0x0000000100000000)
 Metaspace       used 39223K, capacity 40174K, committed 40396K, reserved 1085440K
  class space    used 4515K, capacity 4753K, committed 4812K, reserved 1048576K
}
2017-10-31T09:11:18.421-0700: 542.329: Total time for which application threads were stopped: 0.0067190 seconds, Stopping threads took: 0.0000223 seconds
2017-10-31T09:11:19.406-0700: 543.315: Total time for which application threads were stopped: 0.0002039 seconds, Stopping threads took: 0.0000305 seconds
2017-10-31T09:11:20.407-0700: 544.315: Total time for which application threads were stopped: 0.0001693 seconds, Stopping threads took: 0.0000332 seconds
{Heap before GC invocations=64 (full 2):
 par new generation   total 109248K, used 89314K [0x00000000e0000000, 0x00000000e8000000, 0x00000000e8000000)
  eden space 87424K, 100% used [0x00000000e0000000, 0x00000000e5560000, 0x00000000e5560000)
  from space 21824K,   8% used [0x00000000e5560000, 0x00000000e5738a70, 0x00000000e6ab0000)
  to   space 21824K,   0% used [0x00000000e6ab0000, 0x00000000e6ab0000, 0x00000000e8000000)
 concurrent mark-sweep generation total 393216K, used 20988K [0x00000000e8000000, 0x0000000100000000, 0x0000000100000000)
 Metaspace       used 39224K, capacity 40174K, committed 40396K, reserved 1085440K
  class space    used 4515K, capacity 4753K, committed 4812K, reserved 1048576K
2017-10-31T09:11:21.780-0700: 545.688: [GC (Allocation Failure) 2017-10-31T09:11:21.780-0700: 545.688: [ParNew
Desired survivor size 20112992 bytes, new threshold 8 (max 8)
- age   1:    1893208 bytes,    1893208 total
- age   2:       9472 bytes,    1902680 total
- age   3:       9360 bytes,    1912040 total
- age   4:       6312 bytes,    1918352 total
- age   5:       7256 bytes,    1925608 total
- age   6:       6504 bytes,    1932112 total
- age   7:       8512 bytes,    1940624 total
- age   8:       6696 bytes,    1947320 total
: 89314K->2548K(109248K), 0.0041813 secs] 110303K->23544K(502464K), 0.0042531 secs] [Times: user=0.00 sys=0.00, real=0.00 secs] 
Heap after GC invocations=65 (full 2):
 par new generation   total 109248K, used 2548K [0x00000000e0000000, 0x00000000e8000000, 0x00000000e8000000)
  eden space 87424K,   0% used [0x00000000e0000000, 0x00000000e0000000, 0x00000000e5560000)
  from space 21824K,  11% used [0x00000000e6ab0000, 0x00000000e6d2d220, 0x00000000e8000000)
  to   space 21824K,   0% used [0x00000000e5560000, 0x00000000e5560000, 0x00000000e6ab0000)
 concurrent mark-sweep generation total 393216K, used 20996K [0x00000000e8000000, 0x0000000100000000, 0x0000000100000000)
 Metaspace       used 39224K, capacity 40174K, committed 40396K, reserved 1085440K
  class space    used 4515K, capacity 4753K, committed 4812K, reserved 1048576K
}
2017-10-31T09:11:21.784-0700: 545.693: Total time for which application threads were stopped: 0.0044888 seconds, Stopping threads took: 0.0000223 seconds
2017-10-31T09:11:22.004-0700: 545.912: Total time for which application threads were stopped: 0.0002628 seconds, Stopping threads took: 0.0000576 seconds
2017-10-31T09:11:24.804-0700: 548.713: Total time for which application threads were stopped: 0.0004578 seconds, Stopping threads took: 0.0001009 seconds
{Heap before GC invocations=65 (full 2):
 par new generation   total 109248K, used 89494K [0x00000000e0000000, 0x00000000e8000000, 0x00000000e8000000)
  eden space 87424K,  99% used [0x00000000e0000000, 0x00000000e54e8750, 0x00000000e5560000)
  from space 21824K,  11% used [0x00000000e6ab0000, 0x00000000e6d2d220, 0x00000000e8000000)
  to   space 21824K,   0% used [0x00000000e5560000, 0x00000000e5560000, 0x00000000e6ab0000)
 concurrent mark-sweep generation total 393216K, used 20996K [0x00000000e8000000, 0x0000000100000000, 0x0000000100000000)
 Metaspace       used 39226K, capacity 40174K, committed 40396K, reserved 1085440K
  class space    used 4515K, capacity 4753K, committed 4812K, reserved 1048576K
2017-10-31T09:11:24.852-0700: 548.760: [GC (Allocation Failure) 2017-10-31T09:11:24.852-0700: 548.760: [ParNew
Desired survivor size 20112992 bytes, new threshold 8 (max 8)
- age   1:    2493960 bytes,    2493960 total
- age   2:      75672 bytes,    2569632 total
- age   3:       8560 bytes,    2578192 total
- age   4:       9360 bytes,    2587552 total
- age   5:       6024 bytes,    2593576 total
- age   6:       6824 bytes,    2600400 total
- age   7:       6504 bytes,    2606904 total
- age   8:       8512 bytes,    2615416 total
: 89494K->3095K(109248K), 0.0090548 secs] 110490K->24098K(502464K), 0.0092140 secs] [Times: user=0.06 sys=0.00, real=0.01 secs] 
Heap after GC invocations=66 (full 2):
 par new generation   total 109248K, used 3095K [0x00000000e0000000, 0x00000000e8000000, 0x00000000e8000000)
  eden space 87424K,   0% used [0x00000000e0000000, 0x00000000e0000000, 0x00000000e5560000)
  from space 21824K,  14% used [0x00000000e5560000, 0x00000000e5865f50, 0x00000000e6ab0000)
  to   space 21824K,   0% used [0x00000000e6ab0000, 0x00000000e6ab0000, 0x00000000e8000000)
 concurrent mark-sweep generation total 393216K, used 21002K [0x00000000e8000000, 0x0000000100000000, 0x0000000100000000)
 Metaspace       used 39226K, capacity 40174K, committed 40396K, reserved 1085440K
  class space    used 4515K, capacity 4753K, committed 4812K, reserved 1048576K
}
2017-10-31T09:11:24.861-0700: 548.769: Total time for which application threads were stopped: 0.0104845 seconds, Stopping threads took: 0.0008134 seconds
2017-10-31T09:11:26.861-0700: 550.770: Total time for which application threads were stopped: 0.0002228 seconds, Stopping threads took: 0.0000379 seconds
2017-10-31T09:11:27.712-0700: 551.620: Total time for which application threads were stopped: 0.0002790 seconds, Stopping threads took: 0.0000610 seconds
{Heap before GC invocations=66 (full 2):
 par new generation   total 109248K, used 90519K [0x00000000e0000000, 0x00000000e8000000, 0x00000000e8000000)
  eden space 87424K, 100% used [0x00000000e0000000, 0x00000000e5560000, 0x00000000e5560000)
  from space 21824K,  14% used [0x00000000e5560000, 0x00000000e5865f50, 0x00000000e6ab0000)
  to   space 21824K,   0% used [0x00000000e6ab0000, 0x00000000e6ab0000, 0x00000000e8000000)
 concurrent mark-sweep generation total 393216K, used 21002K [0x00000000e8000000, 0x0000000100000000, 0x0000000100000000)
 Metaspace       used 39260K, capacity 40174K, committed 40396K, reserved 1085440K
  class space    used 4516K, capacity 4753K, committed 4812K, reserved 1048576K
2017-10-31T09:11:28.015-0700: 551.924: [GC (Allocation Failure) 2017-10-31T09:11:28.015-0700: 551.924: [ParNew
Desired survivor size 20112992 bytes, new threshold 8 (max 8)
- age   1:    1653080 bytes,    1653080 total
- age   2:      75608 bytes,    1728688 total
- age   3:       7680 bytes,    1736368 total
- age   4:       8560 bytes,    1744928 total
- age   5:       9000 bytes,    1753928 total
- age   6:       5592 bytes,    1759520 total
- age   7:       6824 bytes,    1766344 total
- age   8:       6504 bytes,    1772848 total
: 90519K->2677K(109248K), 0.0042389 secs] 111522K->23688K(502464K), 0.0044014 secs] [Times: user=0.00 sys=0.00, real=0.00 secs] 
Heap after GC invocations=67 (full 2):
 par new generation   total 109248K, used 2677K [0x00000000e0000000, 0x00000000e8000000, 0x00000000e8000000)
  eden space 87424K,   0% used [0x00000000e0000000, 0x00000000e0000000, 0x00000000e5560000)
  from space 21824K,  12% used [0x00000000e6ab0000, 0x00000000e6d4d620, 0x00000000e8000000)
  to   space 21824K,   0% used [0x00000000e5560000, 0x00000000e5560000, 0x00000000e6ab0000)
 concurrent mark-sweep generation total 393216K, used 21010K [0x00000000e8000000, 0x0000000100000000, 0x0000000100000000)
 Metaspace       used 39260K, capacity 40174K, committed 40396K, reserved 1085440K
  class space    used 4516K, capacity 4753K, committed 4812K, reserved 1048576K
}
2017-10-31T09:11:28.020-0700: 551.928: Total time for which application threads were stopped: 0.0046392 seconds, Stopping threads took: 0.0000237 seconds
2017-10-31T09:11:30.268-0700: 554.176: Total time for which application threads were stopped: 0.0002885 seconds, Stopping threads took: 0.0000555 seconds
{Heap before GC invocations=67 (full 2):
 par new generation   total 109248K, used 89689K [0x00000000e0000000, 0x00000000e8000000, 0x00000000e8000000)
  eden space 87424K,  99% used [0x00000000e0000000, 0x00000000e54f90e8, 0x00000000e5560000)
  from space 21824K,  12% used [0x00000000e6ab0000, 0x00000000e6d4d620, 0x00000000e8000000)
  to   space 21824K,   0% used [0x00000000e5560000, 0x00000000e5560000, 0x00000000e6ab0000)
 concurrent mark-sweep generation total 393216K, used 21010K [0x00000000e8000000, 0x0000000100000000, 0x0000000100000000)
 Metaspace       used 39261K, capacity 40174K, committed 40396K, reserved 1085440K
  class space    used 4516K, capacity 4753K, committed 4812K, reserved 1048576K
2017-10-31T09:11:31.617-0700: 555.525: [GC (Allocation Failure) 2017-10-31T09:11:31.617-0700: 555.526: [ParNew
Desired survivor size 20112992 bytes, new threshold 8 (max 8)
- age   1:    1697200 bytes,    1697200 total
- age   2:      10512 bytes,    1707712 total
- age   3:       6144 bytes,    1713856 total
- age   4:       7680 bytes,    1721536 total
- age   5:       8128 bytes,    1729664 total
- age   6:       8568 bytes,    1738232 total
- age   7:       5592 bytes,    1743824 total
- age   8:       6824 bytes,    1750648 total
: 89689K->2152K(109248K), 0.0054376 secs] 110700K->23170K(502464K), 0.0055771 secs] [Times: user=0.06 sys=0.00, real=0.00 secs] 
Heap after GC invocations=68 (full 2):
 par new generation   total 109248K, used 2152K [0x00000000e0000000, 0x00000000e8000000, 0x00000000e8000000)
  eden space 87424K,   0% used [0x00000000e0000000, 0x00000000e0000000, 0x00000000e5560000)
  from space 21824K,   9% used [0x00000000e5560000, 0x00000000e577a3b0, 0x00000000e6ab0000)
  to   space 21824K,   0% used [0x00000000e6ab0000, 0x00000000e6ab0000, 0x00000000e8000000)
 concurrent mark-sweep generation total 393216K, used 21017K [0x00000000e8000000, 0x0000000100000000, 0x0000000100000000)
 Metaspace       used 39261K, capacity 40174K, committed 40396K, reserved 1085440K
  class space    used 4516K, capacity 4753K, committed 4812K, reserved 1048576K
}
2017-10-31T09:11:31.622-0700: 555.531: Total time for which application threads were stopped: 0.0059815 seconds, Stopping threads took: 0.0000406 seconds
2017-10-31T09:11:32.623-0700: 556.531: Total time for which application threads were stopped: 0.0001050 seconds, Stopping threads took: 0.0000257 seconds
2017-10-31T09:11:33.106-0700: 557.014: Total time for which application threads were stopped: 0.0002323 seconds, Stopping threads took: 0.0000284 seconds
{Heap before GC invocations=68 (full 2):
 par new generation   total 109248K, used 89383K [0x00000000e0000000, 0x00000000e8000000, 0x00000000e8000000)
  eden space 87424K,  99% used [0x00000000e0000000, 0x00000000e552f940, 0x00000000e5560000)
  from space 21824K,   9% used [0x00000000e5560000, 0x00000000e577a3b0, 0x00000000e6ab0000)
  to   space 21824K,   0% used [0x00000000e6ab0000, 0x00000000e6ab0000, 0x00000000e8000000)
 concurrent mark-sweep generation total 393216K, used 21017K [0x00000000e8000000, 0x0000000100000000, 0x0000000100000000)
 Metaspace       used 39307K, capacity 40238K, committed 40396K, reserved 1085440K
  class space    used 4516K, capacity 4753K, committed 4812K, reserved 1048576K
2017-10-31T09:11:34.866-0700: 558.774: [GC (Allocation Failure) 2017-10-31T09:11:34.866-0700: 558.774: [ParNew
Desired survivor size 20112992 bytes, new threshold 8 (max 8)
- age   1:    1727264 bytes,    1727264 total
- age   2:       8592 bytes,    1735856 total
- age   3:       9600 bytes,    1745456 total
- age   4:       6144 bytes,    1751600 total
- age   5:       7320 bytes,    1758920 total
- age   6:       7696 bytes,    1766616 total
- age   7:       8568 bytes,    1775184 total
- age   8:       5592 bytes,    1780776 total
: 89383K->2309K(109248K), 0.0066208 secs] 110400K->23333K(502464K), 0.0067224 secs] [Times: user=0.00 sys=0.00, real=0.01 secs] 
Heap after GC invocations=69 (full 2):
 par new generation   total 109248K, used 2309K [0x00000000e0000000, 0x00000000e8000000, 0x00000000e8000000)
  eden space 87424K,   0% used [0x00000000e0000000, 0x00000000e0000000, 0x00000000e5560000)
  from space 21824K,  10% used [0x00000000e6ab0000, 0x00000000e6cf1640, 0x00000000e8000000)
  to   space 21824K,   0% used [0x00000000e5560000, 0x00000000e5560000, 0x00000000e6ab0000)
 concurrent mark-sweep generation total 393216K, used 21023K [0x00000000e8000000, 0x0000000100000000, 0x0000000100000000)
 Metaspace       used 39307K, capacity 40238K, committed 40396K, reserved 1085440K
  class space    used 4516K, capacity 4753K, committed 4812K, reserved 1048576K
}
2017-10-31T09:11:34.872-0700: 558.781: Total time for which application threads were stopped: 0.0070292 seconds, Stopping threads took: 0.0000278 seconds
2017-10-31T09:11:35.872-0700: 559.780: Total time for which application threads were stopped: 0.0001585 seconds, Stopping threads took: 0.0000312 seconds
2017-10-31T09:11:35.950-0700: 559.858: Total time for which application threads were stopped: 0.0002316 seconds, Stopping threads took: 0.0000325 seconds
2017-10-31T09:11:36.950-0700: 560.858: Total time for which application threads were stopped: 0.0001470 seconds, Stopping threads took: 0.0000400 seconds
2017-10-31T09:11:37.950-0700: 561.859: Total time for which application threads were stopped: 0.0001361 seconds, Stopping threads took: 0.0000271 seconds
{Heap before GC invocations=69 (full 2):
 par new generation   total 109248K, used 89733K [0x00000000e0000000, 0x00000000e8000000, 0x00000000e8000000)
  eden space 87424K, 100% used [0x00000000e0000000, 0x00000000e5560000, 0x00000000e5560000)
  from space 21824K,  10% used [0x00000000e6ab0000, 0x00000000e6cf1640, 0x00000000e8000000)
  to   space 21824K,   0% used [0x00000000e5560000, 0x00000000e5560000, 0x00000000e6ab0000)
 concurrent mark-sweep generation total 393216K, used 21023K [0x00000000e8000000, 0x0000000100000000, 0x0000000100000000)
 Metaspace       used 39307K, capacity 40238K, committed 40396K, reserved 1085440K
  class space    used 4516K, capacity 4753K, committed 4812K, reserved 1048576K
2017-10-31T09:11:38.329-0700: 562.238: [GC (Allocation Failure) 2017-10-31T09:11:38.329-0700: 562.238: [ParNew
Desired survivor size 20112992 bytes, new threshold 8 (max 8)
- age   1:    1665952 bytes,    1665952 total
- age   2:      11096 bytes,    1677048 total
- age   3:       7680 bytes,    1684728 total
- age   4:       9600 bytes,    1694328 total
- age   5:       5928 bytes,    1700256 total
- age   6:       6816 bytes,    1707072 total
- age   7:       7696 bytes,    1714768 total
- age   8:       8568 bytes,    1723336 total
: 89733K->2014K(109248K), 0.0070901 secs] 110757K->23043K(502464K), 0.0072513 secs] [Times: user=0.00 sys=0.00, real=0.01 secs] 
Heap after GC invocations=70 (full 2):
 par new generation   total 109248K, used 2014K [0x00000000e0000000, 0x00000000e8000000, 0x00000000e8000000)
  eden space 87424K,   0% used [0x00000000e0000000, 0x00000000e0000000, 0x00000000e5560000)
  from space 21824K,   9% used [0x00000000e5560000, 0x00000000e57578f0, 0x00000000e6ab0000)
  to   space 21824K,   0% used [0x00000000e6ab0000, 0x00000000e6ab0000, 0x00000000e8000000)
 concurrent mark-sweep generation total 393216K, used 21029K [0x00000000e8000000, 0x0000000100000000, 0x0000000100000000)
 Metaspace       used 39307K, capacity 40238K, committed 40396K, reserved 1085440K
  class space    used 4516K, capacity 4753K, committed 4812K, reserved 1048576K
}
2017-10-31T09:11:38.337-0700: 562.245: Total time for which application threads were stopped: 0.0078033 seconds, Stopping threads took: 0.0000603 seconds
2017-10-31T09:11:38.789-0700: 562.697: Total time for which application threads were stopped: 0.0002418 seconds, Stopping threads took: 0.0000332 seconds
2017-10-31T09:11:39.790-0700: 563.698: Total time for which application threads were stopped: 0.0001524 seconds, Stopping threads took: 0.0000325 seconds
2017-10-31T09:11:41.892-0700: 565.801: Total time for which application threads were stopped: 0.0002770 seconds, Stopping threads took: 0.0000467 seconds
{Heap before GC invocations=70 (full 2):
 par new generation   total 109248K, used 89438K [0x00000000e0000000, 0x00000000e8000000, 0x00000000e8000000)
  eden space 87424K, 100% used [0x00000000e0000000, 0x00000000e5560000, 0x00000000e5560000)
  from space 21824K,   9% used [0x00000000e5560000, 0x00000000e57578f0, 0x00000000e6ab0000)
  to   space 21824K,   0% used [0x00000000e6ab0000, 0x00000000e6ab0000, 0x00000000e8000000)
 concurrent mark-sweep generation total 393216K, used 21029K [0x00000000e8000000, 0x0000000100000000, 0x0000000100000000)
 Metaspace       used 39308K, capacity 40238K, committed 40396K, reserved 1085440K
  class space    used 4516K, capacity 4753K, committed 4812K, reserved 1048576K
2017-10-31T09:11:41.913-0700: 565.822: [GC (Allocation Failure) 2017-10-31T09:11:41.913-0700: 565.822: [ParNew
Desired survivor size 20112992 bytes, new threshold 8 (max 8)
- age   1:    2229424 bytes,    2229424 total
- age   2:       7888 bytes,    2237312 total
- age   3:      10184 bytes,    2247496 total
- age   4:       7680 bytes,    2255176 total
- age   5:       9240 bytes,    2264416 total
- age   6:       5424 bytes,    2269840 total
- age   7:       6816 bytes,    2276656 total
- age   8:       7696 bytes,    2284352 total
: 89438K->2888K(109248K), 0.0048159 secs] 110467K->23925K(502464K), 0.0049155 secs] [Times: user=0.06 sys=0.00, real=0.00 secs] 
Heap after GC invocations=71 (full 2):
 par new generation   total 109248K, used 2888K [0x00000000e0000000, 0x00000000e8000000, 0x00000000e8000000)
  eden space 87424K,   0% used [0x00000000e0000000, 0x00000000e0000000, 0x00000000e5560000)
  from space 21824K,  13% used [0x00000000e6ab0000, 0x00000000e6d82050, 0x00000000e8000000)
  to   space 21824K,   0% used [0x00000000e5560000, 0x00000000e5560000, 0x00000000e6ab0000)
 concurrent mark-sweep generation total 393216K, used 21037K [0x00000000e8000000, 0x0000000100000000, 0x0000000100000000)
 Metaspace       used 39308K, capacity 40238K, committed 40396K, reserved 1085440K
  class space    used 4516K, capacity 4753K, committed 4812K, reserved 1048576K
}
2017-10-31T09:11:41.918-0700: 565.827: Total time for which application threads were stopped: 0.0052426 seconds, Stopping threads took: 0.0000325 seconds
2017-10-31T09:11:42.919-0700: 566.828: Total time for which application threads were stopped: 0.0001659 seconds, Stopping threads took: 0.0000447 seconds
2017-10-31T09:11:43.920-0700: 567.829: Total time for which application threads were stopped: 0.0001598 seconds, Stopping threads took: 0.0000284 seconds
2017-10-31T09:11:44.687-0700: 568.596: Total time for which application threads were stopped: 0.0002763 seconds, Stopping threads took: 0.0000616 seconds
{Heap before GC invocations=71 (full 2):
 par new generation   total 109248K, used 90205K [0x00000000e0000000, 0x00000000e8000000, 0x00000000e8000000)
  eden space 87424K,  99% used [0x00000000e0000000, 0x00000000e55456d0, 0x00000000e5560000)
  from space 21824K,  13% used [0x00000000e6ab0000, 0x00000000e6d82050, 0x00000000e8000000)
  to   space 21824K,   0% used [0x00000000e5560000, 0x00000000e5560000, 0x00000000e6ab0000)
 concurrent mark-sweep generation total 393216K, used 21037K [0x00000000e8000000, 0x0000000100000000, 0x0000000100000000)
 Metaspace       used 39308K, capacity 40238K, committed 40396K, reserved 1085440K
  class space    used 4516K, capacity 4753K, committed 4812K, reserved 1048576K
2017-10-31T09:11:44.743-0700: 568.652: [GC (Allocation Failure) 2017-10-31T09:11:44.743-0700: 568.652: [ParNew
Desired survivor size 20112992 bytes, new threshold 8 (max 8)
- age   1:    2236912 bytes,    2236912 total
- age   2:     408312 bytes,    2645224 total
- age   3:       6976 bytes,    2652200 total
- age   4:      10184 bytes,    2662384 total
- age   5:       7320 bytes,    2669704 total
- age   6:       8880 bytes,    2678584 total
- age   7:       5424 bytes,    2684008 total
- age   8:       6816 bytes,    2690824 total
: 90205K->3074K(109248K), 0.0042558 secs] 111243K->24119K(502464K), 0.0043757 secs] [Times: user=0.06 sys=0.00, real=0.00 secs] 
Heap after GC invocations=72 (full 2):
 par new generation   total 109248K, used 3074K [0x00000000e0000000, 0x00000000e8000000, 0x00000000e8000000)
  eden space 87424K,   0% used [0x00000000e0000000, 0x00000000e0000000, 0x00000000e5560000)
  from space 21824K,  14% used [0x00000000e5560000, 0x00000000e5860810, 0x00000000e6ab0000)
  to   space 21824K,   0% used [0x00000000e6ab0000, 0x00000000e6ab0000, 0x00000000e8000000)
 concurrent mark-sweep generation total 393216K, used 21045K [0x00000000e8000000, 0x0000000100000000, 0x0000000100000000)
 Metaspace       used 39308K, capacity 40238K, committed 40396K, reserved 1085440K
  class space    used 4516K, capacity 4753K, committed 4812K, reserved 1048576K
}
2017-10-31T09:11:44.747-0700: 568.656: Total time for which application threads were stopped: 0.0047231 seconds, Stopping threads took: 0.0000379 seconds
2017-10-31T09:11:45.748-0700: 569.656: Total time for which application threads were stopped: 0.0001470 seconds, Stopping threads took: 0.0000345 seconds
2017-10-31T09:11:47.801-0700: 571.709: Total time for which application threads were stopped: 0.0007545 seconds, Stopping threads took: 0.0001402 seconds
2017-10-31T09:11:48.801-0700: 572.709: Total time for which application threads were stopped: 0.0001280 seconds, Stopping threads took: 0.0000244 seconds
{Heap before GC invocations=72 (full 2):
 par new generation   total 109248K, used 90102K [0x00000000e0000000, 0x00000000e8000000, 0x00000000e8000000)
  eden space 87424K,  99% used [0x00000000e0000000, 0x00000000e54fd2b0, 0x00000000e5560000)
  from space 21824K,  14% used [0x00000000e5560000, 0x00000000e5860810, 0x00000000e6ab0000)
  to   space 21824K,   0% used [0x00000000e6ab0000, 0x00000000e6ab0000, 0x00000000e8000000)
 concurrent mark-sweep generation total 393216K, used 21045K [0x00000000e8000000, 0x0000000100000000, 0x0000000100000000)
 Metaspace       used 39308K, capacity 40238K, committed 40396K, reserved 1085440K
  class space    used 4516K, capacity 4753K, committed 4812K, reserved 1048576K
2017-10-31T09:11:48.822-0700: 572.730: [GC (Allocation Failure) 2017-10-31T09:11:48.822-0700: 572.730: [ParNew
Desired survivor size 20112992 bytes, new threshold 8 (max 8)
- age   1:    1746848 bytes,    1746848 total
- age   2:       9024 bytes,    1755872 total
- age   3:       6768 bytes,    1762640 total
- age   4:       6976 bytes,    1769616 total
- age   5:       9680 bytes,    1779296 total
- age   6:       6888 bytes,    1786184 total
- age   7:       8880 bytes,    1795064 total
- age   8:       5424 bytes,    1800488 total
: 90102K->2682K(109248K), 0.0038400 secs] 111147K->23734K(502464K), 0.0039314 secs] [Times: user=0.06 sys=0.00, real=0.00 secs] 
Heap after GC invocations=73 (full 2):
 par new generation   total 109248K, used 2682K [0x00000000e0000000, 0x00000000e8000000, 0x00000000e8000000)
  eden space 87424K,   0% used [0x00000000e0000000, 0x00000000e0000000, 0x00000000e5560000)
  from space 21824K,  12% used [0x00000000e6ab0000, 0x00000000e6d4eb28, 0x00000000e8000000)
  to   space 21824K,   0% used [0x00000000e5560000, 0x00000000e5560000, 0x00000000e6ab0000)
 concurrent mark-sweep generation total 393216K, used 21051K [0x00000000e8000000, 0x0000000100000000, 0x0000000100000000)
 Metaspace       used 39308K, capacity 40238K, committed 40396K, reserved 1085440K
  class space    used 4516K, capacity 4753K, committed 4812K, reserved 1048576K
}
2017-10-31T09:11:48.826-0700: 572.734: Total time for which application threads were stopped: 0.0041956 seconds, Stopping threads took: 0.0000251 seconds
2017-10-31T09:11:49.827-0700: 573.735: Total time for which application threads were stopped: 0.0001470 seconds, Stopping threads took: 0.0000284 seconds
2017-10-31T09:11:50.405-0700: 574.314: Total time for which application threads were stopped: 0.0002011 seconds, Stopping threads took: 0.0000271 seconds
2017-10-31T09:11:51.406-0700: 575.314: Total time for which application threads were stopped: 0.0001876 seconds, Stopping threads took: 0.0000339 seconds
{Heap before GC invocations=73 (full 2):
 par new generation   total 109248K, used 89908K [0x00000000e0000000, 0x00000000e8000000, 0x00000000e8000000)
  eden space 87424K,  99% used [0x00000000e0000000, 0x00000000e552e818, 0x00000000e5560000)
  from space 21824K,  12% used [0x00000000e6ab0000, 0x00000000e6d4eb28, 0x00000000e8000000)
  to   space 21824K,   0% used [0x00000000e5560000, 0x00000000e5560000, 0x00000000e6ab0000)
 concurrent mark-sweep generation total 393216K, used 21051K [0x00000000e8000000, 0x0000000100000000, 0x0000000100000000)
 Metaspace       used 39308K, capacity 40238K, committed 40396K, reserved 1085440K
  class space    used 4516K, capacity 4753K, committed 4812K, reserved 1048576K
2017-10-31T09:11:51.940-0700: 575.849: [GC (Allocation Failure) 2017-10-31T09:11:51.940-0700: 575.849: [ParNew
Desired survivor size 20112992 bytes, new threshold 8 (max 8)
- age   1:    1839608 bytes,    1839608 total
- age   2:       8128 bytes,    1847736 total
- age   3:       7984 bytes,    1855720 total
- age   4:       6768 bytes,    1862488 total
- age   5:       6544 bytes,    1869032 total
- age   6:       9392 bytes,    1878424 total
- age   7:       6888 bytes,    1885312 total
- age   8:       8880 bytes,    1894192 total
: 89908K->2376K(109248K), 0.0055826 secs] 110960K->23433K(502464K), 0.0056523 secs] [Times: user=0.00 sys=0.00, real=0.01 secs] 
Heap after GC invocations=74 (full 2):
 par new generation   total 109248K, used 2376K [0x00000000e0000000, 0x00000000e8000000, 0x00000000e8000000)
  eden space 87424K,   0% used [0x00000000e0000000, 0x00000000e0000000, 0x00000000e5560000)
  from space 21824K,  10% used [0x00000000e5560000, 0x00000000e57b2160, 0x00000000e6ab0000)
  to   space 21824K,   0% used [0x00000000e6ab0000, 0x00000000e6ab0000, 0x00000000e8000000)
 concurrent mark-sweep generation total 393216K, used 21057K [0x00000000e8000000, 0x0000000100000000, 0x0000000100000000)
 Metaspace       used 39308K, capacity 40238K, committed 40396K, reserved 1085440K
  class space    used 4516K, capacity 4753K, committed 4812K, reserved 1048576K
}
2017-10-31T09:11:51.946-0700: 575.855: Total time for which application threads were stopped: 0.0058955 seconds, Stopping threads took: 0.0000251 seconds
2017-10-31T09:11:53.236-0700: 577.144: Total time for which application threads were stopped: 0.0010328 seconds, Stopping threads took: 0.0001801 seconds
2017-10-31T09:11:55.236-0700: 579.145: Total time for which application threads were stopped: 0.0001659 seconds, Stopping threads took: 0.0000427 seconds
{Heap before GC invocations=74 (full 2):
 par new generation   total 109248K, used 89785K [0x00000000e0000000, 0x00000000e8000000, 0x00000000e8000000)
  eden space 87424K,  99% used [0x00000000e0000000, 0x00000000e555c330, 0x00000000e5560000)
  from space 21824K,  10% used [0x00000000e5560000, 0x00000000e57b2160, 0x00000000e6ab0000)
  to   space 21824K,   0% used [0x00000000e6ab0000, 0x00000000e6ab0000, 0x00000000e8000000)
 concurrent mark-sweep generation total 393216K, used 21057K [0x00000000e8000000, 0x0000000100000000, 0x0000000100000000)
 Metaspace       used 39309K, capacity 40238K, committed 40396K, reserved 1085440K
  class space    used 4516K, capacity 4753K, committed 4812K, reserved 1048576K
2017-10-31T09:11:55.358-0700: 579.266: [GC (Allocation Failure) 2017-10-31T09:11:55.358-0700: 579.266: [ParNew
Desired survivor size 20112992 bytes, new threshold 8 (max 8)
- age   1:    1735768 bytes,    1735768 total
- age   2:       8976 bytes,    1744744 total
- age   3:       7216 bytes,    1751960 total
- age   4:       7984 bytes,    1759944 total
- age   5:       6408 bytes,    1766352 total
- age   6:       6184 bytes,    1772536 total
- age   7:       9392 bytes,    1781928 total
- age   8:       6888 bytes,    1788816 total
: 89785K->2232K(109248K), 0.0047516 secs] 110842K->23298K(502464K), 0.0048728 secs] [Times: user=0.00 sys=0.00, real=0.00 secs] 
Heap after GC invocations=75 (full 2):
 par new generation   total 109248K, used 2232K [0x00000000e0000000, 0x00000000e8000000, 0x00000000e8000000)
  eden space 87424K,   0% used [0x00000000e0000000, 0x00000000e0000000, 0x00000000e5560000)
  from space 21824K,  10% used [0x00000000e6ab0000, 0x00000000e6cde0d0, 0x00000000e8000000)
  to   space 21824K,   0% used [0x00000000e5560000, 0x00000000e5560000, 0x00000000e6ab0000)
 concurrent mark-sweep generation total 393216K, used 21065K [0x00000000e8000000, 0x0000000100000000, 0x0000000100000000)
 Metaspace       used 39309K, capacity 40238K, committed 40396K, reserved 1085440K
  class space    used 4516K, capacity 4753K, committed 4812K, reserved 1048576K
}
2017-10-31T09:11:55.363-0700: 579.271: Total time for which application threads were stopped: 0.0052751 seconds, Stopping threads took: 0.0000494 seconds
2017-10-31T09:11:56.155-0700: 580.063: Total time for which application threads were stopped: 0.0003041 seconds, Stopping threads took: 0.0000555 seconds
2017-10-31T09:11:57.155-0700: 581.064: Total time for which application threads were stopped: 0.0001795 seconds, Stopping threads took: 0.0000359 seconds
2017-10-31T09:11:58.994-0700: 582.903: Total time for which application threads were stopped: 0.0007172 seconds, Stopping threads took: 0.0004897 seconds
{Heap before GC invocations=75 (full 2):
 par new generation   total 109248K, used 89622K [0x00000000e0000000, 0x00000000e8000000, 0x00000000e8000000)
  eden space 87424K,  99% used [0x00000000e0000000, 0x00000000e5557910, 0x00000000e5560000)
  from space 21824K,  10% used [0x00000000e6ab0000, 0x00000000e6cde0d0, 0x00000000e8000000)
  to   space 21824K,   0% used [0x00000000e5560000, 0x00000000e5560000, 0x00000000e6ab0000)
 concurrent mark-sweep generation total 393216K, used 21065K [0x00000000e8000000, 0x0000000100000000, 0x0000000100000000)
 Metaspace       used 39309K, capacity 40238K, committed 40396K, reserved 1085440K
  class space    used 4516K, capacity 4753K, committed 4812K, reserved 1048576K
2017-10-31T09:11:59.005-0700: 582.913: [GC (Allocation Failure) 2017-10-31T09:11:59.005-0700: 582.913: [ParNew
Desired survivor size 20112992 bytes, new threshold 8 (max 8)
- age   1:    1953832 bytes,    1953832 total
- age   2:       7464 bytes,    1961296 total
- age   3:       8064 bytes,    1969360 total
- age   4:       7216 bytes,    1976576 total
- age   5:       7552 bytes,    1984128 total
- age   6:       5976 bytes,    1990104 total
- age   7:       6184 bytes,    1996288 total
- age   8:       9392 bytes,    2005680 total
: 89622K->2343K(109248K), 0.0042646 secs] 110688K->23416K(502464K), 0.0043696 secs] [Times: user=0.00 sys=0.00, real=0.00 secs] 
Heap after GC invocations=76 (full 2):
 par new generation   total 109248K, used 2343K [0x00000000e0000000, 0x00000000e8000000, 0x00000000e8000000)
  eden space 87424K,   0% used [0x00000000e0000000, 0x00000000e0000000, 0x00000000e5560000)
  from space 21824K,  10% used [0x00000000e5560000, 0x00000000e57a9e28, 0x00000000e6ab0000)
  to   space 21824K,   0% used [0x00000000e6ab0000, 0x00000000e6ab0000, 0x00000000e8000000)
 concurrent mark-sweep generation total 393216K, used 21072K [0x00000000e8000000, 0x0000000100000000, 0x0000000100000000)
 Metaspace       used 39309K, capacity 40238K, committed 40396K, reserved 1085440K
  class space    used 4516K, capacity 4753K, committed 4812K, reserved 1048576K
}
2017-10-31T09:11:59.009-0700: 582.918: Total time for which application threads were stopped: 0.0047265 seconds, Stopping threads took: 0.0000359 seconds
2017-10-31T09:12:01.977-0700: 585.885: Total time for which application threads were stopped: 0.0002723 seconds, Stopping threads took: 0.0000393 seconds
{Heap before GC invocations=76 (full 2):
 par new generation   total 109248K, used 89767K [0x00000000e0000000, 0x00000000e8000000, 0x00000000e8000000)
  eden space 87424K, 100% used [0x00000000e0000000, 0x00000000e5560000, 0x00000000e5560000)
  from space 21824K,  10% used [0x00000000e5560000, 0x00000000e57a9e28, 0x00000000e6ab0000)
  to   space 21824K,   0% used [0x00000000e6ab0000, 0x00000000e6ab0000, 0x00000000e8000000)
 concurrent mark-sweep generation total 393216K, used 21072K [0x00000000e8000000, 0x0000000100000000, 0x0000000100000000)
 Metaspace       used 39309K, capacity 40238K, committed 40396K, reserved 1085440K
  class space    used 4516K, capacity 4753K, committed 4812K, reserved 1048576K
2017-10-31T09:12:02.024-0700: 585.933: [GC (Allocation Failure) 2017-10-31T09:12:02.024-0700: 585.933: [ParNew
Desired survivor size 20112992 bytes, new threshold 8 (max 8)
- age   1:    2609880 bytes,    2609880 total
- age   2:      91968 bytes,    2701848 total
- age   3:       6552 bytes,    2708400 total
- age   4:       8064 bytes,    2716464 total
- age   5:       6784 bytes,    2723248 total
- age   6:       7336 bytes,    2730584 total
- age   7:       5976 bytes,    2736560 total
- age   8:       6184 bytes,    2742744 total
: 89767K->3102K(109248K), 0.0049053 secs] 110840K->24184K(502464K), 0.0050211 secs] [Times: user=0.06 sys=0.00, real=0.01 secs] 
Heap after GC invocations=77 (full 2):
 par new generation   total 109248K, used 3102K [0x00000000e0000000, 0x00000000e8000000, 0x00000000e8000000)
  eden space 87424K,   0% used [0x00000000e0000000, 0x00000000e0000000, 0x00000000e5560000)
  from space 21824K,  14% used [0x00000000e6ab0000, 0x00000000e6db7be0, 0x00000000e8000000)
  to   space 21824K,   0% used [0x00000000e5560000, 0x00000000e5560000, 0x00000000e6ab0000)
 concurrent mark-sweep generation total 393216K, used 21081K [0x00000000e8000000, 0x0000000100000000, 0x0000000100000000)
 Metaspace       used 39309K, capacity 40238K, committed 40396K, reserved 1085440K
  class space    used 4516K, capacity 4753K, committed 4812K, reserved 1048576K
}
2017-10-31T09:12:02.029-0700: 585.938: Total time for which application threads were stopped: 0.0054173 seconds, Stopping threads took: 0.0000386 seconds
2017-10-31T09:12:04.795-0700: 588.703: Total time for which application threads were stopped: 0.0002452 seconds, Stopping threads took: 0.0000372 seconds
{Heap before GC invocations=77 (full 2):
 par new generation   total 109248K, used 90432K [0x00000000e0000000, 0x00000000e8000000, 0x00000000e8000000)
  eden space 87424K,  99% used [0x00000000e0000000, 0x00000000e5548558, 0x00000000e5560000)
  from space 21824K,  14% used [0x00000000e6ab0000, 0x00000000e6db7be0, 0x00000000e8000000)
  to   space 21824K,   0% used [0x00000000e5560000, 0x00000000e5560000, 0x00000000e6ab0000)
 concurrent mark-sweep generation total 393216K, used 21081K [0x00000000e8000000, 0x0000000100000000, 0x0000000100000000)
 Metaspace       used 39309K, capacity 40238K, committed 40396K, reserved 1085440K
  class space    used 4516K, capacity 4753K, committed 4812K, reserved 1048576K
2017-10-31T09:12:05.120-0700: 589.029: [GC (Allocation Failure) 2017-10-31T09:12:05.120-0700: 589.029: [ParNew
Desired survivor size 20112992 bytes, new threshold 8 (max 8)
- age   1:    1912144 bytes,    1912144 total
- age   2:      78184 bytes,    1990328 total
- age   3:      10056 bytes,    2000384 total
- age   4:       6552 bytes,    2006936 total
- age   5:       7704 bytes,    2014640 total
- age   6:       6424 bytes,    2021064 total
- age   7:       7336 bytes,    2028400 total
- age   8:       5976 bytes,    2034376 total
: 90432K->3463K(109248K), 0.0046988 secs] 111514K->24551K(502464K), 0.0047997 secs] [Times: user=0.00 sys=0.00, real=0.01 secs] 
Heap after GC invocations=78 (full 2):
 par new generation   total 109248K, used 3463K [0x00000000e0000000, 0x00000000e8000000, 0x00000000e8000000)
  eden space 87424K,   0% used [0x00000000e0000000, 0x00000000e0000000, 0x00000000e5560000)
  from space 21824K,  15% used [0x00000000e5560000, 0x00000000e58c1f30, 0x00000000e6ab0000)
  to   space 21824K,   0% used [0x00000000e6ab0000, 0x00000000e6ab0000, 0x00000000e8000000)
 concurrent mark-sweep generation total 393216K, used 21087K [0x00000000e8000000, 0x0000000100000000, 0x0000000100000000)
 Metaspace       used 39309K, capacity 40238K, committed 40396K, reserved 1085440K
  class space    used 4516K, capacity 4753K, committed 4812K, reserved 1048576K
}
2017-10-31T09:12:05.125-0700: 589.034: Total time for which application threads were stopped: 0.0051085 seconds, Stopping threads took: 0.0000345 seconds
2017-10-31T09:12:06.126-0700: 590.035: Total time for which application threads were stopped: 0.0004091 seconds, Stopping threads took: 0.0000894 seconds
2017-10-31T09:12:07.740-0700: 591.649: Total time for which application threads were stopped: 0.0003021 seconds, Stopping threads took: 0.0000610 seconds
{Heap before GC invocations=78 (full 2):
 par new generation   total 109248K, used 90849K [0x00000000e0000000, 0x00000000e8000000, 0x00000000e8000000)
  eden space 87424K,  99% used [0x00000000e0000000, 0x00000000e5556670, 0x00000000e5560000)
  from space 21824K,  15% used [0x00000000e5560000, 0x00000000e58c1f30, 0x00000000e6ab0000)
  to   space 21824K,   0% used [0x00000000e6ab0000, 0x00000000e6ab0000, 0x00000000e8000000)
 concurrent mark-sweep generation total 393216K, used 21087K [0x00000000e8000000, 0x0000000100000000, 0x0000000100000000)
 Metaspace       used 39312K, capacity 40302K, committed 40396K, reserved 1085440K
  class space    used 4516K, capacity 4753K, committed 4812K, reserved 1048576K
2017-10-31T09:12:08.647-0700: 592.556: [GC (Allocation Failure) 2017-10-31T09:12:08.647-0700: 592.556: [ParNew
Desired survivor size 20112992 bytes, new threshold 8 (max 8)
- age   1:    1822208 bytes,    1822208 total
- age   2:      73968 bytes,    1896176 total
- age   3:       6080 bytes,    1902256 total
- age   4:      10056 bytes,    1912312 total
- age   5:       6192 bytes,    1918504 total
- age   6:       7272 bytes,    1925776 total
- age   7:       6424 bytes,    1932200 total
- age   8:       7336 bytes,    1939536 total
: 90849K->2291K(109248K), 0.0038109 secs] 111937K->23385K(502464K), 0.0038969 secs] [Times: user=0.01 sys=0.00, real=0.00 secs] 
Heap after GC invocations=79 (full 2):
 par new generation   total 109248K, used 2291K [0x00000000e0000000, 0x00000000e8000000, 0x00000000e8000000)
  eden space 87424K,   0% used [0x00000000e0000000, 0x00000000e0000000, 0x00000000e5560000)
  from space 21824K,  10% used [0x00000000e6ab0000, 0x00000000e6cece38, 0x00000000e8000000)
  to   space 21824K,   0% used [0x00000000e5560000, 0x00000000e5560000, 0x00000000e6ab0000)
 concurrent mark-sweep generation total 393216K, used 21093K [0x00000000e8000000, 0x0000000100000000, 0x0000000100000000)
 Metaspace       used 39312K, capacity 40302K, committed 40396K, reserved 1085440K
  class space    used 4516K, capacity 4753K, committed 4812K, reserved 1048576K
}
2017-10-31T09:12:08.651-0700: 592.560: Total time for which application threads were stopped: 0.0041820 seconds, Stopping threads took: 0.0000251 seconds
2017-10-31T09:12:10.425-0700: 594.333: Total time for which application threads were stopped: 0.0002716 seconds, Stopping threads took: 0.0000366 seconds
{Heap before GC invocations=79 (full 2):
 par new generation   total 109248K, used 89259K [0x00000000e0000000, 0x00000000e8000000, 0x00000000e8000000)
  eden space 87424K,  99% used [0x00000000e0000000, 0x00000000e54edf90, 0x00000000e5560000)
  from space 21824K,  10% used [0x00000000e6ab0000, 0x00000000e6cece38, 0x00000000e8000000)
  to   space 21824K,   0% used [0x00000000e5560000, 0x00000000e5560000, 0x00000000e6ab0000)
 concurrent mark-sweep generation total 393216K, used 21093K [0x00000000e8000000, 0x0000000100000000, 0x0000000100000000)
 Metaspace       used 39312K, capacity 40302K, committed 40396K, reserved 1085440K
  class space    used 4516K, capacity 4753K, committed 4812K, reserved 1048576K
2017-10-31T09:12:11.839-0700: 595.748: [GC (Allocation Failure) 2017-10-31T09:12:11.840-0700: 595.748: [ParNew
Desired survivor size 20112992 bytes, new threshold 8 (max 8)
- age   1:    1968368 bytes,    1968368 total
- age   2:       9616 bytes,    1977984 total
- age   3:       5976 bytes,    1983960 total
- age   4:       6080 bytes,    1990040 total
- age   5:       9768 bytes,    1999808 total
- age   6:       5760 bytes,    2005568 total
- age   7:       7272 bytes,    2012840 total
- age   8:       6424 bytes,    2019264 total
: 89259K->2288K(109248K), 0.0040818 secs] 110353K->23389K(502464K), 0.0041651 secs] [Times: user=0.00 sys=0.00, real=0.01 secs] 
Heap after GC invocations=80 (full 2):
 par new generation   total 109248K, used 2288K [0x00000000e0000000, 0x00000000e8000000, 0x00000000e8000000)
  eden space 87424K,   0% used [0x00000000e0000000, 0x00000000e0000000, 0x00000000e5560000)
  from space 21824K,  10% used [0x00000000e5560000, 0x00000000e579c100, 0x00000000e6ab0000)
  to   space 21824K,   0% used [0x00000000e6ab0000, 0x00000000e6ab0000, 0x00000000e8000000)
 concurrent mark-sweep generation total 393216K, used 21100K [0x00000000e8000000, 0x0000000100000000, 0x0000000100000000)
 Metaspace       used 39312K, capacity 40302K, committed 40396K, reserved 1085440K
  class space    used 4516K, capacity 4753K, committed 4812K, reserved 1048576K
}
2017-10-31T09:12:11.844-0700: 595.752: Total time for which application threads were stopped: 0.0044075 seconds, Stopping threads took: 0.0000237 seconds
2017-10-31T09:12:12.845-0700: 596.753: Total time for which application threads were stopped: 0.0001686 seconds, Stopping threads took: 0.0000318 seconds
2017-10-31T09:12:13.098-0700: 597.007: Total time for which application threads were stopped: 0.0002458 seconds, Stopping threads took: 0.0000589 seconds
2017-10-31T09:12:14.099-0700: 598.007: Total time for which application threads were stopped: 0.0001720 seconds, Stopping threads took: 0.0000339 seconds
{Heap before GC invocations=80 (full 2):
 par new generation   total 109248K, used 89419K [0x00000000e0000000, 0x00000000e8000000, 0x00000000e8000000)
  eden space 87424K,  99% used [0x00000000e0000000, 0x00000000e5516e68, 0x00000000e5560000)
  from space 21824K,  10% used [0x00000000e5560000, 0x00000000e579c100, 0x00000000e6ab0000)
  to   space 21824K,   0% used [0x00000000e6ab0000, 0x00000000e6ab0000, 0x00000000e8000000)
 concurrent mark-sweep generation total 393216K, used 21100K [0x00000000e8000000, 0x0000000100000000, 0x0000000100000000)
 Metaspace       used 39343K, capacity 40302K, committed 40396K, reserved 1085440K
  class space    used 4517K, capacity 4753K, committed 4812K, reserved 1048576K
2017-10-31T09:12:15.319-0700: 599.228: [GC (Allocation Failure) 2017-10-31T09:12:15.319-0700: 599.228: [ParNew
Desired survivor size 20112992 bytes, new threshold 8 (max 8)
- age   1:    2081864 bytes,    2081864 total
- age   2:       7648 bytes,    2089512 total
- age   3:       8704 bytes,    2098216 total
- age   4:       5976 bytes,    2104192 total
- age   5:       5864 bytes,    2110056 total
- age   6:       9264 bytes,    2119320 total
- age   7:       5760 bytes,    2125080 total
- age   8:       7272 bytes,    2132352 total
: 89419K->2916K(109248K), 0.0071165 secs] 110520K->24023K(502464K), 0.0071978 secs] [Times: user=0.02 sys=0.00, real=0.01 secs] 
Heap after GC invocations=81 (full 2):
 par new generation   total 109248K, used 2916K [0x00000000e0000000, 0x00000000e8000000, 0x00000000e8000000)
  eden space 87424K,   0% used [0x00000000e0000000, 0x00000000e0000000, 0x00000000e5560000)
  from space 21824K,  13% used [0x00000000e6ab0000, 0x00000000e6d89140, 0x00000000e8000000)
  to   space 21824K,   0% used [0x00000000e5560000, 0x00000000e5560000, 0x00000000e6ab0000)
 concurrent mark-sweep generation total 393216K, used 21107K [0x00000000e8000000, 0x0000000100000000, 0x0000000100000000)
 Metaspace       used 39343K, capacity 40302K, committed 40396K, reserved 1085440K
  class space    used 4517K, capacity 4753K, committed 4812K, reserved 1048576K
}
2017-10-31T09:12:15.327-0700: 599.235: Total time for which application threads were stopped: 0.0074443 seconds, Stopping threads took: 0.0000210 seconds
2017-10-31T09:12:16.117-0700: 600.025: Total time for which application threads were stopped: 0.0002662 seconds, Stopping threads took: 0.0000508 seconds
{Heap before GC invocations=81 (full 2):
 par new generation   total 109248K, used 89859K [0x00000000e0000000, 0x00000000e8000000, 0x00000000e8000000)
  eden space 87424K,  99% used [0x00000000e0000000, 0x00000000e54e7c10, 0x00000000e5560000)
  from space 21824K,  13% used [0x00000000e6ab0000, 0x00000000e6d89140, 0x00000000e8000000)
  to   space 21824K,   0% used [0x00000000e5560000, 0x00000000e5560000, 0x00000000e6ab0000)
 concurrent mark-sweep generation total 393216K, used 21107K [0x00000000e8000000, 0x0000000100000000, 0x0000000100000000)
 Metaspace       used 39343K, capacity 40302K, committed 40396K, reserved 1085440K
  class space    used 4517K, capacity 4753K, committed 4812K, reserved 1048576K
2017-10-31T09:12:18.445-0700: 602.353: [GC (Allocation Failure) 2017-10-31T09:12:18.445-0700: 602.353: [ParNew
Desired survivor size 20112992 bytes, new threshold 8 (max 8)
- age   1:    2230352 bytes,    2230352 total
- age   2:      10120 bytes,    2240472 total
- age   3:       6736 bytes,    2247208 total
- age   4:       8704 bytes,    2255912 total
- age   5:       5760 bytes,    2261672 total
- age   6:       5360 bytes,    2267032 total
- age   7:       9264 bytes,    2276296 total
- age   8:       5760 bytes,    2282056 total
: 89859K->2627K(109248K), 0.0048444 secs] 110966K->23741K(502464K), 0.0049480 secs] [Times: user=0.06 sys=0.00, real=0.01 secs] 
Heap after GC invocations=82 (full 2):
 par new generation   total 109248K, used 2627K [0x00000000e0000000, 0x00000000e8000000, 0x00000000e8000000)
  eden space 87424K,   0% used [0x00000000e0000000, 0x00000000e0000000, 0x00000000e5560000)
  from space 21824K,  12% used [0x00000000e5560000, 0x00000000e57f0da0, 0x00000000e6ab0000)
  to   space 21824K,   0% used [0x00000000e6ab0000, 0x00000000e6ab0000, 0x00000000e8000000)
 concurrent mark-sweep generation total 393216K, used 21114K [0x00000000e8000000, 0x0000000100000000, 0x0000000100000000)
 Metaspace       used 39343K, capacity 40302K, committed 40396K, reserved 1085440K
  class space    used 4517K, capacity 4753K, committed 4812K, reserved 1048576K
}
2017-10-31T09:12:18.450-0700: 602.358: Total time for which application threads were stopped: 0.0052649 seconds, Stopping threads took: 0.0000366 seconds
2017-10-31T09:12:18.706-0700: 602.614: Total time for which application threads were stopped: 0.0004334 seconds, Stopping threads took: 0.0001185 seconds
2017-10-31T09:12:19.706-0700: 603.614: Total time for which application threads were stopped: 0.0001544 seconds, Stopping threads took: 0.0000413 seconds
2017-10-31T09:12:21.677-0700: 605.586: Total time for which application threads were stopped: 0.0002154 seconds, Stopping threads took: 0.0000508 seconds
{Heap before GC invocations=82 (full 2):
 par new generation   total 109248K, used 89963K [0x00000000e0000000, 0x00000000e8000000, 0x00000000e8000000)
  eden space 87424K,  99% used [0x00000000e0000000, 0x00000000e554a240, 0x00000000e5560000)
  from space 21824K,  12% used [0x00000000e5560000, 0x00000000e57f0da0, 0x00000000e6ab0000)
  to   space 21824K,   0% used [0x00000000e6ab0000, 0x00000000e6ab0000, 0x00000000e8000000)
 concurrent mark-sweep generation total 393216K, used 21114K [0x00000000e8000000, 0x0000000100000000, 0x0000000100000000)
 Metaspace       used 39343K, capacity 40302K, committed 40396K, reserved 1085440K
  class space    used 4517K, capacity 4753K, committed 4812K, reserved 1048576K
2017-10-31T09:12:21.707-0700: 605.615: [GC (Allocation Failure) 2017-10-31T09:12:21.707-0700: 605.615: [ParNew
Desired survivor size 20112992 bytes, new threshold 8 (max 8)
- age   1:    2973168 bytes,    2973168 total
- age   2:      75000 bytes,    3048168 total
- age   3:       9208 bytes,    3057376 total
- age   4:       6696 bytes,    3064072 total
- age   5:       8416 bytes,    3072488 total
- age   6:       5256 bytes,    3077744 total
- age   7:       5360 bytes,    3083104 total
- age   8:       9264 bytes,    3092368 total
: 89963K->3919K(109248K), 0.0052555 secs] 111078K->25038K(502464K), 0.0053503 secs] [Times: user=0.00 sys=0.00, real=0.00 secs] 
Heap after GC invocations=83 (full 2):
 par new generation   total 109248K, used 3919K [0x00000000e0000000, 0x00000000e8000000, 0x00000000e8000000)
  eden space 87424K,   0% used [0x00000000e0000000, 0x00000000e0000000, 0x00000000e5560000)
  from space 21824K,  17% used [0x00000000e6ab0000, 0x00000000e6e83c90, 0x00000000e8000000)
  to   space 21824K,   0% used [0x00000000e5560000, 0x00000000e5560000, 0x00000000e6ab0000)
 concurrent mark-sweep generation total 393216K, used 21119K [0x00000000e8000000, 0x0000000100000000, 0x0000000100000000)
 Metaspace       used 39343K, capacity 40302K, committed 40396K, reserved 1085440K
  class space    used 4517K, capacity 4753K, committed 4812K, reserved 1048576K
}
2017-10-31T09:12:21.712-0700: 605.620: Total time for which application threads were stopped: 0.0056625 seconds, Stopping threads took: 0.0000521 seconds
2017-10-31T09:12:22.712-0700: 606.621: Total time for which application threads were stopped: 0.0001388 seconds, Stopping threads took: 0.0000298 seconds
2017-10-31T09:12:23.712-0700: 607.621: Total time for which application threads were stopped: 0.0001578 seconds, Stopping threads took: 0.0000271 seconds
2017-10-31T09:12:24.242-0700: 608.151: Total time for which application threads were stopped: 0.0007104 seconds, Stopping threads took: 0.0001287 seconds
{Heap before GC invocations=83 (full 2):
 par new generation   total 109248K, used 91343K [0x00000000e0000000, 0x00000000e8000000, 0x00000000e8000000)
  eden space 87424K, 100% used [0x00000000e0000000, 0x00000000e5560000, 0x00000000e5560000)
  from space 21824K,  17% used [0x00000000e6ab0000, 0x00000000e6e83c90, 0x00000000e8000000)
  to   space 21824K,   0% used [0x00000000e5560000, 0x00000000e5560000, 0x00000000e6ab0000)
 concurrent mark-sweep generation total 393216K, used 21119K [0x00000000e8000000, 0x0000000100000000, 0x0000000100000000)
 Metaspace       used 39343K, capacity 40302K, committed 40396K, reserved 1085440K
  class space    used 4517K, capacity 4753K, committed 4812K, reserved 1048576K
2017-10-31T09:12:24.344-0700: 608.253: [GC (Allocation Failure) 2017-10-31T09:12:24.344-0700: 608.253: [ParNew
Desired survivor size 20112992 bytes, new threshold 8 (max 8)
- age   1:    2487152 bytes,    2487152 total
- age   2:     617536 bytes,    3104688 total
- age   3:       7008 bytes,    3111696 total
- age   4:       9208 bytes,    3120904 total
- age   5:       6552 bytes,    3127456 total
- age   6:       7984 bytes,    3135440 total
- age   7:       5256 bytes,    3140696 total
- age   8:       5360 bytes,    3146056 total
: 91343K->3535K(109248K), 0.0070529 secs] 112462K->24664K(502464K), 0.0071497 secs] [Times: user=0.00 sys=0.00, real=0.01 secs] 
Heap after GC invocations=84 (full 2):
 par new generation   total 109248K, used 3535K [0x00000000e0000000, 0x00000000e8000000, 0x00000000e8000000)
  eden space 87424K,   0% used [0x00000000e0000000, 0x00000000e0000000, 0x00000000e5560000)
  from space 21824K,  16% used [0x00000000e5560000, 0x00000000e58d3f40, 0x00000000e6ab0000)
  to   space 21824K,   0% used [0x00000000e6ab0000, 0x00000000e6ab0000, 0x00000000e8000000)
 concurrent mark-sweep generation total 393216K, used 21128K [0x00000000e8000000, 0x0000000100000000, 0x0000000100000000)
 Metaspace       used 39343K, capacity 40302K, committed 40396K, reserved 1085440K
  class space    used 4517K, capacity 4753K, committed 4812K, reserved 1048576K
}
2017-10-31T09:12:24.351-0700: 608.260: Total time for which application threads were stopped: 0.0074328 seconds, Stopping threads took: 0.0000251 seconds
2017-10-31T09:12:25.351-0700: 609.259: Total time for which application threads were stopped: 0.0001984 seconds, Stopping threads took: 0.0000542 seconds
2017-10-31T09:12:26.351-0700: 610.260: Total time for which application threads were stopped: 0.0002120 seconds, Stopping threads took: 0.0000508 seconds
2017-10-31T09:12:27.179-0700: 611.088: Total time for which application threads were stopped: 0.0002276 seconds, Stopping threads took: 0.0000508 seconds
{Heap before GC invocations=84 (full 2):
 par new generation   total 109248K, used 90719K [0x00000000e0000000, 0x00000000e8000000, 0x00000000e8000000)
  eden space 87424K,  99% used [0x00000000e0000000, 0x00000000e5523dd8, 0x00000000e5560000)
  from space 21824K,  16% used [0x00000000e5560000, 0x00000000e58d3f40, 0x00000000e6ab0000)
  to   space 21824K,   0% used [0x00000000e6ab0000, 0x00000000e6ab0000, 0x00000000e8000000)
 concurrent mark-sweep generation total 393216K, used 21128K [0x00000000e8000000, 0x0000000100000000, 0x0000000100000000)
 Metaspace       used 39343K, capacity 40302K, committed 40396K, reserved 1085440K
  class space    used 4517K, capacity 4753K, committed 4812K, reserved 1048576K
2017-10-31T09:12:27.481-0700: 611.389: [GC (Allocation Failure) 2017-10-31T09:12:27.481-0700: 611.389: [ParNew
Desired survivor size 20112992 bytes, new threshold 8 (max 8)
- age   1:    2090944 bytes,    2090944 total
- age   2:      78616 bytes,    2169560 total
- age   3:       6864 bytes,    2176424 total
- age   4:       7008 bytes,    2183432 total
- age   5:       9064 bytes,    2192496 total
- age   6:       5904 bytes,    2198400 total
- age   7:       7768 bytes,    2206168 total
- age   8:       5256 bytes,    2211424 total
: 90719K->3658K(109248K), 0.0052954 secs] 111848K->24793K(502464K), 0.0053787 secs] [Times: user=0.00 sys=0.00, real=0.01 secs] 
Heap after GC invocations=85 (full 2):
 par new generation   total 109248K, used 3658K [0x00000000e0000000, 0x00000000e8000000, 0x00000000e8000000)
  eden space 87424K,   0% used [0x00000000e0000000, 0x00000000e0000000, 0x00000000e5560000)
  from space 21824K,  16% used [0x00000000e6ab0000, 0x00000000e6e42bb0, 0x00000000e8000000)
  to   space 21824K,   0% used [0x00000000e5560000, 0x00000000e5560000, 0x00000000e6ab0000)
 concurrent mark-sweep generation total 393216K, used 21134K [0x00000000e8000000, 0x0000000100000000, 0x0000000100000000)
 Metaspace       used 39343K, capacity 40302K, committed 40396K, reserved 1085440K
  class space    used 4517K, capacity 4753K, committed 4812K, reserved 1048576K
}
2017-10-31T09:12:27.486-0700: 611.394: Total time for which application threads were stopped: 0.0056523 seconds, Stopping threads took: 0.0000223 seconds
2017-10-31T09:12:29.487-0700: 613.395: Total time for which application threads were stopped: 0.0002675 seconds, Stopping threads took: 0.0000494 seconds
2017-10-31T09:12:29.937-0700: 613.846: Total time for which application threads were stopped: 0.0002824 seconds, Stopping threads took: 0.0000528 seconds
2017-10-31T09:12:30.938-0700: 614.846: Total time for which application threads were stopped: 0.0001415 seconds, Stopping threads took: 0.0000278 seconds
{Heap before GC invocations=85 (full 2):
 par new generation   total 109248K, used 91082K [0x00000000e0000000, 0x00000000e8000000, 0x00000000e8000000)
  eden space 87424K, 100% used [0x00000000e0000000, 0x00000000e5560000, 0x00000000e5560000)
  from space 21824K,  16% used [0x00000000e6ab0000, 0x00000000e6e42bb0, 0x00000000e8000000)
  to   space 21824K,   0% used [0x00000000e5560000, 0x00000000e5560000, 0x00000000e6ab0000)
 concurrent mark-sweep generation total 393216K, used 21134K [0x00000000e8000000, 0x0000000100000000, 0x0000000100000000)
 Metaspace       used 39343K, capacity 40302K, committed 40396K, reserved 1085440K
  class space    used 4517K, capacity 4753K, committed 4812K, reserved 1048576K
2017-10-31T09:12:30.992-0700: 614.900: [GC (Allocation Failure) 2017-10-31T09:12:30.992-0700: 614.900: [ParNew
Desired survivor size 20112992 bytes, new threshold 8 (max 8)
- age   1:    2168824 bytes,    2168824 total
- age   2:      10888 bytes,    2179712 total
- age   3:       6464 bytes,    2186176 total
- age   4:       6864 bytes,    2193040 total
- age   5:       6864 bytes,    2199904 total
- age   6:       8416 bytes,    2208320 total
- age   7:       5904 bytes,    2214224 total
- age   8:       7768 bytes,    2221992 total
: 91082K->2801K(109248K), 0.0046331 secs] 112217K->23941K(502464K), 0.0047238 secs] [Times: user=0.06 sys=0.00, real=0.00 secs] 
Heap after GC invocations=86 (full 2):
 par new generation   total 109248K, used 2801K [0x00000000e0000000, 0x00000000e8000000, 0x00000000e8000000)
  eden space 87424K,   0% used [0x00000000e0000000, 0x00000000e0000000, 0x00000000e5560000)
  from space 21824K,  12% used [0x00000000e5560000, 0x00000000e581c7b0, 0x00000000e6ab0000)
  to   space 21824K,   0% used [0x00000000e6ab0000, 0x00000000e6ab0000, 0x00000000e8000000)
 concurrent mark-sweep generation total 393216K, used 21139K [0x00000000e8000000, 0x0000000100000000, 0x0000000100000000)
 Metaspace       used 39343K, capacity 40302K, committed 40396K, reserved 1085440K
  class space    used 4517K, capacity 4753K, committed 4812K, reserved 1048576K
}
2017-10-31T09:12:30.996-0700: 614.905: Total time for which application threads were stopped: 0.0050089 seconds, Stopping threads took: 0.0000244 seconds
2017-10-31T09:12:39.000-0700: 622.909: Total time for which application threads were stopped: 0.0001883 seconds, Stopping threads took: 0.0000386 seconds
2017-10-31T09:12:46.659-0700: 630.567: Total time for which application threads were stopped: 0.0001971 seconds, Stopping threads took: 0.0000562 seconds
2017-10-31T09:12:46.662-0700: 630.571: Total time for which application threads were stopped: 0.0002066 seconds, Stopping threads took: 0.0000562 seconds
2017-10-31T09:12:46.663-0700: 630.571: Total time for which application threads were stopped: 0.0002221 seconds, Stopping threads took: 0.0001266 seconds
2017-10-31T09:12:54.669-0700: 638.577: Total time for which application threads were stopped: 0.0002729 seconds, Stopping threads took: 0.0000718 seconds
2017-10-31T09:13:12.679-0700: 656.587: Total time for which application threads were stopped: 0.0003170 seconds, Stopping threads took: 0.0000806 seconds
2017-10-31T09:15:52.765-0700: 816.673: Total time for which application threads were stopped: 0.0001822 seconds, Stopping threads took: 0.0000352 seconds
{Heap before GC invocations=86 (full 2):
 par new generation   total 109248K, used 90101K [0x00000000e0000000, 0x00000000e8000000, 0x00000000e8000000)
  eden space 87424K,  99% used [0x00000000e0000000, 0x00000000e5540fd0, 0x00000000e5560000)
  from space 21824K,  12% used [0x00000000e5560000, 0x00000000e581c7b0, 0x00000000e6ab0000)
  to   space 21824K,   0% used [0x00000000e6ab0000, 0x00000000e6ab0000, 0x00000000e8000000)
 concurrent mark-sweep generation total 393216K, used 21139K [0x00000000e8000000, 0x0000000100000000, 0x0000000100000000)
 Metaspace       used 39389K, capacity 40366K, committed 40652K, reserved 1085440K
  class space    used 4521K, capacity 4753K, committed 4812K, reserved 1048576K
2017-10-31T09:15:54.057-0700: 817.965: [GC (Allocation Failure) 2017-10-31T09:15:54.057-0700: 817.966: [ParNew
Desired survivor size 20112992 bytes, new threshold 8 (max 8)
- age   1:    1385336 bytes,    1385336 total
- age   2:       6744 bytes,    1392080 total
- age   3:       7752 bytes,    1399832 total
- age   4:       5816 bytes,    1405648 total
- age   5:       6144 bytes,    1411792 total
- age   6:       6072 bytes,    1417864 total
- age   7:       8416 bytes,    1426280 total
- age   8:       5904 bytes,    1432184 total
: 90101K->1746K(109248K), 0.0066208 secs] 111241K->22893K(502464K), 0.0067048 secs] [Times: user=0.00 sys=0.00, real=0.01 secs] 
Heap after GC invocations=87 (full 2):
 par new generation   total 109248K, used 1746K [0x00000000e0000000, 0x00000000e8000000, 0x00000000e8000000)
  eden space 87424K,   0% used [0x00000000e0000000, 0x00000000e0000000, 0x00000000e5560000)
  from space 21824K,   8% used [0x00000000e6ab0000, 0x00000000e6c64b90, 0x00000000e8000000)
  to   space 21824K,   0% used [0x00000000e5560000, 0x00000000e5560000, 0x00000000e6ab0000)
 concurrent mark-sweep generation total 393216K, used 21146K [0x00000000e8000000, 0x0000000100000000, 0x0000000100000000)
 Metaspace       used 39389K, capacity 40366K, committed 40652K, reserved 1085440K
  class space    used 4521K, capacity 4753K, committed 4812K, reserved 1048576K
}
2017-10-31T09:15:54.064-0700: 817.972: Total time for which application threads were stopped: 0.0069574 seconds, Stopping threads took: 0.0000223 seconds
2017-10-31T09:15:54.484-0700: 818.393: Total time for which application threads were stopped: 0.0002519 seconds, Stopping threads took: 0.0000318 seconds
2017-10-31T09:15:55.485-0700: 819.393: Total time for which application threads were stopped: 0.0001720 seconds, Stopping threads took: 0.0000312 seconds
2017-10-31T09:15:57.181-0700: 821.089: Total time for which application threads were stopped: 0.0002072 seconds, Stopping threads took: 0.0000481 seconds
{Heap before GC invocations=87 (full 2):
 par new generation   total 109248K, used 88946K [0x00000000e0000000, 0x00000000e8000000, 0x00000000e8000000)
  eden space 87424K,  99% used [0x00000000e0000000, 0x00000000e5527fe0, 0x00000000e5560000)
  from space 21824K,   8% used [0x00000000e6ab0000, 0x00000000e6c64b90, 0x00000000e8000000)
  to   space 21824K,   0% used [0x00000000e5560000, 0x00000000e5560000, 0x00000000e6ab0000)
 concurrent mark-sweep generation total 393216K, used 21146K [0x00000000e8000000, 0x0000000100000000, 0x0000000100000000)
 Metaspace       used 39389K, capacity 40366K, committed 40652K, reserved 1085440K
  class space    used 4521K, capacity 4753K, committed 4812K, reserved 1048576K
2017-10-31T09:15:57.195-0700: 821.103: [GC (Allocation Failure) 2017-10-31T09:15:57.195-0700: 821.103: [ParNew
Desired survivor size 20112992 bytes, new threshold 8 (max 8)
- age   1:    1293456 bytes,    1293456 total
- age   2:     101288 bytes,    1394744 total
- age   3:       5832 bytes,    1400576 total
- age   4:       7712 bytes,    1408288 total
- age   5:       5816 bytes,    1414104 total
- age   6:       6144 bytes,    1420248 total
- age   7:       6072 bytes,    1426320 total
- age   8:       8416 bytes,    1434736 total
: 88946K->1865K(109248K), 0.0055548 secs] 110093K->23017K(502464K), 0.0056828 secs] [Times: user=0.06 sys=0.00, real=0.01 secs] 
Heap after GC invocations=88 (full 2):
 par new generation   total 109248K, used 1865K [0x00000000e0000000, 0x00000000e8000000, 0x00000000e8000000)
  eden space 87424K,   0% used [0x00000000e0000000, 0x00000000e0000000, 0x00000000e5560000)
  from space 21824K,   8% used [0x00000000e5560000, 0x00000000e5732470, 0x00000000e6ab0000)
  to   space 21824K,   0% used [0x00000000e6ab0000, 0x00000000e6ab0000, 0x00000000e8000000)
 concurrent mark-sweep generation total 393216K, used 21152K [0x00000000e8000000, 0x0000000100000000, 0x0000000100000000)
 Metaspace       used 39389K, capacity 40366K, committed 40652K, reserved 1085440K
  class space    used 4521K, capacity 4753K, committed 4812K, reserved 1048576K
}
2017-10-31T09:15:57.200-0700: 821.109: Total time for which application threads were stopped: 0.0060492 seconds, Stopping threads took: 0.0000393 seconds
2017-10-31T09:15:58.200-0700: 822.109: Total time for which application threads were stopped: 0.0001822 seconds, Stopping threads took: 0.0000366 seconds
2017-10-31T09:15:59.724-0700: 823.633: Total time for which application threads were stopped: 0.0002783 seconds, Stopping threads took: 0.0000366 seconds
2017-10-31T09:16:00.724-0700: 824.633: Total time for which application threads were stopped: 0.0002804 seconds, Stopping threads took: 0.0000630 seconds
{Heap before GC invocations=88 (full 2):
 par new generation   total 109248K, used 89120K [0x00000000e0000000, 0x00000000e8000000, 0x00000000e8000000)
  eden space 87424K,  99% used [0x00000000e0000000, 0x00000000e5535c38, 0x00000000e5560000)
  from space 21824K,   8% used [0x00000000e5560000, 0x00000000e5732470, 0x00000000e6ab0000)
  to   space 21824K,   0% used [0x00000000e6ab0000, 0x00000000e6ab0000, 0x00000000e8000000)
 concurrent mark-sweep generation total 393216K, used 21152K [0x00000000e8000000, 0x0000000100000000, 0x0000000100000000)
 Metaspace       used 39390K, capacity 40366K, committed 40652K, reserved 1085440K
  class space    used 4521K, capacity 4753K, committed 4812K, reserved 1048576K
2017-10-31T09:16:00.833-0700: 824.741: [GC (Allocation Failure) 2017-10-31T09:16:00.833-0700: 824.741: [ParNew
Desired survivor size 20112992 bytes, new threshold 8 (max 8)
- age   1:    1351552 bytes,    1351552 total
- age   2:       8216 bytes,    1359768 total
- age   3:      33296 bytes,    1393064 total
- age   4:       5832 bytes,    1398896 total
- age   5:       7712 bytes,    1406608 total
- age   6:       5816 bytes,    1412424 total
- age   7:       6144 bytes,    1418568 total
- age   8:       6072 bytes,    1424640 total
: 89120K->1659K(109248K), 0.0096792 secs] 110272K->22820K(502464K), 0.0098926 secs] [Times: user=0.06 sys=0.00, real=0.01 secs] 
Heap after GC invocations=89 (full 2):
 par new generation   total 109248K, used 1659K [0x00000000e0000000, 0x00000000e8000000, 0x00000000e8000000)
  eden space 87424K,   0% used [0x00000000e0000000, 0x00000000e0000000, 0x00000000e5560000)
  from space 21824K,   7% used [0x00000000e6ab0000, 0x00000000e6c4ef90, 0x00000000e8000000)
  to   space 21824K,   0% used [0x00000000e5560000, 0x00000000e5560000, 0x00000000e6ab0000)
 concurrent mark-sweep generation total 393216K, used 21160K [0x00000000e8000000, 0x0000000100000000, 0x0000000100000000)
 Metaspace       used 39390K, capacity 40366K, committed 40652K, reserved 1085440K
  class space    used 4521K, capacity 4753K, committed 4812K, reserved 1048576K
}
2017-10-31T09:16:00.843-0700: 824.751: Total time for which application threads were stopped: 0.0106843 seconds, Stopping threads took: 0.0000813 seconds
2017-10-31T09:16:02.416-0700: 826.325: Total time for which application threads were stopped: 0.0003176 seconds, Stopping threads took: 0.0000643 seconds
2017-10-31T09:16:04.417-0700: 828.326: Total time for which application threads were stopped: 0.0001869 seconds, Stopping threads took: 0.0000318 seconds
{Heap before GC invocations=89 (full 2):
 par new generation   total 109248K, used 88844K [0x00000000e0000000, 0x00000000e8000000, 0x00000000e8000000)
  eden space 87424K,  99% used [0x00000000e0000000, 0x00000000e55242d0, 0x00000000e5560000)
  from space 21824K,   7% used [0x00000000e6ab0000, 0x00000000e6c4ef90, 0x00000000e8000000)
  to   space 21824K,   0% used [0x00000000e5560000, 0x00000000e5560000, 0x00000000e6ab0000)
 concurrent mark-sweep generation total 393216K, used 21160K [0x00000000e8000000, 0x0000000100000000, 0x0000000100000000)
 Metaspace       used 39392K, capacity 40366K, committed 40652K, reserved 1085440K
  class space    used 4521K, capacity 4753K, committed 4812K, reserved 1048576K
2017-10-31T09:16:04.434-0700: 828.343: [GC (Allocation Failure) 2017-10-31T09:16:04.434-0700: 828.343: [ParNew
Desired survivor size 20112992 bytes, new threshold 8 (max 8)
- age   1:    1399280 bytes,    1399280 total
- age   2:       8840 bytes,    1408120 total
- age   3:       7176 bytes,    1415296 total
- age   4:      33296 bytes,    1448592 total
- age   5:       5832 bytes,    1454424 total
- age   6:       7712 bytes,    1462136 total
- age   7:       5816 bytes,    1467952 total
- age   8:       6144 bytes,    1474096 total
: 88844K->1642K(109248K), 0.0071585 secs] 110005K->22809K(502464K), 0.0072466 secs] [Times: user=0.00 sys=0.00, real=0.01 secs] 
Heap after GC invocations=90 (full 2):
 par new generation   total 109248K, used 1642K [0x00000000e0000000, 0x00000000e8000000, 0x00000000e8000000)
  eden space 87424K,   0% used [0x00000000e0000000, 0x00000000e0000000, 0x00000000e5560000)
  from space 21824K,   7% used [0x00000000e5560000, 0x00000000e56fa9e0, 0x00000000e6ab0000)
  to   space 21824K,   0% used [0x00000000e6ab0000, 0x00000000e6ab0000, 0x00000000e8000000)
 concurrent mark-sweep generation total 393216K, used 21166K [0x00000000e8000000, 0x0000000100000000, 0x0000000100000000)
 Metaspace       used 39392K, capacity 40366K, committed 40652K, reserved 1085440K
  class space    used 4521K, capacity 4753K, committed 4812K, reserved 1048576K
}
2017-10-31T09:16:04.442-0700: 828.350: Total time for which application threads were stopped: 0.0076888 seconds, Stopping threads took: 0.0001849 seconds
2017-10-31T09:16:05.443-0700: 829.351: Total time for which application threads were stopped: 0.0001801 seconds, Stopping threads took: 0.0000318 seconds
2017-10-31T09:16:05.459-0700: 829.367: Total time for which application threads were stopped: 0.0002323 seconds, Stopping threads took: 0.0000379 seconds
2017-10-31T09:16:08.143-0700: 832.051: Total time for which application threads were stopped: 0.0003102 seconds, Stopping threads took: 0.0000643 seconds
{Heap before GC invocations=90 (full 2):
 par new generation   total 109248K, used 89066K [0x00000000e0000000, 0x00000000e8000000, 0x00000000e8000000)
  eden space 87424K, 100% used [0x00000000e0000000, 0x00000000e5560000, 0x00000000e5560000)
  from space 21824K,   7% used [0x00000000e5560000, 0x00000000e56fa9e0, 0x00000000e6ab0000)
  to   space 21824K,   0% used [0x00000000e6ab0000, 0x00000000e6ab0000, 0x00000000e8000000)
 concurrent mark-sweep generation total 393216K, used 21166K [0x00000000e8000000, 0x0000000100000000, 0x0000000100000000)
 Metaspace       used 39392K, capacity 40366K, committed 40652K, reserved 1085440K
  class space    used 4521K, capacity 4753K, committed 4812K, reserved 1048576K
2017-10-31T09:16:08.164-0700: 832.073: [GC (Allocation Failure) 2017-10-31T09:16:08.164-0700: 832.073: [ParNew
Desired survivor size 20112992 bytes, new threshold 8 (max 8)
- age   1:    1618048 bytes,    1618048 total
- age   2:       8904 bytes,    1626952 total
- age   3:       7928 bytes,    1634880 total
- age   4:       7176 bytes,    1642056 total
- age   5:      32872 bytes,    1674928 total
- age   6:       5832 bytes,    1680760 total
- age   7:       7712 bytes,    1688472 total
- age   8:       5816 bytes,    1694288 total
: 89066K->1763K(109248K), 0.0065524 secs] 110233K->22936K(502464K), 0.0066865 secs] [Times: user=0.06 sys=0.00, real=0.01 secs] 
Heap after GC invocations=91 (full 2):
 par new generation   total 109248K, used 1763K [0x00000000e0000000, 0x00000000e8000000, 0x00000000e8000000)
  eden space 87424K,   0% used [0x00000000e0000000, 0x00000000e0000000, 0x00000000e5560000)
  from space 21824K,   8% used [0x00000000e6ab0000, 0x00000000e6c68f90, 0x00000000e8000000)
  to   space 21824K,   0% used [0x00000000e5560000, 0x00000000e5560000, 0x00000000e6ab0000)
 concurrent mark-sweep generation total 393216K, used 21172K [0x00000000e8000000, 0x0000000100000000, 0x0000000100000000)
 Metaspace       used 39392K, capacity 40366K, committed 40652K, reserved 1085440K
  class space    used 4521K, capacity 4753K, committed 4812K, reserved 1048576K
}
2017-10-31T09:16:08.171-0700: 832.079: Total time for which application threads were stopped: 0.0071518 seconds, Stopping threads took: 0.0000447 seconds
2017-10-31T09:16:09.171-0700: 833.080: Total time for which application threads were stopped: 0.0001463 seconds, Stopping threads took: 0.0000345 seconds
2017-10-31T09:16:10.698-0700: 834.607: Total time for which application threads were stopped: 0.0002276 seconds, Stopping threads took: 0.0000467 seconds
{Heap before GC invocations=91 (full 2):
 par new generation   total 109248K, used 89159K [0x00000000e0000000, 0x00000000e8000000, 0x00000000e8000000)
  eden space 87424K,  99% used [0x00000000e0000000, 0x00000000e5558ff8, 0x00000000e5560000)
  from space 21824K,   8% used [0x00000000e6ab0000, 0x00000000e6c68f90, 0x00000000e8000000)
  to   space 21824K,   0% used [0x00000000e5560000, 0x00000000e5560000, 0x00000000e6ab0000)
 concurrent mark-sweep generation total 393216K, used 21172K [0x00000000e8000000, 0x0000000100000000, 0x0000000100000000)
 Metaspace       used 39399K, capacity 40366K, committed 40652K, reserved 1085440K
  class space    used 4521K, capacity 4753K, committed 4812K, reserved 1048576K
2017-10-31T09:16:11.303-0700: 835.212: [GC (Allocation Failure) 2017-10-31T09:16:11.303-0700: 835.212: [ParNew
Desired survivor size 20112992 bytes, new threshold 8 (max 8)
- age   1:    1254376 bytes,    1254376 total
- age   2:       9016 bytes,    1263392 total
- age   3:       7992 bytes,    1271384 total
- age   4:       7928 bytes,    1279312 total
- age   5:       6672 bytes,    1285984 total
- age   6:      32512 bytes,    1318496 total
- age   7:       5832 bytes,    1324328 total
- age   8:       7712 bytes,    1332040 total
: 89159K->1797K(109248K), 0.0067027 secs] 110332K->22975K(502464K), 0.0068558 secs] [Times: user=0.02 sys=0.00, real=0.01 secs] 
Heap after GC invocations=92 (full 2):
 par new generation   total 109248K, used 1797K [0x00000000e0000000, 0x00000000e8000000, 0x00000000e8000000)
  eden space 87424K,   0% used [0x00000000e0000000, 0x00000000e0000000, 0x00000000e5560000)
  from space 21824K,   8% used [0x00000000e5560000, 0x00000000e5721560, 0x00000000e6ab0000)
  to   space 21824K,   0% used [0x00000000e6ab0000, 0x00000000e6ab0000, 0x00000000e8000000)
 concurrent mark-sweep generation total 393216K, used 21178K [0x00000000e8000000, 0x0000000100000000, 0x0000000100000000)
 Metaspace       used 39399K, capacity 40366K, committed 40652K, reserved 1085440K
  class space    used 4521K, capacity 4753K, committed 4812K, reserved 1048576K
}
2017-10-31T09:16:11.310-0700: 835.219: Total time for which application threads were stopped: 0.0071071 seconds, Stopping threads took: 0.0000257 seconds
2017-10-31T09:16:12.311-0700: 836.219: Total time for which application threads were stopped: 0.0001917 seconds, Stopping threads took: 0.0000366 seconds
2017-10-31T09:16:13.284-0700: 837.192: Total time for which application threads were stopped: 0.0007179 seconds, Stopping threads took: 0.0001178 seconds
{Heap before GC invocations=92 (full 2):
 par new generation   total 109248K, used 89221K [0x00000000e0000000, 0x00000000e8000000, 0x00000000e8000000)
  eden space 87424K, 100% used [0x00000000e0000000, 0x00000000e5560000, 0x00000000e5560000)
  from space 21824K,   8% used [0x00000000e5560000, 0x00000000e5721560, 0x00000000e6ab0000)
  to   space 21824K,   0% used [0x00000000e6ab0000, 0x00000000e6ab0000, 0x00000000e8000000)
 concurrent mark-sweep generation total 393216K, used 21178K [0x00000000e8000000, 0x0000000100000000, 0x0000000100000000)
 Metaspace       used 39401K, capacity 40366K, committed 40652K, reserved 1085440K
  class space    used 4521K, capacity 4753K, committed 4812K, reserved 1048576K
2017-10-31T09:16:14.515-0700: 838.423: [GC (Allocation Failure) 2017-10-31T09:16:14.515-0700: 838.423: [ParNew
Desired survivor size 20112992 bytes, new threshold 8 (max 8)
- age   1:    1302120 bytes,    1302120 total
- age   2:      10904 bytes,    1313024 total
- age   3:       7976 bytes,    1321000 total
- age   4:       7992 bytes,    1328992 total
- age   5:       7280 bytes,    1336272 total
- age   6:       6456 bytes,    1342728 total
- age   7:      32512 bytes,    1375240 total
- age   8:       5832 bytes,    1381072 total
: 89221K->1629K(109248K), 0.0060932 secs] 110399K->22815K(502464K), 0.0062029 secs] [Times: user=0.00 sys=0.00, real=0.01 secs] 
Heap after GC invocations=93 (full 2):
 par new generation   total 109248K, used 1629K [0x00000000e0000000, 0x00000000e8000000, 0x00000000e8000000)
  eden space 87424K,   0% used [0x00000000e0000000, 0x00000000e0000000, 0x00000000e5560000)
  from space 21824K,   7% used [0x00000000e6ab0000, 0x00000000e6c47720, 0x00000000e8000000)
  to   space 21824K,   0% used [0x00000000e5560000, 0x00000000e5560000, 0x00000000e6ab0000)
 concurrent mark-sweep generation total 393216K, used 21185K [0x00000000e8000000, 0x0000000100000000, 0x0000000100000000)
 Metaspace       used 39401K, capacity 40366K, committed 40652K, reserved 1085440K
  class space    used 4521K, capacity 4753K, committed 4812K, reserved 1048576K
}
2017-10-31T09:16:14.521-0700: 838.430: Total time for which application threads were stopped: 0.0065246 seconds, Stopping threads took: 0.0000278 seconds
2017-10-31T09:16:15.894-0700: 839.803: Total time for which application threads were stopped: 0.0003325 seconds, Stopping threads took: 0.0000806 seconds
{Heap before GC invocations=93 (full 2):
 par new generation   total 109248K, used 89053K [0x00000000e0000000, 0x00000000e8000000, 0x00000000e8000000)
  eden space 87424K, 100% used [0x00000000e0000000, 0x00000000e5560000, 0x00000000e5560000)
  from space 21824K,   7% used [0x00000000e6ab0000, 0x00000000e6c47720, 0x00000000e8000000)
  to   space 21824K,   0% used [0x00000000e5560000, 0x00000000e5560000, 0x00000000e6ab0000)
 concurrent mark-sweep generation total 393216K, used 21185K [0x00000000e8000000, 0x0000000100000000, 0x0000000100000000)
 Metaspace       used 39402K, capacity 40366K, committed 40652K, reserved 1085440K
  class space    used 4521K, capacity 4753K, committed 4812K, reserved 1048576K
2017-10-31T09:16:18.103-0700: 842.012: [GC (Allocation Failure) 2017-10-31T09:16:18.103-0700: 842.012: [ParNew
Desired survivor size 20112992 bytes, new threshold 8 (max 8)
- age   1:    1384328 bytes,    1384328 total
- age   2:       8112 bytes,    1392440 total
- age   3:       9992 bytes,    1402432 total
- age   4:       7976 bytes,    1410408 total
- age   5:       7488 bytes,    1417896 total
- age   6:       6992 bytes,    1424888 total
- age   7:       6456 bytes,    1431344 total
- age   8:      32512 bytes,    1463856 total
: 89053K->1609K(109248K), 0.0058860 secs] 110239K->22801K(502464K), 0.0059652 secs] [Times: user=0.06 sys=0.00, real=0.01 secs] 
Heap after GC invocations=94 (full 2):
 par new generation   total 109248K, used 1609K [0x00000000e0000000, 0x00000000e8000000, 0x00000000e8000000)
  eden space 87424K,   0% used [0x00000000e0000000, 0x00000000e0000000, 0x00000000e5560000)
  from space 21824K,   7% used [0x00000000e5560000, 0x00000000e56f26f0, 0x00000000e6ab0000)
  to   space 21824K,   0% used [0x00000000e6ab0000, 0x00000000e6ab0000, 0x00000000e8000000)
 concurrent mark-sweep generation total 393216K, used 21191K [0x00000000e8000000, 0x0000000100000000, 0x0000000100000000)
 Metaspace       used 39402K, capacity 40366K, committed 40652K, reserved 1085440K
  class space    used 4521K, capacity 4753K, committed 4812K, reserved 1048576K
}
2017-10-31T09:16:18.109-0700: 842.018: Total time for which application threads were stopped: 0.0062117 seconds, Stopping threads took: 0.0000223 seconds
2017-10-31T09:16:18.704-0700: 842.613: Total time for which application threads were stopped: 0.0002072 seconds, Stopping threads took: 0.0000278 seconds
2017-10-31T09:16:20.706-0700: 844.614: Total time for which application threads were stopped: 0.0002208 seconds, Stopping threads took: 0.0000684 seconds
2017-10-31T09:16:21.262-0700: 845.171: Total time for which application threads were stopped: 0.0005675 seconds, Stopping threads took: 0.0001131 seconds
{Heap before GC invocations=94 (full 2):
 par new generation   total 109248K, used 89033K [0x00000000e0000000, 0x00000000e8000000, 0x00000000e8000000)
  eden space 87424K, 100% used [0x00000000e0000000, 0x00000000e5560000, 0x00000000e5560000)
  from space 21824K,   7% used [0x00000000e5560000, 0x00000000e56f26f0, 0x00000000e6ab0000)
  to   space 21824K,   0% used [0x00000000e6ab0000, 0x00000000e6ab0000, 0x00000000e8000000)
 concurrent mark-sweep generation total 393216K, used 21191K [0x00000000e8000000, 0x0000000100000000, 0x0000000100000000)
 Metaspace       used 39403K, capacity 40366K, committed 40652K, reserved 1085440K
  class space    used 4521K, capacity 4753K, committed 4812K, reserved 1048576K
2017-10-31T09:16:21.322-0700: 845.230: [GC (Allocation Failure) 2017-10-31T09:16:21.322-0700: 845.230: [ParNew
Desired survivor size 20112992 bytes, new threshold 8 (max 8)
- age   1:    1891328 bytes,    1891328 total
- age   2:       8576 bytes,    1899904 total
- age   3:       7200 bytes,    1907104 total
- age   4:       9992 bytes,    1917096 total
- age   5:       7688 bytes,    1924784 total
- age   6:       7128 bytes,    1931912 total
- age   7:       6992 bytes,    1938904 total
- age   8:       6456 bytes,    1945360 total
: 89033K->2263K(109248K), 0.0087981 secs] 110225K->23487K(502464K), 0.0089620 secs] [Times: user=0.00 sys=0.00, real=0.01 secs] 
Heap after GC invocations=95 (full 2):
 par new generation   total 109248K, used 2263K [0x00000000e0000000, 0x00000000e8000000, 0x00000000e8000000)
  eden space 87424K,   0% used [0x00000000e0000000, 0x00000000e0000000, 0x00000000e5560000)
  from space 21824K,  10% used [0x00000000e6ab0000, 0x00000000e6ce5ea0, 0x00000000e8000000)
  to   space 21824K,   0% used [0x00000000e5560000, 0x00000000e5560000, 0x00000000e6ab0000)
 concurrent mark-sweep generation total 393216K, used 21223K [0x00000000e8000000, 0x0000000100000000, 0x0000000100000000)
 Metaspace       used 39403K, capacity 40366K, committed 40652K, reserved 1085440K
  class space    used 4521K, capacity 4753K, committed 4812K, reserved 1048576K
}
2017-10-31T09:16:21.330-0700: 845.239: Total time for which application threads were stopped: 0.0094436 seconds, Stopping threads took: 0.0000549 seconds
2017-10-31T09:16:24.122-0700: 848.031: Total time for which application threads were stopped: 0.0002397 seconds, Stopping threads took: 0.0000332 seconds
{Heap before GC invocations=95 (full 2):
 par new generation   total 109248K, used 89687K [0x00000000e0000000, 0x00000000e8000000, 0x00000000e8000000)
  eden space 87424K, 100% used [0x00000000e0000000, 0x00000000e5560000, 0x00000000e5560000)
  from space 21824K,  10% used [0x00000000e6ab0000, 0x00000000e6ce5ea0, 0x00000000e8000000)
  to   space 21824K,   0% used [0x00000000e5560000, 0x00000000e5560000, 0x00000000e6ab0000)
 concurrent mark-sweep generation total 393216K, used 21223K [0x00000000e8000000, 0x0000000100000000, 0x0000000100000000)
 Metaspace       used 39406K, capacity 40366K, committed 40652K, reserved 1085440K
  class space    used 4521K, capacity 4753K, committed 4812K, reserved 1048576K
2017-10-31T09:16:25.003-0700: 848.911: [GC (Allocation Failure) 2017-10-31T09:16:25.003-0700: 848.911: [ParNew
Desired survivor size 20112992 bytes, new threshold 8 (max 8)
- age   1:    1155088 bytes,    1155088 total
- age   2:     140824 bytes,    1295912 total
- age   3:       7664 bytes,    1303576 total
- age   4:       7200 bytes,    1310776 total
- age   5:       9488 bytes,    1320264 total
- age   6:       7184 bytes,    1327448 total
- age   7:       7128 bytes,    1334576 total
- age   8:       6992 bytes,    1341568 total
: 89687K->1907K(109248K), 0.0041549 secs] 110911K->23137K(502464K), 0.0042443 secs] [Times: user=0.00 sys=0.00, real=0.00 secs] 
Heap after GC invocations=96 (full 2):
 par new generation   total 109248K, used 1907K [0x00000000e0000000, 0x00000000e8000000, 0x00000000e8000000)
  eden space 87424K,   0% used [0x00000000e0000000, 0x00000000e0000000, 0x00000000e5560000)
  from space 21824K,   8% used [0x00000000e5560000, 0x00000000e573cfe0, 0x00000000e6ab0000)
  to   space 21824K,   0% used [0x00000000e6ab0000, 0x00000000e6ab0000, 0x00000000e8000000)
 concurrent mark-sweep generation total 393216K, used 21229K [0x00000000e8000000, 0x0000000100000000, 0x0000000100000000)
 Metaspace       used 39406K, capacity 40366K, committed 40652K, reserved 1085440K
  class space    used 4521K, capacity 4753K, committed 4812K, reserved 1048576K
}
2017-10-31T09:16:25.007-0700: 848.915: Total time for which application threads were stopped: 0.0045579 seconds, Stopping threads took: 0.0000481 seconds
2017-10-31T09:16:26.770-0700: 850.679: Total time for which application threads were stopped: 0.0005696 seconds, Stopping threads took: 0.0003603 seconds
2017-10-31T09:16:27.770-0700: 851.679: Total time for which application threads were stopped: 0.0001720 seconds, Stopping threads took: 0.0000345 seconds
{Heap before GC invocations=96 (full 2):
 par new generation   total 109248K, used 88942K [0x00000000e0000000, 0x00000000e8000000, 0x00000000e8000000)
  eden space 87424K,  99% used [0x00000000e0000000, 0x00000000e54feab8, 0x00000000e5560000)
  from space 21824K,   8% used [0x00000000e5560000, 0x00000000e573cfe0, 0x00000000e6ab0000)
  to   space 21824K,   0% used [0x00000000e6ab0000, 0x00000000e6ab0000, 0x00000000e8000000)
 concurrent mark-sweep generation total 393216K, used 21229K [0x00000000e8000000, 0x0000000100000000, 0x0000000100000000)
 Metaspace       used 39438K, capacity 40366K, committed 40652K, reserved 1085440K
  class space    used 4521K, capacity 4753K, committed 4812K, reserved 1048576K
2017-10-31T09:16:28.293-0700: 852.202: [GC (Allocation Failure) 2017-10-31T09:16:28.294-0700: 852.202: [ParNew
Desired survivor size 20112992 bytes, new threshold 8 (max 8)
- age   1:    1503240 bytes,    1503240 total
- age   2:      10336 bytes,    1513576 total
- age   3:       7152 bytes,    1520728 total
- age   4:       7664 bytes,    1528392 total
- age   5:       6696 bytes,    1535088 total
- age   6:       9200 bytes,    1544288 total
- age   7:       7184 bytes,    1551472 total
- age   8:       7128 bytes,    1558600 total
: 88942K->1884K(109248K), 0.0037994 secs] 110172K->23121K(502464K), 0.0038840 secs] [Times: user=0.00 sys=0.00, real=0.00 secs] 
Heap after GC invocations=97 (full 2):
 par new generation   total 109248K, used 1884K [0x00000000e0000000, 0x00000000e8000000, 0x00000000e8000000)
  eden space 87424K,   0% used [0x00000000e0000000, 0x00000000e0000000, 0x00000000e5560000)
  from space 21824K,   8% used [0x00000000e6ab0000, 0x00000000e6c87370, 0x00000000e8000000)
  to   space 21824K,   0% used [0x00000000e5560000, 0x00000000e5560000, 0x00000000e6ab0000)
 concurrent mark-sweep generation total 393216K, used 21236K [0x00000000e8000000, 0x0000000100000000, 0x0000000100000000)
 Metaspace       used 39438K, capacity 40366K, committed 40652K, reserved 1085440K
  class space    used 4521K, capacity 4753K, committed 4812K, reserved 1048576K
}
2017-10-31T09:16:28.297-0700: 852.206: Total time for which application threads were stopped: 0.0041576 seconds, Stopping threads took: 0.0000278 seconds
2017-10-31T09:16:29.444-0700: 853.352: Total time for which application threads were stopped: 0.0002303 seconds, Stopping threads took: 0.0000332 seconds
2017-10-31T09:16:30.444-0700: 854.352: Total time for which application threads were stopped: 0.0001754 seconds, Stopping threads took: 0.0000264 seconds
{Heap before GC invocations=97 (full 2):
 par new generation   total 109248K, used 89308K [0x00000000e0000000, 0x00000000e8000000, 0x00000000e8000000)
  eden space 87424K, 100% used [0x00000000e0000000, 0x00000000e5560000, 0x00000000e5560000)
  from space 21824K,   8% used [0x00000000e6ab0000, 0x00000000e6c87370, 0x00000000e8000000)
  to   space 21824K,   0% used [0x00000000e5560000, 0x00000000e5560000, 0x00000000e6ab0000)
 concurrent mark-sweep generation total 393216K, used 21236K [0x00000000e8000000, 0x0000000100000000, 0x0000000100000000)
 Metaspace       used 39439K, capacity 40366K, committed 40652K, reserved 1085440K
  class space    used 4521K, capacity 4753K, committed 4812K, reserved 1048576K
2017-10-31T09:16:31.553-0700: 855.461: [GC (Allocation Failure) 2017-10-31T09:16:31.553-0700: 855.461: [ParNew
Desired survivor size 20112992 bytes, new threshold 8 (max 8)
- age   1:    1641576 bytes,    1641576 total
- age   2:       8736 bytes,    1650312 total
- age   3:       8512 bytes,    1658824 total
- age   4:       7152 bytes,    1665976 total
- age   5:       7232 bytes,    1673208 total
- age   6:       6336 bytes,    1679544 total
- age   7:       9200 bytes,    1688744 total
- age   8:       7184 bytes,    1695928 total
: 89308K->1866K(109248K), 0.0067623 secs] 110545K->23109K(502464K), 0.0068497 secs] [Times: user=0.00 sys=0.00, real=0.01 secs] 
Heap after GC invocations=98 (full 2):
 par new generation   total 109248K, used 1866K [0x00000000e0000000, 0x00000000e8000000, 0x00000000e8000000)
  eden space 87424K,   0% used [0x00000000e0000000, 0x00000000e0000000, 0x00000000e5560000)
  from space 21824K,   8% used [0x00000000e5560000, 0x00000000e57328a0, 0x00000000e6ab0000)
  to   space 21824K,   0% used [0x00000000e6ab0000, 0x00000000e6ab0000, 0x00000000e8000000)
 concurrent mark-sweep generation total 393216K, used 21243K [0x00000000e8000000, 0x0000000100000000, 0x0000000100000000)
 Metaspace       used 39439K, capacity 40366K, committed 40652K, reserved 1085440K
  class space    used 4521K, capacity 4753K, committed 4812K, reserved 1048576K
}
2017-10-31T09:16:31.559-0700: 855.468: Total time for which application threads were stopped: 0.0071152 seconds, Stopping threads took: 0.0000230 seconds
2017-10-31T09:16:32.130-0700: 856.039: Total time for which application threads were stopped: 0.0006766 seconds, Stopping threads took: 0.0000542 seconds
2017-10-31T09:16:33.131-0700: 857.039: Total time for which application threads were stopped: 0.0001686 seconds, Stopping threads took: 0.0000345 seconds
2017-10-31T09:16:34.131-0700: 858.039: Total time for which application threads were stopped: 0.0001700 seconds, Stopping threads took: 0.0000386 seconds
2017-10-31T09:16:35.078-0700: 858.986: Total time for which application threads were stopped: 0.0002492 seconds, Stopping threads took: 0.0000325 seconds
{Heap before GC invocations=98 (full 2):
 par new generation   total 109248K, used 88813K [0x00000000e0000000, 0x00000000e8000000, 0x00000000e8000000)
  eden space 87424K,  99% used [0x00000000e0000000, 0x00000000e54e8d10, 0x00000000e5560000)
  from space 21824K,   8% used [0x00000000e5560000, 0x00000000e57328a0, 0x00000000e6ab0000)
  to   space 21824K,   0% used [0x00000000e6ab0000, 0x00000000e6ab0000, 0x00000000e8000000)
 concurrent mark-sweep generation total 393216K, used 21243K [0x00000000e8000000, 0x0000000100000000, 0x0000000100000000)
 Metaspace       used 39439K, capacity 40366K, committed 40652K, reserved 1085440K
  class space    used 4521K, capacity 4753K, committed 4812K, reserved 1048576K
2017-10-31T09:16:35.101-0700: 859.010: [GC (Allocation Failure) 2017-10-31T09:16:35.101-0700: 859.010: [ParNew
Desired survivor size 20112992 bytes, new threshold 8 (max 8)
- age   1:    2256880 bytes,    2256880 total
- age   2:       8736 bytes,    2265616 total
- age   3:       7824 bytes,    2273440 total
- age   4:       8512 bytes,    2281952 total
- age   5:       6720 bytes,    2288672 total
- age   6:       6800 bytes,    2295472 total
- age   7:       6336 bytes,    2301808 total
- age   8:       9200 bytes,    2311008 total
: 88813K->2920K(109248K), 0.0045464 secs] 110057K->24171K(502464K), 0.0046283 secs] [Times: user=0.06 sys=0.00, real=0.00 secs] 
Heap after GC invocations=99 (full 2):
 par new generation   total 109248K, used 2920K [0x00000000e0000000, 0x00000000e8000000, 0x00000000e8000000)
  eden space 87424K,   0% used [0x00000000e0000000, 0x00000000e0000000, 0x00000000e5560000)
  from space 21824K,  13% used [0x00000000e6ab0000, 0x00000000e6d8a370, 0x00000000e8000000)
  to   space 21824K,   0% used [0x00000000e5560000, 0x00000000e5560000, 0x00000000e6ab0000)
 concurrent mark-sweep generation total 393216K, used 21250K [0x00000000e8000000, 0x0000000100000000, 0x0000000100000000)
 Metaspace       used 39439K, capacity 40366K, committed 40652K, reserved 1085440K
  class space    used 4521K, capacity 4753K, committed 4812K, reserved 1048576K
}
2017-10-31T09:16:35.106-0700: 859.015: Total time for which application threads were stopped: 0.0049663 seconds, Stopping threads took: 0.0000488 seconds
2017-10-31T09:16:37.107-0700: 861.015: Total time for which application threads were stopped: 0.0001680 seconds, Stopping threads took: 0.0000372 seconds
2017-10-31T09:16:38.065-0700: 861.974: Total time for which application threads were stopped: 0.0002431 seconds, Stopping threads took: 0.0000366 seconds
{Heap before GC invocations=99 (full 2):
 par new generation   total 109248K, used 90000K [0x00000000e0000000, 0x00000000e8000000, 0x00000000e8000000)
  eden space 87424K,  99% used [0x00000000e0000000, 0x00000000e5509e78, 0x00000000e5560000)
  from space 21824K,  13% used [0x00000000e6ab0000, 0x00000000e6d8a370, 0x00000000e8000000)
  to   space 21824K,   0% used [0x00000000e5560000, 0x00000000e5560000, 0x00000000e6ab0000)
 concurrent mark-sweep generation total 393216K, used 21250K [0x00000000e8000000, 0x0000000100000000, 0x0000000100000000)
 Metaspace       used 39447K, capacity 40366K, committed 40652K, reserved 1085440K
  class space    used 4521K, capacity 4753K, committed 4812K, reserved 1048576K
2017-10-31T09:16:38.387-0700: 862.296: [GC (Allocation Failure) 2017-10-31T09:16:38.387-0700: 862.296: [ParNew
Desired survivor size 20112992 bytes, new threshold 8 (max 8)
- age   1:    1452048 bytes,    1452048 total
- age   2:      76208 bytes,    1528256 total
- age   3:       7824 bytes,    1536080 total
- age   4:       7824 bytes,    1543904 total
- age   5:       8080 bytes,    1551984 total
- age   6:       6360 bytes,    1558344 total
- age   7:       6800 bytes,    1565144 total
- age   8:       6336 bytes,    1571480 total
: 90000K->2212K(109248K), 0.0066953 secs] 111251K->23471K(502464K), 0.0067745 secs] [Times: user=0.00 sys=0.00, real=0.01 secs] 
Heap after GC invocations=100 (full 2):
 par new generation   total 109248K, used 2212K [0x00000000e0000000, 0x00000000e8000000, 0x00000000e8000000)
  eden space 87424K,   0% used [0x00000000e0000000, 0x00000000e0000000, 0x00000000e5560000)
  from space 21824K,  10% used [0x00000000e5560000, 0x00000000e5789140, 0x00000000e6ab0000)
  to   space 21824K,   0% used [0x00000000e6ab0000, 0x00000000e6ab0000, 0x00000000e8000000)
 concurrent mark-sweep generation total 393216K, used 21259K [0x00000000e8000000, 0x0000000100000000, 0x0000000100000000)
 Metaspace       used 39447K, capacity 40366K, committed 40652K, reserved 1085440K
  class space    used 4521K, capacity 4753K, committed 4812K, reserved 1048576K
}
2017-10-31T09:16:38.394-0700: 862.303: Total time for which application threads were stopped: 0.0070488 seconds, Stopping threads took: 0.0000223 seconds
2017-10-31T09:16:40.794-0700: 864.703: Total time for which application threads were stopped: 0.0002425 seconds, Stopping threads took: 0.0000305 seconds
2017-10-31T09:16:41.794-0700: 865.703: Total time for which application threads were stopped: 0.0001815 seconds, Stopping threads took: 0.0000339 seconds
{Heap before GC invocations=100 (full 2):
 par new generation   total 109248K, used 89197K [0x00000000e0000000, 0x00000000e8000000, 0x00000000e8000000)
  eden space 87424K,  99% used [0x00000000e0000000, 0x00000000e54f2368, 0x00000000e5560000)
  from space 21824K,  10% used [0x00000000e5560000, 0x00000000e5789140, 0x00000000e6ab0000)
  to   space 21824K,   0% used [0x00000000e6ab0000, 0x00000000e6ab0000, 0x00000000e8000000)
 concurrent mark-sweep generation total 393216K, used 21259K [0x00000000e8000000, 0x0000000100000000, 0x0000000100000000)
 Metaspace       used 39451K, capacity 40430K, committed 40652K, reserved 1085440K
  class space    used 4521K, capacity 4753K, committed 4812K, reserved 1048576K
2017-10-31T09:16:42.203-0700: 866.112: [GC (Allocation Failure) 2017-10-31T09:16:42.203-0700: 866.112: [ParNew
Desired survivor size 20112992 bytes, new threshold 8 (max 8)
- age   1:    1649304 bytes,    1649304 total
- age   2:       7416 bytes,    1656720 total
- age   3:       6744 bytes,    1663464 total
- age   4:       7824 bytes,    1671288 total
- age   5:       7176 bytes,    1678464 total
- age   6:       7792 bytes,    1686256 total
- age   7:       6360 bytes,    1692616 total
- age   8:       6800 bytes,    1699416 total
: 89197K->2112K(109248K), 0.0047848 secs] 110456K->23378K(502464K), 0.0048681 secs] [Times: user=0.00 sys=0.00, real=0.00 secs] 
Heap after GC invocations=101 (full 2):
 par new generation   total 109248K, used 2112K [0x00000000e0000000, 0x00000000e8000000, 0x00000000e8000000)
  eden space 87424K,   0% used [0x00000000e0000000, 0x00000000e0000000, 0x00000000e5560000)
  from space 21824K,   9% used [0x00000000e6ab0000, 0x00000000e6cc0240, 0x00000000e8000000)
  to   space 21824K,   0% used [0x00000000e5560000, 0x00000000e5560000, 0x00000000e6ab0000)
 concurrent mark-sweep generation total 393216K, used 21265K [0x00000000e8000000, 0x0000000100000000, 0x0000000100000000)
 Metaspace       used 39451K, capacity 40430K, committed 40652K, reserved 1085440K
  class space    used 4521K, capacity 4753K, committed 4812K, reserved 1048576K
}
2017-10-31T09:16:42.208-0700: 866.117: Total time for which application threads were stopped: 0.0051552 seconds, Stopping threads took: 0.0000257 seconds
2017-10-31T09:16:43.209-0700: 867.118: Total time for which application threads were stopped: 0.0001890 seconds, Stopping threads took: 0.0000379 seconds
2017-10-31T09:16:43.600-0700: 867.509: Total time for which application threads were stopped: 0.0002736 seconds, Stopping threads took: 0.0000555 seconds
2017-10-31T09:16:44.600-0700: 868.508: Total time for which application threads were stopped: 0.0001646 seconds, Stopping threads took: 0.0000332 seconds
2017-10-31T09:16:45.601-0700: 869.509: Total time for which application threads were stopped: 0.0001930 seconds, Stopping threads took: 0.0000366 seconds
{Heap before GC invocations=101 (full 2):
 par new generation   total 109248K, used 89508K [0x00000000e0000000, 0x00000000e8000000, 0x00000000e8000000)
  eden space 87424K,  99% used [0x00000000e0000000, 0x00000000e5558ed8, 0x00000000e5560000)
  from space 21824K,   9% used [0x00000000e6ab0000, 0x00000000e6cc0240, 0x00000000e8000000)
  to   space 21824K,   0% used [0x00000000e5560000, 0x00000000e5560000, 0x00000000e6ab0000)
 concurrent mark-sweep generation total 393216K, used 21265K [0x00000000e8000000, 0x0000000100000000, 0x0000000100000000)
 Metaspace       used 39451K, capacity 40430K, committed 40652K, reserved 1085440K
  class space    used 4521K, capacity 4753K, committed 4812K, reserved 1048576K
2017-10-31T09:16:45.773-0700: 869.682: [GC (Allocation Failure) 2017-10-31T09:16:45.773-0700: 869.682: [ParNew
Desired survivor size 20112992 bytes, new threshold 8 (max 8)
- age   1:    1717352 bytes,    1717352 total
- age   2:       8768 bytes,    1726120 total
- age   3:       6504 bytes,    1732624 total
- age   4:       6744 bytes,    1739368 total
- age   5:       7248 bytes,    1746616 total
- age   6:       6960 bytes,    1753576 total
- age   7:       7792 bytes,    1761368 total
- age   8:       6360 bytes,    1767728 total
: 89508K->2033K(109248K), 0.0050509 secs] 110774K->23305K(502464K), 0.0051498 secs] [Times: user=0.05 sys=0.00, real=0.01 secs] 
Heap after GC invocations=102 (full 2):
 par new generation   total 109248K, used 2033K [0x00000000e0000000, 0x00000000e8000000, 0x00000000e8000000)
  eden space 87424K,   0% used [0x00000000e0000000, 0x00000000e0000000, 0x00000000e5560000)
  from space 21824K,   9% used [0x00000000e5560000, 0x00000000e575c470, 0x00000000e6ab0000)
  to   space 21824K,   0% used [0x00000000e6ab0000, 0x00000000e6ab0000, 0x00000000e8000000)
 concurrent mark-sweep generation total 393216K, used 21272K [0x00000000e8000000, 0x0000000100000000, 0x0000000100000000)
 Metaspace       used 39451K, capacity 40430K, committed 40652K, reserved 1085440K
  class space    used 4521K, capacity 4753K, committed 4812K, reserved 1048576K
}
2017-10-31T09:16:45.778-0700: 869.687: Total time for which application threads were stopped: 0.0054458 seconds, Stopping threads took: 0.0000244 seconds
2017-10-31T09:16:46.506-0700: 870.415: Total time for which application threads were stopped: 0.0005445 seconds, Stopping threads took: 0.0001185 seconds
2017-10-31T09:16:48.508-0700: 872.417: Total time for which application threads were stopped: 0.0001795 seconds, Stopping threads took: 0.0000332 seconds
2017-10-31T09:16:49.208-0700: 873.116: Total time for which application threads were stopped: 0.0002865 seconds, Stopping threads took: 0.0000603 seconds
{Heap before GC invocations=102 (full 2):
 par new generation   total 109248K, used 89457K [0x00000000e0000000, 0x00000000e8000000, 0x00000000e8000000)
  eden space 87424K, 100% used [0x00000000e0000000, 0x00000000e5560000, 0x00000000e5560000)
  from space 21824K,   9% used [0x00000000e5560000, 0x00000000e575c470, 0x00000000e6ab0000)
  to   space 21824K,   0% used [0x00000000e6ab0000, 0x00000000e6ab0000, 0x00000000e8000000)
 concurrent mark-sweep generation total 393216K, used 21272K [0x00000000e8000000, 0x0000000100000000, 0x0000000100000000)
 Metaspace       used 39451K, capacity 40430K, committed 40652K, reserved 1085440K
  class space    used 4521K, capacity 4753K, committed 4812K, reserved 1048576K
2017-10-31T09:16:49.231-0700: 873.140: [GC (Allocation Failure) 2017-10-31T09:16:49.231-0700: 873.140: [ParNew
Desired survivor size 20112992 bytes, new threshold 8 (max 8)
- age   1:    2080800 bytes,    2080800 total
- age   2:       8400 bytes,    2089200 total
- age   3:       7856 bytes,    2097056 total
- age   4:       6504 bytes,    2103560 total
- age   5:       6240 bytes,    2109800 total
- age   6:       6960 bytes,    2116760 total
- age   7:       6960 bytes,    2123720 total
- age   8:       7792 bytes,    2131512 total
: 89457K->2656K(109248K), 0.0041488 secs] 110729K->23935K(502464K), 0.0042775 secs] [Times: user=0.00 sys=0.00, real=0.01 secs] 
Heap after GC invocations=103 (full 2):
 par new generation   total 109248K, used 2656K [0x00000000e0000000, 0x00000000e8000000, 0x00000000e8000000)
  eden space 87424K,   0% used [0x00000000e0000000, 0x00000000e0000000, 0x00000000e5560000)
  from space 21824K,  12% used [0x00000000e6ab0000, 0x00000000e6d481e8, 0x00000000e8000000)
  to   space 21824K,   0% used [0x00000000e5560000, 0x00000000e5560000, 0x00000000e6ab0000)
 concurrent mark-sweep generation total 393216K, used 21278K [0x00000000e8000000, 0x0000000100000000, 0x0000000100000000)
 Metaspace       used 39451K, capacity 40430K, committed 40652K, reserved 1085440K
  class space    used 4521K, capacity 4753K, committed 4812K, reserved 1048576K
}
2017-10-31T09:16:49.236-0700: 873.145: Total time for which application threads were stopped: 0.0045809 seconds, Stopping threads took: 0.0000318 seconds
2017-10-31T09:16:51.237-0700: 875.145: Total time for which application threads were stopped: 0.0001795 seconds, Stopping threads took: 0.0000345 seconds
2017-10-31T09:16:52.037-0700: 875.946: Total time for which application threads were stopped: 0.0009868 seconds, Stopping threads took: 0.0002817 seconds
{Heap before GC invocations=103 (full 2):
 par new generation   total 109248K, used 89934K [0x00000000e0000000, 0x00000000e8000000, 0x00000000e8000000)
  eden space 87424K,  99% used [0x00000000e0000000, 0x00000000e553b948, 0x00000000e5560000)
  from space 21824K,  12% used [0x00000000e6ab0000, 0x00000000e6d481e8, 0x00000000e8000000)
  to   space 21824K,   0% used [0x00000000e5560000, 0x00000000e5560000, 0x00000000e6ab0000)
 concurrent mark-sweep generation total 393216K, used 21278K [0x00000000e8000000, 0x0000000100000000, 0x0000000100000000)
 Metaspace       used 39456K, capacity 40430K, committed 40652K, reserved 1085440K
  class space    used 4521K, capacity 4753K, committed 4812K, reserved 1048576K
2017-10-31T09:16:52.094-0700: 876.002: [GC (Allocation Failure) 2017-10-31T09:16:52.094-0700: 876.003: [ParNew
Desired survivor size 20112992 bytes, new threshold 8 (max 8)
- age   1:    2008440 bytes,    2008440 total
- age   2:     364032 bytes,    2372472 total
- age   3:       7488 bytes,    2379960 total
- age   4:       7856 bytes,    2387816 total
- age   5:       6144 bytes,    2393960 total
- age   6:       5952 bytes,    2399912 total
- age   7:       6960 bytes,    2406872 total
- age   8:       6960 bytes,    2413832 total
: 89934K->2477K(109248K), 0.0042985 secs] 111213K->23763K(502464K), 0.0043818 secs] [Times: user=0.00 sys=0.00, real=0.00 secs] 
Heap after GC invocations=104 (full 2):
 par new generation   total 109248K, used 2477K [0x00000000e0000000, 0x00000000e8000000, 0x00000000e8000000)
  eden space 87424K,   0% used [0x00000000e0000000, 0x00000000e0000000, 0x00000000e5560000)
  from space 21824K,  11% used [0x00000000e5560000, 0x00000000e57cb5b8, 0x00000000e6ab0000)
  to   space 21824K,   0% used [0x00000000e6ab0000, 0x00000000e6ab0000, 0x00000000e8000000)
 concurrent mark-sweep generation total 393216K, used 21286K [0x00000000e8000000, 0x0000000100000000, 0x0000000100000000)
 Metaspace       used 39456K, capacity 40430K, committed 40652K, reserved 1085440K
  class space    used 4521K, capacity 4753K, committed 4812K, reserved 1048576K
}
2017-10-31T09:16:52.098-0700: 876.007: Total time for which application threads were stopped: 0.0046771 seconds, Stopping threads took: 0.0000284 seconds
2017-10-31T09:16:53.098-0700: 877.007: Total time for which application threads were stopped: 0.0001490 seconds, Stopping threads took: 0.0000298 seconds
2017-10-31T09:16:54.099-0700: 878.007: Total time for which application threads were stopped: 0.0001605 seconds, Stopping threads took: 0.0000312 seconds
2017-10-31T09:16:55.377-0700: 879.285: Total time for which application threads were stopped: 0.0002919 seconds, Stopping threads took: 0.0000488 seconds
{Heap before GC invocations=104 (full 2):
 par new generation   total 109248K, used 89901K [0x00000000e0000000, 0x00000000e8000000, 0x00000000e8000000)
  eden space 87424K, 100% used [0x00000000e0000000, 0x00000000e5560000, 0x00000000e5560000)
  from space 21824K,  11% used [0x00000000e5560000, 0x00000000e57cb5b8, 0x00000000e6ab0000)
  to   space 21824K,   0% used [0x00000000e6ab0000, 0x00000000e6ab0000, 0x00000000e8000000)
 concurrent mark-sweep generation total 393216K, used 21286K [0x00000000e8000000, 0x0000000100000000, 0x0000000100000000)
 Metaspace       used 39456K, capacity 40430K, committed 40652K, reserved 1085440K
  class space    used 4521K, capacity 4753K, committed 4812K, reserved 1048576K
2017-10-31T09:16:56.401-0700: 880.310: [GC (Allocation Failure) 2017-10-31T09:16:56.401-0700: 880.310: [ParNew
Desired survivor size 20112992 bytes, new threshold 8 (max 8)
- age   1:    1429656 bytes,    1429656 total
- age   2:       8360 bytes,    1438016 total
- age   3:       7392 bytes,    1445408 total
- age   4:       7488 bytes,    1452896 total
- age   5:       7208 bytes,    1460104 total
- age   6:       5784 bytes,    1465888 total
- age   7:       5952 bytes,    1471840 total
- age   8:       6960 bytes,    1478800 total
: 89901K->2258K(109248K), 0.0041400 secs] 111187K->23551K(502464K), 0.0042565 secs] [Times: user=0.00 sys=0.00, real=0.00 secs] 
Heap after GC invocations=105 (full 2):
 par new generation   total 109248K, used 2258K [0x00000000e0000000, 0x00000000e8000000, 0x00000000e8000000)
  eden space 87424K,   0% used [0x00000000e0000000, 0x00000000e0000000, 0x00000000e5560000)
  from space 21824K,  10% used [0x00000000e6ab0000, 0x00000000e6ce4b58, 0x00000000e8000000)
  to   space 21824K,   0% used [0x00000000e5560000, 0x00000000e5560000, 0x00000000e6ab0000)
 concurrent mark-sweep generation total 393216K, used 21292K [0x00000000e8000000, 0x0000000100000000, 0x0000000100000000)
 Metaspace       used 39456K, capacity 40430K, committed 40652K, reserved 1085440K
  class space    used 4521K, capacity 4753K, committed 4812K, reserved 1048576K
}
2017-10-31T09:16:56.406-0700: 880.314: Total time for which application threads were stopped: 0.0046039 seconds, Stopping threads took: 0.0000325 seconds
2017-10-31T09:16:57.903-0700: 881.812: Total time for which application threads were stopped: 0.0002966 seconds, Stopping threads took: 0.0000555 seconds
2017-10-31T09:16:58.904-0700: 882.812: Total time for which application threads were stopped: 0.0001605 seconds, Stopping threads took: 0.0000318 seconds
{Heap before GC invocations=105 (full 2):
 par new generation   total 109248K, used 89288K [0x00000000e0000000, 0x00000000e8000000, 0x00000000e8000000)
  eden space 87424K,  99% used [0x00000000e0000000, 0x00000000e54fd4c8, 0x00000000e5560000)
  from space 21824K,  10% used [0x00000000e6ab0000, 0x00000000e6ce4b58, 0x00000000e8000000)
  to   space 21824K,   0% used [0x00000000e5560000, 0x00000000e5560000, 0x00000000e6ab0000)
 concurrent mark-sweep generation total 393216K, used 21292K [0x00000000e8000000, 0x0000000100000000, 0x0000000100000000)
 Metaspace       used 39456K, capacity 40430K, committed 40652K, reserved 1085440K
  class space    used 4521K, capacity 4753K, committed 4812K, reserved 1048576K
2017-10-31T09:16:59.622-0700: 883.531: [GC (Allocation Failure) 2017-10-31T09:16:59.622-0700: 883.531: [ParNew
Desired survivor size 20112992 bytes, new threshold 8 (max 8)
- age   1:    1874736 bytes,    1874736 total
- age   2:      10672 bytes,    1885408 total
- age   3:       7320 bytes,    1892728 total
- age   4:       7392 bytes,    1900120 total
- age   5:       6984 bytes,    1907104 total
- age   6:       6992 bytes,    1914096 total
- age   7:       5784 bytes,    1919880 total
- age   8:       5952 bytes,    1925832 total
: 89288K->2512K(109248K), 0.0046608 secs] 110581K->23812K(502464K), 0.0047665 secs] [Times: user=0.00 sys=0.00, real=0.01 secs] 
Heap after GC invocations=106 (full 2):
 par new generation   total 109248K, used 2512K [0x00000000e0000000, 0x00000000e8000000, 0x00000000e8000000)
  eden space 87424K,   0% used [0x00000000e0000000, 0x00000000e0000000, 0x00000000e5560000)
  from space 21824K,  11% used [0x00000000e5560000, 0x00000000e57d41e0, 0x00000000e6ab0000)
  to   space 21824K,   0% used [0x00000000e6ab0000, 0x00000000e6ab0000, 0x00000000e8000000)
 concurrent mark-sweep generation total 393216K, used 21299K [0x00000000e8000000, 0x0000000100000000, 0x0000000100000000)
 Metaspace       used 39456K, capacity 40430K, committed 40652K, reserved 1085440K
  class space    used 4521K, capacity 4753K, committed 4812K, reserved 1048576K
}
2017-10-31T09:16:59.627-0700: 883.536: Total time for which application threads were stopped: 0.0051356 seconds, Stopping threads took: 0.0000312 seconds
2017-10-31T09:17:00.576-0700: 884.484: Total time for which application threads were stopped: 0.0002797 seconds, Stopping threads took: 0.0000352 seconds
2017-10-31T09:17:01.576-0700: 885.484: Total time for which application threads were stopped: 0.0001727 seconds, Stopping threads took: 0.0000372 seconds
{Heap before GC invocations=106 (full 2):
 par new generation   total 109248K, used 89888K [0x00000000e0000000, 0x00000000e8000000, 0x00000000e8000000)
  eden space 87424K,  99% used [0x00000000e0000000, 0x00000000e5554180, 0x00000000e5560000)
  from space 21824K,  11% used [0x00000000e5560000, 0x00000000e57d41e0, 0x00000000e6ab0000)
  to   space 21824K,   0% used [0x00000000e6ab0000, 0x00000000e6ab0000, 0x00000000e8000000)
 concurrent mark-sweep generation total 393216K, used 21299K [0x00000000e8000000, 0x0000000100000000, 0x0000000100000000)
 Metaspace       used 39458K, capacity 40430K, committed 40652K, reserved 1085440K
  class space    used 4522K, capacity 4753K, committed 4812K, reserved 1048576K
2017-10-31T09:17:02.655-0700: 886.563: [GC (Allocation Failure) 2017-10-31T09:17:02.655-0700: 886.563: [ParNew
Desired survivor size 20112992 bytes, new threshold 8 (max 8)
- age   1:    1900688 bytes,    1900688 total
- age   2:      11240 bytes,    1911928 total
- age   3:       9760 bytes,    1921688 total
- age   4:       7320 bytes,    1929008 total
- age   5:       7032 bytes,    1936040 total
- age   6:       6696 bytes,    1942736 total
- age   7:       6992 bytes,    1949728 total
- age   8:       5784 bytes,    1955512 total
: 89888K->2318K(109248K), 0.0043371 secs] 111188K->23624K(502464K), 0.0044285 secs] [Times: user=0.00 sys=0.00, real=0.00 secs] 
Heap after GC invocations=107 (full 2):
 par new generation   total 109248K, used 2318K [0x00000000e0000000, 0x00000000e8000000, 0x00000000e8000000)
  eden space 87424K,   0% used [0x00000000e0000000, 0x00000000e0000000, 0x00000000e5560000)
  from space 21824K,  10% used [0x00000000e6ab0000, 0x00000000e6cf39c8, 0x00000000e8000000)
  to   space 21824K,   0% used [0x00000000e5560000, 0x00000000e5560000, 0x00000000e6ab0000)
 concurrent mark-sweep generation total 393216K, used 21305K [0x00000000e8000000, 0x0000000100000000, 0x0000000100000000)
 Metaspace       used 39458K, capacity 40430K, committed 40652K, reserved 1085440K
  class space    used 4522K, capacity 4753K, committed 4812K, reserved 1048576K
}
2017-10-31T09:17:02.659-0700: 886.568: Total time for which application threads were stopped: 0.0046805 seconds, Stopping threads took: 0.0000230 seconds
2017-10-31T09:17:03.181-0700: 887.090: Total time for which application threads were stopped: 0.0002655 seconds, Stopping threads took: 0.0000332 seconds
2017-10-31T09:17:04.182-0700: 888.090: Total time for which application threads were stopped: 0.0001592 seconds, Stopping threads took: 0.0000318 seconds
2017-10-31T09:17:05.997-0700: 889.906: Total time for which application threads were stopped: 0.0004422 seconds, Stopping threads took: 0.0001002 seconds
{Heap before GC invocations=107 (full 2):
 par new generation   total 109248K, used 89742K [0x00000000e0000000, 0x00000000e8000000, 0x00000000e8000000)
  eden space 87424K, 100% used [0x00000000e0000000, 0x00000000e5560000, 0x00000000e5560000)
  from space 21824K,  10% used [0x00000000e6ab0000, 0x00000000e6cf39c8, 0x00000000e8000000)
  to   space 21824K,   0% used [0x00000000e5560000, 0x00000000e5560000, 0x00000000e6ab0000)
 concurrent mark-sweep generation total 393216K, used 21305K [0x00000000e8000000, 0x0000000100000000, 0x0000000100000000)
 Metaspace       used 39458K, capacity 40430K, committed 40652K, reserved 1085440K
  class space    used 4522K, capacity 4753K, committed 4812K, reserved 1048576K
2017-10-31T09:17:06.053-0700: 889.962: [GC (Allocation Failure) 2017-10-31T09:17:06.053-0700: 889.962: [ParNew
Desired survivor size 20112992 bytes, new threshold 8 (max 8)
- age   1:    2575304 bytes,    2575304 total
- age   2:       9920 bytes,    2585224 total
- age   3:      10328 bytes,    2595552 total
- age   4:       9760 bytes,    2605312 total
- age   5:       6888 bytes,    2612200 total
- age   6:       6600 bytes,    2618800 total
- age   7:       6696 bytes,    2625496 total
- age   8:       6992 bytes,    2632488 total
: 89742K->2921K(109248K), 0.0089309 secs] 111048K->24232K(502464K), 0.0091029 secs] [Times: user=0.06 sys=0.00, real=0.01 secs] 
Heap after GC invocations=108 (full 2):
 par new generation   total 109248K, used 2921K [0x00000000e0000000, 0x00000000e8000000, 0x00000000e8000000)
  eden space 87424K,   0% used [0x00000000e0000000, 0x00000000e0000000, 0x00000000e5560000)
  from space 21824K,  13% used [0x00000000e5560000, 0x00000000e583a480, 0x00000000e6ab0000)
  to   space 21824K,   0% used [0x00000000e6ab0000, 0x00000000e6ab0000, 0x00000000e8000000)
 concurrent mark-sweep generation total 393216K, used 21311K [0x00000000e8000000, 0x0000000100000000, 0x0000000100000000)
 Metaspace       used 39458K, capacity 40430K, committed 40652K, reserved 1085440K
  class space    used 4522K, capacity 4753K, committed 4812K, reserved 1048576K
}
2017-10-31T09:17:06.062-0700: 889.971: Total time for which application threads were stopped: 0.0097896 seconds, Stopping threads took: 0.0001280 seconds
2017-10-31T09:17:07.063-0700: 890.971: Total time for which application threads were stopped: 0.0001395 seconds, Stopping threads took: 0.0000291 seconds
2017-10-31T09:17:08.063-0700: 891.971: Total time for which application threads were stopped: 0.0001768 seconds, Stopping threads took: 0.0000359 seconds
2017-10-31T09:17:08.805-0700: 892.714: Total time for which application threads were stopped: 0.0004043 seconds, Stopping threads took: 0.0000447 seconds
{Heap before GC invocations=108 (full 2):
 par new generation   total 109248K, used 90243K [0x00000000e0000000, 0x00000000e8000000, 0x00000000e8000000)
  eden space 87424K,  99% used [0x00000000e0000000, 0x00000000e55469d8, 0x00000000e5560000)
  from space 21824K,  13% used [0x00000000e5560000, 0x00000000e583a480, 0x00000000e6ab0000)
  to   space 21824K,   0% used [0x00000000e6ab0000, 0x00000000e6ab0000, 0x00000000e8000000)
 concurrent mark-sweep generation total 393216K, used 21311K [0x00000000e8000000, 0x0000000100000000, 0x0000000100000000)
 Metaspace       used 39459K, capacity 40430K, committed 40652K, reserved 1085440K
  class space    used 4522K, capacity 4753K, committed 4812K, reserved 1048576K
2017-10-31T09:17:08.888-0700: 892.796: [GC (Allocation Failure) 2017-10-31T09:17:08.888-0700: 892.796: [ParNew
Desired survivor size 20112992 bytes, new threshold 8 (max 8)
- age   1:    2253584 bytes,    2253584 total
- age   2:     388616 bytes,    2642200 total
- age   3:       9008 bytes,    2651208 total
- age   4:      10328 bytes,    2661536 total
- age   5:       9400 bytes,    2670936 total
- age   6:       6600 bytes,    2677536 total
- age   7:       6600 bytes,    2684136 total
- age   8:       6696 bytes,    2690832 total
: 90243K->3195K(109248K), 0.0047672 secs] 111554K->24513K(502464K), 0.0048721 secs] [Times: user=0.00 sys=0.00, real=0.00 secs] 
Heap after GC invocations=109 (full 2):
 par new generation   total 109248K, used 3195K [0x00000000e0000000, 0x00000000e8000000, 0x00000000e8000000)
  eden space 87424K,   0% used [0x00000000e0000000, 0x00000000e0000000, 0x00000000e5560000)
  from space 21824K,  14% used [0x00000000e6ab0000, 0x00000000e6dceca0, 0x00000000e8000000)
  to   space 21824K,   0% used [0x00000000e5560000, 0x00000000e5560000, 0x00000000e6ab0000)
 concurrent mark-sweep generation total 393216K, used 21318K [0x00000000e8000000, 0x0000000100000000, 0x0000000100000000)
 Metaspace       used 39459K, capacity 40430K, committed 40652K, reserved 1085440K
  class space    used 4522K, capacity 4753K, committed 4812K, reserved 1048576K
}
2017-10-31T09:17:08.893-0700: 892.801: Total time for which application threads were stopped: 0.0052250 seconds, Stopping threads took: 0.0000359 seconds
2017-10-31T09:17:11.484-0700: 895.392: Total time for which application threads were stopped: 0.0002458 seconds, Stopping threads took: 0.0000576 seconds
{Heap before GC invocations=109 (full 2):
 par new generation   total 109248K, used 90270K [0x00000000e0000000, 0x00000000e8000000, 0x00000000e8000000)
  eden space 87424K,  99% used [0x00000000e0000000, 0x00000000e5508d90, 0x00000000e5560000)
  from space 21824K,  14% used [0x00000000e6ab0000, 0x00000000e6dceca0, 0x00000000e8000000)
  to   space 21824K,   0% used [0x00000000e5560000, 0x00000000e5560000, 0x00000000e6ab0000)
 concurrent mark-sweep generation total 393216K, used 21318K [0x00000000e8000000, 0x0000000100000000, 0x0000000100000000)
 Metaspace       used 39459K, capacity 40430K, committed 40652K, reserved 1085440K
  class space    used 4522K, capacity 4753K, committed 4812K, reserved 1048576K
2017-10-31T09:17:12.364-0700: 896.272: [GC (Allocation Failure) 2017-10-31T09:17:12.364-0700: 896.272: [ParNew
Desired survivor size 20112992 bytes, new threshold 8 (max 8)
- age   1:    1910624 bytes,    1910624 total
- age   2:       8192 bytes,    1918816 total
- age   3:       8928 bytes,    1927744 total
- age   4:       9008 bytes,    1936752 total
- age   5:      10040 bytes,    1946792 total
- age   6:       8968 bytes,    1955760 total
- age   7:       6600 bytes,    1962360 total
- age   8:       6600 bytes,    1968960 total
: 90270K->3631K(109248K), 0.0039402 secs] 111588K->24956K(502464K), 0.0040296 secs] [Times: user=0.00 sys=0.00, real=0.00 secs] 
Heap after GC invocations=110 (full 2):
 par new generation   total 109248K, used 3631K [0x00000000e0000000, 0x00000000e8000000, 0x00000000e8000000)
  eden space 87424K,   0% used [0x00000000e0000000, 0x00000000e0000000, 0x00000000e5560000)
  from space 21824K,  16% used [0x00000000e5560000, 0x00000000e58ebf30, 0x00000000e6ab0000)
  to   space 21824K,   0% used [0x00000000e6ab0000, 0x00000000e6ab0000, 0x00000000e8000000)
 concurrent mark-sweep generation total 393216K, used 21324K [0x00000000e8000000, 0x0000000100000000, 0x0000000100000000)
 Metaspace       used 39459K, capacity 40430K, committed 40652K, reserved 1085440K
  class space    used 4522K, capacity 4753K, committed 4812K, reserved 1048576K
}
2017-10-31T09:17:12.368-0700: 896.276: Total time for which application threads were stopped: 0.0043202 seconds, Stopping threads took: 0.0000237 seconds
2017-10-31T09:17:13.369-0700: 897.277: Total time for which application threads were stopped: 0.0001720 seconds, Stopping threads took: 0.0000339 seconds
2017-10-31T09:17:14.032-0700: 897.940: Total time for which application threads were stopped: 0.0004212 seconds, Stopping threads took: 0.0000711 seconds
2017-10-31T09:17:15.032-0700: 898.941: Total time for which application threads were stopped: 0.0001503 seconds, Stopping threads took: 0.0000345 seconds
{Heap before GC invocations=110 (full 2):
 par new generation   total 109248K, used 90790K [0x00000000e0000000, 0x00000000e8000000, 0x00000000e8000000)
  eden space 87424K,  99% used [0x00000000e0000000, 0x00000000e551d900, 0x00000000e5560000)
  from space 21824K,  16% used [0x00000000e5560000, 0x00000000e58ebf30, 0x00000000e6ab0000)
  to   space 21824K,   0% used [0x00000000e6ab0000, 0x00000000e6ab0000, 0x00000000e8000000)
 concurrent mark-sweep generation total 393216K, used 21324K [0x00000000e8000000, 0x0000000100000000, 0x0000000100000000)
 Metaspace       used 39459K, capacity 40430K, committed 40652K, reserved 1085440K
  class space    used 4522K, capacity 4753K, committed 4812K, reserved 1048576K
2017-10-31T09:17:15.522-0700: 899.431: [GC (Allocation Failure) 2017-10-31T09:17:15.522-0700: 899.431: [ParNew
Desired survivor size 20112992 bytes, new threshold 8 (max 8)
- age   1:    1913992 bytes,    1913992 total
- age   2:       8928 bytes,    1922920 total
- age   3:       7152 bytes,    1930072 total
- age   4:       8928 bytes,    1939000 total
- age   5:       8792 bytes,    1947792 total
- age   6:       9464 bytes,    1957256 total
- age   7:       8968 bytes,    1966224 total
- age   8:       6600 bytes,    1972824 total
: 90790K->2365K(109248K), 0.0065795 secs] 112114K->23696K(502464K), 0.0066621 secs] [Times: user=0.06 sys=0.00, real=0.01 secs] 
Heap after GC invocations=111 (full 2):
 par new generation   total 109248K, used 2365K [0x00000000e0000000, 0x00000000e8000000, 0x00000000e8000000)
  eden space 87424K,   0% used [0x00000000e0000000, 0x00000000e0000000, 0x00000000e5560000)
  from space 21824K,  10% used [0x00000000e6ab0000, 0x00000000e6cff470, 0x00000000e8000000)
  to   space 21824K,   0% used [0x00000000e5560000, 0x00000000e5560000, 0x00000000e6ab0000)
 concurrent mark-sweep generation total 393216K, used 21331K [0x00000000e8000000, 0x0000000100000000, 0x0000000100000000)
 Metaspace       used 39459K, capacity 40430K, committed 40652K, reserved 1085440K
  class space    used 4522K, capacity 4753K, committed 4812K, reserved 1048576K
}
2017-10-31T09:17:15.529-0700: 899.438: Total time for which application threads were stopped: 0.0069208 seconds, Stopping threads took: 0.0000217 seconds
2017-10-31T09:17:16.944-0700: 900.852: Total time for which application threads were stopped: 0.0002486 seconds, Stopping threads took: 0.0000325 seconds
{Heap before GC invocations=111 (full 2):
 par new generation   total 109248K, used 89532K [0x00000000e0000000, 0x00000000e8000000, 0x00000000e8000000)
  eden space 87424K,  99% used [0x00000000e0000000, 0x00000000e551fba8, 0x00000000e5560000)
  from space 21824K,  10% used [0x00000000e6ab0000, 0x00000000e6cff470, 0x00000000e8000000)
  to   space 21824K,   0% used [0x00000000e5560000, 0x00000000e5560000, 0x00000000e6ab0000)
 concurrent mark-sweep generation total 393216K, used 21331K [0x00000000e8000000, 0x0000000100000000, 0x0000000100000000)
 Metaspace       used 39459K, capacity 40430K, committed 40652K, reserved 1085440K
  class space    used 4522K, capacity 4753K, committed 4812K, reserved 1048576K
2017-10-31T09:17:18.852-0700: 902.761: [GC (Allocation Failure) 2017-10-31T09:17:18.852-0700: 902.761: [ParNew
Desired survivor size 20112992 bytes, new threshold 8 (max 8)
- age   1:    2010480 bytes,    2010480 total
- age   2:       9936 bytes,    2020416 total
- age   3:       8016 bytes,    2028432 total
- age   4:       7152 bytes,    2035584 total
- age   5:       8712 bytes,    2044296 total
- age   6:       8216 bytes,    2052512 total
- age   7:       9464 bytes,    2061976 total
- age   8:       8968 bytes,    2070944 total
: 89532K->2283K(109248K), 0.0106877 secs] 110863K->23620K(502464K), 0.0108705 secs] [Times: user=0.06 sys=0.00, real=0.01 secs] 
Heap after GC invocations=112 (full 2):
 par new generation   total 109248K, used 2283K [0x00000000e0000000, 0x00000000e8000000, 0x00000000e8000000)
  eden space 87424K,   0% used [0x00000000e0000000, 0x00000000e0000000, 0x00000000e5560000)
  from space 21824K,  10% used [0x00000000e5560000, 0x00000000e579acf0, 0x00000000e6ab0000)
  to   space 21824K,   0% used [0x00000000e6ab0000, 0x00000000e6ab0000, 0x00000000e8000000)
 concurrent mark-sweep generation total 393216K, used 21337K [0x00000000e8000000, 0x0000000100000000, 0x0000000100000000)
 Metaspace       used 39459K, capacity 40430K, committed 40652K, reserved 1085440K
  class space    used 4522K, capacity 4753K, committed 4812K, reserved 1048576K
}
2017-10-31T09:17:18.863-0700: 902.772: Total time for which application threads were stopped: 0.0114828 seconds, Stopping threads took: 0.0000569 seconds
2017-10-31T09:17:19.856-0700: 903.764: Total time for which application threads were stopped: 0.0002282 seconds, Stopping threads took: 0.0000521 seconds
2017-10-31T09:17:21.857-0700: 905.765: Total time for which application threads were stopped: 0.0001348 seconds, Stopping threads took: 0.0000251 seconds
{Heap before GC invocations=112 (full 2):
 par new generation   total 109248K, used 89202K [0x00000000e0000000, 0x00000000e8000000, 0x00000000e8000000)
  eden space 87424K,  99% used [0x00000000e0000000, 0x00000000e54e1cc8, 0x00000000e5560000)
  from space 21824K,  10% used [0x00000000e5560000, 0x00000000e579acf0, 0x00000000e6ab0000)
  to   space 21824K,   0% used [0x00000000e6ab0000, 0x00000000e6ab0000, 0x00000000e8000000)
 concurrent mark-sweep generation total 393216K, used 21337K [0x00000000e8000000, 0x0000000100000000, 0x0000000100000000)
 Metaspace       used 39459K, capacity 40430K, committed 40652K, reserved 1085440K
  class space    used 4522K, capacity 4753K, committed 4812K, reserved 1048576K
2017-10-31T09:17:22.227-0700: 906.136: [GC (Allocation Failure) 2017-10-31T09:17:22.227-0700: 906.136: [ParNew
Desired survivor size 20112992 bytes, new threshold 8 (max 8)
- age   1:    1992552 bytes,    1992552 total
- age   2:      10120 bytes,    2002672 total
- age   3:       9000 bytes,    2011672 total
- age   4:       8016 bytes,    2019688 total
- age   5:       6936 bytes,    2026624 total
- age   6:       8208 bytes,    2034832 total
- age   7:       8216 bytes,    2043048 total
- age   8:       9464 bytes,    2052512 total
: 89202K->2491K(109248K), 0.0061440 secs] 110539K->23837K(502464K), 0.0062314 secs] [Times: user=0.06 sys=0.00, real=0.01 secs] 
Heap after GC invocations=113 (full 2):
 par new generation   total 109248K, used 2491K [0x00000000e0000000, 0x00000000e8000000, 0x00000000e8000000)
  eden space 87424K,   0% used [0x00000000e0000000, 0x00000000e0000000, 0x00000000e5560000)
  from space 21824K,  11% used [0x00000000e6ab0000, 0x00000000e6d1edb0, 0x00000000e8000000)
  to   space 21824K,   0% used [0x00000000e5560000, 0x00000000e5560000, 0x00000000e6ab0000)
 concurrent mark-sweep generation total 393216K, used 21346K [0x00000000e8000000, 0x0000000100000000, 0x0000000100000000)
 Metaspace       used 39459K, capacity 40430K, committed 40652K, reserved 1085440K
  class space    used 4522K, capacity 4753K, committed 4812K, reserved 1048576K
}
2017-10-31T09:17:22.233-0700: 906.142: Total time for which application threads were stopped: 0.0064847 seconds, Stopping threads took: 0.0000264 seconds
2017-10-31T09:17:22.476-0700: 906.385: Total time for which application threads were stopped: 0.0002431 seconds, Stopping threads took: 0.0000339 seconds
2017-10-31T09:17:25.669-0700: 909.577: Total time for which application threads were stopped: 0.0004483 seconds, Stopping threads took: 0.0001023 seconds
{Heap before GC invocations=113 (full 2):
 par new generation   total 109248K, used 89915K [0x00000000e0000000, 0x00000000e8000000, 0x00000000e8000000)
  eden space 87424K, 100% used [0x00000000e0000000, 0x00000000e5560000, 0x00000000e5560000)
  from space 21824K,  11% used [0x00000000e6ab0000, 0x00000000e6d1edb0, 0x00000000e8000000)
  to   space 21824K,   0% used [0x00000000e5560000, 0x00000000e5560000, 0x00000000e6ab0000)
 concurrent mark-sweep generation total 393216K, used 21346K [0x00000000e8000000, 0x0000000100000000, 0x0000000100000000)
 Metaspace       used 39461K, capacity 40430K, committed 40652K, reserved 1085440K
  class space    used 4522K, capacity 4753K, committed 4812K, reserved 1048576K
2017-10-31T09:17:25.748-0700: 909.656: [GC (Allocation Failure) 2017-10-31T09:17:25.748-0700: 909.656: [ParNew
Desired survivor size 20112992 bytes, new threshold 8 (max 8)
- age   1:    2540168 bytes,    2540168 total
- age   2:      77104 bytes,    2617272 total
- age   3:       9208 bytes,    2626480 total
- age   4:       9000 bytes,    2635480 total
- age   5:       7584 bytes,    2643064 total
- age   6:       6432 bytes,    2649496 total
- age   7:       8208 bytes,    2657704 total
- age   8:       8216 bytes,    2665920 total
: 89915K->3302K(109248K), 0.0058453 secs] 111261K->24657K(502464K), 0.0059760 secs] [Times: user=0.00 sys=0.00, real=0.01 secs] 
Heap after GC invocations=114 (full 2):
 par new generation   total 109248K, used 3302K [0x00000000e0000000, 0x00000000e8000000, 0x00000000e8000000)
  eden space 87424K,   0% used [0x00000000e0000000, 0x00000000e0000000, 0x00000000e5560000)
  from space 21824K,  15% used [0x00000000e5560000, 0x00000000e58999e0, 0x00000000e6ab0000)
  to   space 21824K,   0% used [0x00000000e6ab0000, 0x00000000e6ab0000, 0x00000000e8000000)
 concurrent mark-sweep generation total 393216K, used 21355K [0x00000000e8000000, 0x0000000100000000, 0x0000000100000000)
 Metaspace       used 39461K, capacity 40430K, committed 40652K, reserved 1085440K
  class space    used 4522K, capacity 4753K, committed 4812K, reserved 1048576K
}
2017-10-31T09:17:25.754-0700: 909.662: Total time for which application threads were stopped: 0.0063946 seconds, Stopping threads took: 0.0000393 seconds
2017-10-31T09:17:28.594-0700: 912.502: Total time for which application threads were stopped: 0.0002790 seconds, Stopping threads took: 0.0000535 seconds
{Heap before GC invocations=114 (full 2):
 par new generation   total 109248K, used 90726K [0x00000000e0000000, 0x00000000e8000000, 0x00000000e8000000)
  eden space 87424K, 100% used [0x00000000e0000000, 0x00000000e5560000, 0x00000000e5560000)
  from space 21824K,  15% used [0x00000000e5560000, 0x00000000e58999e0, 0x00000000e6ab0000)
  to   space 21824K,   0% used [0x00000000e6ab0000, 0x00000000e6ab0000, 0x00000000e8000000)
 concurrent mark-sweep generation total 393216K, used 21355K [0x00000000e8000000, 0x0000000100000000, 0x0000000100000000)
 Metaspace       used 39461K, capacity 40430K, committed 40652K, reserved 1085440K
  class space    used 4522K, capacity 4753K, committed 4812K, reserved 1048576K
2017-10-31T09:17:28.920-0700: 912.829: [GC (Allocation Failure) 2017-10-31T09:17:28.920-0700: 912.829: [ParNew
Desired survivor size 20112992 bytes, new threshold 8 (max 8)
- age   1:    1596544 bytes,    1596544 total
- age   2:      82288 bytes,    1678832 total
- age   3:       9112 bytes,    1687944 total
- age   4:       9208 bytes,    1697152 total
- age   5:       8568 bytes,    1705720 total
- age   6:       7224 bytes,    1712944 total
- age   7:       6432 bytes,    1719376 total
- age   8:       8208 bytes,    1727584 total
: 90726K->2324K(109248K), 0.0069357 secs] 112081K->23688K(502464K), 0.0070813 secs] [Times: user=0.00 sys=0.00, real=0.01 secs] 
Heap after GC invocations=115 (full 2):
 par new generation   total 109248K, used 2324K [0x00000000e0000000, 0x00000000e8000000, 0x00000000e8000000)
  eden space 87424K,   0% used [0x00000000e0000000, 0x00000000e0000000, 0x00000000e5560000)
  from space 21824K,  10% used [0x00000000e6ab0000, 0x00000000e6cf53f0, 0x00000000e8000000)
  to   space 21824K,   0% used [0x00000000e5560000, 0x00000000e5560000, 0x00000000e6ab0000)
 concurrent mark-sweep generation total 393216K, used 21363K [0x00000000e8000000, 0x0000000100000000, 0x0000000100000000)
 Metaspace       used 39461K, capacity 40430K, committed 40652K, reserved 1085440K
  class space    used 4522K, capacity 4753K, committed 4812K, reserved 1048576K
}
2017-10-31T09:17:28.927-0700: 912.836: Total time for which application threads were stopped: 0.0075405 seconds, Stopping threads took: 0.0000386 seconds
2017-10-31T09:17:29.927-0700: 913.836: Total time for which application threads were stopped: 0.0001754 seconds, Stopping threads took: 0.0000325 seconds
2017-10-31T09:17:31.355-0700: 915.264: Total time for which application threads were stopped: 0.0002892 seconds, Stopping threads took: 0.0000664 seconds
2017-10-31T09:17:32.356-0700: 916.264: Total time for which application threads were stopped: 0.0001686 seconds, Stopping threads took: 0.0000352 seconds
{Heap before GC invocations=115 (full 2):
 par new generation   total 109248K, used 89748K [0x00000000e0000000, 0x00000000e8000000, 0x00000000e8000000)
  eden space 87424K, 100% used [0x00000000e0000000, 0x00000000e5560000, 0x00000000e5560000)
  from space 21824K,  10% used [0x00000000e6ab0000, 0x00000000e6cf53f0, 0x00000000e8000000)
  to   space 21824K,   0% used [0x00000000e5560000, 0x00000000e5560000, 0x00000000e6ab0000)
 concurrent mark-sweep generation total 393216K, used 21363K [0x00000000e8000000, 0x0000000100000000, 0x0000000100000000)
 Metaspace       used 39462K, capacity 40430K, committed 40652K, reserved 1085440K
  class space    used 4522K, capacity 4753K, committed 4812K, reserved 1048576K
2017-10-31T09:17:32.553-0700: 916.461: [GC (Allocation Failure) 2017-10-31T09:17:32.553-0700: 916.461: [ParNew
Desired survivor size 20112992 bytes, new threshold 8 (max 8)
- age   1:    1666256 bytes,    1666256 total
- age   2:       9064 bytes,    1675320 total
- age   3:      10184 bytes,    1685504 total
- age   4:       9112 bytes,    1694616 total
- age   5:       8776 bytes,    1703392 total
- age   6:       8208 bytes,    1711600 total
- age   7:       7224 bytes,    1718824 total
- age   8:       6432 bytes,    1725256 total
: 89748K->2101K(109248K), 0.0041780 secs] 111112K->23472K(502464K), 0.0042626 secs] [Times: user=0.00 sys=0.02, real=0.00 secs] 
Heap after GC invocations=116 (full 2):
 par new generation   total 109248K, used 2101K [0x00000000e0000000, 0x00000000e8000000, 0x00000000e8000000)
  eden space 87424K,   0% used [0x00000000e0000000, 0x00000000e0000000, 0x00000000e5560000)
  from space 21824K,   9% used [0x00000000e5560000, 0x00000000e576d520, 0x00000000e6ab0000)
  to   space 21824K,   0% used [0x00000000e6ab0000, 0x00000000e6ab0000, 0x00000000e8000000)
 concurrent mark-sweep generation total 393216K, used 21371K [0x00000000e8000000, 0x0000000100000000, 0x0000000100000000)
 Metaspace       used 39462K, capacity 40430K, committed 40652K, reserved 1085440K
  class space    used 4522K, capacity 4753K, committed 4812K, reserved 1048576K
}
2017-10-31T09:17:32.557-0700: 916.466: Total time for which application threads were stopped: 0.0045789 seconds, Stopping threads took: 0.0000332 seconds
2017-10-31T09:17:33.558-0700: 917.466: Total time for which application threads were stopped: 0.0001348 seconds, Stopping threads took: 0.0000413 seconds
2017-10-31T09:17:34.042-0700: 917.951: Total time for which application threads were stopped: 0.0002357 seconds, Stopping threads took: 0.0000332 seconds
2017-10-31T09:17:35.043-0700: 918.952: Total time for which application threads were stopped: 0.0001768 seconds, Stopping threads took: 0.0000400 seconds
{Heap before GC invocations=116 (full 2):
 par new generation   total 109248K, used 89072K [0x00000000e0000000, 0x00000000e8000000, 0x00000000e8000000)
  eden space 87424K,  99% used [0x00000000e0000000, 0x00000000e54eed58, 0x00000000e5560000)
  from space 21824K,   9% used [0x00000000e5560000, 0x00000000e576d520, 0x00000000e6ab0000)
  to   space 21824K,   0% used [0x00000000e6ab0000, 0x00000000e6ab0000, 0x00000000e8000000)
 concurrent mark-sweep generation total 393216K, used 21371K [0x00000000e8000000, 0x0000000100000000, 0x0000000100000000)
 Metaspace       used 39464K, capacity 40430K, committed 40652K, reserved 1085440K
  class space    used 4522K, capacity 4753K, committed 4812K, reserved 1048576K
2017-10-31T09:17:35.515-0700: 919.424: [GC (Allocation Failure) 2017-10-31T09:17:35.515-0700: 919.424: [ParNew
Desired survivor size 20112992 bytes, new threshold 8 (max 8)
- age   1:    2054288 bytes,    2054288 total
- age   2:       8544 bytes,    2062832 total
- age   3:       7896 bytes,    2070728 total
- age   4:      10184 bytes,    2080912 total
- age   5:       8824 bytes,    2089736 total
- age   6:       8416 bytes,    2098152 total
- age   7:       8208 bytes,    2106360 total
- age   8:       7224 bytes,    2113584 total
: 89072K->2282K(109248K), 0.0062510 secs] 110444K->23660K(502464K), 0.0063716 secs] [Times: user=0.00 sys=0.00, real=0.01 secs] 
Heap after GC invocations=117 (full 2):
 par new generation   total 109248K, used 2282K [0x00000000e0000000, 0x00000000e8000000, 0x00000000e8000000)
  eden space 87424K,   0% used [0x00000000e0000000, 0x00000000e0000000, 0x00000000e5560000)
  from space 21824K,  10% used [0x00000000e6ab0000, 0x00000000e6ceaba0, 0x00000000e8000000)
  to   space 21824K,   0% used [0x00000000e5560000, 0x00000000e5560000, 0x00000000e6ab0000)
 concurrent mark-sweep generation total 393216K, used 21377K [0x00000000e8000000, 0x0000000100000000, 0x0000000100000000)
 Metaspace       used 39464K, capacity 40430K, committed 40652K, reserved 1085440K
  class space    used 4522K, capacity 4753K, committed 4812K, reserved 1048576K
}
2017-10-31T09:17:35.522-0700: 919.431: Total time for which application threads were stopped: 0.0066309 seconds, Stopping threads took: 0.0000217 seconds
2017-10-31T09:17:36.934-0700: 920.842: Total time for which application threads were stopped: 0.0002783 seconds, Stopping threads took: 0.0000501 seconds
2017-10-31T09:17:37.935-0700: 921.843: Total time for which application threads were stopped: 0.0001761 seconds, Stopping threads took: 0.0000345 seconds
{Heap before GC invocations=117 (full 2):
 par new generation   total 109248K, used 89195K [0x00000000e0000000, 0x00000000e8000000, 0x00000000e8000000)
  eden space 87424K,  99% used [0x00000000e0000000, 0x00000000e54e0328, 0x00000000e5560000)
  from space 21824K,  10% used [0x00000000e6ab0000, 0x00000000e6ceaba0, 0x00000000e8000000)
  to   space 21824K,   0% used [0x00000000e5560000, 0x00000000e5560000, 0x00000000e6ab0000)
 concurrent mark-sweep generation total 393216K, used 21377K [0x00000000e8000000, 0x0000000100000000, 0x0000000100000000)
 Metaspace       used 39467K, capacity 40430K, committed 40652K, reserved 1085440K
  class space    used 4522K, capacity 4753K, committed 4812K, reserved 1048576K
2017-10-31T09:17:38.708-0700: 922.617: [GC (Allocation Failure) 2017-10-31T09:17:38.708-0700: 922.617: [ParNew
Desired survivor size 20112992 bytes, new threshold 8 (max 8)
- age   1:    2207816 bytes,    2207816 total
- age   2:       9280 bytes,    2217096 total
- age   3:       7584 bytes,    2224680 total
- age   4:       7896 bytes,    2232576 total
- age   5:       9968 bytes,    2242544 total
- age   6:       8320 bytes,    2250864 total
- age   7:       8416 bytes,    2259280 total
- age   8:       8208 bytes,    2267488 total
: 89195K->2785K(109248K), 0.0061691 secs] 110573K->24169K(502464K), 0.0063072 secs] [Times: user=0.02 sys=0.00, real=0.01 secs] 
Heap after GC invocations=118 (full 2):
 par new generation   total 109248K, used 2785K [0x00000000e0000000, 0x00000000e8000000, 0x00000000e8000000)
  eden space 87424K,   0% used [0x00000000e0000000, 0x00000000e0000000, 0x00000000e5560000)
  from space 21824K,  12% used [0x00000000e5560000, 0x00000000e5818430, 0x00000000e6ab0000)
  to   space 21824K,   0% used [0x00000000e6ab0000, 0x00000000e6ab0000, 0x00000000e8000000)
 concurrent mark-sweep generation total 393216K, used 21384K [0x00000000e8000000, 0x0000000100000000, 0x0000000100000000)
 Metaspace       used 39467K, capacity 40430K, committed 40652K, reserved 1085440K
  class space    used 4522K, capacity 4753K, committed 4812K, reserved 1048576K
}
2017-10-31T09:17:38.715-0700: 922.624: Total time for which application threads were stopped: 0.0065944 seconds, Stopping threads took: 0.0000244 seconds
2017-10-31T09:17:39.543-0700: 923.452: Total time for which application threads were stopped: 0.0006088 seconds, Stopping threads took: 0.0001131 seconds
2017-10-31T09:17:40.544-0700: 924.452: Total time for which application threads were stopped: 0.0001646 seconds, Stopping threads took: 0.0000352 seconds
{Heap before GC invocations=118 (full 2):
 par new generation   total 109248K, used 90209K [0x00000000e0000000, 0x00000000e8000000, 0x00000000e8000000)
  eden space 87424K, 100% used [0x00000000e0000000, 0x00000000e5560000, 0x00000000e5560000)
  from space 21824K,  12% used [0x00000000e5560000, 0x00000000e5818430, 0x00000000e6ab0000)
  to   space 21824K,   0% used [0x00000000e6ab0000, 0x00000000e6ab0000, 0x00000000e8000000)
 concurrent mark-sweep generation total 393216K, used 21384K [0x00000000e8000000, 0x0000000100000000, 0x0000000100000000)
 Metaspace       used 39467K, capacity 40430K, committed 40652K, reserved 1085440K
  class space    used 4522K, capacity 4753K, committed 4812K, reserved 1048576K
2017-10-31T09:17:42.003-0700: 925.911: [GC (Allocation Failure) 2017-10-31T09:17:42.003-0700: 925.911: [ParNew
Desired survivor size 20112992 bytes, new threshold 8 (max 8)
- age   1:    1894184 bytes,    1894184 total
- age   2:       9400 bytes,    1903584 total
- age   3:       8368 bytes,    1911952 total
- age   4:       7584 bytes,    1919536 total
- age   5:       7680 bytes,    1927216 total
- age   6:       9464 bytes,    1936680 total
- age   7:       8320 bytes,    1945000 total
- age   8:       8416 bytes,    1953416 total
: 90209K->2461K(109248K), 0.0061995 secs] 111593K->23853K(502464K), 0.0063106 secs] [Times: user=0.00 sys=0.00, real=0.01 secs] 
Heap after GC invocations=119 (full 2):
 par new generation   total 109248K, used 2461K [0x00000000e0000000, 0x00000000e8000000, 0x00000000e8000000)
  eden space 87424K,   0% used [0x00000000e0000000, 0x00000000e0000000, 0x00000000e5560000)
  from space 21824K,  11% used [0x00000000e6ab0000, 0x00000000e6d17410, 0x00000000e8000000)
  to   space 21824K,   0% used [0x00000000e5560000, 0x00000000e5560000, 0x00000000e6ab0000)
 concurrent mark-sweep generation total 393216K, used 21392K [0x00000000e8000000, 0x0000000100000000, 0x0000000100000000)
 Metaspace       used 39467K, capacity 40430K, committed 40652K, reserved 1085440K
  class space    used 4522K, capacity 4753K, committed 4812K, reserved 1048576K
}
2017-10-31T09:17:42.009-0700: 925.917: Total time for which application threads were stopped: 0.0066953 seconds, Stopping threads took: 0.0000298 seconds
2017-10-31T09:17:42.276-0700: 926.185: Total time for which application threads were stopped: 0.0001856 seconds, Stopping threads took: 0.0000271 seconds
2017-10-31T09:17:44.915-0700: 928.824: Total time for which application threads were stopped: 0.0002695 seconds, Stopping threads took: 0.0000366 seconds
{Heap before GC invocations=119 (full 2):
 par new generation   total 109248K, used 89749K [0x00000000e0000000, 0x00000000e8000000, 0x00000000e8000000)
  eden space 87424K,  99% used [0x00000000e0000000, 0x00000000e553e158, 0x00000000e5560000)
  from space 21824K,  11% used [0x00000000e6ab0000, 0x00000000e6d17410, 0x00000000e8000000)
  to   space 21824K,   0% used [0x00000000e5560000, 0x00000000e5560000, 0x00000000e6ab0000)
 concurrent mark-sweep generation total 393216K, used 21392K [0x00000000e8000000, 0x0000000100000000, 0x0000000100000000)
 Metaspace       used 39467K, capacity 40430K, committed 40652K, reserved 1085440K
  class space    used 4522K, capacity 4753K, committed 4812K, reserved 1048576K
2017-10-31T09:17:44.941-0700: 928.849: [GC (Allocation Failure) 2017-10-31T09:17:44.941-0700: 928.849: [ParNew
Desired survivor size 20112992 bytes, new threshold 8 (max 8)
- age   1:    2987120 bytes,    2987120 total
- age   2:      10048 bytes,    2997168 total
- age   3:       8440 bytes,    3005608 total
- age   4:       8368 bytes,    3013976 total
- age   5:       7368 bytes,    3021344 total
- age   6:       7248 bytes,    3028592 total
- age   7:       9464 bytes,    3038056 total
- age   8:       8320 bytes,    3046376 total
: 89749K->3220K(109248K), 0.0050428 secs] 111142K->24621K(502464K), 0.0052182 secs] [Times: user=0.00 sys=0.00, real=0.01 secs] 
Heap after GC invocations=120 (full 2):
 par new generation   total 109248K, used 3220K [0x00000000e0000000, 0x00000000e8000000, 0x00000000e8000000)
  eden space 87424K,   0% used [0x00000000e0000000, 0x00000000e0000000, 0x00000000e5560000)
  from space 21824K,  14% used [0x00000000e5560000, 0x00000000e58852a0, 0x00000000e6ab0000)
  to   space 21824K,   0% used [0x00000000e6ab0000, 0x00000000e6ab0000, 0x00000000e8000000)
 concurrent mark-sweep generation total 393216K, used 21401K [0x00000000e8000000, 0x0000000100000000, 0x0000000100000000)
 Metaspace       used 39467K, capacity 40430K, committed 40652K, reserved 1085440K
  class space    used 4522K, capacity 4753K, committed 4812K, reserved 1048576K
}
2017-10-31T09:17:44.946-0700: 928.855: Total time for which application threads were stopped: 0.0055534 seconds, Stopping threads took: 0.0000576 seconds
2017-10-31T09:17:45.946-0700: 929.854: Total time for which application threads were stopped: 0.0002397 seconds, Stopping threads took: 0.0000467 seconds
2017-10-31T09:17:47.799-0700: 931.708: Total time for which application threads were stopped: 0.0002458 seconds, Stopping threads took: 0.0000318 seconds
{Heap before GC invocations=120 (full 2):
 par new generation   total 109248K, used 90644K [0x00000000e0000000, 0x00000000e8000000, 0x00000000e8000000)
  eden space 87424K, 100% used [0x00000000e0000000, 0x00000000e5560000, 0x00000000e5560000)
  from space 21824K,  14% used [0x00000000e5560000, 0x00000000e58852a0, 0x00000000e6ab0000)
  to   space 21824K,   0% used [0x00000000e6ab0000, 0x00000000e6ab0000, 0x00000000e8000000)
 concurrent mark-sweep generation total 393216K, used 21401K [0x00000000e8000000, 0x0000000100000000, 0x0000000100000000)
 Metaspace       used 39467K, capacity 40430K, committed 40652K, reserved 1085440K
  class space    used 4522K, capacity 4753K, committed 4812K, reserved 1048576K
2017-10-31T09:17:47.847-0700: 931.756: [GC (Allocation Failure) 2017-10-31T09:17:47.847-0700: 931.756: [ParNew
Desired survivor size 20112992 bytes, new threshold 8 (max 8)
- age   1:    2501112 bytes,    2501112 total
- age   2:     559024 bytes,    3060136 total
- age   3:       8880 bytes,    3069016 total
- age   4:       8440 bytes,    3077456 total
- age   5:       8184 bytes,    3085640 total
- age   6:       6792 bytes,    3092432 total
- age   7:       7248 bytes,    3099680 total
- age   8:       9464 bytes,    3109144 total
: 90644K->4461K(109248K), 0.0048674 secs] 112045K->25871K(502464K), 0.0050530 secs] [Times: user=0.00 sys=0.00, real=0.01 secs] 
Heap after GC invocations=121 (full 2):
 par new generation   total 109248K, used 4461K [0x00000000e0000000, 0x00000000e8000000, 0x00000000e8000000)
  eden space 87424K,   0% used [0x00000000e0000000, 0x00000000e0000000, 0x00000000e5560000)
  from space 21824K,  20% used [0x00000000e6ab0000, 0x00000000e6f0b770, 0x00000000e8000000)
  to   space 21824K,   0% used [0x00000000e5560000, 0x00000000e5560000, 0x00000000e6ab0000)
 concurrent mark-sweep generation total 393216K, used 21409K [0x00000000e8000000, 0x0000000100000000, 0x0000000100000000)
 Metaspace       used 39467K, capacity 40430K, committed 40652K, reserved 1085440K
  class space    used 4522K, capacity 4753K, committed 4812K, reserved 1048576K
}
2017-10-31T09:17:47.852-0700: 931.761: Total time for which application threads were stopped: 0.0053970 seconds, Stopping threads took: 0.0000433 seconds
2017-10-31T09:17:49.856-0700: 933.764: Total time for which application threads were stopped: 0.0002411 seconds, Stopping threads took: 0.0001023 seconds
2017-10-31T09:17:50.490-0700: 934.398: Total time for which application threads were stopped: 0.0003847 seconds, Stopping threads took: 0.0000853 seconds
{Heap before GC invocations=121 (full 2):
 par new generation   total 109248K, used 91814K [0x00000000e0000000, 0x00000000e8000000, 0x00000000e8000000)
  eden space 87424K,  99% used [0x00000000e0000000, 0x00000000e554e438, 0x00000000e5560000)
  from space 21824K,  20% used [0x00000000e6ab0000, 0x00000000e6f0b770, 0x00000000e8000000)
  to   space 21824K,   0% used [0x00000000e5560000, 0x00000000e5560000, 0x00000000e6ab0000)
 concurrent mark-sweep generation total 393216K, used 21409K [0x00000000e8000000, 0x0000000100000000, 0x0000000100000000)
 Metaspace       used 39467K, capacity 40430K, committed 40652K, reserved 1085440K
  class space    used 4522K, capacity 4753K, committed 4812K, reserved 1048576K
2017-10-31T09:17:50.894-0700: 934.803: [GC (Allocation Failure) 2017-10-31T09:17:50.894-0700: 934.803: [ParNew
Desired survivor size 20112992 bytes, new threshold 8 (max 8)
- age   1:    2063944 bytes,    2063944 total
- age   2:      79184 bytes,    2143128 total
- age   3:       7632 bytes,    2150760 total
- age   4:       8880 bytes,    2159640 total
- age   5:       8368 bytes,    2168008 total
- age   6:       7536 bytes,    2175544 total
- age   7:       6792 bytes,    2182336 total
- age   8:       7248 bytes,    2189584 total
: 91814K->3248K(109248K), 0.0113751 secs] 113224K->24667K(502464K), 0.0115701 secs] [Times: user=0.06 sys=0.00, real=0.01 secs] 
Heap after GC invocations=122 (full 2):
 par new generation   total 109248K, used 3248K [0x00000000e0000000, 0x00000000e8000000, 0x00000000e8000000)
  eden space 87424K,   0% used [0x00000000e0000000, 0x00000000e0000000, 0x00000000e5560000)
  from space 21824K,  14% used [0x00000000e5560000, 0x00000000e588c2a0, 0x00000000e6ab0000)
  to   space 21824K,   0% used [0x00000000e6ab0000, 0x00000000e6ab0000, 0x00000000e8000000)
 concurrent mark-sweep generation total 393216K, used 21418K [0x00000000e8000000, 0x0000000100000000, 0x0000000100000000)
 Metaspace       used 39467K, capacity 40430K, committed 40652K, reserved 1085440K
  class space    used 4522K, capacity 4753K, committed 4812K, reserved 1048576K
}
2017-10-31T09:17:50.906-0700: 934.814: Total time for which application threads were stopped: 0.0121986 seconds, Stopping threads took: 0.0000657 seconds
2017-10-31T09:17:53.401-0700: 937.310: Total time for which application threads were stopped: 0.0002418 seconds, Stopping threads took: 0.0000325 seconds
2017-10-31T09:17:54.402-0700: 938.310: Total time for which application threads were stopped: 0.0001734 seconds, Stopping threads took: 0.0000393 seconds
{Heap before GC invocations=122 (full 2):
 par new generation   total 109248K, used 90672K [0x00000000e0000000, 0x00000000e8000000, 0x00000000e8000000)
  eden space 87424K, 100% used [0x00000000e0000000, 0x00000000e5560000, 0x00000000e5560000)
  from space 21824K,  14% used [0x00000000e5560000, 0x00000000e588c2a0, 0x00000000e6ab0000)
  to   space 21824K,   0% used [0x00000000e6ab0000, 0x00000000e6ab0000, 0x00000000e8000000)
 concurrent mark-sweep generation total 393216K, used 21418K [0x00000000e8000000, 0x0000000100000000, 0x0000000100000000)
 Metaspace       used 39467K, capacity 40430K, committed 40652K, reserved 1085440K
  class space    used 4522K, capacity 4753K, committed 4812K, reserved 1048576K
2017-10-31T09:17:54.649-0700: 938.558: [GC (Allocation Failure) 2017-10-31T09:17:54.649-0700: 938.558: [ParNew
Desired survivor size 20112992 bytes, new threshold 8 (max 8)
- age   1:    2248208 bytes,    2248208 total
- age   2:       8848 bytes,    2257056 total
- age   3:       7080 bytes,    2264136 total
- age   4:       7632 bytes,    2271768 total
- age   5:       8664 bytes,    2280432 total
- age   6:       7648 bytes,    2288080 total
- age   7:       7536 bytes,    2295616 total
- age   8:       6792 bytes,    2302408 total
: 90672K->2680K(109248K), 0.0092079 secs] 112091K->24106K(502464K), 0.0094287 secs] [Times: user=0.06 sys=0.00, real=0.01 secs] 
Heap after GC invocations=123 (full 2):
 par new generation   total 109248K, used 2680K [0x00000000e0000000, 0x00000000e8000000, 0x00000000e8000000)
  eden space 87424K,   0% used [0x00000000e0000000, 0x00000000e0000000, 0x00000000e5560000)
  from space 21824K,  12% used [0x00000000e6ab0000, 0x00000000e6d4e350, 0x00000000e8000000)
  to   space 21824K,   0% used [0x00000000e5560000, 0x00000000e5560000, 0x00000000e6ab0000)
 concurrent mark-sweep generation total 393216K, used 21425K [0x00000000e8000000, 0x0000000100000000, 0x0000000100000000)
 Metaspace       used 39467K, capacity 40430K, committed 40652K, reserved 1085440K
  class space    used 4522K, capacity 4753K, committed 4812K, reserved 1048576K
}
2017-10-31T09:17:54.659-0700: 938.567: Total time for which application threads were stopped: 0.0098459 seconds, Stopping threads took: 0.0000339 seconds
2017-10-31T09:17:56.276-0700: 940.185: Total time for which application threads were stopped: 0.0002066 seconds, Stopping threads took: 0.0000264 seconds
2017-10-31T09:17:57.276-0700: 941.185: Total time for which application threads were stopped: 0.0001883 seconds, Stopping threads took: 0.0000494 seconds
{Heap before GC invocations=123 (full 2):
 par new generation   total 109248K, used 89855K [0x00000000e0000000, 0x00000000e8000000, 0x00000000e8000000)
  eden space 87424K,  99% used [0x00000000e0000000, 0x00000000e5521928, 0x00000000e5560000)
  from space 21824K,  12% used [0x00000000e6ab0000, 0x00000000e6d4e350, 0x00000000e8000000)
  to   space 21824K,   0% used [0x00000000e5560000, 0x00000000e5560000, 0x00000000e6ab0000)
 concurrent mark-sweep generation total 393216K, used 21425K [0x00000000e8000000, 0x0000000100000000, 0x0000000100000000)
 Metaspace       used 39467K, capacity 40430K, committed 40652K, reserved 1085440K
  class space    used 4522K, capacity 4753K, committed 4812K, reserved 1048576K
2017-10-31T09:17:57.835-0700: 941.744: [GC (Allocation Failure) 2017-10-31T09:17:57.835-0700: 941.744: [ParNew
Desired survivor size 20112992 bytes, new threshold 8 (max 8)
- age   1:    2295248 bytes,    2295248 total
- age   2:      12784 bytes,    2308032 total
- age   3:       7888 bytes,    2315920 total
- age   4:       7080 bytes,    2323000 total
- age   5:       7416 bytes,    2330416 total
- age   6:       8160 bytes,    2338576 total
- age   7:       7648 bytes,    2346224 total
- age   8:       7536 bytes,    2353760 total
: 89855K->2687K(109248K), 0.0042084 secs] 111280K->24119K(502464K), 0.0043330 secs] [Times: user=0.06 sys=0.00, real=0.00 secs] 
Heap after GC invocations=124 (full 2):
 par new generation   total 109248K, used 2687K [0x00000000e0000000, 0x00000000e8000000, 0x00000000e8000000)
  eden space 87424K,   0% used [0x00000000e0000000, 0x00000000e0000000, 0x00000000e5560000)
  from space 21824K,  12% used [0x00000000e5560000, 0x00000000e57ffd30, 0x00000000e6ab0000)
  to   space 21824K,   0% used [0x00000000e6ab0000, 0x00000000e6ab0000, 0x00000000e8000000)
 concurrent mark-sweep generation total 393216K, used 21432K [0x00000000e8000000, 0x0000000100000000, 0x0000000100000000)
 Metaspace       used 39467K, capacity 40430K, committed 40652K, reserved 1085440K
  class space    used 4522K, capacity 4753K, committed 4812K, reserved 1048576K
}
2017-10-31T09:17:57.839-0700: 941.748: Total time for which application threads were stopped: 0.0045816 seconds, Stopping threads took: 0.0000223 seconds
2017-10-31T09:18:21.851-0700: 965.760: Total time for which application threads were stopped: 0.0002506 seconds, Stopping threads took: 0.0000576 seconds
2017-10-31T09:18:29.224-0700: 973.133: Total time for which application threads were stopped: 0.0002384 seconds, Stopping threads took: 0.0000237 seconds
2017-10-31T09:18:29.225-0700: 973.134: Total time for which application threads were stopped: 0.0001422 seconds, Stopping threads took: 0.0000271 seconds
2017-10-31T09:18:29.227-0700: 973.136: Total time for which application threads were stopped: 0.0002648 seconds, Stopping threads took: 0.0001395 seconds
2017-10-31T09:18:29.230-0700: 973.139: Total time for which application threads were stopped: 0.0001761 seconds, Stopping threads took: 0.0000488 seconds
2017-10-31T09:18:29.230-0700: 973.140: Total time for which application threads were stopped: 0.0001226 seconds, Stopping threads took: 0.0000278 seconds
2017-10-31T09:18:30.231-0700: 974.139: Total time for which application threads were stopped: 0.0002269 seconds, Stopping threads took: 0.0000643 seconds
2017-10-31T09:18:38.235-0700: 982.143: Total time for which application threads were stopped: 0.0001578 seconds, Stopping threads took: 0.0000298 seconds
2017-10-31T09:18:43.237-0700: 987.145: Total time for which application threads were stopped: 0.0002174 seconds, Stopping threads took: 0.0000508 seconds
2017-10-31T09:18:49.239-0700: 993.148: Total time for which application threads were stopped: 0.0001619 seconds, Stopping threads took: 0.0000461 seconds
2017-10-31T09:18:57.243-0700: 1001.151: Total time for which application threads were stopped: 0.0002059 seconds, Stopping threads took: 0.0000488 seconds
2017-10-31T09:19:05.247-0700: 1009.155: Total time for which application threads were stopped: 0.0002072 seconds, Stopping threads took: 0.0000515 seconds
2017-10-31T09:19:18.254-0700: 1022.162: Total time for which application threads were stopped: 0.0001354 seconds, Stopping threads took: 0.0000298 seconds
2017-10-31T09:19:43.268-0700: 1047.177: Total time for which application threads were stopped: 0.0001666 seconds, Stopping threads took: 0.0000406 seconds
2017-10-31T09:20:11.283-0700: 1075.192: Total time for which application threads were stopped: 0.0001754 seconds, Stopping threads took: 0.0000582 seconds
2017-10-31T09:20:11.566-0700: 1075.475: Total time for which application threads were stopped: 0.0002635 seconds, Stopping threads took: 0.0000501 seconds
2017-10-31T09:20:11.566-0700: 1075.475: Total time for which application threads were stopped: 0.0001991 seconds, Stopping threads took: 0.0000467 seconds
2017-10-31T09:20:11.567-0700: 1075.475: Total time for which application threads were stopped: 0.0001503 seconds, Stopping threads took: 0.0000508 seconds
2017-10-31T09:20:11.567-0700: 1075.475: Total time for which application threads were stopped: 0.0001436 seconds, Stopping threads took: 0.0000393 seconds
2017-10-31T09:20:11.567-0700: 1075.476: Total time for which application threads were stopped: 0.0001402 seconds, Stopping threads took: 0.0000264 seconds
2017-10-31T09:20:11.568-0700: 1075.477: Total time for which application threads were stopped: 0.0002465 seconds, Stopping threads took: 0.0000589 seconds
2017-10-31T09:20:11.569-0700: 1075.478: Total time for which application threads were stopped: 0.0004781 seconds, Stopping threads took: 0.0000386 seconds
2017-10-31T09:20:12.569-0700: 1076.477: Total time for which application threads were stopped: 0.0002445 seconds, Stopping threads took: 0.0000494 seconds
2017-10-31T09:20:39.385-0700: 1103.294: Total time for which application threads were stopped: 0.0001747 seconds, Stopping threads took: 0.0000386 seconds
2017-10-31T09:20:39.385-0700: 1103.294: Total time for which application threads were stopped: 0.0000792 seconds, Stopping threads took: 0.0000156 seconds
2017-10-31T09:20:39.385-0700: 1103.294: Total time for which application threads were stopped: 0.0000867 seconds, Stopping threads took: 0.0000386 seconds
2017-10-31T09:20:39.386-0700: 1103.295: Total time for which application threads were stopped: 0.0000908 seconds, Stopping threads took: 0.0000169 seconds
2017-10-31T09:20:39.386-0700: 1103.295: Total time for which application threads were stopped: 0.0001084 seconds, Stopping threads took: 0.0000163 seconds
2017-10-31T09:20:39.386-0700: 1103.295: Total time for which application threads were stopped: 0.0000921 seconds, Stopping threads took: 0.0000298 seconds
2017-10-31T09:20:39.386-0700: 1103.295: Total time for which application threads were stopped: 0.0000752 seconds, Stopping threads took: 0.0000257 seconds
2017-10-31T09:20:40.387-0700: 1104.295: Total time for which application threads were stopped: 0.0001470 seconds, Stopping threads took: 0.0000372 seconds
2017-10-31T09:21:41.413-0700: 1165.322: Total time for which application threads were stopped: 0.0003644 seconds, Stopping threads took: 0.0000643 seconds
2017-10-31T09:23:43.519-0700: 1287.427: Total time for which application threads were stopped: 0.0002458 seconds, Stopping threads took: 0.0000372 seconds
2017-10-31T09:23:44.520-0700: 1288.428: Total time for which application threads were stopped: 0.0001564 seconds, Stopping threads took: 0.0000271 seconds
2017-10-31T09:23:45.521-0700: 1289.429: Total time for which application threads were stopped: 0.0001768 seconds, Stopping threads took: 0.0000372 seconds
{Heap before GC invocations=124 (full 2):
 par new generation   total 109248K, used 89998K [0x00000000e0000000, 0x00000000e8000000, 0x00000000e8000000)
  eden space 87424K,  99% used [0x00000000e0000000, 0x00000000e5543d68, 0x00000000e5560000)
  from space 21824K,  12% used [0x00000000e5560000, 0x00000000e57ffd30, 0x00000000e6ab0000)
  to   space 21824K,   0% used [0x00000000e6ab0000, 0x00000000e6ab0000, 0x00000000e8000000)
 concurrent mark-sweep generation total 393216K, used 21432K [0x00000000e8000000, 0x0000000100000000, 0x0000000100000000)
 Metaspace       used 39606K, capacity 40566K, committed 40652K, reserved 1085440K
  class space    used 4535K, capacity 4765K, committed 4812K, reserved 1048576K
2017-10-31T09:23:45.759-0700: 1289.669: [GC (Allocation Failure) 2017-10-31T09:23:45.760-0700: 1289.669: [ParNew
Desired survivor size 20112992 bytes, new threshold 8 (max 8)
- age   1:    1597504 bytes,    1597504 total
- age   2:       8432 bytes,    1605936 total
- age   3:       9392 bytes,    1615328 total
- age   4:       7024 bytes,    1622352 total
- age   5:       6432 bytes,    1628784 total
- age   6:       6840 bytes,    1635624 total
- age   7:       8160 bytes,    1643784 total
- age   8:       7648 bytes,    1651432 total
: 89998K->2786K(109248K), 0.0053442 secs] 111430K->24226K(502464K), 0.0054491 secs] [Times: user=0.02 sys=0.00, real=0.01 secs] 
Heap after GC invocations=125 (full 2):
 par new generation   total 109248K, used 2786K [0x00000000e0000000, 0x00000000e8000000, 0x00000000e8000000)
  eden space 87424K,   0% used [0x00000000e0000000, 0x00000000e0000000, 0x00000000e5560000)
  from space 21824K,  12% used [0x00000000e6ab0000, 0x00000000e6d68b68, 0x00000000e8000000)
  to   space 21824K,   0% used [0x00000000e5560000, 0x00000000e5560000, 0x00000000e6ab0000)
 concurrent mark-sweep generation total 393216K, used 21439K [0x00000000e8000000, 0x0000000100000000, 0x0000000100000000)
 Metaspace       used 39606K, capacity 40566K, committed 40652K, reserved 1085440K
  class space    used 4535K, capacity 4765K, committed 4812K, reserved 1048576K
}
2017-10-31T09:23:45.765-0700: 1289.674: Total time for which application threads were stopped: 0.0057214 seconds, Stopping threads took: 0.0000433 seconds
2017-10-31T09:23:46.005-0700: 1289.913: Total time for which application threads were stopped: 0.0002851 seconds, Stopping threads took: 0.0000433 seconds
2017-10-31T09:23:47.005-0700: 1290.914: Total time for which application threads were stopped: 0.0001619 seconds, Stopping threads took: 0.0000298 seconds
2017-10-31T09:23:48.006-0700: 1291.914: Total time for which application threads were stopped: 0.0001700 seconds, Stopping threads took: 0.0000372 seconds
2017-10-31T09:23:48.752-0700: 1292.660: Total time for which application threads were stopped: 0.0002066 seconds, Stopping threads took: 0.0000264 seconds
{Heap before GC invocations=125 (full 2):
 par new generation   total 109248K, used 90117K [0x00000000e0000000, 0x00000000e8000000, 0x00000000e8000000)
  eden space 87424K,  99% used [0x00000000e0000000, 0x00000000e55489b0, 0x00000000e5560000)
  from space 21824K,  12% used [0x00000000e6ab0000, 0x00000000e6d68b68, 0x00000000e8000000)
  to   space 21824K,   0% used [0x00000000e5560000, 0x00000000e5560000, 0x00000000e6ab0000)
 concurrent mark-sweep generation total 393216K, used 21439K [0x00000000e8000000, 0x0000000100000000, 0x0000000100000000)
 Metaspace       used 39606K, capacity 40566K, committed 40652K, reserved 1085440K
  class space    used 4535K, capacity 4765K, committed 4812K, reserved 1048576K
2017-10-31T09:23:48.779-0700: 1292.688: [GC (Allocation Failure) 2017-10-31T09:23:48.779-0700: 1292.688: [ParNew
Desired survivor size 20112992 bytes, new threshold 8 (max 8)
- age   1:    1367696 bytes,    1367696 total
- age   2:     237264 bytes,    1604960 total
- age   3:       7520 bytes,    1612480 total
- age   4:       9392 bytes,    1621872 total
- age   5:       7024 bytes,    1628896 total
- age   6:       6432 bytes,    1635328 total
- age   7:       6840 bytes,    1642168 total
- age   8:       8160 bytes,    1650328 total
: 90117K->1930K(109248K), 0.0046954 secs] 111556K->23377K(502464K), 0.0048423 secs] [Times: user=0.00 sys=0.00, real=0.00 secs] 
Heap after GC invocations=126 (full 2):
 par new generation   total 109248K, used 1930K [0x00000000e0000000, 0x00000000e8000000, 0x00000000e8000000)
  eden space 87424K,   0% used [0x00000000e0000000, 0x00000000e0000000, 0x00000000e5560000)
  from space 21824K,   8% used [0x00000000e5560000, 0x00000000e5742b20, 0x00000000e6ab0000)
  to   space 21824K,   0% used [0x00000000e6ab0000, 0x00000000e6ab0000, 0x00000000e8000000)
 concurrent mark-sweep generation total 393216K, used 21447K [0x00000000e8000000, 0x0000000100000000, 0x0000000100000000)
 Metaspace       used 39606K, capacity 40566K, committed 40652K, reserved 1085440K
  class space    used 4535K, capacity 4765K, committed 4812K, reserved 1048576K
}
2017-10-31T09:23:48.784-0700: 1292.693: Total time for which application threads were stopped: 0.0051376 seconds, Stopping threads took: 0.0000291 seconds
2017-10-31T09:23:50.785-0700: 1294.694: Total time for which application threads were stopped: 0.0001680 seconds, Stopping threads took: 0.0000325 seconds
2017-10-31T09:23:51.205-0700: 1295.114: Total time for which application threads were stopped: 0.0002777 seconds, Stopping threads took: 0.0000569 seconds
2017-10-31T09:23:52.206-0700: 1296.114: Total time for which application threads were stopped: 0.0001415 seconds, Stopping threads took: 0.0000271 seconds
{Heap before GC invocations=126 (full 2):
 par new generation   total 109248K, used 88904K [0x00000000e0000000, 0x00000000e8000000, 0x00000000e8000000)
  eden space 87424K,  99% used [0x00000000e0000000, 0x00000000e54ef828, 0x00000000e5560000)
  from space 21824K,   8% used [0x00000000e5560000, 0x00000000e5742b20, 0x00000000e6ab0000)
  to   space 21824K,   0% used [0x00000000e6ab0000, 0x00000000e6ab0000, 0x00000000e8000000)
 concurrent mark-sweep generation total 393216K, used 21447K [0x00000000e8000000, 0x0000000100000000, 0x0000000100000000)
 Metaspace       used 39606K, capacity 40566K, committed 40652K, reserved 1085440K
  class space    used 4535K, capacity 4765K, committed 4812K, reserved 1048576K
2017-10-31T09:23:52.470-0700: 1296.378: [GC (Allocation Failure) 2017-10-31T09:23:52.470-0700: 1296.378: [ParNew
Desired survivor size 20112992 bytes, new threshold 8 (max 8)
- age   1:    1404720 bytes,    1404720 total
- age   2:      12032 bytes,    1416752 total
- age   3:     169272 bytes,    1586024 total
- age   4:       7520 bytes,    1593544 total
- age   5:       9392 bytes,    1602936 total
- age   6:       7024 bytes,    1609960 total
- age   7:       6432 bytes,    1616392 total
- age   8:       6840 bytes,    1623232 total
: 88904K->1755K(109248K), 0.0053523 secs] 110351K->23210K(502464K), 0.0054302 secs] [Times: user=0.00 sys=0.00, real=0.00 secs] 
Heap after GC invocations=127 (full 2):
 par new generation   total 109248K, used 1755K [0x00000000e0000000, 0x00000000e8000000, 0x00000000e8000000)
  eden space 87424K,   0% used [0x00000000e0000000, 0x00000000e0000000, 0x00000000e5560000)
  from space 21824K,   8% used [0x00000000e6ab0000, 0x00000000e6c66db0, 0x00000000e8000000)
  to   space 21824K,   0% used [0x00000000e5560000, 0x00000000e5560000, 0x00000000e6ab0000)
 concurrent mark-sweep generation total 393216K, used 21455K [0x00000000e8000000, 0x0000000100000000, 0x0000000100000000)
 Metaspace       used 39606K, capacity 40566K, committed 40652K, reserved 1085440K
  class space    used 4535K, capacity 4765K, committed 4812K, reserved 1048576K
}
2017-10-31T09:23:52.475-0700: 1296.384: Total time for which application threads were stopped: 0.0056801 seconds, Stopping threads took: 0.0000223 seconds
2017-10-31T09:23:53.476-0700: 1297.384: Total time for which application threads were stopped: 0.0001375 seconds, Stopping threads took: 0.0000271 seconds
2017-10-31T09:23:53.651-0700: 1297.560: Total time for which application threads were stopped: 0.0001849 seconds, Stopping threads took: 0.0000271 seconds
2017-10-31T09:23:54.651-0700: 1298.560: Total time for which application threads were stopped: 0.0001680 seconds, Stopping threads took: 0.0000332 seconds
{Heap before GC invocations=127 (full 2):
 par new generation   total 109248K, used 89109K [0x00000000e0000000, 0x00000000e8000000, 0x00000000e8000000)
  eden space 87424K,  99% used [0x00000000e0000000, 0x00000000e554e818, 0x00000000e5560000)
  from space 21824K,   8% used [0x00000000e6ab0000, 0x00000000e6c66db0, 0x00000000e8000000)
  to   space 21824K,   0% used [0x00000000e5560000, 0x00000000e5560000, 0x00000000e6ab0000)
 concurrent mark-sweep generation total 393216K, used 21455K [0x00000000e8000000, 0x0000000100000000, 0x0000000100000000)
 Metaspace       used 39606K, capacity 40566K, committed 40652K, reserved 1085440K
  class space    used 4535K, capacity 4765K, committed 4812K, reserved 1048576K
2017-10-31T09:23:55.814-0700: 1299.723: [GC (Allocation Failure) 2017-10-31T09:23:55.814-0700: 1299.723: [ParNew
Desired survivor size 20112992 bytes, new threshold 8 (max 8)
- age   1:    1454216 bytes,    1454216 total
- age   2:      10992 bytes,    1465208 total
- age   3:      11120 bytes,    1476328 total
- age   4:     169272 bytes,    1645600 total
- age   5:       7520 bytes,    1653120 total
- age   6:       9392 bytes,    1662512 total
- age   7:       7024 bytes,    1669536 total
- age   8:       6432 bytes,    1675968 total
: 89109K->2088K(109248K), 0.0065314 secs] 110564K->23550K(502464K), 0.0065964 secs] [Times: user=0.00 sys=0.00, real=0.01 secs] 
Heap after GC invocations=128 (full 2):
 par new generation   total 109248K, used 2088K [0x00000000e0000000, 0x00000000e8000000, 0x00000000e8000000)
  eden space 87424K,   0% used [0x00000000e0000000, 0x00000000e0000000, 0x00000000e5560000)
  from space 21824K,   9% used [0x00000000e5560000, 0x00000000e576a1f0, 0x00000000e6ab0000)
  to   space 21824K,   0% used [0x00000000e6ab0000, 0x00000000e6ab0000, 0x00000000e8000000)
 concurrent mark-sweep generation total 393216K, used 21461K [0x00000000e8000000, 0x0000000100000000, 0x0000000100000000)
 Metaspace       used 39606K, capacity 40566K, committed 40652K, reserved 1085440K
  class space    used 4535K, capacity 4765K, committed 4812K, reserved 1048576K
}
2017-10-31T09:23:55.821-0700: 1299.730: Total time for which application threads were stopped: 0.0068551 seconds, Stopping threads took: 0.0000210 seconds
2017-10-31T09:23:56.314-0700: 1300.223: Total time for which application threads were stopped: 0.0002384 seconds, Stopping threads took: 0.0000616 seconds
2017-10-31T09:23:57.315-0700: 1301.223: Total time for which application threads were stopped: 0.0001456 seconds, Stopping threads took: 0.0000332 seconds
2017-10-31T09:23:58.772-0700: 1302.680: Total time for which application threads were stopped: 0.0003434 seconds, Stopping threads took: 0.0001206 seconds
{Heap before GC invocations=128 (full 2):
 par new generation   total 109248K, used 89512K [0x00000000e0000000, 0x00000000e8000000, 0x00000000e8000000)
  eden space 87424K, 100% used [0x00000000e0000000, 0x00000000e5560000, 0x00000000e5560000)
  from space 21824K,   9% used [0x00000000e5560000, 0x00000000e576a1f0, 0x00000000e6ab0000)
  to   space 21824K,   0% used [0x00000000e6ab0000, 0x00000000e6ab0000, 0x00000000e8000000)
 concurrent mark-sweep generation total 393216K, used 21461K [0x00000000e8000000, 0x0000000100000000, 0x0000000100000000)
 Metaspace       used 39607K, capacity 40566K, committed 40652K, reserved 1085440K
  class space    used 4536K, capacity 4765K, committed 4812K, reserved 1048576K
2017-10-31T09:23:58.792-0700: 1302.701: [GC (Allocation Failure) 2017-10-31T09:23:58.793-0700: 1302.701: [ParNew
Desired survivor size 20112992 bytes, new threshold 8 (max 8)
- age   1:    1539824 bytes,    1539824 total
- age   2:       9984 bytes,    1549808 total
- age   3:      10080 bytes,    1559888 total
- age   4:      11120 bytes,    1571008 total
- age   5:     169168 bytes,    1740176 total
- age   6:       7520 bytes,    1747696 total
- age   7:       9392 bytes,    1757088 total
- age   8:       7024 bytes,    1764112 total
: 89512K->2139K(109248K), 0.0047766 secs] 110974K->23607K(502464K), 0.0048579 secs] [Times: user=0.00 sys=0.00, real=0.00 secs] 
Heap after GC invocations=129 (full 2):
 par new generation   total 109248K, used 2139K [0x00000000e0000000, 0x00000000e8000000, 0x00000000e8000000)
  eden space 87424K,   0% used [0x00000000e0000000, 0x00000000e0000000, 0x00000000e5560000)
  from space 21824K,   9% used [0x00000000e6ab0000, 0x00000000e6cc6c50, 0x00000000e8000000)
  to   space 21824K,   0% used [0x00000000e5560000, 0x00000000e5560000, 0x00000000e6ab0000)
 concurrent mark-sweep generation total 393216K, used 21467K [0x00000000e8000000, 0x0000000100000000, 0x0000000100000000)
 Metaspace       used 39607K, capacity 40566K, committed 40652K, reserved 1085440K
  class space    used 4536K, capacity 4765K, committed 4812K, reserved 1048576K
}
2017-10-31T09:23:58.797-0700: 1302.706: Total time for which application threads were stopped: 0.0050956 seconds, Stopping threads took: 0.0000264 seconds
2017-10-31T09:24:00.798-0700: 1304.706: Total time for which application threads were stopped: 0.0001890 seconds, Stopping threads took: 0.0000372 seconds
2017-10-31T09:24:01.391-0700: 1305.300: Total time for which application threads were stopped: 0.0002445 seconds, Stopping threads took: 0.0000474 seconds
{Heap before GC invocations=129 (full 2):
 par new generation   total 109248K, used 89133K [0x00000000e0000000, 0x00000000e8000000, 0x00000000e8000000)
  eden space 87424K,  99% used [0x00000000e0000000, 0x00000000e54f4950, 0x00000000e5560000)
  from space 21824K,   9% used [0x00000000e6ab0000, 0x00000000e6cc6c50, 0x00000000e8000000)
  to   space 21824K,   0% used [0x00000000e5560000, 0x00000000e5560000, 0x00000000e6ab0000)
 concurrent mark-sweep generation total 393216K, used 21467K [0x00000000e8000000, 0x0000000100000000, 0x0000000100000000)
 Metaspace       used 39607K, capacity 40566K, committed 40652K, reserved 1085440K
  class space    used 4536K, capacity 4765K, committed 4812K, reserved 1048576K
2017-10-31T09:24:02.338-0700: 1306.246: [GC (Allocation Failure) 2017-10-31T09:24:02.338-0700: 1306.246: [ParNew
Desired survivor size 20112992 bytes, new threshold 8 (max 8)
- age   1:    1279240 bytes,    1279240 total
- age   2:      10128 bytes,    1289368 total
- age   3:       9072 bytes,    1298440 total
- age   4:      10080 bytes,    1308520 total
- age   5:      10832 bytes,    1319352 total
- age   6:     168416 bytes,    1487768 total
- age   7:       7520 bytes,    1495288 total
- age   8:       9392 bytes,    1504680 total
: 89133K->1719K(109248K), 0.0053239 secs] 110601K->23194K(502464K), 0.0054722 secs] [Times: user=0.06 sys=0.00, real=0.00 secs] 
Heap after GC invocations=130 (full 2):
 par new generation   total 109248K, used 1719K [0x00000000e0000000, 0x00000000e8000000, 0x00000000e8000000)
  eden space 87424K,   0% used [0x00000000e0000000, 0x00000000e0000000, 0x00000000e5560000)
  from space 21824K,   7% used [0x00000000e5560000, 0x00000000e570dd70, 0x00000000e6ab0000)
  to   space 21824K,   0% used [0x00000000e6ab0000, 0x00000000e6ab0000, 0x00000000e8000000)
 concurrent mark-sweep generation total 393216K, used 21474K [0x00000000e8000000, 0x0000000100000000, 0x0000000100000000)
 Metaspace       used 39607K, capacity 40566K, committed 40652K, reserved 1085440K
  class space    used 4536K, capacity 4765K, committed 4812K, reserved 1048576K
}
2017-10-31T09:24:02.343-0700: 1306.252: Total time for which application threads were stopped: 0.0058867 seconds, Stopping threads took: 0.0000664 seconds
2017-10-31T09:24:03.343-0700: 1307.252: Total time for which application threads were stopped: 0.0001558 seconds, Stopping threads took: 0.0000413 seconds
2017-10-31T09:24:03.956-0700: 1307.865: Total time for which application threads were stopped: 0.0002045 seconds, Stopping threads took: 0.0000359 seconds
{Heap before GC invocations=130 (full 2):
 par new generation   total 109248K, used 89143K [0x00000000e0000000, 0x00000000e8000000, 0x00000000e8000000)
  eden space 87424K, 100% used [0x00000000e0000000, 0x00000000e5560000, 0x00000000e5560000)
  from space 21824K,   7% used [0x00000000e5560000, 0x00000000e570dd70, 0x00000000e6ab0000)
  to   space 21824K,   0% used [0x00000000e6ab0000, 0x00000000e6ab0000, 0x00000000e8000000)
 concurrent mark-sweep generation total 393216K, used 21474K [0x00000000e8000000, 0x0000000100000000, 0x0000000100000000)
 Metaspace       used 39607K, capacity 40566K, committed 40652K, reserved 1085440K
  class space    used 4536K, capacity 4765K, committed 4812K, reserved 1048576K
2017-10-31T09:24:05.511-0700: 1309.420: [GC (Allocation Failure) 2017-10-31T09:24:05.511-0700: 1309.420: [ParNew
Desired survivor size 20112992 bytes, new threshold 8 (max 8)
- age   1:    1302536 bytes,    1302536 total
- age   2:       9592 bytes,    1312128 total
- age   3:       9088 bytes,    1321216 total
- age   4:       9072 bytes,    1330288 total
- age   5:       9648 bytes,    1339936 total
- age   6:      10400 bytes,    1350336 total
- age   7:     168416 bytes,    1518752 total
- age   8:       7520 bytes,    1526272 total
: 89143K->1739K(109248K), 0.0053503 secs] 110618K->23223K(502464K), 0.0054241 secs] [Times: user=0.00 sys=0.00, real=0.01 secs] 
Heap after GC invocations=131 (full 2):
 par new generation   total 109248K, used 1739K [0x00000000e0000000, 0x00000000e8000000, 0x00000000e8000000)
  eden space 87424K,   0% used [0x00000000e0000000, 0x00000000e0000000, 0x00000000e5560000)
  from space 21824K,   7% used [0x00000000e6ab0000, 0x00000000e6c62c20, 0x00000000e8000000)
  to   space 21824K,   0% used [0x00000000e5560000, 0x00000000e5560000, 0x00000000e6ab0000)
 concurrent mark-sweep generation total 393216K, used 21484K [0x00000000e8000000, 0x0000000100000000, 0x0000000100000000)
 Metaspace       used 39607K, capacity 40566K, committed 40652K, reserved 1085440K
  class space    used 4536K, capacity 4765K, committed 4812K, reserved 1048576K
}
2017-10-31T09:24:05.517-0700: 1309.425: Total time for which application threads were stopped: 0.0056693 seconds, Stopping threads took: 0.0000223 seconds
2017-10-31T09:24:06.488-0700: 1310.396: Total time for which application threads were stopped: 0.0002337 seconds, Stopping threads took: 0.0000318 seconds
2017-10-31T09:24:08.488-0700: 1312.396: Total time for which application threads were stopped: 0.0001612 seconds, Stopping threads took: 0.0000339 seconds
{Heap before GC invocations=131 (full 2):
 par new generation   total 109248K, used 89163K [0x00000000e0000000, 0x00000000e8000000, 0x00000000e8000000)
  eden space 87424K, 100% used [0x00000000e0000000, 0x00000000e5560000, 0x00000000e5560000)
  from space 21824K,   7% used [0x00000000e6ab0000, 0x00000000e6c62c20, 0x00000000e8000000)
  to   space 21824K,   0% used [0x00000000e5560000, 0x00000000e5560000, 0x00000000e6ab0000)
 concurrent mark-sweep generation total 393216K, used 21484K [0x00000000e8000000, 0x0000000100000000, 0x0000000100000000)
 Metaspace       used 39607K, capacity 40566K, committed 40652K, reserved 1085440K
  class space    used 4536K, capacity 4765K, committed 4812K, reserved 1048576K
2017-10-31T09:24:08.728-0700: 1312.636: [GC (Allocation Failure) 2017-10-31T09:24:08.728-0700: 1312.636: [ParNew
Desired survivor size 20112992 bytes, new threshold 8 (max 8)
- age   1:    1436992 bytes,    1436992 total
- age   2:       9960 bytes,    1446952 total
- age   3:       8680 bytes,    1455632 total
- age   4:       9088 bytes,    1464720 total
- age   5:       8712 bytes,    1473432 total
- age   6:       9144 bytes,    1482576 total
- age   7:      10400 bytes,    1492976 total
- age   8:     168416 bytes,    1661392 total
: 89163K->1915K(109248K), 0.0052494 secs] 110647K->23407K(502464K), 0.0053401 secs] [Times: user=0.05 sys=0.00, real=0.01 secs] 
Heap after GC invocations=132 (full 2):
 par new generation   total 109248K, used 1915K [0x00000000e0000000, 0x00000000e8000000, 0x00000000e8000000)
  eden space 87424K,   0% used [0x00000000e0000000, 0x00000000e0000000, 0x00000000e5560000)
  from space 21824K,   8% used [0x00000000e5560000, 0x00000000e573ef28, 0x00000000e6ab0000)
  to   space 21824K,   0% used [0x00000000e6ab0000, 0x00000000e6ab0000, 0x00000000e8000000)
 concurrent mark-sweep generation total 393216K, used 21491K [0x00000000e8000000, 0x0000000100000000, 0x0000000100000000)
 Metaspace       used 39607K, capacity 40566K, committed 40652K, reserved 1085440K
  class space    used 4536K, capacity 4765K, committed 4812K, reserved 1048576K
}
2017-10-31T09:24:08.733-0700: 1312.642: Total time for which application threads were stopped: 0.0056049 seconds, Stopping threads took: 0.0000291 seconds
2017-10-31T09:24:08.989-0700: 1312.898: Total time for which application threads were stopped: 0.0002242 seconds, Stopping threads took: 0.0000488 seconds
2017-10-31T09:24:11.503-0700: 1315.412: Total time for which application threads were stopped: 0.0002486 seconds, Stopping threads took: 0.0000332 seconds
{Heap before GC invocations=132 (full 2):
 par new generation   total 109248K, used 89339K [0x00000000e0000000, 0x00000000e8000000, 0x00000000e8000000)
  eden space 87424K, 100% used [0x00000000e0000000, 0x00000000e5560000, 0x00000000e5560000)
  from space 21824K,   8% used [0x00000000e5560000, 0x00000000e573ef28, 0x00000000e6ab0000)
  to   space 21824K,   0% used [0x00000000e6ab0000, 0x00000000e6ab0000, 0x00000000e8000000)
 concurrent mark-sweep generation total 393216K, used 21491K [0x00000000e8000000, 0x0000000100000000, 0x0000000100000000)
 Metaspace       used 39607K, capacity 40566K, committed 40652K, reserved 1085440K
  class space    used 4536K, capacity 4765K, committed 4812K, reserved 1048576K
2017-10-31T09:24:11.532-0700: 1315.440: [GC (Allocation Failure) 2017-10-31T09:24:11.532-0700: 1315.440: [ParNew
Desired survivor size 20112992 bytes, new threshold 8 (max 8)
- age   1:    1814432 bytes,    1814432 total
- age   2:      78472 bytes,    1892904 total
- age   3:       9048 bytes,    1901952 total
- age   4:       8680 bytes,    1910632 total
- age   5:       8944 bytes,    1919576 total
- age   6:       8208 bytes,    1927784 total
- age   7:       9144 bytes,    1936928 total
- age   8:      10400 bytes,    1947328 total
: 89339K->2450K(109248K), 0.0055067 secs] 110831K->24108K(502464K), 0.0056063 secs] [Times: user=0.00 sys=0.00, real=0.00 secs] 
Heap after GC invocations=133 (full 2):
 par new generation   total 109248K, used 2450K [0x00000000e0000000, 0x00000000e8000000, 0x00000000e8000000)
  eden space 87424K,   0% used [0x00000000e0000000, 0x00000000e0000000, 0x00000000e5560000)
  from space 21824K,  11% used [0x00000000e6ab0000, 0x00000000e6d149e0, 0x00000000e8000000)
  to   space 21824K,   0% used [0x00000000e5560000, 0x00000000e5560000, 0x00000000e6ab0000)
 concurrent mark-sweep generation total 393216K, used 21658K [0x00000000e8000000, 0x0000000100000000, 0x0000000100000000)
 Metaspace       used 39607K, capacity 40566K, committed 40652K, reserved 1085440K
  class space    used 4536K, capacity 4765K, committed 4812K, reserved 1048576K
}
2017-10-31T09:24:11.537-0700: 1315.446: Total time for which application threads were stopped: 0.0059415 seconds, Stopping threads took: 0.0000501 seconds
2017-10-31T09:24:14.128-0700: 1318.036: Total time for which application threads were stopped: 0.0002567 seconds, Stopping threads took: 0.0000406 seconds
2017-10-31T09:24:15.129-0700: 1319.037: Total time for which application threads were stopped: 0.0001422 seconds, Stopping threads took: 0.0000352 seconds
{Heap before GC invocations=133 (full 2):
 par new generation   total 109248K, used 89874K [0x00000000e0000000, 0x00000000e8000000, 0x00000000e8000000)
  eden space 87424K, 100% used [0x00000000e0000000, 0x00000000e5560000, 0x00000000e5560000)
  from space 21824K,  11% used [0x00000000e6ab0000, 0x00000000e6d149e0, 0x00000000e8000000)
  to   space 21824K,   0% used [0x00000000e5560000, 0x00000000e5560000, 0x00000000e6ab0000)
 concurrent mark-sweep generation total 393216K, used 21658K [0x00000000e8000000, 0x0000000100000000, 0x0000000100000000)
 Metaspace       used 39607K, capacity 40566K, committed 40652K, reserved 1085440K
  class space    used 4536K, capacity 4765K, committed 4812K, reserved 1048576K
2017-10-31T09:24:15.188-0700: 1319.096: [GC (Allocation Failure) 2017-10-31T09:24:15.188-0700: 1319.096: [ParNew
Desired survivor size 20112992 bytes, new threshold 8 (max 8)
- age   1:    1346544 bytes,    1346544 total
- age   2:       9032 bytes,    1355576 total
- age   3:      10480 bytes,    1366056 total
- age   4:       9048 bytes,    1375104 total
- age   5:       8320 bytes,    1383424 total
- age   6:       8368 bytes,    1391792 total
- age   7:       8208 bytes,    1400000 total
- age   8:       9144 bytes,    1409144 total
: 89874K->1753K(109248K), 0.0041522 secs] 111532K->23421K(502464K), 0.0042511 secs] [Times: user=0.00 sys=0.00, real=0.00 secs] 
Heap after GC invocations=134 (full 2):
 par new generation   total 109248K, used 1753K [0x00000000e0000000, 0x00000000e8000000, 0x00000000e8000000)
  eden space 87424K,   0% used [0x00000000e0000000, 0x00000000e0000000, 0x00000000e5560000)
  from space 21824K,   8% used [0x00000000e5560000, 0x00000000e57164f0, 0x00000000e6ab0000)
  to   space 21824K,   0% used [0x00000000e6ab0000, 0x00000000e6ab0000, 0x00000000e8000000)
 concurrent mark-sweep generation total 393216K, used 21668K [0x00000000e8000000, 0x0000000100000000, 0x0000000100000000)
 Metaspace       used 39607K, capacity 40566K, committed 40652K, reserved 1085440K
  class space    used 4536K, capacity 4765K, committed 4812K, reserved 1048576K
}
2017-10-31T09:24:15.192-0700: 1319.100: Total time for which application threads were stopped: 0.0045369 seconds, Stopping threads took: 0.0000230 seconds
2017-10-31T09:24:16.759-0700: 1320.667: Total time for which application threads were stopped: 0.0002756 seconds, Stopping threads took: 0.0000569 seconds
2017-10-31T09:24:17.759-0700: 1321.667: Total time for which application threads were stopped: 0.0001680 seconds, Stopping threads took: 0.0000345 seconds
{Heap before GC invocations=134 (full 2):
 par new generation   total 109248K, used 89177K [0x00000000e0000000, 0x00000000e8000000, 0x00000000e8000000)
  eden space 87424K, 100% used [0x00000000e0000000, 0x00000000e5560000, 0x00000000e5560000)
  from space 21824K,   8% used [0x00000000e5560000, 0x00000000e57164f0, 0x00000000e6ab0000)
  to   space 21824K,   0% used [0x00000000e6ab0000, 0x00000000e6ab0000, 0x00000000e8000000)
 concurrent mark-sweep generation total 393216K, used 21668K [0x00000000e8000000, 0x0000000100000000, 0x0000000100000000)
 Metaspace       used 39607K, capacity 40566K, committed 40652K, reserved 1085440K
  class space    used 4536K, capacity 4765K, committed 4812K, reserved 1048576K
2017-10-31T09:24:18.379-0700: 1322.287: [GC (Allocation Failure) 2017-10-31T09:24:18.379-0700: 1322.288: [ParNew
Desired survivor size 20112992 bytes, new threshold 8 (max 8)
- age   1:    1379800 bytes,    1379800 total
- age   2:      12128 bytes,    1391928 total
- age   3:       7992 bytes,    1399920 total
- age   4:      10480 bytes,    1410400 total
- age   5:       8760 bytes,    1419160 total
- age   6:       7840 bytes,    1427000 total
- age   7:       8368 bytes,    1435368 total
- age   8:       8208 bytes,    1443576 total
: 89177K->1637K(109248K), 0.0042640 secs] 110845K->23315K(502464K), 0.0043588 secs] [Times: user=0.00 sys=0.00, real=0.00 secs] 
Heap after GC invocations=135 (full 2):
 par new generation   total 109248K, used 1637K [0x00000000e0000000, 0x00000000e8000000, 0x00000000e8000000)
  eden space 87424K,   0% used [0x00000000e0000000, 0x00000000e0000000, 0x00000000e5560000)
  from space 21824K,   7% used [0x00000000e6ab0000, 0x00000000e6c49750, 0x00000000e8000000)
  to   space 21824K,   0% used [0x00000000e5560000, 0x00000000e5560000, 0x00000000e6ab0000)
 concurrent mark-sweep generation total 393216K, used 21677K [0x00000000e8000000, 0x0000000100000000, 0x0000000100000000)
 Metaspace       used 39607K, capacity 40566K, committed 40652K, reserved 1085440K
  class space    used 4536K, capacity 4765K, committed 4812K, reserved 1048576K
}
2017-10-31T09:24:18.383-0700: 1322.292: Total time for which application threads were stopped: 0.0046764 seconds, Stopping threads took: 0.0000345 seconds
2017-10-31T09:24:19.334-0700: 1323.242: Total time for which application threads were stopped: 0.0002689 seconds, Stopping threads took: 0.0000521 seconds
2017-10-31T09:24:20.334-0700: 1324.242: Total time for which application threads were stopped: 0.0001503 seconds, Stopping threads took: 0.0000312 seconds
2017-10-31T09:24:21.334-0700: 1325.242: Total time for which application threads were stopped: 0.0001707 seconds, Stopping threads took: 0.0000352 seconds
{Heap before GC invocations=135 (full 2):
 par new generation   total 109248K, used 88581K [0x00000000e0000000, 0x00000000e8000000, 0x00000000e8000000)
  eden space 87424K,  99% used [0x00000000e0000000, 0x00000000e54e8028, 0x00000000e5560000)
  from space 21824K,   7% used [0x00000000e6ab0000, 0x00000000e6c49750, 0x00000000e8000000)
  to   space 21824K,   0% used [0x00000000e5560000, 0x00000000e5560000, 0x00000000e6ab0000)
 concurrent mark-sweep generation total 393216K, used 21677K [0x00000000e8000000, 0x0000000100000000, 0x0000000100000000)
 Metaspace       used 39608K, capacity 40566K, committed 40652K, reserved 1085440K
  class space    used 4536K, capacity 4765K, committed 4812K, reserved 1048576K
2017-10-31T09:24:21.741-0700: 1325.650: [GC (Allocation Failure) 2017-10-31T09:24:21.741-0700: 1325.650: [ParNew
Desired survivor size 20112992 bytes, new threshold 8 (max 8)
- age   1:    1632632 bytes,    1632632 total
- age   2:      10144 bytes,    1642776 total
- age   3:      11216 bytes,    1653992 total
- age   4:       7992 bytes,    1661984 total
- age   5:      10192 bytes,    1672176 total
- age   6:       8184 bytes,    1680360 total
- age   7:       7816 bytes,    1688176 total
- age   8:       8368 bytes,    1696544 total
: 88581K->2027K(109248K), 0.0043418 secs] 110259K->23713K(502464K), 0.0044272 secs] [Times: user=0.06 sys=0.00, real=0.01 secs] 
Heap after GC invocations=136 (full 2):
 par new generation   total 109248K, used 2027K [0x00000000e0000000, 0x00000000e8000000, 0x00000000e8000000)
  eden space 87424K,   0% used [0x00000000e0000000, 0x00000000e0000000, 0x00000000e5560000)
  from space 21824K,   9% used [0x00000000e5560000, 0x00000000e575afc0, 0x00000000e6ab0000)
  to   space 21824K,   0% used [0x00000000e6ab0000, 0x00000000e6ab0000, 0x00000000e8000000)
 concurrent mark-sweep generation total 393216K, used 21685K [0x00000000e8000000, 0x0000000100000000, 0x0000000100000000)
 Metaspace       used 39608K, capacity 40566K, committed 40652K, reserved 1085440K
  class space    used 4536K, capacity 4765K, committed 4812K, reserved 1048576K
}
2017-10-31T09:24:21.746-0700: 1325.654: Total time for which application threads were stopped: 0.0047049 seconds, Stopping threads took: 0.0000223 seconds
2017-10-31T09:24:22.018-0700: 1325.927: Total time for which application threads were stopped: 0.0003481 seconds, Stopping threads took: 0.0000691 seconds
2017-10-31T09:24:24.542-0700: 1328.451: Total time for which application threads were stopped: 0.0003027 seconds, Stopping threads took: 0.0000549 seconds
{Heap before GC invocations=136 (full 2):
 par new generation   total 109248K, used 89313K [0x00000000e0000000, 0x00000000e8000000, 0x00000000e8000000)
  eden space 87424K,  99% used [0x00000000e0000000, 0x00000000e553d648, 0x00000000e5560000)
  from space 21824K,   9% used [0x00000000e5560000, 0x00000000e575afc0, 0x00000000e6ab0000)
  to   space 21824K,   0% used [0x00000000e6ab0000, 0x00000000e6ab0000, 0x00000000e8000000)
 concurrent mark-sweep generation total 393216K, used 21685K [0x00000000e8000000, 0x0000000100000000, 0x0000000100000000)
 Metaspace       used 39608K, capacity 40566K, committed 40652K, reserved 1085440K
  class space    used 4536K, capacity 4765K, committed 4812K, reserved 1048576K
2017-10-31T09:24:24.574-0700: 1328.482: [GC (Allocation Failure) 2017-10-31T09:24:24.574-0700: 1328.482: [ParNew
Desired survivor size 20112992 bytes, new threshold 8 (max 8)
- age   1:    2044888 bytes,    2044888 total
- age   2:      77560 bytes,    2122448 total
- age   3:       9232 bytes,    2131680 total
- age   4:      11216 bytes,    2142896 total
- age   5:       7920 bytes,    2150816 total
- age   6:       9616 bytes,    2160432 total
- age   7:       8184 bytes,    2168616 total
- age   8:       7816 bytes,    2176432 total
: 89313K->2602K(109248K), 0.0042443 secs] 110998K->24296K(502464K), 0.0043283 secs] [Times: user=0.00 sys=0.00, real=0.00 secs] 
Heap after GC invocations=137 (full 2):
 par new generation   total 109248K, used 2602K [0x00000000e0000000, 0x00000000e8000000, 0x00000000e8000000)
  eden space 87424K,   0% used [0x00000000e0000000, 0x00000000e0000000, 0x00000000e5560000)
  from space 21824K,  11% used [0x00000000e6ab0000, 0x00000000e6d3abf8, 0x00000000e8000000)
  to   space 21824K,   0% used [0x00000000e5560000, 0x00000000e5560000, 0x00000000e6ab0000)
 concurrent mark-sweep generation total 393216K, used 21693K [0x00000000e8000000, 0x0000000100000000, 0x0000000100000000)
 Metaspace       used 39608K, capacity 40566K, committed 40652K, reserved 1085440K
  class space    used 4536K, capacity 4765K, committed 4812K, reserved 1048576K
}
2017-10-31T09:24:24.578-0700: 1328.487: Total time for which application threads were stopped: 0.0047015 seconds, Stopping threads took: 0.0000447 seconds
2017-10-31T09:24:27.133-0700: 1331.042: Total time for which application threads were stopped: 0.0002384 seconds, Stopping threads took: 0.0000372 seconds
2017-10-31T09:24:28.133-0700: 1332.042: Total time for which application threads were stopped: 0.0001612 seconds, Stopping threads took: 0.0000440 seconds
{Heap before GC invocations=137 (full 2):
 par new generation   total 109248K, used 90026K [0x00000000e0000000, 0x00000000e8000000, 0x00000000e8000000)
  eden space 87424K, 100% used [0x00000000e0000000, 0x00000000e5560000, 0x00000000e5560000)
  from space 21824K,  11% used [0x00000000e6ab0000, 0x00000000e6d3abf8, 0x00000000e8000000)
  to   space 21824K,   0% used [0x00000000e5560000, 0x00000000e5560000, 0x00000000e6ab0000)
 concurrent mark-sweep generation total 393216K, used 21693K [0x00000000e8000000, 0x0000000100000000, 0x0000000100000000)
 Metaspace       used 39608K, capacity 40566K, committed 40652K, reserved 1085440K
  class space    used 4536K, capacity 4765K, committed 4812K, reserved 1048576K
2017-10-31T09:24:28.265-0700: 1332.174: [GC (Allocation Failure) 2017-10-31T09:24:28.266-0700: 1332.174: [ParNew
Desired survivor size 20112992 bytes, new threshold 8 (max 8)
- age   1:    1338104 bytes,    1338104 total
- age   2:       9520 bytes,    1347624 total
- age   3:       9568 bytes,    1357192 total
- age   4:       9232 bytes,    1366424 total
- age   5:      10856 bytes,    1377280 total
- age   6:       7272 bytes,    1384552 total
- age   7:       9616 bytes,    1394168 total
- age   8:       8184 bytes,    1402352 total
: 90026K->1734K(109248K), 0.0038271 secs] 111720K->23435K(502464K), 0.0039131 secs] [Times: user=0.00 sys=0.00, real=0.00 secs] 
Heap after GC invocations=138 (full 2):
 par new generation   total 109248K, used 1734K [0x00000000e0000000, 0x00000000e8000000, 0x00000000e8000000)
  eden space 87424K,   0% used [0x00000000e0000000, 0x00000000e0000000, 0x00000000e5560000)
  from space 21824K,   7% used [0x00000000e5560000, 0x00000000e5711a60, 0x00000000e6ab0000)
  to   space 21824K,   0% used [0x00000000e6ab0000, 0x00000000e6ab0000, 0x00000000e8000000)
 concurrent mark-sweep generation total 393216K, used 21701K [0x00000000e8000000, 0x0000000100000000, 0x0000000100000000)
 Metaspace       used 39608K, capacity 40566K, committed 40652K, reserved 1085440K
  class space    used 4536K, capacity 4765K, committed 4812K, reserved 1048576K
}
2017-10-31T09:24:28.269-0700: 1332.178: Total time for which application threads were stopped: 0.0041969 seconds, Stopping threads took: 0.0000237 seconds
2017-10-31T09:24:29.748-0700: 1333.657: Total time for which application threads were stopped: 0.0002513 seconds, Stopping threads took: 0.0000481 seconds
{Heap before GC invocations=138 (full 2):
 par new generation   total 109248K, used 88776K [0x00000000e0000000, 0x00000000e8000000, 0x00000000e8000000)
  eden space 87424K,  99% used [0x00000000e0000000, 0x00000000e55006b0, 0x00000000e5560000)
  from space 21824K,   7% used [0x00000000e5560000, 0x00000000e5711a60, 0x00000000e6ab0000)
  to   space 21824K,   0% used [0x00000000e6ab0000, 0x00000000e6ab0000, 0x00000000e8000000)
 concurrent mark-sweep generation total 393216K, used 21701K [0x00000000e8000000, 0x0000000100000000, 0x0000000100000000)
 Metaspace       used 39611K, capacity 40566K, committed 40652K, reserved 1085440K
  class space    used 4536K, capacity 4765K, committed 4812K, reserved 1048576K
2017-10-31T09:24:31.430-0700: 1335.338: [GC (Allocation Failure) 2017-10-31T09:24:31.430-0700: 1335.338: [ParNew
Desired survivor size 20112992 bytes, new threshold 8 (max 8)
- age   1:    1594976 bytes,    1594976 total
- age   2:       9368 bytes,    1604344 total
- age   3:       8480 bytes,    1612824 total
- age   4:       9568 bytes,    1622392 total
- age   5:       8872 bytes,    1631264 total
- age   6:      10424 bytes,    1641688 total
- age   7:       7296 bytes,    1648984 total
- age   8:       9616 bytes,    1658600 total
: 88776K->1943K(109248K), 0.0061630 secs] 110477K->23652K(502464K), 0.0062361 secs] [Times: user=0.06 sys=0.00, real=0.01 secs] 
Heap after GC invocations=139 (full 2):
 par new generation   total 109248K, used 1943K [0x00000000e0000000, 0x00000000e8000000, 0x00000000e8000000)
  eden space 87424K,   0% used [0x00000000e0000000, 0x00000000e0000000, 0x00000000e5560000)
  from space 21824K,   8% used [0x00000000e6ab0000, 0x00000000e6c95f70, 0x00000000e8000000)
  to   space 21824K,   0% used [0x00000000e5560000, 0x00000000e5560000, 0x00000000e6ab0000)
 concurrent mark-sweep generation total 393216K, used 21709K [0x00000000e8000000, 0x0000000100000000, 0x0000000100000000)
 Metaspace       used 39611K, capacity 40566K, committed 40652K, reserved 1085440K
  class space    used 4536K, capacity 4765K, committed 4812K, reserved 1048576K
}
2017-10-31T09:24:31.436-0700: 1335.344: Total time for which application threads were stopped: 0.0064935 seconds, Stopping threads took: 0.0000223 seconds
2017-10-31T09:24:32.463-0700: 1336.371: Total time for which application threads were stopped: 0.0001856 seconds, Stopping threads took: 0.0000271 seconds
{Heap before GC invocations=139 (full 2):
 par new generation   total 109248K, used 89164K [0x00000000e0000000, 0x00000000e8000000, 0x00000000e8000000)
  eden space 87424K,  99% used [0x00000000e0000000, 0x00000000e552d138, 0x00000000e5560000)
  from space 21824K,   8% used [0x00000000e6ab0000, 0x00000000e6c95f70, 0x00000000e8000000)
  to   space 21824K,   0% used [0x00000000e5560000, 0x00000000e5560000, 0x00000000e6ab0000)
 concurrent mark-sweep generation total 393216K, used 21709K [0x00000000e8000000, 0x0000000100000000, 0x0000000100000000)
 Metaspace       used 39611K, capacity 40566K, committed 40652K, reserved 1085440K
  class space    used 4536K, capacity 4765K, committed 4812K, reserved 1048576K
2017-10-31T09:24:34.769-0700: 1338.678: [GC (Allocation Failure) 2017-10-31T09:24:34.769-0700: 1338.678: [ParNew
Desired survivor size 20112992 bytes, new threshold 8 (max 8)
- age   1:    1781936 bytes,    1781936 total
- age   2:      11496 bytes,    1793432 total
- age   3:       8456 bytes,    1801888 total
- age   4:       8480 bytes,    1810368 total
- age   5:       9208 bytes,    1819576 total
- age   6:       8368 bytes,    1827944 total
- age   7:      10424 bytes,    1838368 total
- age   8:       7272 bytes,    1845640 total
: 89164K->2093K(109248K), 0.0045985 secs] 110873K->23812K(502464K), 0.0046954 secs] [Times: user=0.00 sys=0.00, real=0.00 secs] 
Heap after GC invocations=140 (full 2):
 par new generation   total 109248K, used 2093K [0x00000000e0000000, 0x00000000e8000000, 0x00000000e8000000)
  eden space 87424K,   0% used [0x00000000e0000000, 0x00000000e0000000, 0x00000000e5560000)
  from space 21824K,   9% used [0x00000000e5560000, 0x00000000e576b730, 0x00000000e6ab0000)
  to   space 21824K,   0% used [0x00000000e6ab0000, 0x00000000e6ab0000, 0x00000000e8000000)
 concurrent mark-sweep generation total 393216K, used 21718K [0x00000000e8000000, 0x0000000100000000, 0x0000000100000000)
 Metaspace       used 39611K, capacity 40566K, committed 40652K, reserved 1085440K
  class space    used 4536K, capacity 4765K, committed 4812K, reserved 1048576K
}
2017-10-31T09:24:34.774-0700: 1338.683: Total time for which application threads were stopped: 0.0049805 seconds, Stopping threads took: 0.0000264 seconds
2017-10-31T09:24:35.021-0700: 1338.930: Total time for which application threads were stopped: 0.0004145 seconds, Stopping threads took: 0.0000352 seconds
2017-10-31T09:24:36.022-0700: 1339.930: Total time for which application threads were stopped: 0.0001558 seconds, Stopping threads took: 0.0000278 seconds
2017-10-31T09:24:37.719-0700: 1341.628: Total time for which application threads were stopped: 0.0002770 seconds, Stopping threads took: 0.0000569 seconds
{Heap before GC invocations=140 (full 2):
 par new generation   total 109248K, used 89517K [0x00000000e0000000, 0x00000000e8000000, 0x00000000e8000000)
  eden space 87424K, 100% used [0x00000000e0000000, 0x00000000e5560000, 0x00000000e5560000)
  from space 21824K,   9% used [0x00000000e5560000, 0x00000000e576b730, 0x00000000e6ab0000)
  to   space 21824K,   0% used [0x00000000e6ab0000, 0x00000000e6ab0000, 0x00000000e8000000)
 concurrent mark-sweep generation total 393216K, used 21718K [0x00000000e8000000, 0x0000000100000000, 0x0000000100000000)
 Metaspace       used 39611K, capacity 40566K, committed 40652K, reserved 1085440K
  class space    used 4536K, capacity 4765K, committed 4812K, reserved 1048576K
2017-10-31T09:24:37.750-0700: 1341.659: [GC (Allocation Failure) 2017-10-31T09:24:37.750-0700: 1341.659: [ParNew
Desired survivor size 20112992 bytes, new threshold 8 (max 8)
- age   1:    2245760 bytes,    2245760 total
- age   2:      77112 bytes,    2322872 total
- age   3:      10584 bytes,    2333456 total
- age   4:       8456 bytes,    2341912 total
- age   5:       8336 bytes,    2350248 total
- age   6:       8704 bytes,    2358952 total
- age   7:       8368 bytes,    2367320 total
- age   8:      10424 bytes,    2377744 total
: 89517K->3028K(109248K), 0.0044333 secs] 111236K->24754K(502464K), 0.0045342 secs] [Times: user=0.00 sys=0.00, real=0.01 secs] 
Heap after GC invocations=141 (full 2):
 par new generation   total 109248K, used 3028K [0x00000000e0000000, 0x00000000e8000000, 0x00000000e8000000)
  eden space 87424K,   0% used [0x00000000e0000000, 0x00000000e0000000, 0x00000000e5560000)
  from space 21824K,  13% used [0x00000000e6ab0000, 0x00000000e6da5270, 0x00000000e8000000)
  to   space 21824K,   0% used [0x00000000e5560000, 0x00000000e5560000, 0x00000000e6ab0000)
 concurrent mark-sweep generation total 393216K, used 21725K [0x00000000e8000000, 0x0000000100000000, 0x0000000100000000)
 Metaspace       used 39611K, capacity 40566K, committed 40652K, reserved 1085440K
  class space    used 4536K, capacity 4765K, committed 4812K, reserved 1048576K
}
2017-10-31T09:24:37.755-0700: 1341.663: Total time for which application threads were stopped: 0.0048654 seconds, Stopping threads took: 0.0000318 seconds
2017-10-31T09:24:40.357-0700: 1344.265: Total time for which application threads were stopped: 0.0002926 seconds, Stopping threads took: 0.0000819 seconds
{Heap before GC invocations=141 (full 2):
 par new generation   total 109248K, used 90452K [0x00000000e0000000, 0x00000000e8000000, 0x00000000e8000000)
  eden space 87424K, 100% used [0x00000000e0000000, 0x00000000e5560000, 0x00000000e5560000)
  from space 21824K,  13% used [0x00000000e6ab0000, 0x00000000e6da5270, 0x00000000e8000000)
  to   space 21824K,   0% used [0x00000000e5560000, 0x00000000e5560000, 0x00000000e6ab0000)
 concurrent mark-sweep generation total 393216K, used 21725K [0x00000000e8000000, 0x0000000100000000, 0x0000000100000000)
 Metaspace       used 39611K, capacity 40566K, committed 40652K, reserved 1085440K
  class space    used 4536K, capacity 4765K, committed 4812K, reserved 1048576K
2017-10-31T09:24:40.905-0700: 1344.813: [GC (Allocation Failure) 2017-10-31T09:24:40.905-0700: 1344.813: [ParNew
Desired survivor size 20112992 bytes, new threshold 8 (max 8)
- age   1:    1333112 bytes,    1333112 total
- age   2:      78944 bytes,    1412056 total
- age   3:       9120 bytes,    1421176 total
- age   4:      10584 bytes,    1431760 total
- age   5:       8240 bytes,    1440000 total
- age   6:       7760 bytes,    1447760 total
- age   7:       8704 bytes,    1456464 total
- age   8:       8368 bytes,    1464832 total
: 90452K->2050K(109248K), 0.0040621 secs] 112178K->23786K(502464K), 0.0041603 secs] [Times: user=0.00 sys=0.00, real=0.00 secs] 
Heap after GC invocations=142 (full 2):
 par new generation   total 109248K, used 2050K [0x00000000e0000000, 0x00000000e8000000, 0x00000000e8000000)
  eden space 87424K,   0% used [0x00000000e0000000, 0x00000000e0000000, 0x00000000e5560000)
  from space 21824K,   9% used [0x00000000e5560000, 0x00000000e57609e8, 0x00000000e6ab0000)
  to   space 21824K,   0% used [0x00000000e6ab0000, 0x00000000e6ab0000, 0x00000000e8000000)
 concurrent mark-sweep generation total 393216K, used 21735K [0x00000000e8000000, 0x0000000100000000, 0x0000000100000000)
 Metaspace       used 39611K, capacity 40566K, committed 40652K, reserved 1085440K
  class space    used 4536K, capacity 4765K, committed 4812K, reserved 1048576K
}
2017-10-31T09:24:40.909-0700: 1344.817: Total time for which application threads were stopped: 0.0045064 seconds, Stopping threads took: 0.0000312 seconds
2017-10-31T09:24:43.101-0700: 1347.010: Total time for which application threads were stopped: 0.0005845 seconds, Stopping threads took: 0.0003921 seconds
{Heap before GC invocations=142 (full 2):
 par new generation   total 109248K, used 89269K [0x00000000e0000000, 0x00000000e8000000, 0x00000000e8000000)
  eden space 87424K,  99% used [0x00000000e0000000, 0x00000000e552ca20, 0x00000000e5560000)
  from space 21824K,   9% used [0x00000000e5560000, 0x00000000e57609e8, 0x00000000e6ab0000)
  to   space 21824K,   0% used [0x00000000e6ab0000, 0x00000000e6ab0000, 0x00000000e8000000)
 concurrent mark-sweep generation total 393216K, used 21735K [0x00000000e8000000, 0x0000000100000000, 0x0000000100000000)
 Metaspace       used 39611K, capacity 40566K, committed 40652K, reserved 1085440K
  class space    used 4536K, capacity 4765K, committed 4812K, reserved 1048576K
2017-10-31T09:24:44.387-0700: 1348.296: [GC (Allocation Failure) 2017-10-31T09:24:44.387-0700: 1348.296: [ParNew
Desired survivor size 20112992 bytes, new threshold 8 (max 8)
- age   1:    1823888 bytes,    1823888 total
- age   2:       8688 bytes,    1832576 total
- age   3:       7632 bytes,    1840208 total
- age   4:       9120 bytes,    1849328 total
- age   5:      10224 bytes,    1859552 total
- age   6:       7664 bytes,    1867216 total
- age   7:       7760 bytes,    1874976 total
- age   8:       8704 bytes,    1883680 total
: 89269K->2093K(109248K), 0.0039226 secs] 111004K->23837K(502464K), 0.0040019 secs] [Times: user=0.00 sys=0.00, real=0.00 secs] 
Heap after GC invocations=143 (full 2):
 par new generation   total 109248K, used 2093K [0x00000000e0000000, 0x00000000e8000000, 0x00000000e8000000)
  eden space 87424K,   0% used [0x00000000e0000000, 0x00000000e0000000, 0x00000000e5560000)
  from space 21824K,   9% used [0x00000000e6ab0000, 0x00000000e6cbb490, 0x00000000e8000000)
  to   space 21824K,   0% used [0x00000000e5560000, 0x00000000e5560000, 0x00000000e6ab0000)
 concurrent mark-sweep generation total 393216K, used 21743K [0x00000000e8000000, 0x0000000100000000, 0x0000000100000000)
 Metaspace       used 39611K, capacity 40566K, committed 40652K, reserved 1085440K
  class space    used 4536K, capacity 4765K, committed 4812K, reserved 1048576K
}
2017-10-31T09:24:44.392-0700: 1348.300: Total time for which application threads were stopped: 0.0042694 seconds, Stopping threads took: 0.0000223 seconds
2017-10-31T09:24:45.640-0700: 1349.549: Total time for which application threads were stopped: 0.0002702 seconds, Stopping threads took: 0.0000528 seconds
{Heap before GC invocations=143 (full 2):
 par new generation   total 109248K, used 89239K [0x00000000e0000000, 0x00000000e8000000, 0x00000000e8000000)
  eden space 87424K,  99% used [0x00000000e0000000, 0x00000000e551aa88, 0x00000000e5560000)
  from space 21824K,   9% used [0x00000000e6ab0000, 0x00000000e6cbb490, 0x00000000e8000000)
  to   space 21824K,   0% used [0x00000000e5560000, 0x00000000e5560000, 0x00000000e6ab0000)
 concurrent mark-sweep generation total 393216K, used 21743K [0x00000000e8000000, 0x0000000100000000, 0x0000000100000000)
 Metaspace       used 39611K, capacity 40566K, committed 40652K, reserved 1085440K
  class space    used 4536K, capacity 4765K, committed 4812K, reserved 1048576K
2017-10-31T09:24:47.726-0700: 1351.634: [GC (Allocation Failure) 2017-10-31T09:24:47.726-0700: 1351.634: [ParNew
Desired survivor size 20112992 bytes, new threshold 8 (max 8)
- age   1:    1778056 bytes,    1778056 total
- age   2:      11584 bytes,    1789640 total
- age   3:       7776 bytes,    1797416 total
- age   4:       7632 bytes,    1805048 total
- age   5:       8832 bytes,    1813880 total
- age   6:       9720 bytes,    1823600 total
- age   7:       7664 bytes,    1831264 total
- age   8:       7760 bytes,    1839024 total
: 89239K->2525K(109248K), 0.0050516 secs] 110983K->24277K(502464K), 0.0051410 secs] [Times: user=0.05 sys=0.02, real=0.00 secs] 
Heap after GC invocations=144 (full 2):
 par new generation   total 109248K, used 2525K [0x00000000e0000000, 0x00000000e8000000, 0x00000000e8000000)
  eden space 87424K,   0% used [0x00000000e0000000, 0x00000000e0000000, 0x00000000e5560000)
  from space 21824K,  11% used [0x00000000e5560000, 0x00000000e57d7588, 0x00000000e6ab0000)
  to   space 21824K,   0% used [0x00000000e6ab0000, 0x00000000e6ab0000, 0x00000000e8000000)
 concurrent mark-sweep generation total 393216K, used 21752K [0x00000000e8000000, 0x0000000100000000, 0x0000000100000000)
 Metaspace       used 39611K, capacity 40566K, committed 40652K, reserved 1085440K
  class space    used 4536K, capacity 4765K, committed 4812K, reserved 1048576K
}
2017-10-31T09:24:47.731-0700: 1351.639: Total time for which application threads were stopped: 0.0054383 seconds, Stopping threads took: 0.0000264 seconds
2017-10-31T09:24:48.692-0700: 1352.601: Total time for which application threads were stopped: 0.0002790 seconds, Stopping threads took: 0.0000481 seconds
{Heap before GC invocations=144 (full 2):
 par new generation   total 109248K, used 89778K [0x00000000e0000000, 0x00000000e8000000, 0x00000000e8000000)
  eden space 87424K,  99% used [0x00000000e0000000, 0x00000000e5535580, 0x00000000e5560000)
  from space 21824K,  11% used [0x00000000e5560000, 0x00000000e57d7588, 0x00000000e6ab0000)
  to   space 21824K,   0% used [0x00000000e6ab0000, 0x00000000e6ab0000, 0x00000000e8000000)
 concurrent mark-sweep generation total 393216K, used 21752K [0x00000000e8000000, 0x0000000100000000, 0x0000000100000000)
 Metaspace       used 39611K, capacity 40566K, committed 40652K, reserved 1085440K
  class space    used 4536K, capacity 4765K, committed 4812K, reserved 1048576K
2017-10-31T09:24:51.356-0700: 1355.264: [GC (Allocation Failure) 2017-10-31T09:24:51.356-0700: 1355.264: [ParNew
Desired survivor size 20112992 bytes, new threshold 8 (max 8)
- age   1:    1818416 bytes,    1818416 total
- age   2:       9664 bytes,    1828080 total
- age   3:      10672 bytes,    1838752 total
- age   4:       7776 bytes,    1846528 total
- age   5:       7344 bytes,    1853872 total
- age   6:       8256 bytes,    1862128 total
- age   7:       9720 bytes,    1871848 total
- age   8:       7664 bytes,    1879512 total
: 89778K->2181K(109248K), 0.0047407 secs] 111531K->23941K(502464K), 0.0048281 secs] [Times: user=0.00 sys=0.00, real=0.00 secs] 
Heap after GC invocations=145 (full 2):
 par new generation   total 109248K, used 2181K [0x00000000e0000000, 0x00000000e8000000, 0x00000000e8000000)
  eden space 87424K,   0% used [0x00000000e0000000, 0x00000000e0000000, 0x00000000e5560000)
  from space 21824K,   9% used [0x00000000e6ab0000, 0x00000000e6cd14d0, 0x00000000e8000000)
  to   space 21824K,   0% used [0x00000000e5560000, 0x00000000e5560000, 0x00000000e6ab0000)
 concurrent mark-sweep generation total 393216K, used 21759K [0x00000000e8000000, 0x0000000100000000, 0x0000000100000000)
 Metaspace       used 39611K, capacity 40566K, committed 40652K, reserved 1085440K
  class space    used 4536K, capacity 4765K, committed 4812K, reserved 1048576K
}
2017-10-31T09:24:51.360-0700: 1355.269: Total time for which application threads were stopped: 0.0051600 seconds, Stopping threads took: 0.0000244 seconds
2017-10-31T09:24:51.607-0700: 1355.516: Total time for which application threads were stopped: 0.0002370 seconds, Stopping threads took: 0.0000325 seconds
2017-10-31T09:24:54.320-0700: 1358.229: Total time for which application threads were stopped: 0.0006386 seconds, Stopping threads took: 0.0003955 seconds
{Heap before GC invocations=145 (full 2):
 par new generation   total 109248K, used 89605K [0x00000000e0000000, 0x00000000e8000000, 0x00000000e8000000)
  eden space 87424K, 100% used [0x00000000e0000000, 0x00000000e5560000, 0x00000000e5560000)
  from space 21824K,   9% used [0x00000000e6ab0000, 0x00000000e6cd14d0, 0x00000000e8000000)
  to   space 21824K,   0% used [0x00000000e5560000, 0x00000000e5560000, 0x00000000e6ab0000)
 concurrent mark-sweep generation total 393216K, used 21759K [0x00000000e8000000, 0x0000000100000000, 0x0000000100000000)
 Metaspace       used 39611K, capacity 40566K, committed 40652K, reserved 1085440K
  class space    used 4536K, capacity 4765K, committed 4812K, reserved 1048576K
2017-10-31T09:24:54.369-0700: 1358.278: [GC (Allocation Failure) 2017-10-31T09:24:54.369-0700: 1358.278: [ParNew
Desired survivor size 20112992 bytes, new threshold 8 (max 8)
- age   1:    2364752 bytes,    2364752 total
- age   2:      77368 bytes,    2442120 total
- age   3:       8752 bytes,    2450872 total
- age   4:      10672 bytes,    2461544 total
- age   5:       7416 bytes,    2468960 total
- age   6:       6912 bytes,    2475872 total
- age   7:       8256 bytes,    2484128 total
- age   8:       9720 bytes,    2493848 total
: 89605K->3207K(109248K), 0.0048647 secs] 111365K->24975K(502464K), 0.0049791 secs] [Times: user=0.05 sys=0.00, real=0.01 secs] 
Heap after GC invocations=146 (full 2):
 par new generation   total 109248K, used 3207K [0x00000000e0000000, 0x00000000e8000000, 0x00000000e8000000)
  eden space 87424K,   0% used [0x00000000e0000000, 0x00000000e0000000, 0x00000000e5560000)
  from space 21824K,  14% used [0x00000000e5560000, 0x00000000e5881e60, 0x00000000e6ab0000)
  to   space 21824K,   0% used [0x00000000e6ab0000, 0x00000000e6ab0000, 0x00000000e8000000)
 concurrent mark-sweep generation total 393216K, used 21767K [0x00000000e8000000, 0x0000000100000000, 0x0000000100000000)
 Metaspace       used 39611K, capacity 40566K, committed 40652K, reserved 1085440K
  class space    used 4536K, capacity 4765K, committed 4812K, reserved 1048576K
}
2017-10-31T09:24:54.374-0700: 1358.283: Total time for which application threads were stopped: 0.0053929 seconds, Stopping threads took: 0.0001036 seconds
2017-10-31T09:24:57.412-0700: 1361.321: Total time for which application threads were stopped: 0.0002079 seconds, Stopping threads took: 0.0000271 seconds
{Heap before GC invocations=146 (full 2):
 par new generation   total 109248K, used 90271K [0x00000000e0000000, 0x00000000e8000000, 0x00000000e8000000)
  eden space 87424K,  99% used [0x00000000e0000000, 0x00000000e5505eb8, 0x00000000e5560000)
  from space 21824K,  14% used [0x00000000e5560000, 0x00000000e5881e60, 0x00000000e6ab0000)
  to   space 21824K,   0% used [0x00000000e6ab0000, 0x00000000e6ab0000, 0x00000000e8000000)
 concurrent mark-sweep generation total 393216K, used 21767K [0x00000000e8000000, 0x0000000100000000, 0x0000000100000000)
 Metaspace       used 39611K, capacity 40566K, committed 40652K, reserved 1085440K
  class space    used 4536K, capacity 4765K, committed 4812K, reserved 1048576K
2017-10-31T09:24:57.725-0700: 1361.633: [GC (Allocation Failure) 2017-10-31T09:24:57.725-0700: 1361.633: [ParNew
Desired survivor size 20112992 bytes, new threshold 8 (max 8)
- age   1:    1762912 bytes,    1762912 total
- age   2:      79672 bytes,    1842584 total
- age   3:       9376 bytes,    1851960 total
- age   4:       8752 bytes,    1860712 total
- age   5:      10240 bytes,    1870952 total
- age   6:       7056 bytes,    1878008 total
- age   7:       6912 bytes,    1884920 total
- age   8:       8256 bytes,    1893176 total
: 90271K->2237K(109248K), 0.0059076 secs] 112038K->24014K(502464K), 0.0060079 secs] [Times: user=0.05 sys=0.00, real=0.01 secs] 
Heap after GC invocations=147 (full 2):
 par new generation   total 109248K, used 2237K [0x00000000e0000000, 0x00000000e8000000, 0x00000000e8000000)
  eden space 87424K,   0% used [0x00000000e0000000, 0x00000000e0000000, 0x00000000e5560000)
  from space 21824K,  10% used [0x00000000e6ab0000, 0x00000000e6cdf7e0, 0x00000000e8000000)
  to   space 21824K,   0% used [0x00000000e5560000, 0x00000000e5560000, 0x00000000e6ab0000)
 concurrent mark-sweep generation total 393216K, used 21776K [0x00000000e8000000, 0x0000000100000000, 0x0000000100000000)
 Metaspace       used 39611K, capacity 40566K, committed 40652K, reserved 1085440K
  class space    used 4536K, capacity 4765K, committed 4812K, reserved 1048576K
}
2017-10-31T09:24:57.731-0700: 1361.639: Total time for which application threads were stopped: 0.0063770 seconds, Stopping threads took: 0.0000379 seconds
2017-10-31T09:25:00.032-0700: 1363.940: Total time for which application threads were stopped: 0.0002262 seconds, Stopping threads took: 0.0000291 seconds
{Heap before GC invocations=147 (full 2):
 par new generation   total 109248K, used 89305K [0x00000000e0000000, 0x00000000e8000000, 0x00000000e8000000)
  eden space 87424K,  99% used [0x00000000e0000000, 0x00000000e5506ce8, 0x00000000e5560000)
  from space 21824K,  10% used [0x00000000e6ab0000, 0x00000000e6cdf7e0, 0x00000000e8000000)
  to   space 21824K,   0% used [0x00000000e5560000, 0x00000000e5560000, 0x00000000e6ab0000)
 concurrent mark-sweep generation total 393216K, used 21776K [0x00000000e8000000, 0x0000000100000000, 0x0000000100000000)
 Metaspace       used 39611K, capacity 40566K, committed 40652K, reserved 1085440K
  class space    used 4536K, capacity 4765K, committed 4812K, reserved 1048576K
2017-10-31T09:25:01.209-0700: 1365.117: [GC (Allocation Failure) 2017-10-31T09:25:01.209-0700: 1365.117: [ParNew
Desired survivor size 20112992 bytes, new threshold 8 (max 8)
- age   1:    1754088 bytes,    1754088 total
- age   2:       8712 bytes,    1762800 total
- age   3:       7568 bytes,    1770368 total
- age   4:       9376 bytes,    1779744 total
- age   5:       8392 bytes,    1788136 total
- age   6:       9808 bytes,    1797944 total
- age   7:       7056 bytes,    1805000 total
- age   8:       6912 bytes,    1811912 total
: 89305K->2288K(109248K), 0.0055690 secs] 111082K->24073K(502464K), 0.0056483 secs] [Times: user=0.02 sys=0.00, real=0.00 secs] 
Heap after GC invocations=148 (full 2):
 par new generation   total 109248K, used 2288K [0x00000000e0000000, 0x00000000e8000000, 0x00000000e8000000)
  eden space 87424K,   0% used [0x00000000e0000000, 0x00000000e0000000, 0x00000000e5560000)
  from space 21824K,  10% used [0x00000000e5560000, 0x00000000e579c100, 0x00000000e6ab0000)
  to   space 21824K,   0% used [0x00000000e6ab0000, 0x00000000e6ab0000, 0x00000000e8000000)
 concurrent mark-sweep generation total 393216K, used 21785K [0x00000000e8000000, 0x0000000100000000, 0x0000000100000000)
 Metaspace       used 39611K, capacity 40566K, committed 40652K, reserved 1085440K
  class space    used 4536K, capacity 4765K, committed 4812K, reserved 1048576K
}
2017-10-31T09:25:01.214-0700: 1365.122: Total time for which application threads were stopped: 0.0059029 seconds, Stopping threads took: 0.0000237 seconds
2017-10-31T09:25:02.714-0700: 1366.623: Total time for which application threads were stopped: 0.0002343 seconds, Stopping threads took: 0.0000372 seconds
{Heap before GC invocations=148 (full 2):
 par new generation   total 109248K, used 89712K [0x00000000e0000000, 0x00000000e8000000, 0x00000000e8000000)
  eden space 87424K, 100% used [0x00000000e0000000, 0x00000000e5560000, 0x00000000e5560000)
  from space 21824K,  10% used [0x00000000e5560000, 0x00000000e579c100, 0x00000000e6ab0000)
  to   space 21824K,   0% used [0x00000000e6ab0000, 0x00000000e6ab0000, 0x00000000e8000000)
 concurrent mark-sweep generation total 393216K, used 21785K [0x00000000e8000000, 0x0000000100000000, 0x0000000100000000)
 Metaspace       used 39611K, capacity 40566K, committed 40652K, reserved 1085440K
  class space    used 4536K, capacity 4765K, committed 4812K, reserved 1048576K
2017-10-31T09:25:04.469-0700: 1368.378: [GC (Allocation Failure) 2017-10-31T09:25:04.469-0700: 1368.378: [ParNew
Desired survivor size 20112992 bytes, new threshold 8 (max 8)
- age   1:    1758752 bytes,    1758752 total
- age   2:       9648 bytes,    1768400 total
- age   3:       7800 bytes,    1776200 total
- age   4:       7568 bytes,    1783768 total
- age   5:       9088 bytes,    1792856 total
- age   6:       7960 bytes,    1800816 total
- age   7:       9808 bytes,    1810624 total
- age   8:       7056 bytes,    1817680 total
: 89712K->2058K(109248K), 0.0073014 secs] 111497K->23850K(502464K), 0.0073746 secs] [Times: user=0.00 sys=0.00, real=0.01 secs] 
Heap after GC invocations=149 (full 2):
 par new generation   total 109248K, used 2058K [0x00000000e0000000, 0x00000000e8000000, 0x00000000e8000000)
  eden space 87424K,   0% used [0x00000000e0000000, 0x00000000e0000000, 0x00000000e5560000)
  from space 21824K,   9% used [0x00000000e6ab0000, 0x00000000e6cb2b60, 0x00000000e8000000)
  to   space 21824K,   0% used [0x00000000e5560000, 0x00000000e5560000, 0x00000000e6ab0000)
 concurrent mark-sweep generation total 393216K, used 21791K [0x00000000e8000000, 0x0000000100000000, 0x0000000100000000)
 Metaspace       used 39611K, capacity 40566K, committed 40652K, reserved 1085440K
  class space    used 4536K, capacity 4765K, committed 4812K, reserved 1048576K
}
2017-10-31T09:25:04.476-0700: 1368.385: Total time for which application threads were stopped: 0.0076062 seconds, Stopping threads took: 0.0000223 seconds
2017-10-31T09:25:05.487-0700: 1369.395: Total time for which application threads were stopped: 0.0002872 seconds, Stopping threads took: 0.0000521 seconds
{Heap before GC invocations=149 (full 2):
 par new generation   total 109248K, used 89478K [0x00000000e0000000, 0x00000000e8000000, 0x00000000e8000000)
  eden space 87424K,  99% used [0x00000000e0000000, 0x00000000e555ecc8, 0x00000000e5560000)
  from space 21824K,   9% used [0x00000000e6ab0000, 0x00000000e6cb2b60, 0x00000000e8000000)
  to   space 21824K,   0% used [0x00000000e5560000, 0x00000000e5560000, 0x00000000e6ab0000)
 concurrent mark-sweep generation total 393216K, used 21791K [0x00000000e8000000, 0x0000000100000000, 0x0000000100000000)
 Metaspace       used 39611K, capacity 40566K, committed 40652K, reserved 1085440K
  class space    used 4536K, capacity 4765K, committed 4812K, reserved 1048576K
2017-10-31T09:25:07.722-0700: 1371.631: [GC (Allocation Failure) 2017-10-31T09:25:07.722-0700: 1371.631: [ParNew
Desired survivor size 20112992 bytes, new threshold 8 (max 8)
- age   1:    1851240 bytes,    1851240 total
- age   2:       9288 bytes,    1860528 total
- age   3:       8736 bytes,    1869264 total
- age   4:       7800 bytes,    1877064 total
- age   5:       7352 bytes,    1884416 total
- age   6:       8584 bytes,    1893000 total
- age   7:       7960 bytes,    1900960 total
- age   8:       9808 bytes,    1910768 total
: 89478K->2376K(109248K), 0.0046175 secs] 111269K->24175K(502464K), 0.0046845 secs] [Times: user=0.00 sys=0.00, real=0.00 secs] 
Heap after GC invocations=150 (full 2):
 par new generation   total 109248K, used 2376K [0x00000000e0000000, 0x00000000e8000000, 0x00000000e8000000)
  eden space 87424K,   0% used [0x00000000e0000000, 0x00000000e0000000, 0x00000000e5560000)
  from space 21824K,  10% used [0x00000000e5560000, 0x00000000e57b2190, 0x00000000e6ab0000)
  to   space 21824K,   0% used [0x00000000e6ab0000, 0x00000000e6ab0000, 0x00000000e8000000)
 concurrent mark-sweep generation total 393216K, used 21798K [0x00000000e8000000, 0x0000000100000000, 0x0000000100000000)
 Metaspace       used 39611K, capacity 40566K, committed 40652K, reserved 1085440K
  class space    used 4536K, capacity 4765K, committed 4812K, reserved 1048576K
}
2017-10-31T09:25:07.727-0700: 1371.636: Total time for which application threads were stopped: 0.0049473 seconds, Stopping threads took: 0.0000237 seconds
2017-10-31T09:25:08.221-0700: 1372.130: Total time for which application threads were stopped: 0.0007687 seconds, Stopping threads took: 0.0005316 seconds
2017-10-31T09:25:10.870-0700: 1374.779: Total time for which application threads were stopped: 0.0001950 seconds, Stopping threads took: 0.0000251 seconds
{Heap before GC invocations=150 (full 2):
 par new generation   total 109248K, used 89392K [0x00000000e0000000, 0x00000000e8000000, 0x00000000e8000000)
  eden space 87424K,  99% used [0x00000000e0000000, 0x00000000e54f9fe8, 0x00000000e5560000)
  from space 21824K,  10% used [0x00000000e5560000, 0x00000000e57b2190, 0x00000000e6ab0000)
  to   space 21824K,   0% used [0x00000000e6ab0000, 0x00000000e6ab0000, 0x00000000e8000000)
 concurrent mark-sweep generation total 393216K, used 21798K [0x00000000e8000000, 0x0000000100000000, 0x0000000100000000)
 Metaspace       used 39613K, capacity 40566K, committed 40652K, reserved 1085440K
  class space    used 4536K, capacity 4765K, committed 4812K, reserved 1048576K
2017-10-31T09:25:10.894-0700: 1374.802: [GC (Allocation Failure) 2017-10-31T09:25:10.894-0700: 1374.802: [ParNew
Desired survivor size 20112992 bytes, new threshold 8 (max 8)
- age   1:    2578848 bytes,    2578848 total
- age   2:       9576 bytes,    2588424 total
- age   3:       8376 bytes,    2596800 total
- age   4:       8736 bytes,    2605536 total
- age   5:       7584 bytes,    2613120 total
- age   6:       6848 bytes,    2619968 total
- age   7:       8584 bytes,    2628552 total
- age   8:       7960 bytes,    2636512 total
: 89392K->2997K(109248K), 0.0046954 secs] 111191K->24805K(502464K), 0.0048003 secs] [Times: user=0.00 sys=0.00, real=0.00 secs] 
Heap after GC invocations=151 (full 2):
 par new generation   total 109248K, used 2997K [0x00000000e0000000, 0x00000000e8000000, 0x00000000e8000000)
  eden space 87424K,   0% used [0x00000000e0000000, 0x00000000e0000000, 0x00000000e5560000)
  from space 21824K,  13% used [0x00000000e6ab0000, 0x00000000e6d9d6d0, 0x00000000e8000000)
  to   space 21824K,   0% used [0x00000000e5560000, 0x00000000e5560000, 0x00000000e6ab0000)
 concurrent mark-sweep generation total 393216K, used 21808K [0x00000000e8000000, 0x0000000100000000, 0x0000000100000000)
 Metaspace       used 39613K, capacity 40566K, committed 40652K, reserved 1085440K
  class space    used 4536K, capacity 4765K, committed 4812K, reserved 1048576K
}
2017-10-31T09:25:10.899-0700: 1374.807: Total time for which application threads were stopped: 0.0051613 seconds, Stopping threads took: 0.0000610 seconds
2017-10-31T09:25:12.899-0700: 1376.808: Total time for which application threads were stopped: 0.0001517 seconds, Stopping threads took: 0.0000305 seconds
2017-10-31T09:25:13.580-0700: 1377.488: Total time for which application threads were stopped: 0.0002621 seconds, Stopping threads took: 0.0000312 seconds
{Heap before GC invocations=151 (full 2):
 par new generation   total 109248K, used 89961K [0x00000000e0000000, 0x00000000e8000000, 0x00000000e8000000)
  eden space 87424K,  99% used [0x00000000e0000000, 0x00000000e54ecda8, 0x00000000e5560000)
  from space 21824K,  13% used [0x00000000e6ab0000, 0x00000000e6d9d6d0, 0x00000000e8000000)
  to   space 21824K,   0% used [0x00000000e5560000, 0x00000000e5560000, 0x00000000e6ab0000)
 concurrent mark-sweep generation total 393216K, used 21808K [0x00000000e8000000, 0x0000000100000000, 0x0000000100000000)
 Metaspace       used 39613K, capacity 40566K, committed 40652K, reserved 1085440K
  class space    used 4536K, capacity 4765K, committed 4812K, reserved 1048576K
2017-10-31T09:25:13.641-0700: 1377.550: [GC (Allocation Failure) 2017-10-31T09:25:13.641-0700: 1377.550: [ParNew
Desired survivor size 20112992 bytes, new threshold 8 (max 8)
- age   1:    2251960 bytes,    2251960 total
- age   2:     492144 bytes,    2744104 total
- age   3:       8664 bytes,    2752768 total
- age   4:       8376 bytes,    2761144 total
- age   5:       8592 bytes,    2769736 total
- age   6:       7080 bytes,    2776816 total
- age   7:       6848 bytes,    2783664 total
- age   8:       8584 bytes,    2792248 total
: 89961K->3785K(109248K), 0.0054126 secs] 111769K->25601K(502464K), 0.0055284 secs] [Times: user=0.00 sys=0.00, real=0.01 secs] 
Heap after GC invocations=152 (full 2):
 par new generation   total 109248K, used 3785K [0x00000000e0000000, 0x00000000e8000000, 0x00000000e8000000)
  eden space 87424K,   0% used [0x00000000e0000000, 0x00000000e0000000, 0x00000000e5560000)
  from space 21824K,  17% used [0x00000000e5560000, 0x00000000e5912660, 0x00000000e6ab0000)
  to   space 21824K,   0% used [0x00000000e6ab0000, 0x00000000e6ab0000, 0x00000000e8000000)
 concurrent mark-sweep generation total 393216K, used 21816K [0x00000000e8000000, 0x0000000100000000, 0x0000000100000000)
 Metaspace       used 39613K, capacity 40566K, committed 40652K, reserved 1085440K
  class space    used 4536K, capacity 4765K, committed 4812K, reserved 1048576K
}
2017-10-31T09:25:13.647-0700: 1377.555: Total time for which application threads were stopped: 0.0058948 seconds, Stopping threads took: 0.0000420 seconds
2017-10-31T09:25:14.648-0700: 1378.556: Total time for which application threads were stopped: 0.0001747 seconds, Stopping threads took: 0.0000352 seconds
2017-10-31T09:25:16.503-0700: 1380.412: Total time for which application threads were stopped: 0.0002404 seconds, Stopping threads took: 0.0000339 seconds
{Heap before GC invocations=152 (full 2):
 par new generation   total 109248K, used 90746K [0x00000000e0000000, 0x00000000e8000000, 0x00000000e8000000)
  eden space 87424K,  99% used [0x00000000e0000000, 0x00000000e54ec4f8, 0x00000000e5560000)
  from space 21824K,  17% used [0x00000000e5560000, 0x00000000e5912660, 0x00000000e6ab0000)
  to   space 21824K,   0% used [0x00000000e6ab0000, 0x00000000e6ab0000, 0x00000000e8000000)
 concurrent mark-sweep generation total 393216K, used 21816K [0x00000000e8000000, 0x0000000100000000, 0x0000000100000000)
 Metaspace       used 39613K, capacity 40566K, committed 40652K, reserved 1085440K
  class space    used 4536K, capacity 4765K, committed 4812K, reserved 1048576K
2017-10-31T09:25:17.469-0700: 1381.378: [GC (Allocation Failure) 2017-10-31T09:25:17.469-0700: 1381.378: [ParNew
Desired survivor size 20112992 bytes, new threshold 8 (max 8)
- age   1:    1913056 bytes,    1913056 total
- age   2:       7832 bytes,    1920888 total
- age   3:       8352 bytes,    1929240 total
- age   4:       8664 bytes,    1937904 total
- age   5:       8016 bytes,    1945920 total
- age   6:       7944 bytes,    1953864 total
- age   7:       7080 bytes,    1960944 total
- age   8:       6848 bytes,    1967792 total
: 90746K->2601K(109248K), 0.0040777 secs] 112562K->24426K(502464K), 0.0041637 secs] [Times: user=0.00 sys=0.00, real=0.00 secs] 
Heap after GC invocations=153 (full 2):
 par new generation   total 109248K, used 2601K [0x00000000e0000000, 0x00000000e8000000, 0x00000000e8000000)
  eden space 87424K,   0% used [0x00000000e0000000, 0x00000000e0000000, 0x00000000e5560000)
  from space 21824K,  11% used [0x00000000e6ab0000, 0x00000000e6d3a658, 0x00000000e8000000)
  to   space 21824K,   0% used [0x00000000e5560000, 0x00000000e5560000, 0x00000000e6ab0000)
 concurrent mark-sweep generation total 393216K, used 21824K [0x00000000e8000000, 0x0000000100000000, 0x0000000100000000)
 Metaspace       used 39613K, capacity 40566K, committed 40652K, reserved 1085440K
  class space    used 4536K, capacity 4765K, committed 4812K, reserved 1048576K
}
2017-10-31T09:25:17.474-0700: 1381.382: Total time for which application threads were stopped: 0.0044136 seconds, Stopping threads took: 0.0000223 seconds
2017-10-31T09:25:19.993-0700: 1383.901: Total time for which application threads were stopped: 0.0002425 seconds, Stopping threads took: 0.0000494 seconds
{Heap before GC invocations=153 (full 2):
 par new generation   total 109248K, used 89867K [0x00000000e0000000, 0x00000000e8000000, 0x00000000e8000000)
  eden space 87424K,  99% used [0x00000000e0000000, 0x00000000e5538858, 0x00000000e5560000)
  from space 21824K,  11% used [0x00000000e6ab0000, 0x00000000e6d3a658, 0x00000000e8000000)
  to   space 21824K,   0% used [0x00000000e5560000, 0x00000000e5560000, 0x00000000e6ab0000)
 concurrent mark-sweep generation total 393216K, used 21824K [0x00000000e8000000, 0x0000000100000000, 0x0000000100000000)
 Metaspace       used 39613K, capacity 40566K, committed 40652K, reserved 1085440K
  class space    used 4536K, capacity 4765K, committed 4812K, reserved 1048576K
2017-10-31T09:25:21.365-0700: 1385.274: [GC (Allocation Failure) 2017-10-31T09:25:21.365-0700: 1385.274: [ParNew
Desired survivor size 20112992 bytes, new threshold 8 (max 8)
- age   1:    2003536 bytes,    2003536 total
- age   2:      10720 bytes,    2014256 total
- age   3:       6792 bytes,    2021048 total
- age   4:       8352 bytes,    2029400 total
- age   5:       8304 bytes,    2037704 total
- age   6:       7584 bytes,    2045288 total
- age   7:       7944 bytes,    2053232 total
- age   8:       7080 bytes,    2060312 total
: 89867K->2508K(109248K), 0.0058440 secs] 111692K->24339K(502464K), 0.0059232 secs] [Times: user=0.00 sys=0.00, real=0.01 secs] 
Heap after GC invocations=154 (full 2):
 par new generation   total 109248K, used 2508K [0x00000000e0000000, 0x00000000e8000000, 0x00000000e8000000)
  eden space 87424K,   0% used [0x00000000e0000000, 0x00000000e0000000, 0x00000000e5560000)
  from space 21824K,  11% used [0x00000000e5560000, 0x00000000e57d3180, 0x00000000e6ab0000)
  to   space 21824K,   0% used [0x00000000e6ab0000, 0x00000000e6ab0000, 0x00000000e8000000)
 concurrent mark-sweep generation total 393216K, used 21831K [0x00000000e8000000, 0x0000000100000000, 0x0000000100000000)
 Metaspace       used 39613K, capacity 40566K, committed 40652K, reserved 1085440K
  class space    used 4536K, capacity 4765K, committed 4812K, reserved 1048576K
}
2017-10-31T09:25:21.371-0700: 1385.280: Total time for which application threads were stopped: 0.0061752 seconds, Stopping threads took: 0.0000291 seconds
2017-10-31T09:25:22.727-0700: 1386.635: Total time for which application threads were stopped: 0.0002228 seconds, Stopping threads took: 0.0000339 seconds
{Heap before GC invocations=154 (full 2):
 par new generation   total 109248K, used 89752K [0x00000000e0000000, 0x00000000e8000000, 0x00000000e8000000)
  eden space 87424K,  99% used [0x00000000e0000000, 0x00000000e55331a0, 0x00000000e5560000)
  from space 21824K,  11% used [0x00000000e5560000, 0x00000000e57d3180, 0x00000000e6ab0000)
  to   space 21824K,   0% used [0x00000000e6ab0000, 0x00000000e6ab0000, 0x00000000e8000000)
 concurrent mark-sweep generation total 393216K, used 21831K [0x00000000e8000000, 0x0000000100000000, 0x0000000100000000)
 Metaspace       used 39613K, capacity 40566K, committed 40652K, reserved 1085440K
  class space    used 4536K, capacity 4765K, committed 4812K, reserved 1048576K
2017-10-31T09:25:24.387-0700: 1388.296: [GC (Allocation Failure) 2017-10-31T09:25:24.387-0700: 1388.296: [ParNew
Desired survivor size 20112992 bytes, new threshold 8 (max 8)
- age   1:    1904304 bytes,    1904304 total
- age   2:      76464 bytes,    1980768 total
- age   3:       9808 bytes,    1990576 total
- age   4:       6792 bytes,    1997368 total
- age   5:       8088 bytes,    2005456 total
- age   6:       7872 bytes,    2013328 total
- age   7:       7584 bytes,    2020912 total
- age   8:       7968 bytes,    2028880 total
: 89752K->3050K(109248K), 0.0043845 secs] 111583K->24888K(502464K), 0.0044495 secs] [Times: user=0.00 sys=0.00, real=0.00 secs] 
Heap after GC invocations=155 (full 2):
 par new generation   total 109248K, used 3050K [0x00000000e0000000, 0x00000000e8000000, 0x00000000e8000000)
  eden space 87424K,   0% used [0x00000000e0000000, 0x00000000e0000000, 0x00000000e5560000)
  from space 21824K,  13% used [0x00000000e6ab0000, 0x00000000e6daa8d8, 0x00000000e8000000)
  to   space 21824K,   0% used [0x00000000e5560000, 0x00000000e5560000, 0x00000000e6ab0000)
 concurrent mark-sweep generation total 393216K, used 21838K [0x00000000e8000000, 0x0000000100000000, 0x0000000100000000)
 Metaspace       used 39613K, capacity 40566K, committed 40652K, reserved 1085440K
  class space    used 4536K, capacity 4765K, committed 4812K, reserved 1048576K
}
2017-10-31T09:25:24.391-0700: 1388.301: Total time for which application threads were stopped: 0.0046947 seconds, Stopping threads took: 0.0000230 seconds
2017-10-31T09:25:25.428-0700: 1389.336: Total time for which application threads were stopped: 0.0002743 seconds, Stopping threads took: 0.0000610 seconds
{Heap before GC invocations=155 (full 2):
 par new generation   total 109248K, used 90474K [0x00000000e0000000, 0x00000000e8000000, 0x00000000e8000000)
  eden space 87424K, 100% used [0x00000000e0000000, 0x00000000e5560000, 0x00000000e5560000)
  from space 21824K,  13% used [0x00000000e6ab0000, 0x00000000e6daa8d8, 0x00000000e8000000)
  to   space 21824K,   0% used [0x00000000e5560000, 0x00000000e5560000, 0x00000000e6ab0000)
 concurrent mark-sweep generation total 393216K, used 21838K [0x00000000e8000000, 0x0000000100000000, 0x0000000100000000)
 Metaspace       used 39613K, capacity 40566K, committed 40652K, reserved 1085440K
  class space    used 4536K, capacity 4765K, committed 4812K, reserved 1048576K
2017-10-31T09:25:27.575-0700: 1391.485: [GC (Allocation Failure) 2017-10-31T09:25:27.575-0700: 1391.485: [ParNew
Desired survivor size 20112992 bytes, new threshold 8 (max 8)
- age   1:    2056816 bytes,    2056816 total
- age   2:       8920 bytes,    2065736 total
- age   3:       8424 bytes,    2074160 total
- age   4:       9808 bytes,    2083968 total
- age   5:       6432 bytes,    2090400 total
- age   6:       7584 bytes,    2097984 total
- age   7:       7872 bytes,    2105856 total
- age   8:       7584 bytes,    2113440 total
: 90474K->2316K(109248K), 0.0047109 secs] 112312K->24162K(502464K), 0.0047895 secs] [Times: user=0.00 sys=0.00, real=0.00 secs] 
Heap after GC invocations=156 (full 2):
 par new generation   total 109248K, used 2316K [0x00000000e0000000, 0x00000000e8000000, 0x00000000e8000000)
  eden space 87424K,   0% used [0x00000000e0000000, 0x00000000e0000000, 0x00000000e5560000)
  from space 21824K,  10% used [0x00000000e5560000, 0x00000000e57a32a8, 0x00000000e6ab0000)
  to   space 21824K,   0% used [0x00000000e6ab0000, 0x00000000e6ab0000, 0x00000000e8000000)
 concurrent mark-sweep generation total 393216K, used 21845K [0x00000000e8000000, 0x0000000100000000, 0x0000000100000000)
 Metaspace       used 39613K, capacity 40566K, committed 40652K, reserved 1085440K
  class space    used 4536K, capacity 4765K, committed 4812K, reserved 1048576K
}
2017-10-31T09:25:27.580-0700: 1391.489: Total time for which application threads were stopped: 0.0050353 seconds, Stopping threads took: 0.0000230 seconds
2017-10-31T09:25:28.138-0700: 1392.046: Total time for which application threads were stopped: 0.0002072 seconds, Stopping threads took: 0.0000427 seconds
2017-10-31T09:25:31.074-0700: 1394.983: Total time for which application threads were stopped: 0.0002817 seconds, Stopping threads took: 0.0000494 seconds
{Heap before GC invocations=156 (full 2):
 par new generation   total 109248K, used 89740K [0x00000000e0000000, 0x00000000e8000000, 0x00000000e8000000)
  eden space 87424K, 100% used [0x00000000e0000000, 0x00000000e5560000, 0x00000000e5560000)
  from space 21824K,  10% used [0x00000000e5560000, 0x00000000e57a32a8, 0x00000000e6ab0000)
  to   space 21824K,   0% used [0x00000000e6ab0000, 0x00000000e6ab0000, 0x00000000e8000000)
 concurrent mark-sweep generation total 393216K, used 21845K [0x00000000e8000000, 0x0000000100000000, 0x0000000100000000)
 Metaspace       used 39613K, capacity 40566K, committed 40652K, reserved 1085440K
  class space    used 4536K, capacity 4765K, committed 4812K, reserved 1048576K
2017-10-31T09:25:31.103-0700: 1395.011: [GC (Allocation Failure) 2017-10-31T09:25:31.103-0700: 1395.011: [ParNew
Desired survivor size 20112992 bytes, new threshold 8 (max 8)
- age   1:    2917944 bytes,    2917944 total
- age   2:       9288 bytes,    2927232 total
- age   3:       8008 bytes,    2935240 total
- age   4:       8424 bytes,    2943664 total
- age   5:       9304 bytes,    2952968 total
- age   6:       6144 bytes,    2959112 total
- age   7:       7560 bytes,    2966672 total
- age   8:       7872 bytes,    2974544 total
: 89740K->3868K(109248K), 0.0048857 secs] 111586K->25721K(502464K), 0.0049778 secs] [Times: user=0.06 sys=0.00, real=0.01 secs] 
Heap after GC invocations=157 (full 2):
 par new generation   total 109248K, used 3868K [0x00000000e0000000, 0x00000000e8000000, 0x00000000e8000000)
  eden space 87424K,   0% used [0x00000000e0000000, 0x00000000e0000000, 0x00000000e5560000)
  from space 21824K,  17% used [0x00000000e6ab0000, 0x00000000e6e77300, 0x00000000e8000000)
  to   space 21824K,   0% used [0x00000000e5560000, 0x00000000e5560000, 0x00000000e6ab0000)
 concurrent mark-sweep generation total 393216K, used 21853K [0x00000000e8000000, 0x0000000100000000, 0x0000000100000000)
 Metaspace       used 39613K, capacity 40566K, committed 40652K, reserved 1085440K
  class space    used 4536K, capacity 4765K, committed 4812K, reserved 1048576K
}
2017-10-31T09:25:31.108-0700: 1395.017: Total time for which application threads were stopped: 0.0052934 seconds, Stopping threads took: 0.0000515 seconds
2017-10-31T09:25:33.825-0700: 1397.734: Total time for which application threads were stopped: 0.0002404 seconds, Stopping threads took: 0.0000562 seconds
{Heap before GC invocations=157 (full 2):
 par new generation   total 109248K, used 91288K [0x00000000e0000000, 0x00000000e8000000, 0x00000000e8000000)
  eden space 87424K,  99% used [0x00000000e0000000, 0x00000000e555ed20, 0x00000000e5560000)
  from space 21824K,  17% used [0x00000000e6ab0000, 0x00000000e6e77300, 0x00000000e8000000)
  to   space 21824K,   0% used [0x00000000e5560000, 0x00000000e5560000, 0x00000000e6ab0000)
 concurrent mark-sweep generation total 393216K, used 21853K [0x00000000e8000000, 0x0000000100000000, 0x0000000100000000)
 Metaspace       used 39613K, capacity 40566K, committed 40652K, reserved 1085440K
  class space    used 4536K, capacity 4765K, committed 4812K, reserved 1048576K
2017-10-31T09:25:33.868-0700: 1397.777: [GC (Allocation Failure) 2017-10-31T09:25:33.868-0700: 1397.777: [ParNew
Desired survivor size 20112992 bytes, new threshold 8 (max 8)
- age   1:    2417928 bytes,    2417928 total
- age   2:     528680 bytes,    2946608 total
- age   3:       8328 bytes,    2954936 total
- age   4:       8008 bytes,    2962944 total
- age   5:       8280 bytes,    2971224 total
- age   6:       9016 bytes,    2980240 total
- age   7:       6144 bytes,    2986384 total
- age   8:       7560 bytes,    2993944 total
: 91288K->3630K(109248K), 0.0046581 secs] 113141K->25491K(502464K), 0.0047665 secs] [Times: user=0.06 sys=0.00, real=0.00 secs] 
Heap after GC invocations=158 (full 2):
 par new generation   total 109248K, used 3630K [0x00000000e0000000, 0x00000000e8000000, 0x00000000e8000000)
  eden space 87424K,   0% used [0x00000000e0000000, 0x00000000e0000000, 0x00000000e5560000)
  from space 21824K,  16% used [0x00000000e5560000, 0x00000000e58eb9e0, 0x00000000e6ab0000)
  to   space 21824K,   0% used [0x00000000e6ab0000, 0x00000000e6ab0000, 0x00000000e8000000)
 concurrent mark-sweep generation total 393216K, used 21860K [0x00000000e8000000, 0x0000000100000000, 0x0000000100000000)
 Metaspace       used 39613K, capacity 40566K, committed 40652K, reserved 1085440K
  class space    used 4536K, capacity 4765K, committed 4812K, reserved 1048576K
}
2017-10-31T09:25:33.873-0700: 1397.781: Total time for which application threads were stopped: 0.0050753 seconds, Stopping threads took: 0.0000291 seconds
2017-10-31T09:25:35.875-0700: 1399.783: Total time for which application threads were stopped: 0.0001720 seconds, Stopping threads took: 0.0000345 seconds
2017-10-31T09:25:36.549-0700: 1400.457: Total time for which application threads were stopped: 0.0001991 seconds, Stopping threads took: 0.0000271 seconds
{Heap before GC invocations=158 (full 2):
 par new generation   total 109248K, used 91054K [0x00000000e0000000, 0x00000000e8000000, 0x00000000e8000000)
  eden space 87424K, 100% used [0x00000000e0000000, 0x00000000e5560000, 0x00000000e5560000)
  from space 21824K,  16% used [0x00000000e5560000, 0x00000000e58eb9e0, 0x00000000e6ab0000)
  to   space 21824K,   0% used [0x00000000e6ab0000, 0x00000000e6ab0000, 0x00000000e8000000)
 concurrent mark-sweep generation total 393216K, used 21860K [0x00000000e8000000, 0x0000000100000000, 0x0000000100000000)
 Metaspace       used 39613K, capacity 40566K, committed 40652K, reserved 1085440K
  class space    used 4536K, capacity 4765K, committed 4812K, reserved 1048576K
2017-10-31T09:25:36.647-0700: 1400.556: [GC (Allocation Failure) 2017-10-31T09:25:36.647-0700: 1400.556: [ParNew
Desired survivor size 20112992 bytes, new threshold 8 (max 8)
- age   1:    2128536 bytes,    2128536 total
- age   2:     817112 bytes,    2945648 total
- age   3:       8488 bytes,    2954136 total
- age   4:       8328 bytes,    2962464 total
- age   5:       7896 bytes,    2970360 total
- age   6:       7632 bytes,    2977992 total
- age   7:       9016 bytes,    2987008 total
- age   8:       6144 bytes,    2993152 total
: 91054K->3996K(109248K), 0.0047245 secs] 112915K->25864K(502464K), 0.0048240 secs] [Times: user=0.05 sys=0.00, real=0.00 secs] 
Heap after GC invocations=159 (full 2):
 par new generation   total 109248K, used 3996K [0x00000000e0000000, 0x00000000e8000000, 0x00000000e8000000)
  eden space 87424K,   0% used [0x00000000e0000000, 0x00000000e0000000, 0x00000000e5560000)
  from space 21824K,  18% used [0x00000000e6ab0000, 0x00000000e6e972e8, 0x00000000e8000000)
  to   space 21824K,   0% used [0x00000000e5560000, 0x00000000e5560000, 0x00000000e6ab0000)
 concurrent mark-sweep generation total 393216K, used 21868K [0x00000000e8000000, 0x0000000100000000, 0x0000000100000000)
 Metaspace       used 39613K, capacity 40566K, committed 40652K, reserved 1085440K
  class space    used 4536K, capacity 4765K, committed 4812K, reserved 1048576K
}
2017-10-31T09:25:36.652-0700: 1400.560: Total time for which application threads were stopped: 0.0051369 seconds, Stopping threads took: 0.0000332 seconds
2017-10-31T09:25:39.268-0700: 1403.176: Total time for which application threads were stopped: 0.0002892 seconds, Stopping threads took: 0.0000555 seconds
{Heap before GC invocations=159 (full 2):
 par new generation   total 109248K, used 91370K [0x00000000e0000000, 0x00000000e8000000, 0x00000000e8000000)
  eden space 87424K,  99% used [0x00000000e0000000, 0x00000000e5553878, 0x00000000e5560000)
  from space 21824K,  18% used [0x00000000e6ab0000, 0x00000000e6e972e8, 0x00000000e8000000)
  to   space 21824K,   0% used [0x00000000e5560000, 0x00000000e5560000, 0x00000000e6ab0000)
 concurrent mark-sweep generation total 393216K, used 21868K [0x00000000e8000000, 0x0000000100000000, 0x0000000100000000)
 Metaspace       used 39613K, capacity 40566K, committed 40652K, reserved 1085440K
  class space    used 4536K, capacity 4765K, committed 4812K, reserved 1048576K
2017-10-31T09:25:40.378-0700: 1404.287: [GC (Allocation Failure) 2017-10-31T09:25:40.378-0700: 1404.287: [ParNew
Desired survivor size 20112992 bytes, new threshold 8 (max 8)
- age   1:    1997912 bytes,    1997912 total
- age   2:       8624 bytes,    2006536 total
- age   3:       6984 bytes,    2013520 total
- age   4:       8488 bytes,    2022008 total
- age   5:       8112 bytes,    2030120 total
- age   6:       7248 bytes,    2037368 total
- age   7:       7632 bytes,    2045000 total
- age   8:       9016 bytes,    2054016 total
: 91370K->3173K(109248K), 0.0042118 secs] 113239K->25047K(502464K), 0.0043134 secs] [Times: user=0.00 sys=0.00, real=0.00 secs] 
Heap after GC invocations=160 (full 2):
 par new generation   total 109248K, used 3173K [0x00000000e0000000, 0x00000000e8000000, 0x00000000e8000000)
  eden space 87424K,   0% used [0x00000000e0000000, 0x00000000e0000000, 0x00000000e5560000)
  from space 21824K,  14% used [0x00000000e5560000, 0x00000000e58795b0, 0x00000000e6ab0000)
  to   space 21824K,   0% used [0x00000000e6ab0000, 0x00000000e6ab0000, 0x00000000e8000000)
 concurrent mark-sweep generation total 393216K, used 21874K [0x00000000e8000000, 0x0000000100000000, 0x0000000100000000)
 Metaspace       used 39613K, capacity 40566K, committed 40652K, reserved 1085440K
  class space    used 4536K, capacity 4765K, committed 4812K, reserved 1048576K
}
2017-10-31T09:25:40.382-0700: 1404.291: Total time for which application threads were stopped: 0.0046398 seconds, Stopping threads took: 0.0000312 seconds
2017-10-31T09:25:42.383-0700: 1406.292: Total time for which application threads were stopped: 0.0001239 seconds, Stopping threads took: 0.0000339 seconds
2017-10-31T09:25:57.390-0700: 1421.299: Total time for which application threads were stopped: 0.0006170 seconds, Stopping threads took: 0.0000772 seconds
2017-10-31T09:26:25.715-0700: 1449.624: Total time for which application threads were stopped: 0.0001158 seconds, Stopping threads took: 0.0000237 seconds
2017-10-31T09:26:25.719-0700: 1449.628: Total time for which application threads were stopped: 0.0001829 seconds, Stopping threads took: 0.0000359 seconds
2017-10-31T09:26:25.719-0700: 1449.629: Total time for which application threads were stopped: 0.0001368 seconds, Stopping threads took: 0.0000251 seconds
2017-10-31T09:27:27.747-0700: 1511.656: Total time for which application threads were stopped: 0.0003874 seconds, Stopping threads took: 0.0000806 seconds
2017-10-31T09:27:33.750-0700: 1517.658: Total time for which application threads were stopped: 0.0001124 seconds, Stopping threads took: 0.0000400 seconds
2017-10-31T09:27:43.753-0700: 1527.662: Total time for which application threads were stopped: 0.0002804 seconds, Stopping threads took: 0.0000752 seconds
2017-10-31T09:27:50.756-0700: 1534.665: Total time for which application threads were stopped: 0.0002330 seconds, Stopping threads took: 0.0000562 seconds
2017-10-31T09:27:57.761-0700: 1541.670: Total time for which application threads were stopped: 0.0001226 seconds, Stopping threads took: 0.0000291 seconds
2017-10-31T09:33:30.927-0700: 1874.836: Total time for which application threads were stopped: 0.0002614 seconds, Stopping threads took: 0.0000914 seconds
2017-10-31T09:33:46.935-0700: 1890.844: Total time for which application threads were stopped: 0.0001978 seconds, Stopping threads took: 0.0000576 seconds
2017-10-31T09:37:56.061-0700: 2139.970: Total time for which application threads were stopped: 0.0002668 seconds, Stopping threads took: 0.0000704 seconds
2017-10-31T09:42:58.363-0700: 2442.271: Total time for which application threads were stopped: 0.0002987 seconds, Stopping threads took: 0.0000339 seconds
2017-10-31T09:46:58.493-0700: 2682.402: Total time for which application threads were stopped: 0.0003027 seconds, Stopping threads took: 0.0000704 seconds
2017-10-31T09:47:33.512-0700: 2717.421: Total time for which application threads were stopped: 0.0002783 seconds, Stopping threads took: 0.0000860 seconds
2017-10-31T09:51:51.648-0700: 2975.556: Total time for which application threads were stopped: 0.0003982 seconds, Stopping threads took: 0.0001280 seconds
2017-10-31T09:51:56.651-0700: 2980.559: Total time for which application threads were stopped: 0.0002465 seconds, Stopping threads took: 0.0000637 seconds
2017-10-31T09:52:01.653-0700: 2985.561: Total time for which application threads were stopped: 0.0001104 seconds, Stopping threads took: 0.0000339 seconds
2017-10-31T09:52:29.682-0700: 3013.591: Total time for which application threads were stopped: 0.0003393 seconds, Stopping threads took: 0.0001124 seconds
2017-10-31T09:54:15.735-0700: 3119.643: Total time for which application threads were stopped: 0.0001415 seconds, Stopping threads took: 0.0000372 seconds
2017-10-31T09:55:39.779-0700: 3203.688: Total time for which application threads were stopped: 0.0002824 seconds, Stopping threads took: 0.0000704 seconds
2017-10-31T09:59:11.898-0700: 3415.807: Total time for which application threads were stopped: 0.0002431 seconds, Stopping threads took: 0.0000528 seconds
2017-10-31T10:05:11.107-0700: 3775.016: Total time for which application threads were stopped: 0.0002391 seconds, Stopping threads took: 0.0000670 seconds
2017-10-31T10:08:31.217-0700: 3975.125: Total time for which application threads were stopped: 0.0003258 seconds, Stopping threads took: 0.0000901 seconds
2017-10-31T10:08:32.217-0700: 3976.126: Total time for which application threads were stopped: 0.0003095 seconds, Stopping threads took: 0.0000792 seconds
2017-10-31T10:12:24.398-0700: 4208.306: Total time for which application threads were stopped: 0.0002885 seconds, Stopping threads took: 0.0000312 seconds
2017-10-31T10:12:24.407-0700: 4208.316: Total time for which application threads were stopped: 0.0022417 seconds, Stopping threads took: 0.0003095 seconds
2017-10-31T10:12:25.407-0700: 4209.316: Total time for which application threads were stopped: 0.0001300 seconds, Stopping threads took: 0.0000278 seconds
2017-10-31T10:13:16.371-0700: 4260.280: Total time for which application threads were stopped: 0.0001788 seconds, Stopping threads took: 0.0000481 seconds
2017-10-31T10:13:17.371-0700: 4261.280: Total time for which application threads were stopped: 0.0003197 seconds, Stopping threads took: 0.0000745 seconds
2017-10-31T10:13:18.372-0700: 4262.281: Total time for which application threads were stopped: 0.0003271 seconds, Stopping threads took: 0.0000826 seconds
2017-10-31T10:15:33.471-0700: 4397.379: Total time for which application threads were stopped: 0.0001707 seconds, Stopping threads took: 0.0000372 seconds
2017-10-31T10:15:33.471-0700: 4397.380: Total time for which application threads were stopped: 0.0001172 seconds, Stopping threads took: 0.0000210 seconds
2017-10-31T10:15:33.471-0700: 4397.380: Total time for which application threads were stopped: 0.0001151 seconds, Stopping threads took: 0.0000325 seconds
2017-10-31T10:15:33.472-0700: 4397.380: Total time for which application threads were stopped: 0.0000833 seconds, Stopping threads took: 0.0000156 seconds
2017-10-31T10:15:33.472-0700: 4397.380: Total time for which application threads were stopped: 0.0000880 seconds, Stopping threads took: 0.0000163 seconds
2017-10-31T10:15:33.473-0700: 4397.381: Total time for which application threads were stopped: 0.0001429 seconds, Stopping threads took: 0.0000318 seconds
2017-10-31T10:15:33.473-0700: 4397.381: Total time for which application threads were stopped: 0.0000867 seconds, Stopping threads took: 0.0000196 seconds
2017-10-31T10:15:33.473-0700: 4397.382: Total time for which application threads were stopped: 0.0000989 seconds, Stopping threads took: 0.0000339 seconds
2017-10-31T10:15:33.474-0700: 4397.382: Total time for which application threads were stopped: 0.0001097 seconds, Stopping threads took: 0.0000271 seconds
2017-10-31T10:15:33.474-0700: 4397.383: Total time for which application threads were stopped: 0.0001409 seconds, Stopping threads took: 0.0000400 seconds
2017-10-31T10:15:33.475-0700: 4397.383: Total time for which application threads were stopped: 0.0001185 seconds, Stopping threads took: 0.0000332 seconds
2017-10-31T10:15:33.475-0700: 4397.383: Total time for which application threads were stopped: 0.0001145 seconds, Stopping threads took: 0.0000494 seconds
2017-10-31T10:15:33.476-0700: 4397.384: Total time for which application threads were stopped: 0.0003393 seconds, Stopping threads took: 0.0000420 seconds
2017-10-31T10:15:33.508-0700: 4397.417: Total time for which application threads were stopped: 0.0001862 seconds, Stopping threads took: 0.0000379 seconds
2017-10-31T10:15:34.508-0700: 4398.417: Total time for which application threads were stopped: 0.0001497 seconds, Stopping threads took: 0.0000359 seconds
2017-10-31T10:15:38.510-0700: 4402.419: Total time for which application threads were stopped: 0.0001822 seconds, Stopping threads took: 0.0000366 seconds
2017-10-31T10:18:28.593-0700: 4572.501: Total time for which application threads were stopped: 0.0001388 seconds, Stopping threads took: 0.0000332 seconds
2017-10-31T10:20:15.649-0700: 4679.557: Total time for which application threads were stopped: 0.0002574 seconds, Stopping threads took: 0.0000372 seconds
2017-10-31T10:20:16.649-0700: 4680.557: Total time for which application threads were stopped: 0.0001829 seconds, Stopping threads took: 0.0000332 seconds
{Heap before GC invocations=160 (full 2):
 par new generation   total 109248K, used 90280K [0x00000000e0000000, 0x00000000e8000000, 0x00000000e8000000)
  eden space 87424K,  99% used [0x00000000e0000000, 0x00000000e5510dd0, 0x00000000e5560000)
  from space 21824K,  14% used [0x00000000e5560000, 0x00000000e58795b0, 0x00000000e6ab0000)
  to   space 21824K,   0% used [0x00000000e6ab0000, 0x00000000e6ab0000, 0x00000000e8000000)
 concurrent mark-sweep generation total 393216K, used 21874K [0x00000000e8000000, 0x0000000100000000, 0x0000000100000000)
 Metaspace       used 39965K, capacity 40982K, committed 41292K, reserved 1085440K
  class space    used 4575K, capacity 4813K, committed 4940K, reserved 1048576K
2017-10-31T10:20:17.292-0700: 4681.200: [GC (Allocation Failure) 2017-10-31T10:20:17.292-0700: 4681.200: [ParNew
Desired survivor size 20112992 bytes, new threshold 8 (max 8)
- age   1:    2593176 bytes,    2593176 total
- age   2:      73632 bytes,    2666808 total
- age   3:       5360 bytes,    2672168 total
- age   4:       4608 bytes,    2676776 total
- age   5:       5584 bytes,    2682360 total
- age   6:       5424 bytes,    2687784 total
- age   7:       5376 bytes,    2693160 total
- age   8:       5376 bytes,    2698536 total
: 90280K->3138K(109248K), 0.0075215 secs] 112155K->25018K(502464K), 0.0076082 secs] [Times: user=0.00 sys=0.00, real=0.01 secs] 
Heap after GC invocations=161 (full 2):
 par new generation   total 109248K, used 3138K [0x00000000e0000000, 0x00000000e8000000, 0x00000000e8000000)
  eden space 87424K,   0% used [0x00000000e0000000, 0x00000000e0000000, 0x00000000e5560000)
  from space 21824K,  14% used [0x00000000e6ab0000, 0x00000000e6dc0b30, 0x00000000e8000000)
  to   space 21824K,   0% used [0x00000000e5560000, 0x00000000e5560000, 0x00000000e6ab0000)
 concurrent mark-sweep generation total 393216K, used 21879K [0x00000000e8000000, 0x0000000100000000, 0x0000000100000000)
 Metaspace       used 39965K, capacity 40982K, committed 41292K, reserved 1085440K
  class space    used 4575K, capacity 4813K, committed 4940K, reserved 1048576K
}
2017-10-31T10:20:17.299-0700: 4681.208: Total time for which application threads were stopped: 0.0079130 seconds, Stopping threads took: 0.0000264 seconds
2017-10-31T10:20:18.502-0700: 4682.411: Total time for which application threads were stopped: 0.0004646 seconds, Stopping threads took: 0.0001531 seconds
2017-10-31T10:20:19.504-0700: 4683.412: Total time for which application threads were stopped: 0.0001673 seconds, Stopping threads took: 0.0000318 seconds
2017-10-31T10:20:22.369-0700: 4686.277: Total time for which application threads were stopped: 0.0002655 seconds, Stopping threads took: 0.0000528 seconds
{Heap before GC invocations=161 (full 2):
 par new generation   total 109248K, used 90550K [0x00000000e0000000, 0x00000000e8000000, 0x00000000e8000000)
  eden space 87424K,  99% used [0x00000000e0000000, 0x00000000e555cff0, 0x00000000e5560000)
  from space 21824K,  14% used [0x00000000e6ab0000, 0x00000000e6dc0b30, 0x00000000e8000000)
  to   space 21824K,   0% used [0x00000000e5560000, 0x00000000e5560000, 0x00000000e6ab0000)
 concurrent mark-sweep generation total 393216K, used 21879K [0x00000000e8000000, 0x0000000100000000, 0x0000000100000000)
 Metaspace       used 39966K, capacity 40982K, committed 41292K, reserved 1085440K
  class space    used 4575K, capacity 4813K, committed 4940K, reserved 1048576K
2017-10-31T10:20:22.383-0700: 4686.292: [GC (Allocation Failure) 2017-10-31T10:20:22.383-0700: 4686.292: [ParNew
Desired survivor size 20112992 bytes, new threshold 8 (max 8)
- age   1:    1511672 bytes,    1511672 total
- age   2:    1288592 bytes,    2800264 total
- age   3:       5640 bytes,    2805904 total
- age   4:       5360 bytes,    2811264 total
- age   5:       4608 bytes,    2815872 total
- age   6:       5584 bytes,    2821456 total
- age   7:       5424 bytes,    2826880 total
- age   8:       5328 bytes,    2832208 total
: 90550K->4147K(109248K), 0.0073549 secs] 112430K->26032K(502464K), 0.0074599 secs] [Times: user=0.06 sys=0.00, real=0.01 secs] 
Heap after GC invocations=162 (full 2):
 par new generation   total 109248K, used 4147K [0x00000000e0000000, 0x00000000e8000000, 0x00000000e8000000)
  eden space 87424K,   0% used [0x00000000e0000000, 0x00000000e0000000, 0x00000000e5560000)
  from space 21824K,  19% used [0x00000000e5560000, 0x00000000e596cd10, 0x00000000e6ab0000)
  to   space 21824K,   0% used [0x00000000e6ab0000, 0x00000000e6ab0000, 0x00000000e8000000)
 concurrent mark-sweep generation total 393216K, used 21884K [0x00000000e8000000, 0x0000000100000000, 0x0000000100000000)
 Metaspace       used 39966K, capacity 40982K, committed 41292K, reserved 1085440K
  class space    used 4575K, capacity 4813K, committed 4940K, reserved 1048576K
}
2017-10-31T10:20:22.391-0700: 4686.299: Total time for which application threads were stopped: 0.0078209 seconds, Stopping threads took: 0.0000427 seconds
2017-10-31T10:20:25.747-0700: 4689.656: Total time for which application threads were stopped: 0.0002452 seconds, Stopping threads took: 0.0000325 seconds
2017-10-31T10:20:26.748-0700: 4690.656: Total time for which application threads were stopped: 0.0001774 seconds, Stopping threads took: 0.0000359 seconds
{Heap before GC invocations=162 (full 2):
 par new generation   total 109248K, used 91571K [0x00000000e0000000, 0x00000000e8000000, 0x00000000e8000000)
  eden space 87424K, 100% used [0x00000000e0000000, 0x00000000e5560000, 0x00000000e5560000)
  from space 21824K,  19% used [0x00000000e5560000, 0x00000000e596cd10, 0x00000000e6ab0000)
  to   space 21824K,   0% used [0x00000000e6ab0000, 0x00000000e6ab0000, 0x00000000e8000000)
 concurrent mark-sweep generation total 393216K, used 21884K [0x00000000e8000000, 0x0000000100000000, 0x0000000100000000)
 Metaspace       used 39966K, capacity 40982K, committed 41292K, reserved 1085440K
  class space    used 4575K, capacity 4813K, committed 4940K, reserved 1048576K
2017-10-31T10:20:26.967-0700: 4690.876: [GC (Allocation Failure) 2017-10-31T10:20:26.967-0700: 4690.876: [ParNew
Desired survivor size 20112992 bytes, new threshold 8 (max 8)
- age   1:    1399200 bytes,    1399200 total
- age   2:       8224 bytes,    1407424 total
- age   3:    1281168 bytes,    2688592 total
- age   4:       5640 bytes,    2694232 total
- age   5:       5360 bytes,    2699592 total
- age   6:       4608 bytes,    2704200 total
- age   7:       5608 bytes,    2709808 total
- age   8:       5424 bytes,    2715232 total
: 91571K->3059K(109248K), 0.0070190 secs] 113456K->24949K(502464K), 0.0071910 secs] [Times: user=0.00 sys=0.00, real=0.01 secs] 
Heap after GC invocations=163 (full 2):
 par new generation   total 109248K, used 3059K [0x00000000e0000000, 0x00000000e8000000, 0x00000000e8000000)
  eden space 87424K,   0% used [0x00000000e0000000, 0x00000000e0000000, 0x00000000e5560000)
  from space 21824K,  14% used [0x00000000e6ab0000, 0x00000000e6dacd70, 0x00000000e8000000)
  to   space 21824K,   0% used [0x00000000e5560000, 0x00000000e5560000, 0x00000000e6ab0000)
 concurrent mark-sweep generation total 393216K, used 21890K [0x00000000e8000000, 0x0000000100000000, 0x0000000100000000)
 Metaspace       used 39966K, capacity 40982K, committed 41292K, reserved 1085440K
  class space    used 4575K, capacity 4813K, committed 4940K, reserved 1048576K
}
2017-10-31T10:20:26.975-0700: 4690.884: Total time for which application threads were stopped: 0.0075148 seconds, Stopping threads took: 0.0000244 seconds
2017-10-31T10:20:29.481-0700: 4693.390: Total time for which application threads were stopped: 0.0002635 seconds, Stopping threads took: 0.0000420 seconds
{Heap before GC invocations=163 (full 2):
 par new generation   total 109248K, used 90483K [0x00000000e0000000, 0x00000000e8000000, 0x00000000e8000000)
  eden space 87424K, 100% used [0x00000000e0000000, 0x00000000e5560000, 0x00000000e5560000)
  from space 21824K,  14% used [0x00000000e6ab0000, 0x00000000e6dacd70, 0x00000000e8000000)
  to   space 21824K,   0% used [0x00000000e5560000, 0x00000000e5560000, 0x00000000e6ab0000)
 concurrent mark-sweep generation total 393216K, used 21890K [0x00000000e8000000, 0x0000000100000000, 0x0000000100000000)
 Metaspace       used 39966K, capacity 40982K, committed 41292K, reserved 1085440K
  class space    used 4575K, capacity 4813K, committed 4940K, reserved 1048576K
2017-10-31T10:20:31.558-0700: 4695.466: [GC (Allocation Failure) 2017-10-31T10:20:31.558-0700: 4695.467: [ParNew
Desired survivor size 20112992 bytes, new threshold 8 (max 8)
- age   1:    1532440 bytes,    1532440 total
- age   2:       8576 bytes,    1541016 total
- age   3:       7184 bytes,    1548200 total
- age   4:    1273880 bytes,    2822080 total
- age   5:       5640 bytes,    2827720 total
- age   6:       5360 bytes,    2833080 total
- age   7:       4608 bytes,    2837688 total
- age   8:       5584 bytes,    2843272 total
: 90483K->3683K(109248K), 0.0063336 secs] 112373K->25579K(502464K), 0.0064867 secs] [Times: user=0.00 sys=0.00, real=0.01 secs] 
Heap after GC invocations=164 (full 2):
 par new generation   total 109248K, used 3683K [0x00000000e0000000, 0x00000000e8000000, 0x00000000e8000000)
  eden space 87424K,   0% used [0x00000000e0000000, 0x00000000e0000000, 0x00000000e5560000)
  from space 21824K,  16% used [0x00000000e5560000, 0x00000000e58f8f98, 0x00000000e6ab0000)
  to   space 21824K,   0% used [0x00000000e6ab0000, 0x00000000e6ab0000, 0x00000000e8000000)
 concurrent mark-sweep generation total 393216K, used 21895K [0x00000000e8000000, 0x0000000100000000, 0x0000000100000000)
 Metaspace       used 39966K, capacity 40982K, committed 41292K, reserved 1085440K
  class space    used 4575K, capacity 4813K, committed 4940K, reserved 1048576K
}
2017-10-31T10:20:31.565-0700: 4695.473: Total time for which application threads were stopped: 0.0068145 seconds, Stopping threads took: 0.0000284 seconds
2017-10-31T10:20:32.615-0700: 4696.524: Total time for which application threads were stopped: 0.0003799 seconds, Stopping threads took: 0.0000474 seconds
{Heap before GC invocations=164 (full 2):
 par new generation   total 109248K, used 91090K [0x00000000e0000000, 0x00000000e8000000, 0x00000000e8000000)
  eden space 87424K,  99% used [0x00000000e0000000, 0x00000000e555bb48, 0x00000000e5560000)
  from space 21824K,  16% used [0x00000000e5560000, 0x00000000e58f8f98, 0x00000000e6ab0000)
  to   space 21824K,   0% used [0x00000000e6ab0000, 0x00000000e6ab0000, 0x00000000e8000000)
 concurrent mark-sweep generation total 393216K, used 21895K [0x00000000e8000000, 0x0000000100000000, 0x0000000100000000)
 Metaspace       used 39966K, capacity 40982K, committed 41292K, reserved 1085440K
  class space    used 4575K, capacity 4813K, committed 4940K, reserved 1048576K
2017-10-31T10:20:34.833-0700: 4698.742: [GC (Allocation Failure) 2017-10-31T10:20:34.833-0700: 4698.742: [ParNew
Desired survivor size 20112992 bytes, new threshold 8 (max 8)
- age   1:    1494128 bytes,    1494128 total
- age   2:       9184 bytes,    1503312 total
- age   3:       7664 bytes,    1510976 total
- age   4:       6824 bytes,    1517800 total
- age   5:    1267424 bytes,    2785224 total
- age   6:       5640 bytes,    2790864 total
- age   7:       5336 bytes,    2796200 total
- age   8:       4608 bytes,    2800808 total
: 91090K->3943K(109248K), 0.0082685 secs] 112986K->25844K(502464K), 0.0083715 secs] [Times: user=0.05 sys=0.00, real=0.01 secs] 
Heap after GC invocations=165 (full 2):
 par new generation   total 109248K, used 3943K [0x00000000e0000000, 0x00000000e8000000, 0x00000000e8000000)
  eden space 87424K,   0% used [0x00000000e0000000, 0x00000000e0000000, 0x00000000e5560000)
  from space 21824K,  18% used [0x00000000e6ab0000, 0x00000000e6e89d30, 0x00000000e8000000)
  to   space 21824K,   0% used [0x00000000e5560000, 0x00000000e5560000, 0x00000000e6ab0000)
 concurrent mark-sweep generation total 393216K, used 21900K [0x00000000e8000000, 0x0000000100000000, 0x0000000100000000)
 Metaspace       used 39966K, capacity 40982K, committed 41292K, reserved 1085440K
  class space    used 4575K, capacity 4813K, committed 4940K, reserved 1048576K
}
2017-10-31T10:20:34.842-0700: 4698.750: Total time for which application threads were stopped: 0.0087176 seconds, Stopping threads took: 0.0000352 seconds
2017-10-31T10:20:35.446-0700: 4699.355: Total time for which application threads were stopped: 0.0001917 seconds, Stopping threads took: 0.0000312 seconds
2017-10-31T10:20:38.513-0700: 4702.422: Total time for which application threads were stopped: 0.0002154 seconds, Stopping threads took: 0.0000339 seconds
{Heap before GC invocations=165 (full 2):
 par new generation   total 109248K, used 91367K [0x00000000e0000000, 0x00000000e8000000, 0x00000000e8000000)
  eden space 87424K, 100% used [0x00000000e0000000, 0x00000000e5560000, 0x00000000e5560000)
  from space 21824K,  18% used [0x00000000e6ab0000, 0x00000000e6e89d30, 0x00000000e8000000)
  to   space 21824K,   0% used [0x00000000e5560000, 0x00000000e5560000, 0x00000000e6ab0000)
 concurrent mark-sweep generation total 393216K, used 21900K [0x00000000e8000000, 0x0000000100000000, 0x0000000100000000)
 Metaspace       used 39967K, capacity 40982K, committed 41292K, reserved 1085440K
  class space    used 4575K, capacity 4813K, committed 4940K, reserved 1048576K
2017-10-31T10:20:38.550-0700: 4702.459: [GC (Allocation Failure) 2017-10-31T10:20:38.551-0700: 4702.459: [ParNew
Desired survivor size 20112992 bytes, new threshold 8 (max 8)
- age   1:    1942744 bytes,    1942744 total
- age   2:       7888 bytes,    1950632 total
- age   3:       8272 bytes,    1958904 total
- age   4:       7448 bytes,    1966352 total
- age   5:       6392 bytes,    1972744 total
- age   6:    1261448 bytes,    3234192 total
- age   7:       5640 bytes,    3239832 total
- age   8:       5336 bytes,    3245168 total
: 91367K->3510K(109248K), 0.0062774 secs] 113268K->25416K(502464K), 0.0064562 secs] [Times: user=0.00 sys=0.02, real=0.01 secs] 
Heap after GC invocations=166 (full 2):
 par new generation   total 109248K, used 3510K [0x00000000e0000000, 0x00000000e8000000, 0x00000000e8000000)
  eden space 87424K,   0% used [0x00000000e0000000, 0x00000000e0000000, 0x00000000e5560000)
  from space 21824K,  16% used [0x00000000e5560000, 0x00000000e58cdb70, 0x00000000e6ab0000)
  to   space 21824K,   0% used [0x00000000e6ab0000, 0x00000000e6ab0000, 0x00000000e8000000)
 concurrent mark-sweep generation total 393216K, used 21905K [0x00000000e8000000, 0x0000000100000000, 0x0000000100000000)
 Metaspace       used 39967K, capacity 40982K, committed 41292K, reserved 1085440K
  class space    used 4575K, capacity 4813K, committed 4940K, reserved 1048576K
}
2017-10-31T10:20:38.557-0700: 4702.466: Total time for which application threads were stopped: 0.0067617 seconds, Stopping threads took: 0.0000440 seconds
2017-10-31T10:20:41.365-0700: 4705.274: Total time for which application threads were stopped: 0.0004124 seconds, Stopping threads took: 0.0000420 seconds
{Heap before GC invocations=166 (full 2):
 par new generation   total 109248K, used 90647K [0x00000000e0000000, 0x00000000e8000000, 0x00000000e8000000)
  eden space 87424K,  99% used [0x00000000e0000000, 0x00000000e5518178, 0x00000000e5560000)
  from space 21824K,  16% used [0x00000000e5560000, 0x00000000e58cdb70, 0x00000000e6ab0000)
  to   space 21824K,   0% used [0x00000000e6ab0000, 0x00000000e6ab0000, 0x00000000e8000000)
 concurrent mark-sweep generation total 393216K, used 21905K [0x00000000e8000000, 0x0000000100000000, 0x0000000100000000)
 Metaspace       used 39967K, capacity 40982K, committed 41292K, reserved 1085440K
  class space    used 4575K, capacity 4813K, committed 4940K, reserved 1048576K
2017-10-31T10:20:42.718-0700: 4706.626: [GC (Allocation Failure) 2017-10-31T10:20:42.718-0700: 4706.626: [ParNew
Desired survivor size 20112992 bytes, new threshold 8 (max 8)
- age   1:    1687312 bytes,    1687312 total
- age   2:       7832 bytes,    1695144 total
- age   3:       6976 bytes,    1702120 total
- age   4:       8200 bytes,    1710320 total
- age   5:       6800 bytes,    1717120 total
- age   6:       6392 bytes,    1723512 total
- age   7:    1255280 bytes,    2978792 total
- age   8:       5640 bytes,    2984432 total
: 90647K->3996K(109248K), 0.0063451 secs] 112552K->25907K(502464K), 0.0064860 secs] [Times: user=0.00 sys=0.00, real=0.01 secs] 
Heap after GC invocations=167 (full 2):
 par new generation   total 109248K, used 3996K [0x00000000e0000000, 0x00000000e8000000, 0x00000000e8000000)
  eden space 87424K,   0% used [0x00000000e0000000, 0x00000000e0000000, 0x00000000e5560000)
  from space 21824K,  18% used [0x00000000e6ab0000, 0x00000000e6e973a0, 0x00000000e8000000)
  to   space 21824K,   0% used [0x00000000e5560000, 0x00000000e5560000, 0x00000000e6ab0000)
 concurrent mark-sweep generation total 393216K, used 21910K [0x00000000e8000000, 0x0000000100000000, 0x0000000100000000)
 Metaspace       used 39967K, capacity 40982K, committed 41292K, reserved 1085440K
  class space    used 4575K, capacity 4813K, committed 4940K, reserved 1048576K
}
2017-10-31T10:20:42.724-0700: 4706.633: Total time for which application threads were stopped: 0.0068531 seconds, Stopping threads took: 0.0000312 seconds
2017-10-31T10:20:44.560-0700: 4708.469: Total time for which application threads were stopped: 0.0002147 seconds, Stopping threads took: 0.0000284 seconds
{Heap before GC invocations=167 (full 2):
 par new generation   total 109248K, used 91064K [0x00000000e0000000, 0x00000000e8000000, 0x00000000e8000000)
  eden space 87424K,  99% used [0x00000000e0000000, 0x00000000e5506f88, 0x00000000e5560000)
  from space 21824K,  18% used [0x00000000e6ab0000, 0x00000000e6e973a0, 0x00000000e8000000)
  to   space 21824K,   0% used [0x00000000e5560000, 0x00000000e5560000, 0x00000000e6ab0000)
 concurrent mark-sweep generation total 393216K, used 21910K [0x00000000e8000000, 0x0000000100000000, 0x0000000100000000)
 Metaspace       used 39967K, capacity 40982K, committed 41292K, reserved 1085440K
  class space    used 4575K, capacity 4813K, committed 4940K, reserved 1048576K
2017-10-31T10:20:46.249-0700: 4710.157: [GC (Allocation Failure) 2017-10-31T10:20:46.249-0700: 4710.158: [ParNew
Desired survivor size 20112992 bytes, new threshold 8 (max 8)
- age   1:    1574400 bytes,    1574400 total
- age   2:       8008 bytes,    1582408 total
- age   3:       6792 bytes,    1589200 total
- age   4:       6976 bytes,    1596176 total
- age   5:       7552 bytes,    1603728 total
- age   6:       6800 bytes,    1610528 total
- age   7:       6392 bytes,    1616920 total
- age   8:    1247680 bytes,    2864600 total
: 91064K->3702K(109248K), 0.0060831 secs] 112975K->25618K(502464K), 0.0062036 secs] [Times: user=0.00 sys=0.00, real=0.01 secs] 
Heap after GC invocations=168 (full 2):
 par new generation   total 109248K, used 3702K [0x00000000e0000000, 0x00000000e8000000, 0x00000000e8000000)
  eden space 87424K,   0% used [0x00000000e0000000, 0x00000000e0000000, 0x00000000e5560000)
  from space 21824K,  16% used [0x00000000e5560000, 0x00000000e58fdb20, 0x00000000e6ab0000)
  to   space 21824K,   0% used [0x00000000e6ab0000, 0x00000000e6ab0000, 0x00000000e8000000)
 concurrent mark-sweep generation total 393216K, used 21916K [0x00000000e8000000, 0x0000000100000000, 0x0000000100000000)
 Metaspace       used 39967K, capacity 40982K, committed 41292K, reserved 1085440K
  class space    used 4575K, capacity 4813K, committed 4940K, reserved 1048576K
}
2017-10-31T10:20:46.255-0700: 4710.164: Total time for which application threads were stopped: 0.0064799 seconds, Stopping threads took: 0.0000230 seconds
2017-10-31T10:20:47.255-0700: 4711.164: Total time for which application threads were stopped: 0.0001741 seconds, Stopping threads took: 0.0000312 seconds
2017-10-31T10:20:47.603-0700: 4711.512: Total time for which application threads were stopped: 0.0002709 seconds, Stopping threads took: 0.0000298 seconds
{Heap before GC invocations=168 (full 2):
 par new generation   total 109248K, used 90771K [0x00000000e0000000, 0x00000000e8000000, 0x00000000e8000000)
  eden space 87424K,  99% used [0x00000000e0000000, 0x00000000e55072c8, 0x00000000e5560000)
  from space 21824K,  16% used [0x00000000e5560000, 0x00000000e58fdb20, 0x00000000e6ab0000)
  to   space 21824K,   0% used [0x00000000e6ab0000, 0x00000000e6ab0000, 0x00000000e8000000)
 concurrent mark-sweep generation total 393216K, used 21916K [0x00000000e8000000, 0x0000000100000000, 0x0000000100000000)
 Metaspace       used 39967K, capacity 40982K, committed 41292K, reserved 1085440K
  class space    used 4575K, capacity 4813K, committed 4940K, reserved 1048576K
2017-10-31T10:20:49.837-0700: 4713.746: [GC (Allocation Failure) 2017-10-31T10:20:49.837-0700: 4713.746: [ParNew
Desired survivor size 20112992 bytes, new threshold 8 (max 8)
- age   1:    1850560 bytes,    1850560 total
- age   2:       9160 bytes,    1859720 total
- age   3:       6768 bytes,    1866488 total
- age   4:       6792 bytes,    1873280 total
- age   5:       6184 bytes,    1879464 total
- age   6:       7408 bytes,    1886872 total
- age   7:       6800 bytes,    1893672 total
- age   8:       6280 bytes,    1899952 total
: 90771K->2373K(109248K), 0.0151264 secs] 112687K->25512K(502464K), 0.0152706 secs] [Times: user=0.05 sys=0.00, real=0.02 secs] 
Heap after GC invocations=169 (full 2):
 par new generation   total 109248K, used 2373K [0x00000000e0000000, 0x00000000e8000000, 0x00000000e8000000)
  eden space 87424K,   0% used [0x00000000e0000000, 0x00000000e0000000, 0x00000000e5560000)
  from space 21824K,  10% used [0x00000000e6ab0000, 0x00000000e6d01700, 0x00000000e8000000)
  to   space 21824K,   0% used [0x00000000e5560000, 0x00000000e5560000, 0x00000000e6ab0000)
 concurrent mark-sweep generation total 393216K, used 23138K [0x00000000e8000000, 0x0000000100000000, 0x0000000100000000)
 Metaspace       used 39967K, capacity 40982K, committed 41292K, reserved 1085440K
  class space    used 4575K, capacity 4813K, committed 4940K, reserved 1048576K
}
2017-10-31T10:20:49.853-0700: 4713.761: Total time for which application threads were stopped: 0.0155740 seconds, Stopping threads took: 0.0000278 seconds
2017-10-31T10:20:50.347-0700: 4714.256: Total time for which application threads were stopped: 0.0002174 seconds, Stopping threads took: 0.0000400 seconds
2017-10-31T10:20:52.348-0700: 4716.256: Total time for which application threads were stopped: 0.0001639 seconds, Stopping threads took: 0.0000312 seconds
2017-10-31T10:20:53.503-0700: 4717.412: Total time for which application threads were stopped: 0.0002540 seconds, Stopping threads took: 0.0000325 seconds
{Heap before GC invocations=169 (full 2):
 par new generation   total 109248K, used 89797K [0x00000000e0000000, 0x00000000e8000000, 0x00000000e8000000)
  eden space 87424K, 100% used [0x00000000e0000000, 0x00000000e5560000, 0x00000000e5560000)
  from space 21824K,  10% used [0x00000000e6ab0000, 0x00000000e6d01700, 0x00000000e8000000)
  to   space 21824K,   0% used [0x00000000e5560000, 0x00000000e5560000, 0x00000000e6ab0000)
 concurrent mark-sweep generation total 393216K, used 23138K [0x00000000e8000000, 0x0000000100000000, 0x0000000100000000)
 Metaspace       used 39967K, capacity 40982K, committed 41292K, reserved 1085440K
  class space    used 4575K, capacity 4813K, committed 4940K, reserved 1048576K
2017-10-31T10:20:53.535-0700: 4717.444: [GC (Allocation Failure) 2017-10-31T10:20:53.535-0700: 4717.444: [ParNew
Desired survivor size 20112992 bytes, new threshold 8 (max 8)
- age   1:    2273784 bytes,    2273784 total
- age   2:       8880 bytes,    2282664 total
- age   3:       8248 bytes,    2290912 total
- age   4:       6768 bytes,    2297680 total
- age   5:       6072 bytes,    2303752 total
- age   6:       6184 bytes,    2309936 total
- age   7:       7408 bytes,    2317344 total
- age   8:       6800 bytes,    2324144 total
: 89797K->2786K(109248K), 0.0046155 secs] 112936K->25931K(502464K), 0.0047313 secs] [Times: user=0.00 sys=0.00, real=0.00 secs] 
Heap after GC invocations=170 (full 2):
 par new generation   total 109248K, used 2786K [0x00000000e0000000, 0x00000000e8000000, 0x00000000e8000000)
  eden space 87424K,   0% used [0x00000000e0000000, 0x00000000e0000000, 0x00000000e5560000)
  from space 21824K,  12% used [0x00000000e5560000, 0x00000000e5818b48, 0x00000000e6ab0000)
  to   space 21824K,   0% used [0x00000000e6ab0000, 0x00000000e6ab0000, 0x00000000e8000000)
 concurrent mark-sweep generation total 393216K, used 23144K [0x00000000e8000000, 0x0000000100000000, 0x0000000100000000)
 Metaspace       used 39967K, capacity 40982K, committed 41292K, reserved 1085440K
  class space    used 4575K, capacity 4813K, committed 4940K, reserved 1048576K
}
2017-10-31T10:20:53.540-0700: 4717.449: Total time for which application threads were stopped: 0.0050482 seconds, Stopping threads took: 0.0000305 seconds
2017-10-31T10:20:55.541-0700: 4719.450: Total time for which application threads were stopped: 0.0001612 seconds, Stopping threads took: 0.0000366 seconds
2017-10-31T10:20:56.604-0700: 4720.513: Total time for which application threads were stopped: 0.0002736 seconds, Stopping threads took: 0.0000562 seconds
{Heap before GC invocations=170 (full 2):
 par new generation   total 109248K, used 90053K [0x00000000e0000000, 0x00000000e8000000, 0x00000000e8000000)
  eden space 87424K,  99% used [0x00000000e0000000, 0x00000000e55389c0, 0x00000000e5560000)
  from space 21824K,  12% used [0x00000000e5560000, 0x00000000e5818b48, 0x00000000e6ab0000)
  to   space 21824K,   0% used [0x00000000e6ab0000, 0x00000000e6ab0000, 0x00000000e8000000)
 concurrent mark-sweep generation total 393216K, used 23144K [0x00000000e8000000, 0x0000000100000000, 0x0000000100000000)
 Metaspace       used 39967K, capacity 40982K, committed 41292K, reserved 1085440K
  class space    used 4575K, capacity 4813K, committed 4940K, reserved 1048576K
2017-10-31T10:20:56.669-0700: 4720.578: [GC (Allocation Failure) 2017-10-31T10:20:56.670-0700: 4720.579: [ParNew
Desired survivor size 20112992 bytes, new threshold 8 (max 8)
- age   1:    2078176 bytes,    2078176 total
- age   2:     493312 bytes,    2571488 total
- age   3:       7968 bytes,    2579456 total
- age   4:       8248 bytes,    2587704 total
- age   5:       6048 bytes,    2593752 total
- age   6:       6072 bytes,    2599824 total
- age   7:       6184 bytes,    2606008 total
- age   8:       7408 bytes,    2613416 total
: 90053K->3329K(109248K), 0.0052649 secs] 113197K->26480K(502464K), 0.0057844 secs] [Times: user=0.00 sys=0.00, real=0.01 secs] 
Heap after GC invocations=171 (full 2):
 par new generation   total 109248K, used 3329K [0x00000000e0000000, 0x00000000e8000000, 0x00000000e8000000)
  eden space 87424K,   0% used [0x00000000e0000000, 0x00000000e0000000, 0x00000000e5560000)
  from space 21824K,  15% used [0x00000000e6ab0000, 0x00000000e6df0510, 0x00000000e8000000)
  to   space 21824K,   0% used [0x00000000e5560000, 0x00000000e5560000, 0x00000000e6ab0000)
 concurrent mark-sweep generation total 393216K, used 23151K [0x00000000e8000000, 0x0000000100000000, 0x0000000100000000)
 Metaspace       used 39967K, capacity 40982K, committed 41292K, reserved 1085440K
  class space    used 4575K, capacity 4813K, committed 4940K, reserved 1048576K
}
2017-10-31T10:20:56.675-0700: 4720.584: Total time for which application threads were stopped: 0.0062375 seconds, Stopping threads took: 0.0000691 seconds
2017-10-31T10:20:59.562-0700: 4723.471: Total time for which application threads were stopped: 0.0002519 seconds, Stopping threads took: 0.0000345 seconds
2017-10-31T10:21:00.563-0700: 4724.471: Total time for which application threads were stopped: 0.0002357 seconds, Stopping threads took: 0.0000339 seconds
{Heap before GC invocations=171 (full 2):
 par new generation   total 109248K, used 90322K [0x00000000e0000000, 0x00000000e8000000, 0x00000000e8000000)
  eden space 87424K,  99% used [0x00000000e0000000, 0x00000000e54f4328, 0x00000000e5560000)
  from space 21824K,  15% used [0x00000000e6ab0000, 0x00000000e6df0510, 0x00000000e8000000)
  to   space 21824K,   0% used [0x00000000e5560000, 0x00000000e5560000, 0x00000000e6ab0000)
 concurrent mark-sweep generation total 393216K, used 23151K [0x00000000e8000000, 0x0000000100000000, 0x0000000100000000)
 Metaspace       used 39969K, capacity 40982K, committed 41292K, reserved 1085440K
  class space    used 4575K, capacity 4813K, committed 4940K, reserved 1048576K
2017-10-31T10:21:00.682-0700: 4724.591: [GC (Allocation Failure) 2017-10-31T10:21:00.682-0700: 4724.591: [ParNew
Desired survivor size 20112992 bytes, new threshold 8 (max 8)
- age   1:    1924560 bytes,    1924560 total
- age   2:       8416 bytes,    1932976 total
- age   3:       8184 bytes,    1941160 total
- age   4:       7968 bytes,    1949128 total
- age   5:       7672 bytes,    1956800 total
- age   6:       5904 bytes,    1962704 total
- age   7:       6072 bytes,    1968776 total
- age   8:       6184 bytes,    1974960 total
: 90322K->2203K(109248K), 0.0037276 secs] 113473K->25362K(502464K), 0.0038637 secs] [Times: user=0.00 sys=0.00, real=0.00 secs] 
Heap after GC invocations=172 (full 2):
 par new generation   total 109248K, used 2203K [0x00000000e0000000, 0x00000000e8000000, 0x00000000e8000000)
  eden space 87424K,   0% used [0x00000000e0000000, 0x00000000e0000000, 0x00000000e5560000)
  from space 21824K,  10% used [0x00000000e5560000, 0x00000000e5786f80, 0x00000000e6ab0000)
  to   space 21824K,   0% used [0x00000000e6ab0000, 0x00000000e6ab0000, 0x00000000e8000000)
 concurrent mark-sweep generation total 393216K, used 23158K [0x00000000e8000000, 0x0000000100000000, 0x0000000100000000)
 Metaspace       used 39969K, capacity 40982K, committed 41292K, reserved 1085440K
  class space    used 4575K, capacity 4813K, committed 4940K, reserved 1048576K
}
2017-10-31T10:21:00.686-0700: 4724.595: Total time for which application threads were stopped: 0.0041840 seconds, Stopping threads took: 0.0000379 seconds
2017-10-31T10:21:02.511-0700: 4726.419: Total time for which application threads were stopped: 0.0002614 seconds, Stopping threads took: 0.0000508 seconds
{Heap before GC invocations=172 (full 2):
 par new generation   total 109248K, used 89627K [0x00000000e0000000, 0x00000000e8000000, 0x00000000e8000000)
  eden space 87424K, 100% used [0x00000000e0000000, 0x00000000e5560000, 0x00000000e5560000)
  from space 21824K,  10% used [0x00000000e5560000, 0x00000000e5786f80, 0x00000000e6ab0000)
  to   space 21824K,   0% used [0x00000000e6ab0000, 0x00000000e6ab0000, 0x00000000e8000000)
 concurrent mark-sweep generation total 393216K, used 23158K [0x00000000e8000000, 0x0000000100000000, 0x0000000100000000)
 Metaspace       used 39969K, capacity 40982K, committed 41292K, reserved 1085440K
  class space    used 4575K, capacity 4813K, committed 4940K, reserved 1048576K
2017-10-31T10:21:04.137-0700: 4728.045: [GC (Allocation Failure) 2017-10-31T10:21:04.137-0700: 4728.045: [ParNew
Desired survivor size 20112992 bytes, new threshold 8 (max 8)
- age   1:    1812440 bytes,    1812440 total
- age   2:      10872 bytes,    1823312 total
- age   3:       7376 bytes,    1830688 total
- age   4:       8184 bytes,    1838872 total
- age   5:       7320 bytes,    1846192 total
- age   6:       7456 bytes,    1853648 total
- age   7:       5904 bytes,    1859552 total
- age   8:       6072 bytes,    1865624 total
: 89627K->2448K(109248K), 0.0038061 secs] 112786K->25613K(502464K), 0.0038840 secs] [Times: user=0.00 sys=0.00, real=0.00 secs] 
Heap after GC invocations=173 (full 2):
 par new generation   total 109248K, used 2448K [0x00000000e0000000, 0x00000000e8000000, 0x00000000e8000000)
  eden space 87424K,   0% used [0x00000000e0000000, 0x00000000e0000000, 0x00000000e5560000)
  from space 21824K,  11% used [0x00000000e6ab0000, 0x00000000e6d142c0, 0x00000000e8000000)
  to   space 21824K,   0% used [0x00000000e5560000, 0x00000000e5560000, 0x00000000e6ab0000)
 concurrent mark-sweep generation total 393216K, used 23164K [0x00000000e8000000, 0x0000000100000000, 0x0000000100000000)
 Metaspace       used 39969K, capacity 40982K, committed 41292K, reserved 1085440K
  class space    used 4575K, capacity 4813K, committed 4940K, reserved 1048576K
}
2017-10-31T10:21:04.141-0700: 4728.049: Total time for which application threads were stopped: 0.0043276 seconds, Stopping threads took: 0.0000332 seconds
2017-10-31T10:21:05.141-0700: 4729.050: Total time for which application threads were stopped: 0.0002228 seconds, Stopping threads took: 0.0000481 seconds
2017-10-31T10:21:05.236-0700: 4729.145: Total time for which application threads were stopped: 0.0004097 seconds, Stopping threads took: 0.0001923 seconds
2017-10-31T10:21:06.237-0700: 4730.145: Total time for which application threads were stopped: 0.0001923 seconds, Stopping threads took: 0.0000501 seconds
{Heap before GC invocations=173 (full 2):
 par new generation   total 109248K, used 89711K [0x00000000e0000000, 0x00000000e8000000, 0x00000000e8000000)
  eden space 87424K,  99% used [0x00000000e0000000, 0x00000000e5537ae0, 0x00000000e5560000)
  from space 21824K,  11% used [0x00000000e6ab0000, 0x00000000e6d142c0, 0x00000000e8000000)
  to   space 21824K,   0% used [0x00000000e5560000, 0x00000000e5560000, 0x00000000e6ab0000)
 concurrent mark-sweep generation total 393216K, used 23164K [0x00000000e8000000, 0x0000000100000000, 0x0000000100000000)
 Metaspace       used 39969K, capacity 40982K, committed 41292K, reserved 1085440K
  class space    used 4575K, capacity 4813K, committed 4940K, reserved 1048576K
2017-10-31T10:21:07.487-0700: 4731.396: [GC (Allocation Failure) 2017-10-31T10:21:07.487-0700: 4731.396: [ParNew
Desired survivor size 20112992 bytes, new threshold 8 (max 8)
- age   1:    2016224 bytes,    2016224 total
- age   2:      11256 bytes,    2027480 total
- age   3:       9960 bytes,    2037440 total
- age   4:       7376 bytes,    2044816 total
- age   5:       7680 bytes,    2052496 total
- age   6:       7104 bytes,    2059600 total
- age   7:       7456 bytes,    2067056 total
- age   8:       5904 bytes,    2072960 total
: 89711K->2749K(109248K), 0.0073116 secs] 112875K->25919K(502464K), 0.0074355 secs] [Times: user=0.00 sys=0.00, real=0.01 secs] 
Heap after GC invocations=174 (full 2):
 par new generation   total 109248K, used 2749K [0x00000000e0000000, 0x00000000e8000000, 0x00000000e8000000)
  eden space 87424K,   0% used [0x00000000e0000000, 0x00000000e0000000, 0x00000000e5560000)
  from space 21824K,  12% used [0x00000000e5560000, 0x00000000e580f620, 0x00000000e6ab0000)
  to   space 21824K,   0% used [0x00000000e6ab0000, 0x00000000e6ab0000, 0x00000000e8000000)
 concurrent mark-sweep generation total 393216K, used 23170K [0x00000000e8000000, 0x0000000100000000, 0x0000000100000000)
 Metaspace       used 39969K, capacity 40982K, committed 41292K, reserved 1085440K
  class space    used 4575K, capacity 4813K, committed 4940K, reserved 1048576K
}
2017-10-31T10:21:07.495-0700: 4731.404: Total time for which application threads were stopped: 0.0077010 seconds, Stopping threads took: 0.0000223 seconds
2017-10-31T10:21:07.991-0700: 4731.900: Total time for which application threads were stopped: 0.0002743 seconds, Stopping threads took: 0.0000521 seconds
2017-10-31T10:21:10.619-0700: 4734.528: Total time for which application threads were stopped: 0.0002628 seconds, Stopping threads took: 0.0000325 seconds
{Heap before GC invocations=174 (full 2):
 par new generation   total 109248K, used 89979K [0x00000000e0000000, 0x00000000e8000000, 0x00000000e8000000)
  eden space 87424K,  99% used [0x00000000e0000000, 0x00000000e552f7e8, 0x00000000e5560000)
  from space 21824K,  12% used [0x00000000e5560000, 0x00000000e580f620, 0x00000000e6ab0000)
  to   space 21824K,   0% used [0x00000000e6ab0000, 0x00000000e6ab0000, 0x00000000e8000000)
 concurrent mark-sweep generation total 393216K, used 23170K [0x00000000e8000000, 0x0000000100000000, 0x0000000100000000)
 Metaspace       used 39969K, capacity 40982K, committed 41292K, reserved 1085440K
  class space    used 4575K, capacity 4813K, committed 4940K, reserved 1048576K
2017-10-31T10:21:10.645-0700: 4734.553: [GC (Allocation Failure) 2017-10-31T10:21:10.645-0700: 4734.553: [ParNew
Desired survivor size 20112992 bytes, new threshold 8 (max 8)
- age   1:    3165064 bytes,    3165064 total
- age   2:      12632 bytes,    3177696 total
- age   3:       9432 bytes,    3187128 total
- age   4:       9960 bytes,    3197088 total
- age   5:       6944 bytes,    3204032 total
- age   6:       7464 bytes,    3211496 total
- age   7:       7104 bytes,    3218600 total
- age   8:       7456 bytes,    3226056 total
: 89979K->3611K(109248K), 0.0047130 secs] 113149K->26787K(502464K), 0.0049940 secs] [Times: user=0.00 sys=0.00, real=0.01 secs] 
Heap after GC invocations=175 (full 2):
 par new generation   total 109248K, used 3611K [0x00000000e0000000, 0x00000000e8000000, 0x00000000e8000000)
  eden space 87424K,   0% used [0x00000000e0000000, 0x00000000e0000000, 0x00000000e5560000)
  from space 21824K,  16% used [0x00000000e6ab0000, 0x00000000e6e36e58, 0x00000000e8000000)
  to   space 21824K,   0% used [0x00000000e5560000, 0x00000000e5560000, 0x00000000e6ab0000)
 concurrent mark-sweep generation total 393216K, used 23176K [0x00000000e8000000, 0x0000000100000000, 0x0000000100000000)
 Metaspace       used 39969K, capacity 40982K, committed 41292K, reserved 1085440K
  class space    used 4575K, capacity 4813K, committed 4940K, reserved 1048576K
}
2017-10-31T10:21:10.650-0700: 4734.558: Total time for which application threads were stopped: 0.0053936 seconds, Stopping threads took: 0.0000467 seconds
2017-10-31T10:21:13.617-0700: 4737.526: Total time for which application threads were stopped: 0.0002655 seconds, Stopping threads took: 0.0000379 seconds
{Heap before GC invocations=175 (full 2):
 par new generation   total 109248K, used 90974K [0x00000000e0000000, 0x00000000e8000000, 0x00000000e8000000)
  eden space 87424K,  99% used [0x00000000e0000000, 0x00000000e5550c08, 0x00000000e5560000)
  from space 21824K,  16% used [0x00000000e6ab0000, 0x00000000e6e36e58, 0x00000000e8000000)
  to   space 21824K,   0% used [0x00000000e5560000, 0x00000000e5560000, 0x00000000e6ab0000)
 concurrent mark-sweep generation total 393216K, used 23176K [0x00000000e8000000, 0x0000000100000000, 0x0000000100000000)
 Metaspace       used 39969K, capacity 40982K, committed 41292K, reserved 1085440K
  class space    used 4575K, capacity 4813K, committed 4940K, reserved 1048576K
2017-10-31T10:21:13.706-0700: 4737.615: [GC (Allocation Failure) 2017-10-31T10:21:13.706-0700: 4737.615: [ParNew
Desired survivor size 20112992 bytes, new threshold 8 (max 8)
- age   1:    2350472 bytes,    2350472 total
- age   2:     616104 bytes,    2966576 total
- age   3:      11720 bytes,    2978296 total
- age   4:       9432 bytes,    2987728 total
- age   5:       9600 bytes,    2997328 total
- age   6:       6656 bytes,    3003984 total
- age   7:       7464 bytes,    3011448 total
- age   8:       7104 bytes,    3018552 total
: 90974K->3936K(109248K), 0.0050157 secs] 114150K->27119K(502464K), 0.0051214 secs] [Times: user=0.00 sys=0.00, real=0.01 secs] 
Heap after GC invocations=176 (full 2):
 par new generation   total 109248K, used 3936K [0x00000000e0000000, 0x00000000e8000000, 0x00000000e8000000)
  eden space 87424K,   0% used [0x00000000e0000000, 0x00000000e0000000, 0x00000000e5560000)
  from space 21824K,  18% used [0x00000000e5560000, 0x00000000e5938180, 0x00000000e6ab0000)
  to   space 21824K,   0% used [0x00000000e6ab0000, 0x00000000e6ab0000, 0x00000000e8000000)
 concurrent mark-sweep generation total 393216K, used 23183K [0x00000000e8000000, 0x0000000100000000, 0x0000000100000000)
 Metaspace       used 39969K, capacity 40982K, committed 41292K, reserved 1085440K
  class space    used 4575K, capacity 4813K, committed 4940K, reserved 1048576K
}
2017-10-31T10:21:13.712-0700: 4737.621: Total time for which application threads were stopped: 0.0054674 seconds, Stopping threads took: 0.0000339 seconds
2017-10-31T10:21:14.712-0700: 4738.621: Total time for which application threads were stopped: 0.0001693 seconds, Stopping threads took: 0.0000325 seconds
2017-10-31T10:21:15.712-0700: 4739.621: Total time for which application threads were stopped: 0.0001605 seconds, Stopping threads took: 0.0000318 seconds
2017-10-31T10:21:16.442-0700: 4740.350: Total time for which application threads were stopped: 0.0002533 seconds, Stopping threads took: 0.0000359 seconds
{Heap before GC invocations=176 (full 2):
 par new generation   total 109248K, used 91117K [0x00000000e0000000, 0x00000000e8000000, 0x00000000e8000000)
  eden space 87424K,  99% used [0x00000000e0000000, 0x00000000e5523378, 0x00000000e5560000)
  from space 21824K,  18% used [0x00000000e5560000, 0x00000000e5938180, 0x00000000e6ab0000)
  to   space 21824K,   0% used [0x00000000e6ab0000, 0x00000000e6ab0000, 0x00000000e8000000)
 concurrent mark-sweep generation total 393216K, used 23183K [0x00000000e8000000, 0x0000000100000000, 0x0000000100000000)
 Metaspace       used 39969K, capacity 40982K, committed 41292K, reserved 1085440K
  class space    used 4575K, capacity 4813K, committed 4940K, reserved 1048576K
2017-10-31T10:21:17.371-0700: 4741.280: [GC (Allocation Failure) 2017-10-31T10:21:17.371-0700: 4741.280: [ParNew
Desired survivor size 20112992 bytes, new threshold 8 (max 8)
- age   1:    2171352 bytes,    2171352 total
- age   2:       8168 bytes,    2179520 total
- age   3:       8888 bytes,    2188408 total
- age   4:      11720 bytes,    2200128 total
- age   5:       9000 bytes,    2209128 total
- age   6:       9168 bytes,    2218296 total
- age   7:       6656 bytes,    2224952 total
- age   8:       7464 bytes,    2232416 total
: 91117K->2460K(109248K), 0.0038529 secs] 114300K->25650K(502464K), 0.0040398 secs] [Times: user=0.00 sys=0.00, real=0.00 secs] 
Heap after GC invocations=177 (full 2):
 par new generation   total 109248K, used 2460K [0x00000000e0000000, 0x00000000e8000000, 0x00000000e8000000)
  eden space 87424K,   0% used [0x00000000e0000000, 0x00000000e0000000, 0x00000000e5560000)
  from space 21824K,  11% used [0x00000000e6ab0000, 0x00000000e6d170e0, 0x00000000e8000000)
  to   space 21824K,   0% used [0x00000000e5560000, 0x00000000e5560000, 0x00000000e6ab0000)
 concurrent mark-sweep generation total 393216K, used 23190K [0x00000000e8000000, 0x0000000100000000, 0x0000000100000000)
 Metaspace       used 39969K, capacity 40982K, committed 41292K, reserved 1085440K
  class space    used 4575K, capacity 4813K, committed 4940K, reserved 1048576K
}
2017-10-31T10:21:17.375-0700: 4741.284: Total time for which application threads were stopped: 0.0043886 seconds, Stopping threads took: 0.0000359 seconds
2017-10-31T10:21:19.236-0700: 4743.145: Total time for which application threads were stopped: 0.0002235 seconds, Stopping threads took: 0.0000278 seconds
{Heap before GC invocations=177 (full 2):
 par new generation   total 109248K, used 89735K [0x00000000e0000000, 0x00000000e8000000, 0x00000000e8000000)
  eden space 87424K,  99% used [0x00000000e0000000, 0x00000000e553ad70, 0x00000000e5560000)
  from space 21824K,  11% used [0x00000000e6ab0000, 0x00000000e6d170e0, 0x00000000e8000000)
  to   space 21824K,   0% used [0x00000000e5560000, 0x00000000e5560000, 0x00000000e6ab0000)
 concurrent mark-sweep generation total 393216K, used 23190K [0x00000000e8000000, 0x0000000100000000, 0x0000000100000000)
 Metaspace       used 39969K, capacity 40982K, committed 41292K, reserved 1085440K
  class space    used 4575K, capacity 4813K, committed 4940K, reserved 1048576K
2017-10-31T10:21:20.784-0700: 4744.693: [GC (Allocation Failure) 2017-10-31T10:21:20.784-0700: 4744.693: [ParNew
Desired survivor size 20112992 bytes, new threshold 8 (max 8)
- age   1:    2069192 bytes,    2069192 total
- age   2:      10552 bytes,    2079744 total
- age   3:       7128 bytes,    2086872 total
- age   4:       8888 bytes,    2095760 total
- age   5:      11288 bytes,    2107048 total
- age   6:       8640 bytes,    2115688 total
- age   7:       9168 bytes,    2124856 total
- age   8:       6656 bytes,    2131512 total
: 89735K->2819K(109248K), 0.0038766 secs] 112925K->26017K(502464K), 0.0039687 secs] [Times: user=0.00 sys=0.00, real=0.00 secs] 
Heap after GC invocations=178 (full 2):
 par new generation   total 109248K, used 2819K [0x00000000e0000000, 0x00000000e8000000, 0x00000000e8000000)
  eden space 87424K,   0% used [0x00000000e0000000, 0x00000000e0000000, 0x00000000e5560000)
  from space 21824K,  12% used [0x00000000e5560000, 0x00000000e5820e90, 0x00000000e6ab0000)
  to   space 21824K,   0% used [0x00000000e6ab0000, 0x00000000e6ab0000, 0x00000000e8000000)
 concurrent mark-sweep generation total 393216K, used 23197K [0x00000000e8000000, 0x0000000100000000, 0x0000000100000000)
 Metaspace       used 39969K, capacity 40982K, committed 41292K, reserved 1085440K
  class space    used 4575K, capacity 4813K, committed 4940K, reserved 1048576K
}
2017-10-31T10:21:20.788-0700: 4744.697: Total time for which application threads were stopped: 0.0042565 seconds, Stopping threads took: 0.0000244 seconds
2017-10-31T10:21:22.216-0700: 4746.124: Total time for which application threads were stopped: 0.0001978 seconds, Stopping threads took: 0.0000237 seconds
{Heap before GC invocations=178 (full 2):
 par new generation   total 109248K, used 90243K [0x00000000e0000000, 0x00000000e8000000, 0x00000000e8000000)
  eden space 87424K, 100% used [0x00000000e0000000, 0x00000000e5560000, 0x00000000e5560000)
  from space 21824K,  12% used [0x00000000e5560000, 0x00000000e5820e90, 0x00000000e6ab0000)
  to   space 21824K,   0% used [0x00000000e6ab0000, 0x00000000e6ab0000, 0x00000000e8000000)
 concurrent mark-sweep generation total 393216K, used 23197K [0x00000000e8000000, 0x0000000100000000, 0x0000000100000000)
 Metaspace       used 39969K, capacity 40982K, committed 41292K, reserved 1085440K
  class space    used 4575K, capacity 4813K, committed 4940K, reserved 1048576K
2017-10-31T10:21:24.373-0700: 4748.282: [GC (Allocation Failure) 2017-10-31T10:21:24.373-0700: 4748.282: [ParNew
Desired survivor size 20112992 bytes, new threshold 8 (max 8)
- age   1:    1793816 bytes,    1793816 total
- age   2:      76712 bytes,    1870528 total
- age   3:       9640 bytes,    1880168 total
- age   4:       7128 bytes,    1887296 total
- age   5:       8456 bytes,    1895752 total
- age   6:      10856 bytes,    1906608 total
- age   7:       8640 bytes,    1915248 total
- age   8:       9168 bytes,    1924416 total
: 90243K->2461K(109248K), 0.0044461 secs] 113441K->25665K(502464K), 0.0045823 secs] [Times: user=0.00 sys=0.00, real=0.01 secs] 
Heap after GC invocations=179 (full 2):
 par new generation   total 109248K, used 2461K [0x00000000e0000000, 0x00000000e8000000, 0x00000000e8000000)
  eden space 87424K,   0% used [0x00000000e0000000, 0x00000000e0000000, 0x00000000e5560000)
  from space 21824K,  11% used [0x00000000e6ab0000, 0x00000000e6d174a8, 0x00000000e8000000)
  to   space 21824K,   0% used [0x00000000e5560000, 0x00000000e5560000, 0x00000000e6ab0000)
 concurrent mark-sweep generation total 393216K, used 23204K [0x00000000e8000000, 0x0000000100000000, 0x0000000100000000)
 Metaspace       used 39969K, capacity 40982K, committed 41292K, reserved 1085440K
  class space    used 4575K, capacity 4813K, committed 4940K, reserved 1048576K
}
2017-10-31T10:21:24.378-0700: 4748.286: Total time for which application threads were stopped: 0.0048931 seconds, Stopping threads took: 0.0000298 seconds
2017-10-31T10:21:25.339-0700: 4749.248: Total time for which application threads were stopped: 0.0002167 seconds, Stopping threads took: 0.0000481 seconds
{Heap before GC invocations=179 (full 2):
 par new generation   total 109248K, used 89432K [0x00000000e0000000, 0x00000000e8000000, 0x00000000e8000000)
  eden space 87424K,  99% used [0x00000000e0000000, 0x00000000e54eed78, 0x00000000e5560000)
  from space 21824K,  11% used [0x00000000e6ab0000, 0x00000000e6d174a8, 0x00000000e8000000)
  to   space 21824K,   0% used [0x00000000e5560000, 0x00000000e5560000, 0x00000000e6ab0000)
 concurrent mark-sweep generation total 393216K, used 23204K [0x00000000e8000000, 0x0000000100000000, 0x0000000100000000)
 Metaspace       used 39969K, capacity 40982K, committed 41292K, reserved 1085440K
  class space    used 4575K, capacity 4813K, committed 4940K, reserved 1048576K
2017-10-31T10:21:27.880-0700: 4751.788: [GC (Allocation Failure) 2017-10-31T10:21:27.880-0700: 4751.789: [ParNew
Desired survivor size 20112992 bytes, new threshold 8 (max 8)
- age   1:    2201912 bytes,    2201912 total
- age   2:       9720 bytes,    2211632 total
- age   3:       8640 bytes,    2220272 total
- age   4:       9640 bytes,    2229912 total
- age   5:       6696 bytes,    2236608 total
- age   6:       8096 bytes,    2244704 total
- age   7:      10856 bytes,    2255560 total
- age   8:       8640 bytes,    2264200 total
: 89432K->2596K(109248K), 0.0050631 secs] 112636K->25809K(502464K), 0.0052074 secs] [Times: user=0.02 sys=0.00, real=0.00 secs] 
Heap after GC invocations=180 (full 2):
 par new generation   total 109248K, used 2596K [0x00000000e0000000, 0x00000000e8000000, 0x00000000e8000000)
  eden space 87424K,   0% used [0x00000000e0000000, 0x00000000e0000000, 0x00000000e5560000)
  from space 21824K,  11% used [0x00000000e5560000, 0x00000000e57e9228, 0x00000000e6ab0000)
  to   space 21824K,   0% used [0x00000000e6ab0000, 0x00000000e6ab0000, 0x00000000e8000000)
 concurrent mark-sweep generation total 393216K, used 23213K [0x00000000e8000000, 0x0000000100000000, 0x0000000100000000)
 Metaspace       used 39969K, capacity 40982K, committed 41292K, reserved 1085440K
  class space    used 4575K, capacity 4813K, committed 4940K, reserved 1048576K
}
2017-10-31T10:21:27.885-0700: 4751.794: Total time for which application threads were stopped: 0.0054803 seconds, Stopping threads took: 0.0000406 seconds
2017-10-31T10:21:28.446-0700: 4752.354: Total time for which application threads were stopped: 0.0002770 seconds, Stopping threads took: 0.0000623 seconds
2017-10-31T10:21:30.446-0700: 4754.355: Total time for which application threads were stopped: 0.0001429 seconds, Stopping threads took: 0.0000312 seconds
2017-10-31T10:21:31.255-0700: 4755.163: Total time for which application threads were stopped: 0.0011764 seconds, Stopping threads took: 0.0008005 seconds
{Heap before GC invocations=180 (full 2):
 par new generation   total 109248K, used 89919K [0x00000000e0000000, 0x00000000e8000000, 0x00000000e8000000)
  eden space 87424K,  99% used [0x00000000e0000000, 0x00000000e55469e8, 0x00000000e5560000)
  from space 21824K,  11% used [0x00000000e5560000, 0x00000000e57e9228, 0x00000000e6ab0000)
  to   space 21824K,   0% used [0x00000000e6ab0000, 0x00000000e6ab0000, 0x00000000e8000000)
 concurrent mark-sweep generation total 393216K, used 23213K [0x00000000e8000000, 0x0000000100000000, 0x0000000100000000)
 Metaspace       used 39969K, capacity 40982K, committed 41292K, reserved 1085440K
  class space    used 4575K, capacity 4813K, committed 4940K, reserved 1048576K
2017-10-31T10:21:31.282-0700: 4755.191: [GC (Allocation Failure) 2017-10-31T10:21:31.282-0700: 4755.191: [ParNew
Desired survivor size 20112992 bytes, new threshold 8 (max 8)
- age   1:    2708112 bytes,    2708112 total
- age   2:       9240 bytes,    2717352 total
- age   3:       8808 bytes,    2726160 total
- age   4:       8640 bytes,    2734800 total
- age   5:       9064 bytes,    2743864 total
- age   6:       6480 bytes,    2750344 total
- age   7:       8096 bytes,    2758440 total
- age   8:      10856 bytes,    2769296 total
: 89919K->3851K(109248K), 0.0067820 secs] 113132K->27072K(502464K), 0.0069025 secs] [Times: user=0.00 sys=0.00, real=0.01 secs] 
Heap after GC invocations=181 (full 2):
 par new generation   total 109248K, used 3851K [0x00000000e0000000, 0x00000000e8000000, 0x00000000e8000000)
  eden space 87424K,   0% used [0x00000000e0000000, 0x00000000e0000000, 0x00000000e5560000)
  from space 21824K,  17% used [0x00000000e6ab0000, 0x00000000e6e72e00, 0x00000000e8000000)
  to   space 21824K,   0% used [0x00000000e5560000, 0x00000000e5560000, 0x00000000e6ab0000)
 concurrent mark-sweep generation total 393216K, used 23221K [0x00000000e8000000, 0x0000000100000000, 0x0000000100000000)
 Metaspace       used 39969K, capacity 40982K, committed 41292K, reserved 1085440K
  class space    used 4575K, capacity 4813K, committed 4940K, reserved 1048576K
}
2017-10-31T10:21:31.289-0700: 4755.198: Total time for which application threads were stopped: 0.0078276 seconds, Stopping threads took: 0.0000305 seconds
2017-10-31T10:21:34.010-0700: 4757.919: Total time for which application threads were stopped: 0.0002181 seconds, Stopping threads took: 0.0000461 seconds
{Heap before GC invocations=181 (full 2):
 par new generation   total 109248K, used 91249K [0x00000000e0000000, 0x00000000e8000000, 0x00000000e8000000)
  eden space 87424K,  99% used [0x00000000e0000000, 0x00000000e5559768, 0x00000000e5560000)
  from space 21824K,  17% used [0x00000000e6ab0000, 0x00000000e6e72e00, 0x00000000e8000000)
  to   space 21824K,   0% used [0x00000000e5560000, 0x00000000e5560000, 0x00000000e6ab0000)
 concurrent mark-sweep generation total 393216K, used 23221K [0x00000000e8000000, 0x0000000100000000, 0x0000000100000000)
 Metaspace       used 39972K, capacity 40982K, committed 41292K, reserved 1085440K
  class space    used 4575K, capacity 4813K, committed 4940K, reserved 1048576K
2017-10-31T10:21:34.056-0700: 4757.964: [GC (Allocation Failure) 2017-10-31T10:21:34.056-0700: 4757.964: [ParNew
Desired survivor size 20112992 bytes, new threshold 8 (max 8)
- age   1:    2974936 bytes,    2974936 total
- age   2:     421136 bytes,    3396072 total
- age   3:       8328 bytes,    3404400 total
- age   4:       8808 bytes,    3413208 total
- age   5:       8208 bytes,    3421416 total
- age   6:       8848 bytes,    3430264 total
- age   7:       6480 bytes,    3436744 total
- age   8:       8096 bytes,    3444840 total
: 91249K->4300K(109248K), 0.0044922 secs] 114470K->27532K(502464K), 0.0046541 secs] [Times: user=0.06 sys=0.00, real=0.00 secs] 
Heap after GC invocations=182 (full 2):
 par new generation   total 109248K, used 4300K [0x00000000e0000000, 0x00000000e8000000, 0x00000000e8000000)
  eden space 87424K,   0% used [0x00000000e0000000, 0x00000000e0000000, 0x00000000e5560000)
  from space 21824K,  19% used [0x00000000e5560000, 0x00000000e5993130, 0x00000000e6ab0000)
  to   space 21824K,   0% used [0x00000000e6ab0000, 0x00000000e6ab0000, 0x00000000e8000000)
 concurrent mark-sweep generation total 393216K, used 23232K [0x00000000e8000000, 0x0000000100000000, 0x0000000100000000)
 Metaspace       used 39972K, capacity 40982K, committed 41292K, reserved 1085440K
  class space    used 4575K, capacity 4813K, committed 4940K, reserved 1048576K
}
2017-10-31T10:21:34.060-0700: 4757.969: Total time for which application threads were stopped: 0.0050387 seconds, Stopping threads took: 0.0000400 seconds
2017-10-31T10:21:35.061-0700: 4758.969: Total time for which application threads were stopped: 0.0001741 seconds, Stopping threads took: 0.0000325 seconds
2017-10-31T10:21:36.593-0700: 4760.501: Total time for which application threads were stopped: 0.0001842 seconds, Stopping threads took: 0.0000284 seconds
{Heap before GC invocations=182 (full 2):
 par new generation   total 109248K, used 91724K [0x00000000e0000000, 0x00000000e8000000, 0x00000000e8000000)
  eden space 87424K, 100% used [0x00000000e0000000, 0x00000000e5560000, 0x00000000e5560000)
  from space 21824K,  19% used [0x00000000e5560000, 0x00000000e5993130, 0x00000000e6ab0000)
  to   space 21824K,   0% used [0x00000000e6ab0000, 0x00000000e6ab0000, 0x00000000e8000000)
 concurrent mark-sweep generation total 393216K, used 23232K [0x00000000e8000000, 0x0000000100000000, 0x0000000100000000)
 Metaspace       used 39977K, capacity 40982K, committed 41292K, reserved 1085440K
  class space    used 4575K, capacity 4813K, committed 4940K, reserved 1048576K
2017-10-31T10:21:36.664-0700: 4760.573: [GC (Allocation Failure) 2017-10-31T10:21:36.664-0700: 4760.573: [ParNew
Desired survivor size 20112992 bytes, new threshold 8 (max 8)
- age   1:    2955256 bytes,    2955256 total
- age   2:     964928 bytes,    3920184 total
- age   3:       8400 bytes,    3928584 total
- age   4:       8328 bytes,    3936912 total
- age   5:       8664 bytes,    3945576 total
- age   6:       7848 bytes,    3953424 total
- age   7:       8848 bytes,    3962272 total
- age   8:       6480 bytes,    3968752 total
: 91724K->4307K(109248K), 0.0056415 secs] 114956K->27547K(502464K), 0.0057458 secs] [Times: user=0.05 sys=0.00, real=0.01 secs] 
Heap after GC invocations=183 (full 2):
 par new generation   total 109248K, used 4307K [0x00000000e0000000, 0x00000000e8000000, 0x00000000e8000000)
  eden space 87424K,   0% used [0x00000000e0000000, 0x00000000e0000000, 0x00000000e5560000)
  from space 21824K,  19% used [0x00000000e6ab0000, 0x00000000e6ee4db0, 0x00000000e8000000)
  to   space 21824K,   0% used [0x00000000e5560000, 0x00000000e5560000, 0x00000000e6ab0000)
 concurrent mark-sweep generation total 393216K, used 23239K [0x00000000e8000000, 0x0000000100000000, 0x0000000100000000)
 Metaspace       used 39977K, capacity 40982K, committed 41292K, reserved 1085440K
  class space    used 4575K, capacity 4813K, committed 4940K, reserved 1048576K
}
2017-10-31T10:21:36.670-0700: 4760.579: Total time for which application threads were stopped: 0.0061101 seconds, Stopping threads took: 0.0000325 seconds
2017-10-31T10:21:37.670-0700: 4761.579: Total time for which application threads were stopped: 0.0002878 seconds, Stopping threads took: 0.0000623 seconds
2017-10-31T10:21:39.262-0700: 4763.171: Total time for which application threads were stopped: 0.0002262 seconds, Stopping threads took: 0.0000318 seconds
{Heap before GC invocations=183 (full 2):
 par new generation   total 109248K, used 91506K [0x00000000e0000000, 0x00000000e8000000, 0x00000000e8000000)
  eden space 87424K,  99% used [0x00000000e0000000, 0x00000000e5527d10, 0x00000000e5560000)
  from space 21824K,  19% used [0x00000000e6ab0000, 0x00000000e6ee4db0, 0x00000000e8000000)
  to   space 21824K,   0% used [0x00000000e5560000, 0x00000000e5560000, 0x00000000e6ab0000)
 concurrent mark-sweep generation total 393216K, used 23239K [0x00000000e8000000, 0x0000000100000000, 0x0000000100000000)
 Metaspace       used 39990K, capacity 40982K, committed 41292K, reserved 1085440K
  class space    used 4575K, capacity 4813K, committed 4940K, reserved 1048576K
2017-10-31T10:21:40.273-0700: 4764.182: [GC (Allocation Failure) 2017-10-31T10:21:40.273-0700: 4764.182: [ParNew
Desired survivor size 20112992 bytes, new threshold 8 (max 8)
- age   1:    2488760 bytes,    2488760 total
- age   2:       7960 bytes,    2496720 total
- age   3:       7208 bytes,    2503928 total
- age   4:       8400 bytes,    2512328 total
- age   5:       8112 bytes,    2520440 total
- age   6:       8088 bytes,    2528528 total
- age   7:       7848 bytes,    2536376 total
- age   8:       8848 bytes,    2545224 total
: 91506K->3835K(109248K), 0.0039287 secs] 114746K->27081K(502464K), 0.0040066 secs] [Times: user=0.06 sys=0.00, real=0.00 secs] 
Heap after GC invocations=184 (full 2):
 par new generation   total 109248K, used 3835K [0x00000000e0000000, 0x00000000e8000000, 0x00000000e8000000)
  eden space 87424K,   0% used [0x00000000e0000000, 0x00000000e0000000, 0x00000000e5560000)
  from space 21824K,  17% used [0x00000000e5560000, 0x00000000e591ee08, 0x00000000e6ab0000)
  to   space 21824K,   0% used [0x00000000e6ab0000, 0x00000000e6ab0000, 0x00000000e8000000)
 concurrent mark-sweep generation total 393216K, used 23246K [0x00000000e8000000, 0x0000000100000000, 0x0000000100000000)
 Metaspace       used 39990K, capacity 40982K, committed 41292K, reserved 1085440K
  class space    used 4575K, capacity 4813K, committed 4940K, reserved 1048576K
}
2017-10-31T10:21:40.277-0700: 4764.186: Total time for which application threads were stopped: 0.0042477 seconds, Stopping threads took: 0.0000223 seconds
2017-10-31T10:21:41.858-0700: 4765.767: Total time for which application threads were stopped: 0.0002079 seconds, Stopping threads took: 0.0000291 seconds
{Heap before GC invocations=184 (full 2):
 par new generation   total 109248K, used 91259K [0x00000000e0000000, 0x00000000e8000000, 0x00000000e8000000)
  eden space 87424K, 100% used [0x00000000e0000000, 0x00000000e5560000, 0x00000000e5560000)
  from space 21824K,  17% used [0x00000000e5560000, 0x00000000e591ee08, 0x00000000e6ab0000)
  to   space 21824K,   0% used [0x00000000e6ab0000, 0x00000000e6ab0000, 0x00000000e8000000)
 concurrent mark-sweep generation total 393216K, used 23246K [0x00000000e8000000, 0x0000000100000000, 0x0000000100000000)
 Metaspace       used 39991K, capacity 40982K, committed 41292K, reserved 1085440K
  class space    used 4575K, capacity 4813K, committed 4940K, reserved 1048576K
2017-10-31T10:21:43.299-0700: 4767.207: [GC (Allocation Failure) 2017-10-31T10:21:43.299-0700: 4767.207: [ParNew
Desired survivor size 20112992 bytes, new threshold 8 (max 8)
- age   1:    2583680 bytes,    2583680 total
- age   2:      10696 bytes,    2594376 total
- age   3:       6920 bytes,    2601296 total
- age   4:       7208 bytes,    2608504 total
- age   5:       8328 bytes,    2616832 total
- age   6:       7536 bytes,    2624368 total
- age   7:       8088 bytes,    2632456 total
- age   8:       7848 bytes,    2640304 total
: 91259K->2969K(109248K), 0.0068592 secs] 114505K->26223K(502464K), 0.0069526 secs] [Times: user=0.00 sys=0.00, real=0.01 secs] 
Heap after GC invocations=185 (full 2):
 par new generation   total 109248K, used 2969K [0x00000000e0000000, 0x00000000e8000000, 0x00000000e8000000)
  eden space 87424K,   0% used [0x00000000e0000000, 0x00000000e0000000, 0x00000000e5560000)
  from space 21824K,  13% used [0x00000000e6ab0000, 0x00000000e6d96400, 0x00000000e8000000)
  to   space 21824K,   0% used [0x00000000e5560000, 0x00000000e5560000, 0x00000000e6ab0000)
 concurrent mark-sweep generation total 393216K, used 23254K [0x00000000e8000000, 0x0000000100000000, 0x0000000100000000)
 Metaspace       used 39991K, capacity 40982K, committed 41292K, reserved 1085440K
  class space    used 4575K, capacity 4813K, committed 4940K, reserved 1048576K
}
2017-10-31T10:21:43.306-0700: 4767.214: Total time for which application threads were stopped: 0.0073434 seconds, Stopping threads took: 0.0000278 seconds
2017-10-31T10:21:44.598-0700: 4768.507: Total time for which application threads were stopped: 0.0001930 seconds, Stopping threads took: 0.0000312 seconds
{Heap before GC invocations=185 (full 2):
 par new generation   total 109248K, used 90393K [0x00000000e0000000, 0x00000000e8000000, 0x00000000e8000000)
  eden space 87424K, 100% used [0x00000000e0000000, 0x00000000e5560000, 0x00000000e5560000)
  from space 21824K,  13% used [0x00000000e6ab0000, 0x00000000e6d96400, 0x00000000e8000000)
  to   space 21824K,   0% used [0x00000000e5560000, 0x00000000e5560000, 0x00000000e6ab0000)
 concurrent mark-sweep generation total 393216K, used 23254K [0x00000000e8000000, 0x0000000100000000, 0x0000000100000000)
 Metaspace       used 39991K, capacity 40982K, committed 41292K, reserved 1085440K
  class space    used 4575K, capacity 4813K, committed 4940K, reserved 1048576K
2017-10-31T10:21:46.541-0700: 4770.449: [GC (Allocation Failure) 2017-10-31T10:21:46.541-0700: 4770.449: [ParNew
Desired survivor size 20112992 bytes, new threshold 8 (max 8)
- age   1:    2163456 bytes,    2163456 total
- age   2:       9048 bytes,    2172504 total
- age   3:       9784 bytes,    2182288 total
- age   4:       6920 bytes,    2189208 total
- age   5:       7136 bytes,    2196344 total
- age   6:       7680 bytes,    2204024 total
- age   7:       7536 bytes,    2211560 total
- age   8:       8088 bytes,    2219648 total
: 90393K->3113K(109248K), 0.0066567 secs] 113647K->26375K(502464K), 0.0067305 secs] [Times: user=0.05 sys=0.00, real=0.01 secs] 
Heap after GC invocations=186 (full 2):
 par new generation   total 109248K, used 3113K [0x00000000e0000000, 0x00000000e8000000, 0x00000000e8000000)
  eden space 87424K,   0% used [0x00000000e0000000, 0x00000000e0000000, 0x00000000e5560000)
  from space 21824K,  14% used [0x00000000e5560000, 0x00000000e586a580, 0x00000000e6ab0000)
  to   space 21824K,   0% used [0x00000000e6ab0000, 0x00000000e6ab0000, 0x00000000e8000000)
 concurrent mark-sweep generation total 393216K, used 23262K [0x00000000e8000000, 0x0000000100000000, 0x0000000100000000)
 Metaspace       used 39991K, capacity 40982K, committed 41292K, reserved 1085440K
  class space    used 4575K, capacity 4813K, committed 4940K, reserved 1048576K
}
2017-10-31T10:21:46.548-0700: 4770.456: Total time for which application threads were stopped: 0.0071382 seconds, Stopping threads took: 0.0000237 seconds
2017-10-31T10:21:47.325-0700: 4771.234: Total time for which application threads were stopped: 0.0002072 seconds, Stopping threads took: 0.0000474 seconds
{Heap before GC invocations=186 (full 2):
 par new generation   total 109248K, used 90333K [0x00000000e0000000, 0x00000000e8000000, 0x00000000e8000000)
  eden space 87424K,  99% used [0x00000000e0000000, 0x00000000e552d110, 0x00000000e5560000)
  from space 21824K,  14% used [0x00000000e5560000, 0x00000000e586a580, 0x00000000e6ab0000)
  to   space 21824K,   0% used [0x00000000e6ab0000, 0x00000000e6ab0000, 0x00000000e8000000)
 concurrent mark-sweep generation total 393216K, used 23262K [0x00000000e8000000, 0x0000000100000000, 0x0000000100000000)
 Metaspace       used 39991K, capacity 40982K, committed 41292K, reserved 1085440K
  class space    used 4575K, capacity 4813K, committed 4940K, reserved 1048576K
2017-10-31T10:21:49.525-0700: 4773.434: [GC (Allocation Failure) 2017-10-31T10:21:49.525-0700: 4773.434: [ParNew
Desired survivor size 20112992 bytes, new threshold 8 (max 8)
- age   1:    2509920 bytes,    2509920 total
- age   2:      11376 bytes,    2521296 total
- age   3:       8136 bytes,    2529432 total
- age   4:       9784 bytes,    2539216 total
- age   5:       6848 bytes,    2546064 total
- age   6:       6488 bytes,    2552552 total
- age   7:       7680 bytes,    2560232 total
- age   8:       7536 bytes,    2567768 total
: 90333K->3238K(109248K), 0.0044197 secs] 113596K->26508K(502464K), 0.0044875 secs] [Times: user=0.01 sys=0.00, real=0.00 secs] 
Heap after GC invocations=187 (full 2):
 par new generation   total 109248K, used 3238K [0x00000000e0000000, 0x00000000e8000000, 0x00000000e8000000)
  eden space 87424K,   0% used [0x00000000e0000000, 0x00000000e0000000, 0x00000000e5560000)
  from space 21824K,  14% used [0x00000000e6ab0000, 0x00000000e6dd99e0, 0x00000000e8000000)
  to   space 21824K,   0% used [0x00000000e5560000, 0x00000000e5560000, 0x00000000e6ab0000)
 concurrent mark-sweep generation total 393216K, used 23270K [0x00000000e8000000, 0x0000000100000000, 0x0000000100000000)
 Metaspace       used 39991K, capacity 40982K, committed 41292K, reserved 1085440K
  class space    used 4575K, capacity 4813K, committed 4940K, reserved 1048576K
}
2017-10-31T10:21:49.530-0700: 4773.439: Total time for which application threads were stopped: 0.0047360 seconds, Stopping threads took: 0.0000284 seconds
2017-10-31T10:21:50.077-0700: 4773.986: Total time for which application threads were stopped: 0.0002052 seconds, Stopping threads took: 0.0000413 seconds
2017-10-31T10:21:52.756-0700: 4776.665: Total time for which application threads were stopped: 0.0003948 seconds, Stopping threads took: 0.0000325 seconds
{Heap before GC invocations=187 (full 2):
 par new generation   total 109248K, used 90662K [0x00000000e0000000, 0x00000000e8000000, 0x00000000e8000000)
  eden space 87424K, 100% used [0x00000000e0000000, 0x00000000e5560000, 0x00000000e5560000)
  from space 21824K,  14% used [0x00000000e6ab0000, 0x00000000e6dd99e0, 0x00000000e8000000)
  to   space 21824K,   0% used [0x00000000e5560000, 0x00000000e5560000, 0x00000000e6ab0000)
 concurrent mark-sweep generation total 393216K, used 23270K [0x00000000e8000000, 0x0000000100000000, 0x0000000100000000)
 Metaspace       used 39991K, capacity 40982K, committed 41292K, reserved 1085440K
  class space    used 4575K, capacity 4813K, committed 4940K, reserved 1048576K
2017-10-31T10:21:52.763-0700: 4776.672: [GC (Allocation Failure) 2017-10-31T10:21:52.763-0700: 4776.672: [ParNew
Desired survivor size 20112992 bytes, new threshold 8 (max 8)
- age   1:    3324680 bytes,    3324680 total
- age   2:      75656 bytes,    3400336 total
- age   3:      10160 bytes,    3410496 total
- age   4:       8136 bytes,    3418632 total
- age   5:       9640 bytes,    3428272 total
- age   6:       6272 bytes,    3434544 total
- age   7:       6488 bytes,    3441032 total
- age   8:       7680 bytes,    3448712 total
: 90662K->3753K(109248K), 0.0043249 secs] 113932K->27031K(502464K), 0.0044191 secs] [Times: user=0.00 sys=0.00, real=0.00 secs] 
Heap after GC invocations=188 (full 2):
 par new generation   total 109248K, used 3753K [0x00000000e0000000, 0x00000000e8000000, 0x00000000e8000000)
  eden space 87424K,   0% used [0x00000000e0000000, 0x00000000e0000000, 0x00000000e5560000)
  from space 21824K,  17% used [0x00000000e5560000, 0x00000000e590a770, 0x00000000e6ab0000)
  to   space 21824K,   0% used [0x00000000e6ab0000, 0x00000000e6ab0000, 0x00000000e8000000)
 concurrent mark-sweep generation total 393216K, used 23277K [0x00000000e8000000, 0x0000000100000000, 0x0000000100000000)
 Metaspace       used 39991K, capacity 40982K, committed 41292K, reserved 1085440K
  class space    used 4575K, capacity 4813K, committed 4940K, reserved 1048576K
}
2017-10-31T10:21:52.768-0700: 4776.677: Total time for which application threads were stopped: 0.0047577 seconds, Stopping threads took: 0.0000325 seconds
2017-10-31T10:21:55.528-0700: 4779.437: Total time for which application threads were stopped: 0.0002458 seconds, Stopping threads took: 0.0000508 seconds
{Heap before GC invocations=188 (full 2):
 par new generation   total 109248K, used 91177K [0x00000000e0000000, 0x00000000e8000000, 0x00000000e8000000)
  eden space 87424K, 100% used [0x00000000e0000000, 0x00000000e5560000, 0x00000000e5560000)
  from space 21824K,  17% used [0x00000000e5560000, 0x00000000e590a770, 0x00000000e6ab0000)
  to   space 21824K,   0% used [0x00000000e6ab0000, 0x00000000e6ab0000, 0x00000000e8000000)
 concurrent mark-sweep generation total 393216K, used 23277K [0x00000000e8000000, 0x0000000100000000, 0x0000000100000000)
 Metaspace       used 39991K, capacity 40982K, committed 41292K, reserved 1085440K
  class space    used 4575K, capacity 4813K, committed 4940K, reserved 1048576K
2017-10-31T10:21:55.596-0700: 4779.505: [GC (Allocation Failure) 2017-10-31T10:21:55.596-0700: 4779.505: [ParNew
Desired survivor size 20112992 bytes, new threshold 8 (max 8)
- age   1:    2999688 bytes,    2999688 total
- age   2:     958448 bytes,    3958136 total
- age   3:       7584 bytes,    3965720 total
- age   4:      10160 bytes,    3975880 total
- age   5:       8064 bytes,    3983944 total
- age   6:       8992 bytes,    3992936 total
- age   7:       6272 bytes,    3999208 total
- age   8:       6488 bytes,    4005696 total
: 91177K->5143K(109248K), 0.0049886 secs] 114455K->28429K(502464K), 0.0050855 secs] [Times: user=0.00 sys=0.00, real=0.01 secs] 
Heap after GC invocations=189 (full 2):
 par new generation   total 109248K, used 5143K [0x00000000e0000000, 0x00000000e8000000, 0x00000000e8000000)
  eden space 87424K,   0% used [0x00000000e0000000, 0x00000000e0000000, 0x00000000e5560000)
  from space 21824K,  23% used [0x00000000e6ab0000, 0x00000000e6fb5f40, 0x00000000e8000000)
  to   space 21824K,   0% used [0x00000000e5560000, 0x00000000e5560000, 0x00000000e6ab0000)
 concurrent mark-sweep generation total 393216K, used 23285K [0x00000000e8000000, 0x0000000100000000, 0x0000000100000000)
 Metaspace       used 39991K, capacity 40982K, committed 41292K, reserved 1085440K
  class space    used 4575K, capacity 4813K, committed 4940K, reserved 1048576K
}
2017-10-31T10:21:55.602-0700: 4779.510: Total time for which application threads were stopped: 0.0054342 seconds, Stopping threads took: 0.0000325 seconds
2017-10-31T10:21:56.603-0700: 4780.511: Total time for which application threads were stopped: 0.0001862 seconds, Stopping threads took: 0.0000352 seconds
2017-10-31T10:21:58.219-0700: 4782.127: Total time for which application threads were stopped: 0.0002303 seconds, Stopping threads took: 0.0000488 seconds
{Heap before GC invocations=189 (full 2):
 par new generation   total 109248K, used 92370K [0x00000000e0000000, 0x00000000e8000000, 0x00000000e8000000)
  eden space 87424K,  99% used [0x00000000e0000000, 0x00000000e552ec90, 0x00000000e5560000)
  from space 21824K,  23% used [0x00000000e6ab0000, 0x00000000e6fb5f40, 0x00000000e8000000)
  to   space 21824K,   0% used [0x00000000e5560000, 0x00000000e5560000, 0x00000000e6ab0000)
 concurrent mark-sweep generation total 393216K, used 23285K [0x00000000e8000000, 0x0000000100000000, 0x0000000100000000)
 Metaspace       used 39991K, capacity 40982K, committed 41292K, reserved 1085440K
  class space    used 4575K, capacity 4813K, committed 4940K, reserved 1048576K
2017-10-31T10:21:58.493-0700: 4782.402: [GC (Allocation Failure) 2017-10-31T10:21:58.493-0700: 4782.402: [ParNew
Desired survivor size 20112992 bytes, new threshold 8 (max 8)
- age   1:    2511528 bytes,    2511528 total
- age   2:      79560 bytes,    2591088 total
- age   3:       7672 bytes,    2598760 total
- age   4:       7584 bytes,    2606344 total
- age   5:      10088 bytes,    2616432 total
- age   6:       7416 bytes,    2623848 total
- age   7:       8992 bytes,    2632840 total
- age   8:       6272 bytes,    2639112 total
: 92370K->3341K(109248K), 0.0039815 secs] 115656K->26633K(502464K), 0.0040588 secs] [Times: user=0.06 sys=0.00, real=0.00 secs] 
Heap after GC invocations=190 (full 2):
 par new generation   total 109248K, used 3341K [0x00000000e0000000, 0x00000000e8000000, 0x00000000e8000000)
  eden space 87424K,   0% used [0x00000000e0000000, 0x00000000e0000000, 0x00000000e5560000)
  from space 21824K,  15% used [0x00000000e5560000, 0x00000000e58a3638, 0x00000000e6ab0000)
  to   space 21824K,   0% used [0x00000000e6ab0000, 0x00000000e6ab0000, 0x00000000e8000000)
 concurrent mark-sweep generation total 393216K, used 23291K [0x00000000e8000000, 0x0000000100000000, 0x0000000100000000)
 Metaspace       used 39991K, capacity 40982K, committed 41292K, reserved 1085440K
  class space    used 4575K, capacity 4813K, committed 4940K, reserved 1048576K
}
2017-10-31T10:21:58.497-0700: 4782.406: Total time for which application threads were stopped: 0.0043209 seconds, Stopping threads took: 0.0000230 seconds
2017-10-31T10:22:01.032-0700: 4784.941: Total time for which application threads were stopped: 0.0002282 seconds, Stopping threads took: 0.0000291 seconds
{Heap before GC invocations=190 (full 2):
 par new generation   total 109248K, used 90532K [0x00000000e0000000, 0x00000000e8000000, 0x00000000e8000000)
  eden space 87424K,  99% used [0x00000000e0000000, 0x00000000e5525b88, 0x00000000e5560000)
  from space 21824K,  15% used [0x00000000e5560000, 0x00000000e58a3638, 0x00000000e6ab0000)
  to   space 21824K,   0% used [0x00000000e6ab0000, 0x00000000e6ab0000, 0x00000000e8000000)
 concurrent mark-sweep generation total 393216K, used 23291K [0x00000000e8000000, 0x0000000100000000, 0x0000000100000000)
 Metaspace       used 39992K, capacity 40982K, committed 41292K, reserved 1085440K
  class space    used 4575K, capacity 4813K, committed 4940K, reserved 1048576K
2017-10-31T10:22:02.057-0700: 4785.965: [GC (Allocation Failure) 2017-10-31T10:22:02.057-0700: 4785.966: [ParNew
Desired survivor size 20112992 bytes, new threshold 8 (max 8)
- age   1:    2569112 bytes,    2569112 total
- age   2:      75656 bytes,    2644768 total
- age   3:       7376 bytes,    2652144 total
- age   4:       7672 bytes,    2659816 total
- age   5:       7440 bytes,    2667256 total
- age   6:       9368 bytes,    2676624 total
- age   7:       7416 bytes,    2684040 total
- age   8:       8992 bytes,    2693032 total
: 90532K->2779K(109248K), 0.0042084 secs] 113824K->26077K(502464K), 0.0042992 secs] [Times: user=0.00 sys=0.00, real=0.00 secs] 
Heap after GC invocations=191 (full 2):
 par new generation   total 109248K, used 2779K [0x00000000e0000000, 0x00000000e8000000, 0x00000000e8000000)
  eden space 87424K,   0% used [0x00000000e0000000, 0x00000000e0000000, 0x00000000e5560000)
  from space 21824K,  12% used [0x00000000e6ab0000, 0x00000000e6d66f50, 0x00000000e8000000)
  to   space 21824K,   0% used [0x00000000e5560000, 0x00000000e5560000, 0x00000000e6ab0000)
 concurrent mark-sweep generation total 393216K, used 23297K [0x00000000e8000000, 0x0000000100000000, 0x0000000100000000)
 Metaspace       used 39992K, capacity 40982K, committed 41292K, reserved 1085440K
  class space    used 4575K, capacity 4813K, committed 4940K, reserved 1048576K
}
2017-10-31T10:22:02.061-0700: 4785.970: Total time for which application threads were stopped: 0.0045626 seconds, Stopping threads took: 0.0000379 seconds
2017-10-31T10:22:03.908-0700: 4787.817: Total time for which application threads were stopped: 0.0001876 seconds, Stopping threads took: 0.0000305 seconds
{Heap before GC invocations=191 (full 2):
 par new generation   total 109248K, used 89808K [0x00000000e0000000, 0x00000000e8000000, 0x00000000e8000000)
  eden space 87424K,  99% used [0x00000000e0000000, 0x00000000e54fd220, 0x00000000e5560000)
  from space 21824K,  12% used [0x00000000e6ab0000, 0x00000000e6d66f50, 0x00000000e8000000)
  to   space 21824K,   0% used [0x00000000e5560000, 0x00000000e5560000, 0x00000000e6ab0000)
 concurrent mark-sweep generation total 393216K, used 23297K [0x00000000e8000000, 0x0000000100000000, 0x0000000100000000)
 Metaspace       used 39992K, capacity 40982K, committed 41292K, reserved 1085440K
  class space    used 4575K, capacity 4813K, committed 4940K, reserved 1048576K
2017-10-31T10:22:05.115-0700: 4789.023: [GC (Allocation Failure) 2017-10-31T10:22:05.115-0700: 4789.023: [ParNew
Desired survivor size 20112992 bytes, new threshold 8 (max 8)
- age   1:    2546104 bytes,    2546104 total
- age   2:      75608 bytes,    2621712 total
- age   3:       7584 bytes,    2629296 total
- age   4:       7376 bytes,    2636672 total
- age   5:       7528 bytes,    2644200 total
- age   6:       6792 bytes,    2650992 total
- age   7:       9368 bytes,    2660360 total
- age   8:       7416 bytes,    2667776 total
: 89808K->4111K(109248K), 0.0063790 secs] 113106K->27418K(502464K), 0.0064508 secs] [Times: user=0.01 sys=0.00, real=0.01 secs] 
Heap after GC invocations=192 (full 2):
 par new generation   total 109248K, used 4111K [0x00000000e0000000, 0x00000000e8000000, 0x00000000e8000000)
  eden space 87424K,   0% used [0x00000000e0000000, 0x00000000e0000000, 0x00000000e5560000)
  from space 21824K,  18% used [0x00000000e5560000, 0x00000000e5963f20, 0x00000000e6ab0000)
  to   space 21824K,   0% used [0x00000000e6ab0000, 0x00000000e6ab0000, 0x00000000e8000000)
 concurrent mark-sweep generation total 393216K, used 23306K [0x00000000e8000000, 0x0000000100000000, 0x0000000100000000)
 Metaspace       used 39992K, capacity 40982K, committed 41292K, reserved 1085440K
  class space    used 4575K, capacity 4813K, committed 4940K, reserved 1048576K
}
2017-10-31T10:22:05.121-0700: 4789.030: Total time for which application threads were stopped: 0.0066994 seconds, Stopping threads took: 0.0000244 seconds
2017-10-31T10:22:06.568-0700: 4790.476: Total time for which application threads were stopped: 0.0002343 seconds, Stopping threads took: 0.0000386 seconds
{Heap before GC invocations=192 (full 2):
 par new generation   total 109248K, used 91535K [0x00000000e0000000, 0x00000000e8000000, 0x00000000e8000000)
  eden space 87424K, 100% used [0x00000000e0000000, 0x00000000e5560000, 0x00000000e5560000)
  from space 21824K,  18% used [0x00000000e5560000, 0x00000000e5963f20, 0x00000000e6ab0000)
  to   space 21824K,   0% used [0x00000000e6ab0000, 0x00000000e6ab0000, 0x00000000e8000000)
 concurrent mark-sweep generation total 393216K, used 23306K [0x00000000e8000000, 0x0000000100000000, 0x0000000100000000)
 Metaspace       used 39992K, capacity 40982K, committed 41292K, reserved 1085440K
  class space    used 4575K, capacity 4813K, committed 4940K, reserved 1048576K
2017-10-31T10:22:08.207-0700: 4792.116: [GC (Allocation Failure) 2017-10-31T10:22:08.207-0700: 4792.116: [ParNew
Desired survivor size 20112992 bytes, new threshold 8 (max 8)
- age   1:    2592984 bytes,    2592984 total
- age   2:       8632 bytes,    2601616 total
- age   3:       7488 bytes,    2609104 total
- age   4:       7584 bytes,    2616688 total
- age   5:       7232 bytes,    2623920 total
- age   6:       6952 bytes,    2630872 total
- age   7:       6792 bytes,    2637664 total
- age   8:       9368 bytes,    2647032 total
: 91535K->3305K(109248K), 0.0042606 secs] 114842K->26619K(502464K), 0.0043798 secs] [Times: user=0.00 sys=0.00, real=0.00 secs] 
Heap after GC invocations=193 (full 2):
 par new generation   total 109248K, used 3305K [0x00000000e0000000, 0x00000000e8000000, 0x00000000e8000000)
  eden space 87424K,   0% used [0x00000000e0000000, 0x00000000e0000000, 0x00000000e5560000)
  from space 21824K,  15% used [0x00000000e6ab0000, 0x00000000e6dea550, 0x00000000e8000000)
  to   space 21824K,   0% used [0x00000000e5560000, 0x00000000e5560000, 0x00000000e6ab0000)
 concurrent mark-sweep generation total 393216K, used 23313K [0x00000000e8000000, 0x0000000100000000, 0x0000000100000000)
 Metaspace       used 39992K, capacity 40982K, committed 41292K, reserved 1085440K
  class space    used 4575K, capacity 4813K, committed 4940K, reserved 1048576K
}
2017-10-31T10:22:08.212-0700: 4792.120: Total time for which application threads were stopped: 0.0046852 seconds, Stopping threads took: 0.0000332 seconds
2017-10-31T10:22:09.241-0700: 4793.150: Total time for which application threads were stopped: 0.0002438 seconds, Stopping threads took: 0.0000345 seconds
{Heap before GC invocations=193 (full 2):
 par new generation   total 109248K, used 90391K [0x00000000e0000000, 0x00000000e8000000, 0x00000000e8000000)
  eden space 87424K,  99% used [0x00000000e0000000, 0x00000000e550b768, 0x00000000e5560000)
  from space 21824K,  15% used [0x00000000e6ab0000, 0x00000000e6dea550, 0x00000000e8000000)
  to   space 21824K,   0% used [0x00000000e5560000, 0x00000000e5560000, 0x00000000e6ab0000)
 concurrent mark-sweep generation total 393216K, used 23313K [0x00000000e8000000, 0x0000000100000000, 0x0000000100000000)
 Metaspace       used 39992K, capacity 40982K, committed 41292K, reserved 1085440K
  class space    used 4575K, capacity 4813K, committed 4940K, reserved 1048576K
2017-10-31T10:22:11.285-0700: 4795.193: [GC (Allocation Failure) 2017-10-31T10:22:11.285-0700: 4795.193: [ParNew
Desired survivor size 20112992 bytes, new threshold 8 (max 8)
- age   1:    2840224 bytes,    2840224 total
- age   2:       9344 bytes,    2849568 total
- age   3:       7720 bytes,    2857288 total
- age   4:       7488 bytes,    2864776 total
- age   5:       7512 bytes,    2872288 total
- age   6:       6656 bytes,    2878944 total
- age   7:       6952 bytes,    2885896 total
- age   8:       6792 bytes,    2892688 total
: 90391K->3257K(109248K), 0.0047563 secs] 113705K->26580K(502464K), 0.0048254 secs] [Times: user=0.00 sys=0.00, real=0.00 secs] 
Heap after GC invocations=194 (full 2):
 par new generation   total 109248K, used 3257K [0x00000000e0000000, 0x00000000e8000000, 0x00000000e8000000)
  eden space 87424K,   0% used [0x00000000e0000000, 0x00000000e0000000, 0x00000000e5560000)
  from space 21824K,  14% used [0x00000000e5560000, 0x00000000e588e740, 0x00000000e6ab0000)
  to   space 21824K,   0% used [0x00000000e6ab0000, 0x00000000e6ab0000, 0x00000000e8000000)
 concurrent mark-sweep generation total 393216K, used 23323K [0x00000000e8000000, 0x0000000100000000, 0x0000000100000000)
 Metaspace       used 39992K, capacity 40982K, committed 41292K, reserved 1085440K
  class space    used 4575K, capacity 4813K, committed 4940K, reserved 1048576K
}
2017-10-31T10:22:11.290-0700: 4795.198: Total time for which application threads were stopped: 0.0050733 seconds, Stopping threads took: 0.0000359 seconds
2017-10-31T10:22:12.032-0700: 4795.941: Total time for which application threads were stopped: 0.0002289 seconds, Stopping threads took: 0.0000366 seconds
{Heap before GC invocations=194 (full 2):
 par new generation   total 109248K, used 90681K [0x00000000e0000000, 0x00000000e8000000, 0x00000000e8000000)
  eden space 87424K,  99% used [0x00000000e0000000, 0x00000000e555feb0, 0x00000000e5560000)
  from space 21824K,  14% used [0x00000000e5560000, 0x00000000e588e740, 0x00000000e6ab0000)
  to   space 21824K,   0% used [0x00000000e6ab0000, 0x00000000e6ab0000, 0x00000000e8000000)
 concurrent mark-sweep generation total 393216K, used 23323K [0x00000000e8000000, 0x0000000100000000, 0x0000000100000000)
 Metaspace       used 39992K, capacity 40982K, committed 41292K, reserved 1085440K
  class space    used 4575K, capacity 4813K, committed 4940K, reserved 1048576K
2017-10-31T10:22:14.430-0700: 4798.338: [GC (Allocation Failure) 2017-10-31T10:22:14.430-0700: 4798.338: [ParNew
Desired survivor size 20112992 bytes, new threshold 8 (max 8)
- age   1:    2542952 bytes,    2542952 total
- age   2:      75800 bytes,    2618752 total
- age   3:       8128 bytes,    2626880 total
- age   4:       7720 bytes,    2634600 total
- age   5:       7416 bytes,    2642016 total
- age   6:       6864 bytes,    2648880 total
- age   7:       6656 bytes,    2655536 total
- age   8:       6952 bytes,    2662488 total
: 90681K->4091K(109248K), 0.0043655 secs] 114004K->27421K(502464K), 0.0044502 secs] [Times: user=0.06 sys=0.00, real=0.00 secs] 
Heap after GC invocations=195 (full 2):
 par new generation   total 109248K, used 4091K [0x00000000e0000000, 0x00000000e8000000, 0x00000000e8000000)
  eden space 87424K,   0% used [0x00000000e0000000, 0x00000000e0000000, 0x00000000e5560000)
  from space 21824K,  18% used [0x00000000e6ab0000, 0x00000000e6eaefd8, 0x00000000e8000000)
  to   space 21824K,   0% used [0x00000000e5560000, 0x00000000e5560000, 0x00000000e6ab0000)
 concurrent mark-sweep generation total 393216K, used 23329K [0x00000000e8000000, 0x0000000100000000, 0x0000000100000000)
 Metaspace       used 39992K, capacity 40982K, committed 41292K, reserved 1085440K
  class space    used 4575K, capacity 4813K, committed 4940K, reserved 1048576K
}
2017-10-31T10:22:14.434-0700: 4798.343: Total time for which application threads were stopped: 0.0049046 seconds, Stopping threads took: 0.0000244 seconds
2017-10-31T10:22:14.745-0700: 4798.654: Total time for which application threads were stopped: 0.0002377 seconds, Stopping threads took: 0.0000569 seconds
{Heap before GC invocations=195 (full 2):
 par new generation   total 109248K, used 91515K [0x00000000e0000000, 0x00000000e8000000, 0x00000000e8000000)
  eden space 87424K, 100% used [0x00000000e0000000, 0x00000000e5560000, 0x00000000e5560000)
  from space 21824K,  18% used [0x00000000e6ab0000, 0x00000000e6eaefd8, 0x00000000e8000000)
  to   space 21824K,   0% used [0x00000000e5560000, 0x00000000e5560000, 0x00000000e6ab0000)
 concurrent mark-sweep generation total 393216K, used 23329K [0x00000000e8000000, 0x0000000100000000, 0x0000000100000000)
 Metaspace       used 39998K, capacity 40982K, committed 41292K, reserved 1085440K
  class space    used 4575K, capacity 4813K, committed 4940K, reserved 1048576K
2017-10-31T10:22:17.558-0700: 4801.467: [GC (Allocation Failure) 2017-10-31T10:22:17.558-0700: 4801.467: [ParNew
Desired survivor size 20112992 bytes, new threshold 8 (max 8)
- age   1:    2632648 bytes,    2632648 total
- age   2:      75680 bytes,    2708328 total
- age   3:       7728 bytes,    2716056 total
- age   4:       8088 bytes,    2724144 total
- age   5:       7576 bytes,    2731720 total
- age   6:       6768 bytes,    2738488 total
- age   7:       6864 bytes,    2745352 total
- age   8:       6656 bytes,    2752008 total
: 91515K->3142K(109248K), 0.0042484 secs] 114845K->26478K(502464K), 0.0043432 secs] [Times: user=0.00 sys=0.00, real=0.00 secs] 
Heap after GC invocations=196 (full 2):
 par new generation   total 109248K, used 3142K [0x00000000e0000000, 0x00000000e8000000, 0x00000000e8000000)
  eden space 87424K,   0% used [0x00000000e0000000, 0x00000000e0000000, 0x00000000e5560000)
  from space 21824K,  14% used [0x00000000e5560000, 0x00000000e58719e0, 0x00000000e6ab0000)
  to   space 21824K,   0% used [0x00000000e6ab0000, 0x00000000e6ab0000, 0x00000000e8000000)
 concurrent mark-sweep generation total 393216K, used 23336K [0x00000000e8000000, 0x0000000100000000, 0x0000000100000000)
 Metaspace       used 39998K, capacity 40982K, committed 41292K, reserved 1085440K
  class space    used 4575K, capacity 4813K, committed 4940K, reserved 1048576K
}
2017-10-31T10:22:17.562-0700: 4801.471: Total time for which application threads were stopped: 0.0047529 seconds, Stopping threads took: 0.0000393 seconds
2017-10-31T10:22:17.562-0700: 4801.471: Total time for which application threads were stopped: 0.0002079 seconds, Stopping threads took: 0.0000461 seconds
2017-10-31T10:22:18.563-0700: 4802.471: Total time for which application threads were stopped: 0.0001619 seconds, Stopping threads took: 0.0000339 seconds
2017-10-31T10:22:20.273-0700: 4804.181: Total time for which application threads were stopped: 0.0002167 seconds, Stopping threads took: 0.0000454 seconds
{Heap before GC invocations=196 (full 2):
 par new generation   total 109248K, used 90555K [0x00000000e0000000, 0x00000000e8000000, 0x00000000e8000000)
  eden space 87424K,  99% used [0x00000000e0000000, 0x00000000e555d290, 0x00000000e5560000)
  from space 21824K,  14% used [0x00000000e5560000, 0x00000000e58719e0, 0x00000000e6ab0000)
  to   space 21824K,   0% used [0x00000000e6ab0000, 0x00000000e6ab0000, 0x00000000e8000000)
 concurrent mark-sweep generation total 393216K, used 23336K [0x00000000e8000000, 0x0000000100000000, 0x0000000100000000)
 Metaspace       used 39998K, capacity 40982K, committed 41292K, reserved 1085440K
  class space    used 4575K, capacity 4813K, committed 4940K, reserved 1048576K
2017-10-31T10:22:20.370-0700: 4804.279: [GC (Allocation Failure) 2017-10-31T10:22:20.370-0700: 4804.279: [ParNew
Desired survivor size 20112992 bytes, new threshold 8 (max 8)
- age   1:    4395192 bytes,    4395192 total
- age   2:      78376 bytes,    4473568 total
- age   3:       7608 bytes,    4481176 total
- age   4:       7728 bytes,    4488904 total
- age   5:       8016 bytes,    4496920 total
- age   6:       7000 bytes,    4503920 total
- age   7:       6768 bytes,    4510688 total
- age   8:       6864 bytes,    4517552 total
: 90555K->4524K(109248K), 0.0053909 secs] 113891K->27867K(502464K), 0.0054654 secs] [Times: user=0.00 sys=0.00, real=0.01 secs] 
Heap after GC invocations=197 (full 2):
 par new generation   total 109248K, used 4524K [0x00000000e0000000, 0x00000000e8000000, 0x00000000e8000000)
  eden space 87424K,   0% used [0x00000000e0000000, 0x00000000e0000000, 0x00000000e5560000)
  from space 21824K,  20% used [0x00000000e6ab0000, 0x00000000e6f1b080, 0x00000000e8000000)
  to   space 21824K,   0% used [0x00000000e5560000, 0x00000000e5560000, 0x00000000e6ab0000)
 concurrent mark-sweep generation total 393216K, used 23342K [0x00000000e8000000, 0x0000000100000000, 0x0000000100000000)
 Metaspace       used 39998K, capacity 40982K, committed 41292K, reserved 1085440K
  class space    used 4575K, capacity 4813K, committed 4940K, reserved 1048576K
}
2017-10-31T10:22:20.376-0700: 4804.284: Total time for which application threads were stopped: 0.0057444 seconds, Stopping threads took: 0.0000251 seconds
2017-10-31T10:22:21.376-0700: 4805.284: Total time for which application threads were stopped: 0.0001720 seconds, Stopping threads took: 0.0000318 seconds
2017-10-31T10:22:22.376-0700: 4806.285: Total time for which application threads were stopped: 0.0001585 seconds, Stopping threads took: 0.0000318 seconds
2017-10-31T10:22:23.098-0700: 4807.006: Total time for which application threads were stopped: 0.0002431 seconds, Stopping threads took: 0.0000278 seconds
{Heap before GC invocations=197 (full 2):
 par new generation   total 109248K, used 91948K [0x00000000e0000000, 0x00000000e8000000, 0x00000000e8000000)
  eden space 87424K, 100% used [0x00000000e0000000, 0x00000000e5560000, 0x00000000e5560000)
  from space 21824K,  20% used [0x00000000e6ab0000, 0x00000000e6f1b080, 0x00000000e8000000)
  to   space 21824K,   0% used [0x00000000e5560000, 0x00000000e5560000, 0x00000000e6ab0000)
 concurrent mark-sweep generation total 393216K, used 23342K [0x00000000e8000000, 0x0000000100000000, 0x0000000100000000)
 Metaspace       used 39998K, capacity 40982K, committed 41292K, reserved 1085440K
  class space    used 4575K, capacity 4813K, committed 4940K, reserved 1048576K
2017-10-31T10:22:23.194-0700: 4807.102: [GC (Allocation Failure) 2017-10-31T10:22:23.194-0700: 4807.103: [ParNew
Desired survivor size 20112992 bytes, new threshold 8 (max 8)
- age   1:    3662624 bytes,    3662624 total
- age   2:    1301160 bytes,    4963784 total
- age   3:       9168 bytes,    4972952 total
- age   4:       7608 bytes,    4980560 total
- age   5:       7728 bytes,    4988288 total
- age   6:       7368 bytes,    4995656 total
- age   7:       7000 bytes,    5002656 total
- age   8:       6768 bytes,    5009424 total
: 91948K->7208K(109248K), 0.0057397 secs] 115291K->30558K(502464K), 0.0058480 secs] [Times: user=0.03 sys=0.03, real=0.01 secs] 
Heap after GC invocations=198 (full 2):
 par new generation   total 109248K, used 7208K [0x00000000e0000000, 0x00000000e8000000, 0x00000000e8000000)
  eden space 87424K,   0% used [0x00000000e0000000, 0x00000000e0000000, 0x00000000e5560000)
  from space 21824K,  33% used [0x00000000e5560000, 0x00000000e5c6a2c0, 0x00000000e6ab0000)
  to   space 21824K,   0% used [0x00000000e6ab0000, 0x00000000e6ab0000, 0x00000000e8000000)
 concurrent mark-sweep generation total 393216K, used 23349K [0x00000000e8000000, 0x0000000100000000, 0x0000000100000000)
 Metaspace       used 39998K, capacity 40982K, committed 41292K, reserved 1085440K
  class space    used 4575K, capacity 4813K, committed 4940K, reserved 1048576K
}
2017-10-31T10:22:23.200-0700: 4807.108: Total time for which application threads were stopped: 0.0061982 seconds, Stopping threads took: 0.0000366 seconds
2017-10-31T10:22:24.200-0700: 4808.108: Total time for which application threads were stopped: 0.0001598 seconds, Stopping threads took: 0.0000318 seconds
2017-10-31T10:22:25.859-0700: 4809.768: Total time for which application threads were stopped: 0.0002878 seconds, Stopping threads took: 0.0000542 seconds
{Heap before GC invocations=198 (full 2):
 par new generation   total 109248K, used 94269K [0x00000000e0000000, 0x00000000e8000000, 0x00000000e8000000)
  eden space 87424K,  99% used [0x00000000e0000000, 0x00000000e55051b8, 0x00000000e5560000)
  from space 21824K,  33% used [0x00000000e5560000, 0x00000000e5c6a2c0, 0x00000000e6ab0000)
  to   space 21824K,   0% used [0x00000000e6ab0000, 0x00000000e6ab0000, 0x00000000e8000000)
 concurrent mark-sweep generation total 393216K, used 23349K [0x00000000e8000000, 0x0000000100000000, 0x0000000100000000)
 Metaspace       used 39998K, capacity 40982K, committed 41292K, reserved 1085440K
  class space    used 4575K, capacity 4813K, committed 4940K, reserved 1048576K
2017-10-31T10:22:25.909-0700: 4809.818: [GC (Allocation Failure) 2017-10-31T10:22:25.909-0700: 4809.818: [ParNew
Desired survivor size 20112992 bytes, new threshold 8 (max 8)
- age   1:    3248312 bytes,    3248312 total
- age   2:    1656544 bytes,    4904856 total
- age   3:       7912 bytes,    4912768 total
- age   4:       9168 bytes,    4921936 total
- age   5:       7608 bytes,    4929544 total
- age   6:       7080 bytes,    4936624 total
- age   7:       7368 bytes,    4943992 total
- age   8:       7000 bytes,    4950992 total
: 94269K->5773K(109248K), 0.0052487 secs] 117618K->29129K(502464K), 0.0053408 secs] [Times: user=0.00 sys=0.00, real=0.01 secs] 
Heap after GC invocations=199 (full 2):
 par new generation   total 109248K, used 5773K [0x00000000e0000000, 0x00000000e8000000, 0x00000000e8000000)
  eden space 87424K,   0% used [0x00000000e0000000, 0x00000000e0000000, 0x00000000e5560000)
  from space 21824K,  26% used [0x00000000e6ab0000, 0x00000000e70534c0, 0x00000000e8000000)
  to   space 21824K,   0% used [0x00000000e5560000, 0x00000000e5560000, 0x00000000e6ab0000)
 concurrent mark-sweep generation total 393216K, used 23356K [0x00000000e8000000, 0x0000000100000000, 0x0000000100000000)
 Metaspace       used 39998K, capacity 40982K, committed 41292K, reserved 1085440K
  class space    used 4575K, capacity 4813K, committed 4940K, reserved 1048576K
}
2017-10-31T10:22:25.914-0700: 4809.823: Total time for which application threads were stopped: 0.0056950 seconds, Stopping threads took: 0.0000508 seconds
2017-10-31T10:22:26.914-0700: 4810.823: Total time for which application threads were stopped: 0.0001585 seconds, Stopping threads took: 0.0000318 seconds
2017-10-31T10:22:27.915-0700: 4811.823: Total time for which application threads were stopped: 0.0001592 seconds, Stopping threads took: 0.0000528 seconds
2017-10-31T10:22:45.943-0700: 4829.851: Total time for which application threads were stopped: 0.0001903 seconds, Stopping threads took: 0.0000433 seconds
2017-10-31T10:22:45.943-0700: 4829.851: Total time for which application threads were stopped: 0.0002167 seconds, Stopping threads took: 0.0000467 seconds
2017-10-31T10:22:45.943-0700: 4829.852: Total time for which application threads were stopped: 0.0001124 seconds, Stopping threads took: 0.0000230 seconds
2017-10-31T10:22:45.943-0700: 4829.852: Total time for which application threads were stopped: 0.0001260 seconds, Stopping threads took: 0.0000433 seconds
2017-10-31T10:22:45.943-0700: 4829.852: Total time for which application threads were stopped: 0.0001348 seconds, Stopping threads took: 0.0000332 seconds
2017-10-31T10:22:45.945-0700: 4829.854: Total time for which application threads were stopped: 0.0002303 seconds, Stopping threads took: 0.0000698 seconds
2017-10-31T10:22:45.945-0700: 4829.854: Total time for which application threads were stopped: 0.0001409 seconds, Stopping threads took: 0.0000447 seconds
2017-10-31T10:22:45.945-0700: 4829.854: Total time for which application threads were stopped: 0.0002039 seconds, Stopping threads took: 0.0001178 seconds
2017-10-31T10:22:45.946-0700: 4829.854: Total time for which application threads were stopped: 0.0001036 seconds, Stopping threads took: 0.0000352 seconds
2017-10-31T10:22:45.946-0700: 4829.855: Total time for which application threads were stopped: 0.0000982 seconds, Stopping threads took: 0.0000230 seconds
2017-10-31T10:22:45.946-0700: 4829.855: Total time for which application threads were stopped: 0.0001124 seconds, Stopping threads took: 0.0000203 seconds
2017-10-31T10:22:45.946-0700: 4829.855: Total time for which application threads were stopped: 0.0000840 seconds, Stopping threads took: 0.0000183 seconds
2017-10-31T10:22:45.946-0700: 4829.855: Total time for which application threads were stopped: 0.0000819 seconds, Stopping threads took: 0.0000156 seconds
2017-10-31T10:22:49.538-0700: 4833.447: Total time for which application threads were stopped: 0.0001510 seconds, Stopping threads took: 0.0000345 seconds
2017-10-31T10:22:49.538-0700: 4833.447: Total time for which application threads were stopped: 0.0001930 seconds, Stopping threads took: 0.0000379 seconds
2017-10-31T10:22:49.540-0700: 4833.449: Total time for which application threads were stopped: 0.0001646 seconds, Stopping threads took: 0.0000393 seconds
2017-10-31T10:22:59.544-0700: 4843.453: Total time for which application threads were stopped: 0.0001666 seconds, Stopping threads took: 0.0000359 seconds
2017-10-31T10:23:00.544-0700: 4844.453: Total time for which application threads were stopped: 0.0002905 seconds, Stopping threads took: 0.0000630 seconds
2017-10-31T10:23:13.550-0700: 4857.458: Total time for which application threads were stopped: 0.0001409 seconds, Stopping threads took: 0.0000359 seconds
2017-10-31T10:29:04.466-0700: 5208.375: Total time for which application threads were stopped: 0.0002133 seconds, Stopping threads took: 0.0000420 seconds
2017-10-31T10:29:04.467-0700: 5208.376: Total time for which application threads were stopped: 0.0001294 seconds, Stopping threads took: 0.0000271 seconds
2017-10-31T10:29:07.719-0700: 5211.628: Total time for which application threads were stopped: 0.0002269 seconds, Stopping threads took: 0.0001145 seconds
2017-10-31T10:29:40.738-0700: 5244.646: Total time for which application threads were stopped: 0.0001869 seconds, Stopping threads took: 0.0000318 seconds
{Heap before GC invocations=199 (full 2):
 par new generation   total 109248K, used 93197K [0x00000000e0000000, 0x00000000e8000000, 0x00000000e8000000)
  eden space 87424K, 100% used [0x00000000e0000000, 0x00000000e5560000, 0x00000000e5560000)
  from space 21824K,  26% used [0x00000000e6ab0000, 0x00000000e70534c0, 0x00000000e8000000)
  to   space 21824K,   0% used [0x00000000e5560000, 0x00000000e5560000, 0x00000000e6ab0000)
 concurrent mark-sweep generation total 393216K, used 23356K [0x00000000e8000000, 0x0000000100000000, 0x0000000100000000)
 Metaspace       used 40049K, capacity 41052K, committed 41292K, reserved 1085440K
  class space    used 4576K, capacity 4814K, committed 4940K, reserved 1048576K
2017-10-31T10:29:41.616-0700: 5245.525: [GC (Allocation Failure) 2017-10-31T10:29:41.616-0700: 5245.525: [ParNew
Desired survivor size 20112992 bytes, new threshold 8 (max 8)
- age   1:     939368 bytes,     939368 total
- age   2:       6992 bytes,     946360 total
- age   3:       7016 bytes,     953376 total
- age   4:       7048 bytes,     960424 total
- age   5:       7088 bytes,     967512 total
- age   6:       6888 bytes,     974400 total
- age   7:       6936 bytes,     981336 total
- age   8:       7368 bytes,     988704 total
: 93197K->4001K(109248K), 0.0063926 secs] 116553K->27364K(502464K), 0.0064711 secs] [Times: user=0.06 sys=0.00, real=0.01 secs] 
Heap after GC invocations=200 (full 2):
 par new generation   total 109248K, used 4001K [0x00000000e0000000, 0x00000000e8000000, 0x00000000e8000000)
  eden space 87424K,   0% used [0x00000000e0000000, 0x00000000e0000000, 0x00000000e5560000)
  from space 21824K,  18% used [0x00000000e5560000, 0x00000000e59484e0, 0x00000000e6ab0000)
  to   space 21824K,   0% used [0x00000000e6ab0000, 0x00000000e6ab0000, 0x00000000e8000000)
 concurrent mark-sweep generation total 393216K, used 23363K [0x00000000e8000000, 0x0000000100000000, 0x0000000100000000)
 Metaspace       used 40049K, capacity 41052K, committed 41292K, reserved 1085440K
  class space    used 4576K, capacity 4814K, committed 4940K, reserved 1048576K
}
2017-10-31T10:29:41.623-0700: 5245.531: Total time for which application threads were stopped: 0.0067454 seconds, Stopping threads took: 0.0000230 seconds
2017-10-31T10:29:42.822-0700: 5246.730: Total time for which application threads were stopped: 0.0002323 seconds, Stopping threads took: 0.0000454 seconds
{Heap before GC invocations=200 (full 2):
 par new generation   total 109248K, used 91331K [0x00000000e0000000, 0x00000000e8000000, 0x00000000e8000000)
  eden space 87424K,  99% used [0x00000000e0000000, 0x00000000e55489b0, 0x00000000e5560000)
  from space 21824K,  18% used [0x00000000e5560000, 0x00000000e59484e0, 0x00000000e6ab0000)
  to   space 21824K,   0% used [0x00000000e6ab0000, 0x00000000e6ab0000, 0x00000000e8000000)
 concurrent mark-sweep generation total 393216K, used 23363K [0x00000000e8000000, 0x0000000100000000, 0x0000000100000000)
 Metaspace       used 40049K, capacity 41052K, committed 41292K, reserved 1085440K
  class space    used 4576K, capacity 4814K, committed 4940K, reserved 1048576K
2017-10-31T10:29:44.681-0700: 5248.589: [GC (Allocation Failure) 2017-10-31T10:29:44.681-0700: 5248.589: [ParNew
Desired survivor size 20112992 bytes, new threshold 8 (max 8)
- age   1:    1264048 bytes,    1264048 total
- age   2:      38768 bytes,    1302816 total
- age   3:       5952 bytes,    1308768 total
- age   4:       7016 bytes,    1315784 total
- age   5:       7048 bytes,    1322832 total
- age   6:       7088 bytes,    1329920 total
- age   7:       6888 bytes,    1336808 total
- age   8:       6936 bytes,    1343744 total
: 91331K->1697K(109248K), 0.0047746 secs] 114694K->25067K(502464K), 0.0048491 secs] [Times: user=0.06 sys=0.00, real=0.00 secs] 
Heap after GC invocations=201 (full 2):
 par new generation   total 109248K, used 1697K [0x00000000e0000000, 0x00000000e8000000, 0x00000000e8000000)
  eden space 87424K,   0% used [0x00000000e0000000, 0x00000000e0000000, 0x00000000e5560000)
  from space 21824K,   7% used [0x00000000e6ab0000, 0x00000000e6c58470, 0x00000000e8000000)
  to   space 21824K,   0% used [0x00000000e5560000, 0x00000000e5560000, 0x00000000e6ab0000)
 concurrent mark-sweep generation total 393216K, used 23370K [0x00000000e8000000, 0x0000000100000000, 0x0000000100000000)
 Metaspace       used 40049K, capacity 41052K, committed 41292K, reserved 1085440K
  class space    used 4576K, capacity 4814K, committed 4940K, reserved 1048576K
}
2017-10-31T10:29:44.685-0700: 5248.594: Total time for which application threads were stopped: 0.0051302 seconds, Stopping threads took: 0.0000251 seconds
2017-10-31T10:29:45.469-0700: 5249.378: Total time for which application threads were stopped: 0.0001991 seconds, Stopping threads took: 0.0000312 seconds
2017-10-31T10:29:47.993-0700: 5251.902: Total time for which application threads were stopped: 0.0002133 seconds, Stopping threads took: 0.0000481 seconds
{Heap before GC invocations=201 (full 2):
 par new generation   total 109248K, used 89114K [0x00000000e0000000, 0x00000000e8000000, 0x00000000e8000000)
  eden space 87424K,  99% used [0x00000000e0000000, 0x00000000e555e6c0, 0x00000000e5560000)
  from space 21824K,   7% used [0x00000000e6ab0000, 0x00000000e6c58470, 0x00000000e8000000)
  to   space 21824K,   0% used [0x00000000e5560000, 0x00000000e5560000, 0x00000000e6ab0000)
 concurrent mark-sweep generation total 393216K, used 23370K [0x00000000e8000000, 0x0000000100000000, 0x0000000100000000)
 Metaspace       used 40050K, capacity 41052K, committed 41292K, reserved 1085440K
  class space    used 4576K, capacity 4814K, committed 4940K, reserved 1048576K
2017-10-31T10:29:48.008-0700: 5251.917: [GC (Allocation Failure) 2017-10-31T10:29:48.008-0700: 5251.917: [ParNew
Desired survivor size 20112992 bytes, new threshold 8 (max 8)
- age   1:    1630312 bytes,    1630312 total
- age   2:       9288 bytes,    1639600 total
- age   3:      37856 bytes,    1677456 total
- age   4:       5952 bytes,    1683408 total
- age   5:       7016 bytes,    1690424 total
- age   6:       7048 bytes,    1697472 total
- age   7:       7088 bytes,    1704560 total
- age   8:       6888 bytes,    1711448 total
: 89114K->1904K(109248K), 0.0044238 secs] 112485K->25281K(502464K), 0.0045084 secs] [Times: user=0.06 sys=0.00, real=0.01 secs] 
Heap after GC invocations=202 (full 2):
 par new generation   total 109248K, used 1904K [0x00000000e0000000, 0x00000000e8000000, 0x00000000e8000000)
  eden space 87424K,   0% used [0x00000000e0000000, 0x00000000e0000000, 0x00000000e5560000)
  from space 21824K,   8% used [0x00000000e5560000, 0x00000000e573c380, 0x00000000e6ab0000)
  to   space 21824K,   0% used [0x00000000e6ab0000, 0x00000000e6ab0000, 0x00000000e8000000)
 concurrent mark-sweep generation total 393216K, used 23377K [0x00000000e8000000, 0x0000000100000000, 0x0000000100000000)
 Metaspace       used 40050K, capacity 41052K, committed 41292K, reserved 1085440K
  class space    used 4576K, capacity 4814K, committed 4940K, reserved 1048576K
}
2017-10-31T10:29:48.013-0700: 5251.922: Total time for which application threads were stopped: 0.0047834 seconds, Stopping threads took: 0.0000251 seconds
2017-10-31T10:29:50.510-0700: 5254.419: Total time for which application threads were stopped: 0.0002540 seconds, Stopping threads took: 0.0000488 seconds
{Heap before GC invocations=202 (full 2):
 par new generation   total 109248K, used 89260K [0x00000000e0000000, 0x00000000e8000000, 0x00000000e8000000)
  eden space 87424K,  99% used [0x00000000e0000000, 0x00000000e554f000, 0x00000000e5560000)
  from space 21824K,   8% used [0x00000000e5560000, 0x00000000e573c380, 0x00000000e6ab0000)
  to   space 21824K,   0% used [0x00000000e6ab0000, 0x00000000e6ab0000, 0x00000000e8000000)
 concurrent mark-sweep generation total 393216K, used 23377K [0x00000000e8000000, 0x0000000100000000, 0x0000000100000000)
 Metaspace       used 40052K, capacity 41052K, committed 41292K, reserved 1085440K
  class space    used 4576K, capacity 4814K, committed 4940K, reserved 1048576K
2017-10-31T10:29:51.365-0700: 5255.273: [GC (Allocation Failure) 2017-10-31T10:29:51.365-0700: 5255.273: [ParNew
Desired survivor size 20112992 bytes, new threshold 8 (max 8)
- age   1:    1434416 bytes,    1434416 total
- age   2:       9720 bytes,    1444136 total
- age   3:       8352 bytes,    1452488 total
- age   4:      37712 bytes,    1490200 total
- age   5:       5952 bytes,    1496152 total
- age   6:       7016 bytes,    1503168 total
- age   7:       7048 bytes,    1510216 total
- age   8:       7088 bytes,    1517304 total
: 89260K->2022K(109248K), 0.0065124 secs] 112637K->25406K(502464K), 0.0065822 secs] [Times: user=0.00 sys=0.00, real=0.01 secs] 
Heap after GC invocations=203 (full 2):
 par new generation   total 109248K, used 2022K [0x00000000e0000000, 0x00000000e8000000, 0x00000000e8000000)
  eden space 87424K,   0% used [0x00000000e0000000, 0x00000000e0000000, 0x00000000e5560000)
  from space 21824K,   9% used [0x00000000e6ab0000, 0x00000000e6ca9990, 0x00000000e8000000)
  to   space 21824K,   0% used [0x00000000e5560000, 0x00000000e5560000, 0x00000000e6ab0000)
 concurrent mark-sweep generation total 393216K, used 23383K [0x00000000e8000000, 0x0000000100000000, 0x0000000100000000)
 Metaspace       used 40052K, capacity 41052K, committed 41292K, reserved 1085440K
  class space    used 4576K, capacity 4814K, committed 4940K, reserved 1048576K
}
2017-10-31T10:29:51.371-0700: 5255.280: Total time for which application threads were stopped: 0.0068511 seconds, Stopping threads took: 0.0000251 seconds
2017-10-31T10:29:52.371-0700: 5256.280: Total time for which application threads were stopped: 0.0001158 seconds, Stopping threads took: 0.0000251 seconds
2017-10-31T10:29:53.181-0700: 5257.090: Total time for which application threads were stopped: 0.0002357 seconds, Stopping threads took: 0.0000298 seconds
2017-10-31T10:29:54.182-0700: 5258.090: Total time for which application threads were stopped: 0.0001415 seconds, Stopping threads took: 0.0000284 seconds
{Heap before GC invocations=203 (full 2):
 par new generation   total 109248K, used 89446K [0x00000000e0000000, 0x00000000e8000000, 0x00000000e8000000)
  eden space 87424K, 100% used [0x00000000e0000000, 0x00000000e5560000, 0x00000000e5560000)
  from space 21824K,   9% used [0x00000000e6ab0000, 0x00000000e6ca9990, 0x00000000e8000000)
  to   space 21824K,   0% used [0x00000000e5560000, 0x00000000e5560000, 0x00000000e6ab0000)
 concurrent mark-sweep generation total 393216K, used 23383K [0x00000000e8000000, 0x0000000100000000, 0x0000000100000000)
 Metaspace       used 40052K, capacity 41052K, committed 41292K, reserved 1085440K
  class space    used 4576K, capacity 4814K, committed 4940K, reserved 1048576K
2017-10-31T10:29:54.628-0700: 5258.537: [GC (Allocation Failure) 2017-10-31T10:29:54.628-0700: 5258.537: [ParNew
Desired survivor size 20112992 bytes, new threshold 8 (max 8)
- age   1:    1265128 bytes,    1265128 total
- age   2:      10160 bytes,    1275288 total
- age   3:       8680 bytes,    1283968 total
- age   4:       8352 bytes,    1292320 total
- age   5:      37712 bytes,    1330032 total
- age   6:       5952 bytes,    1335984 total
- age   7:       7016 bytes,    1343000 total
- age   8:       7048 bytes,    1350048 total
: 89446K->1473K(109248K), 0.0040032 secs] 112830K->24864K(502464K), 0.0040696 secs] [Times: user=0.00 sys=0.00, real=0.00 secs] 
Heap after GC invocations=204 (full 2):
 par new generation   total 109248K, used 1473K [0x00000000e0000000, 0x00000000e8000000, 0x00000000e8000000)
  eden space 87424K,   0% used [0x00000000e0000000, 0x00000000e0000000, 0x00000000e5560000)
  from space 21824K,   6% used [0x00000000e5560000, 0x00000000e56d0680, 0x00000000e6ab0000)
  to   space 21824K,   0% used [0x00000000e6ab0000, 0x00000000e6ab0000, 0x00000000e8000000)
 concurrent mark-sweep generation total 393216K, used 23390K [0x00000000e8000000, 0x0000000100000000, 0x0000000100000000)
 Metaspace       used 40052K, capacity 41052K, committed 41292K, reserved 1085440K
  class space    used 4576K, capacity 4814K, committed 4940K, reserved 1048576K
}
2017-10-31T10:29:54.632-0700: 5258.541: Total time for which application threads were stopped: 0.0043249 seconds, Stopping threads took: 0.0000244 seconds
2017-10-31T10:29:55.710-0700: 5259.618: Total time for which application threads were stopped: 0.0002330 seconds, Stopping threads took: 0.0000339 seconds
{Heap before GC invocations=204 (full 2):
 par new generation   total 109248K, used 88458K [0x00000000e0000000, 0x00000000e8000000, 0x00000000e8000000)
  eden space 87424K,  99% used [0x00000000e0000000, 0x00000000e54f2240, 0x00000000e5560000)
  from space 21824K,   6% used [0x00000000e5560000, 0x00000000e56d0680, 0x00000000e6ab0000)
  to   space 21824K,   0% used [0x00000000e6ab0000, 0x00000000e6ab0000, 0x00000000e8000000)
 concurrent mark-sweep generation total 393216K, used 23390K [0x00000000e8000000, 0x0000000100000000, 0x0000000100000000)
 Metaspace       used 40052K, capacity 41052K, committed 41292K, reserved 1085440K
  class space    used 4576K, capacity 4814K, committed 4940K, reserved 1048576K
2017-10-31T10:29:57.755-0700: 5261.664: [GC (Allocation Failure) 2017-10-31T10:29:57.755-0700: 5261.664: [ParNew
Desired survivor size 20112992 bytes, new threshold 8 (max 8)
- age   1:    1539392 bytes,    1539392 total
- age   2:       8928 bytes,    1548320 total
- age   3:       9248 bytes,    1557568 total
- age   4:       8680 bytes,    1566248 total
- age   5:       7992 bytes,    1574240 total
- age   6:      37216 bytes,    1611456 total
- age   7:       5952 bytes,    1617408 total
- age   8:       7016 bytes,    1624424 total
: 88458K->2079K(109248K), 0.0056591 secs] 111848K->25476K(502464K), 0.0057356 secs] [Times: user=0.03 sys=0.00, real=0.01 secs] 
Heap after GC invocations=205 (full 2):
 par new generation   total 109248K, used 2079K [0x00000000e0000000, 0x00000000e8000000, 0x00000000e8000000)
  eden space 87424K,   0% used [0x00000000e0000000, 0x00000000e0000000, 0x00000000e5560000)
  from space 21824K,   9% used [0x00000000e6ab0000, 0x00000000e6cb7ce0, 0x00000000e8000000)
  to   space 21824K,   0% used [0x00000000e5560000, 0x00000000e5560000, 0x00000000e6ab0000)
 concurrent mark-sweep generation total 393216K, used 23397K [0x00000000e8000000, 0x0000000100000000, 0x0000000100000000)
 Metaspace       used 40052K, capacity 41052K, committed 41292K, reserved 1085440K
  class space    used 4576K, capacity 4814K, committed 4940K, reserved 1048576K
}
2017-10-31T10:29:57.761-0700: 5261.670: Total time for which application threads were stopped: 0.0059720 seconds, Stopping threads took: 0.0000210 seconds
2017-10-31T10:29:58.278-0700: 5262.187: Total time for which application threads were stopped: 0.0002221 seconds, Stopping threads took: 0.0000467 seconds
2017-10-31T10:29:59.278-0700: 5263.186: Total time for which application threads were stopped: 0.0001415 seconds, Stopping threads took: 0.0000257 seconds
2017-10-31T10:30:00.825-0700: 5264.734: Total time for which application threads were stopped: 0.0001829 seconds, Stopping threads took: 0.0000291 seconds
{Heap before GC invocations=205 (full 2):
 par new generation   total 109248K, used 89012K [0x00000000e0000000, 0x00000000e8000000, 0x00000000e8000000)
  eden space 87424K,  99% used [0x00000000e0000000, 0x00000000e54e5320, 0x00000000e5560000)
  from space 21824K,   9% used [0x00000000e6ab0000, 0x00000000e6cb7ce0, 0x00000000e8000000)
  to   space 21824K,   0% used [0x00000000e5560000, 0x00000000e5560000, 0x00000000e6ab0000)
 concurrent mark-sweep generation total 393216K, used 23397K [0x00000000e8000000, 0x0000000100000000, 0x0000000100000000)
 Metaspace       used 40058K, capacity 41052K, committed 41292K, reserved 1085440K
  class space    used 4576K, capacity 4814K, committed 4940K, reserved 1048576K
2017-10-31T10:30:00.857-0700: 5264.766: [GC (Allocation Failure) 2017-10-31T10:30:00.857-0700: 5264.766: [ParNew
Desired survivor size 20112992 bytes, new threshold 8 (max 8)
- age   1:    2003496 bytes,    2003496 total
- age   2:      10320 bytes,    2013816 total
- age   3:       8016 bytes,    2021832 total
- age   4:       9248 bytes,    2031080 total
- age   5:       8464 bytes,    2039544 total
- age   6:       7488 bytes,    2047032 total
- age   7:      37216 bytes,    2084248 total
- age   8:       5952 bytes,    2090200 total
: 89012K->2512K(109248K), 0.0054640 secs] 112409K->25916K(502464K), 0.0055589 secs] [Times: user=0.00 sys=0.00, real=0.00 secs] 
Heap after GC invocations=206 (full 2):
 par new generation   total 109248K, used 2512K [0x00000000e0000000, 0x00000000e8000000, 0x00000000e8000000)
  eden space 87424K,   0% used [0x00000000e0000000, 0x00000000e0000000, 0x00000000e5560000)
  from space 21824K,  11% used [0x00000000e5560000, 0x00000000e57d4140, 0x00000000e6ab0000)
  to   space 21824K,   0% used [0x00000000e6ab0000, 0x00000000e6ab0000, 0x00000000e8000000)
 concurrent mark-sweep generation total 393216K, used 23404K [0x00000000e8000000, 0x0000000100000000, 0x0000000100000000)
 Metaspace       used 40058K, capacity 41052K, committed 41292K, reserved 1085440K
  class space    used 4576K, capacity 4814K, committed 4940K, reserved 1048576K
}
2017-10-31T10:30:00.862-0700: 5264.771: Total time for which application threads were stopped: 0.0058799 seconds, Stopping threads took: 0.0000406 seconds
2017-10-31T10:30:01.863-0700: 5265.771: Total time for which application threads were stopped: 0.0001632 seconds, Stopping threads took: 0.0000339 seconds
2017-10-31T10:30:02.863-0700: 5266.772: Total time for which application threads were stopped: 0.0001503 seconds, Stopping threads took: 0.0000359 seconds
2017-10-31T10:30:03.549-0700: 5267.457: Total time for which application threads were stopped: 0.0002966 seconds, Stopping threads took: 0.0000894 seconds
{Heap before GC invocations=206 (full 2):
 par new generation   total 109248K, used 89936K [0x00000000e0000000, 0x00000000e8000000, 0x00000000e8000000)
  eden space 87424K, 100% used [0x00000000e0000000, 0x00000000e5560000, 0x00000000e5560000)
  from space 21824K,  11% used [0x00000000e5560000, 0x00000000e57d4140, 0x00000000e6ab0000)
  to   space 21824K,   0% used [0x00000000e6ab0000, 0x00000000e6ab0000, 0x00000000e8000000)
 concurrent mark-sweep generation total 393216K, used 23404K [0x00000000e8000000, 0x0000000100000000, 0x0000000100000000)
 Metaspace       used 40059K, capacity 41052K, committed 41292K, reserved 1085440K
  class space    used 4576K, capacity 4814K, committed 4940K, reserved 1048576K
2017-10-31T10:30:04.017-0700: 5267.926: [GC (Allocation Failure) 2017-10-31T10:30:04.017-0700: 5267.926: [ParNew
Desired survivor size 20112992 bytes, new threshold 8 (max 8)
- age   1:    1325928 bytes,    1325928 total
- age   2:      11312 bytes,    1337240 total
- age   3:       9408 bytes,    1346648 total
- age   4:       8016 bytes,    1354664 total
- age   5:       8960 bytes,    1363624 total
- age   6:       7888 bytes,    1371512 total
- age   7:       7488 bytes,    1379000 total
- age   8:      37216 bytes,    1416216 total
: 89936K->2383K(109248K), 0.0042613 secs] 113340K->25794K(502464K), 0.0043479 secs] [Times: user=0.00 sys=0.00, real=0.01 secs] 
Heap after GC invocations=207 (full 2):
 par new generation   total 109248K, used 2383K [0x00000000e0000000, 0x00000000e8000000, 0x00000000e8000000)
  eden space 87424K,   0% used [0x00000000e0000000, 0x00000000e0000000, 0x00000000e5560000)
  from space 21824K,  10% used [0x00000000e6ab0000, 0x00000000e6d03f00, 0x00000000e8000000)
  to   space 21824K,   0% used [0x00000000e5560000, 0x00000000e5560000, 0x00000000e6ab0000)
 concurrent mark-sweep generation total 393216K, used 23410K [0x00000000e8000000, 0x0000000100000000, 0x0000000100000000)
 Metaspace       used 40059K, capacity 41052K, committed 41292K, reserved 1085440K
  class space    used 4576K, capacity 4814K, committed 4940K, reserved 1048576K
}
2017-10-31T10:30:04.022-0700: 5267.930: Total time for which application threads were stopped: 0.0046615 seconds, Stopping threads took: 0.0000312 seconds
2017-10-31T10:30:04.927-0700: 5268.836: Total time for which application threads were stopped: 0.0003840 seconds, Stopping threads took: 0.0000359 seconds
2017-10-31T10:30:06.257-0700: 5270.166: Total time for which application threads were stopped: 0.0002397 seconds, Stopping threads took: 0.0000467 seconds
2017-10-31T10:30:07.258-0700: 5271.167: Total time for which application threads were stopped: 0.0001720 seconds, Stopping threads took: 0.0000352 seconds
{Heap before GC invocations=207 (full 2):
 par new generation   total 109248K, used 89448K [0x00000000e0000000, 0x00000000e8000000, 0x00000000e8000000)
  eden space 87424K,  99% used [0x00000000e0000000, 0x00000000e55061d8, 0x00000000e5560000)
  from space 21824K,  10% used [0x00000000e6ab0000, 0x00000000e6d03f00, 0x00000000e8000000)
  to   space 21824K,   0% used [0x00000000e5560000, 0x00000000e5560000, 0x00000000e6ab0000)
 concurrent mark-sweep generation total 393216K, used 23410K [0x00000000e8000000, 0x0000000100000000, 0x0000000100000000)
 Metaspace       used 40060K, capacity 41052K, committed 41292K, reserved 1085440K
  class space    used 4576K, capacity 4814K, committed 4940K, reserved 1048576K
2017-10-31T10:30:07.636-0700: 5271.545: [GC (Allocation Failure) 2017-10-31T10:30:07.636-0700: 5271.545: [ParNew
Desired survivor size 20112992 bytes, new threshold 8 (max 8)
- age   1:    1882504 bytes,    1882504 total
- age   2:       8904 bytes,    1891408 total
- age   3:       9232 bytes,    1900640 total
- age   4:       9408 bytes,    1910048 total
- age   5:       7728 bytes,    1917776 total
- age   6:       8384 bytes,    1926160 total
- age   7:       7888 bytes,    1934048 total
- age   8:       7488 bytes,    1941536 total
: 89448K->2134K(109248K), 0.0042477 secs] 112858K->25579K(502464K), 0.0043202 secs] [Times: user=0.00 sys=0.00, real=0.01 secs] 
Heap after GC invocations=208 (full 2):
 par new generation   total 109248K, used 2134K [0x00000000e0000000, 0x00000000e8000000, 0x00000000e8000000)
  eden space 87424K,   0% used [0x00000000e0000000, 0x00000000e0000000, 0x00000000e5560000)
  from space 21824K,   9% used [0x00000000e5560000, 0x00000000e5775a50, 0x00000000e6ab0000)
  to   space 21824K,   0% used [0x00000000e6ab0000, 0x00000000e6ab0000, 0x00000000e8000000)
 concurrent mark-sweep generation total 393216K, used 23444K [0x00000000e8000000, 0x0000000100000000, 0x0000000100000000)
 Metaspace       used 40060K, capacity 41052K, committed 41292K, reserved 1085440K
  class space    used 4576K, capacity 4814K, committed 4940K, reserved 1048576K
}
2017-10-31T10:30:07.641-0700: 5271.550: Total time for which application threads were stopped: 0.0045714 seconds, Stopping threads took: 0.0000237 seconds
2017-10-31T10:30:08.642-0700: 5272.551: Total time for which application threads were stopped: 0.0001348 seconds, Stopping threads took: 0.0000352 seconds
2017-10-31T10:30:08.902-0700: 5272.811: Total time for which application threads were stopped: 0.0002777 seconds, Stopping threads took: 0.0000461 seconds
2017-10-31T10:30:09.902-0700: 5273.811: Total time for which application threads were stopped: 0.0001842 seconds, Stopping threads took: 0.0000332 seconds
{Heap before GC invocations=208 (full 2):
 par new generation   total 109248K, used 89558K [0x00000000e0000000, 0x00000000e8000000, 0x00000000e8000000)
  eden space 87424K, 100% used [0x00000000e0000000, 0x00000000e5560000, 0x00000000e5560000)
  from space 21824K,   9% used [0x00000000e5560000, 0x00000000e5775a50, 0x00000000e6ab0000)
  to   space 21824K,   0% used [0x00000000e6ab0000, 0x00000000e6ab0000, 0x00000000e8000000)
 concurrent mark-sweep generation total 393216K, used 23444K [0x00000000e8000000, 0x0000000100000000, 0x0000000100000000)
 Metaspace       used 40060K, capacity 41052K, committed 41292K, reserved 1085440K
  class space    used 4576K, capacity 4814K, committed 4940K, reserved 1048576K
2017-10-31T10:30:10.767-0700: 5274.675: [GC (Allocation Failure) 2017-10-31T10:30:10.767-0700: 5274.675: [ParNew
Desired survivor size 20112992 bytes, new threshold 8 (max 8)
- age   1:    1753528 bytes,    1753528 total
- age   2:      20824 bytes,    1774352 total
- age   3:       7992 bytes,    1782344 total
- age   4:       9232 bytes,    1791576 total
- age   5:       9048 bytes,    1800624 total
- age   6:       7224 bytes,    1807848 total
- age   7:       8384 bytes,    1816232 total
- age   8:       7888 bytes,    1824120 total
: 89558K->2198K(109248K), 0.0041881 secs] 113003K->25651K(502464K), 0.0042599 secs] [Times: user=0.00 sys=0.00, real=0.00 secs] 
Heap after GC invocations=209 (full 2):
 par new generation   total 109248K, used 2198K [0x00000000e0000000, 0x00000000e8000000, 0x00000000e8000000)
  eden space 87424K,   0% used [0x00000000e0000000, 0x00000000e0000000, 0x00000000e5560000)
  from space 21824K,  10% used [0x00000000e6ab0000, 0x00000000e6cd5bc0, 0x00000000e8000000)
  to   space 21824K,   0% used [0x00000000e5560000, 0x00000000e5560000, 0x00000000e6ab0000)
 concurrent mark-sweep generation total 393216K, used 23452K [0x00000000e8000000, 0x0000000100000000, 0x0000000100000000)
 Metaspace       used 40060K, capacity 41052K, committed 41292K, reserved 1085440K
  class space    used 4576K, capacity 4814K, committed 4940K, reserved 1048576K
}
2017-10-31T10:30:10.771-0700: 5274.680: Total time for which application threads were stopped: 0.0045714 seconds, Stopping threads took: 0.0000230 seconds
2017-10-31T10:30:11.582-0700: 5275.491: Total time for which application threads were stopped: 0.0002242 seconds, Stopping threads took: 0.0000454 seconds
2017-10-31T10:30:12.582-0700: 5276.491: Total time for which application threads were stopped: 0.0001686 seconds, Stopping threads took: 0.0000366 seconds
{Heap before GC invocations=209 (full 2):
 par new generation   total 109248K, used 89190K [0x00000000e0000000, 0x00000000e8000000, 0x00000000e8000000)
  eden space 87424K,  99% used [0x00000000e0000000, 0x00000000e54f3c90, 0x00000000e5560000)
  from space 21824K,  10% used [0x00000000e6ab0000, 0x00000000e6cd5bc0, 0x00000000e8000000)
  to   space 21824K,   0% used [0x00000000e5560000, 0x00000000e5560000, 0x00000000e6ab0000)
 concurrent mark-sweep generation total 393216K, used 23452K [0x00000000e8000000, 0x0000000100000000, 0x0000000100000000)
 Metaspace       used 40060K, capacity 41052K, committed 41292K, reserved 1085440K
  class space    used 4576K, capacity 4814K, committed 4940K, reserved 1048576K
2017-10-31T10:30:13.963-0700: 5277.872: [GC (Allocation Failure) 2017-10-31T10:30:13.963-0700: 5277.872: [ParNew
Desired survivor size 20112992 bytes, new threshold 8 (max 8)
- age   1:    1915008 bytes,    1915008 total
- age   2:       9000 bytes,    1924008 total
- age   3:      19912 bytes,    1943920 total
- age   4:       7992 bytes,    1951912 total
- age   5:       9016 bytes,    1960928 total
- age   6:       8544 bytes,    1969472 total
- age   7:       7248 bytes,    1976720 total
- age   8:       8384 bytes,    1985104 total
: 89190K->2365K(109248K), 0.0067976 secs] 112642K->25825K(502464K), 0.0068680 secs] [Times: user=0.00 sys=0.00, real=0.01 secs] 
Heap after GC invocations=210 (full 2):
 par new generation   total 109248K, used 2365K [0x00000000e0000000, 0x00000000e8000000, 0x00000000e8000000)
  eden space 87424K,   0% used [0x00000000e0000000, 0x00000000e0000000, 0x00000000e5560000)
  from space 21824K,  10% used [0x00000000e5560000, 0x00000000e57af4e0, 0x00000000e6ab0000)
  to   space 21824K,   0% used [0x00000000e6ab0000, 0x00000000e6ab0000, 0x00000000e8000000)
 concurrent mark-sweep generation total 393216K, used 23460K [0x00000000e8000000, 0x0000000100000000, 0x0000000100000000)
 Metaspace       used 40060K, capacity 41052K, committed 41292K, reserved 1085440K
  class space    used 4576K, capacity 4814K, committed 4940K, reserved 1048576K
}
2017-10-31T10:30:13.970-0700: 5277.878: Total time for which application threads were stopped: 0.0071253 seconds, Stopping threads took: 0.0000352 seconds
2017-10-31T10:30:14.243-0700: 5278.151: Total time for which application threads were stopped: 0.0002106 seconds, Stopping threads took: 0.0000474 seconds
2017-10-31T10:30:15.243-0700: 5279.151: Total time for which application threads were stopped: 0.0001923 seconds, Stopping threads took: 0.0000420 seconds
2017-10-31T10:30:17.001-0700: 5280.910: Total time for which application threads were stopped: 0.0002960 seconds, Stopping threads took: 0.0000982 seconds
{Heap before GC invocations=210 (full 2):
 par new generation   total 109248K, used 89789K [0x00000000e0000000, 0x00000000e8000000, 0x00000000e8000000)
  eden space 87424K, 100% used [0x00000000e0000000, 0x00000000e5560000, 0x00000000e5560000)
  from space 21824K,  10% used [0x00000000e5560000, 0x00000000e57af4e0, 0x00000000e6ab0000)
  to   space 21824K,   0% used [0x00000000e6ab0000, 0x00000000e6ab0000, 0x00000000e8000000)
 concurrent mark-sweep generation total 393216K, used 23460K [0x00000000e8000000, 0x0000000100000000, 0x0000000100000000)
 Metaspace       used 40060K, capacity 41052K, committed 41292K, reserved 1085440K
  class space    used 4576K, capacity 4814K, committed 4940K, reserved 1048576K
2017-10-31T10:30:17.037-0700: 5280.945: [GC (Allocation Failure) 2017-10-31T10:30:17.037-0700: 5280.945: [ParNew
Desired survivor size 20112992 bytes, new threshold 8 (max 8)
- age   1:    2711528 bytes,    2711528 total
- age   2:      76864 bytes,    2788392 total
- age   3:       8088 bytes,    2796480 total
- age   4:      19912 bytes,    2816392 total
- age   5:       7704 bytes,    2824096 total
- age   6:       8512 bytes,    2832608 total
- age   7:       8544 bytes,    2841152 total
- age   8:       7224 bytes,    2848376 total
: 89789K->2938K(109248K), 0.0045978 secs] 113249K->26407K(502464K), 0.0047055 secs] [Times: user=0.02 sys=0.00, real=0.01 secs] 
Heap after GC invocations=211 (full 2):
 par new generation   total 109248K, used 2938K [0x00000000e0000000, 0x00000000e8000000, 0x00000000e8000000)
  eden space 87424K,   0% used [0x00000000e0000000, 0x00000000e0000000, 0x00000000e5560000)
  from space 21824K,  13% used [0x00000000e6ab0000, 0x00000000e6d8eb90, 0x00000000e8000000)
  to   space 21824K,   0% used [0x00000000e5560000, 0x00000000e5560000, 0x00000000e6ab0000)
 concurrent mark-sweep generation total 393216K, used 23468K [0x00000000e8000000, 0x0000000100000000, 0x0000000100000000)
 Metaspace       used 40060K, capacity 41052K, committed 41292K, reserved 1085440K
  class space    used 4576K, capacity 4814K, committed 4940K, reserved 1048576K
}
2017-10-31T10:30:17.042-0700: 5280.950: Total time for which application threads were stopped: 0.0050035 seconds, Stopping threads took: 0.0000284 seconds
2017-10-31T10:30:18.042-0700: 5281.950: Total time for which application threads were stopped: 0.0001537 seconds, Stopping threads took: 0.0000345 seconds
2017-10-31T10:30:19.775-0700: 5283.684: Total time for which application threads were stopped: 0.0003583 seconds, Stopping threads took: 0.0000549 seconds
{Heap before GC invocations=211 (full 2):
 par new generation   total 109248K, used 90362K [0x00000000e0000000, 0x00000000e8000000, 0x00000000e8000000)
  eden space 87424K, 100% used [0x00000000e0000000, 0x00000000e5560000, 0x00000000e5560000)
  from space 21824K,  13% used [0x00000000e6ab0000, 0x00000000e6d8eb90, 0x00000000e8000000)
  to   space 21824K,   0% used [0x00000000e5560000, 0x00000000e5560000, 0x00000000e6ab0000)
 concurrent mark-sweep generation total 393216K, used 23468K [0x00000000e8000000, 0x0000000100000000, 0x0000000100000000)
 Metaspace       used 40060K, capacity 41052K, committed 41292K, reserved 1085440K
  class space    used 4576K, capacity 4814K, committed 4940K, reserved 1048576K
2017-10-31T10:30:20.680-0700: 5284.589: [GC (Allocation Failure) 2017-10-31T10:30:20.680-0700: 5284.589: [ParNew
Desired survivor size 20112992 bytes, new threshold 8 (max 8)
- age   1:    1762888 bytes,    1762888 total
- age   2:       8720 bytes,    1771608 total
- age   3:       8792 bytes,    1780400 total
- age   4:       8088 bytes,    1788488 total
- age   5:      19552 bytes,    1808040 total
- age   6:       7200 bytes,    1815240 total
- age   7:       8512 bytes,    1823752 total
- age   8:       8544 bytes,    1832296 total
: 90362K->2716K(109248K), 0.0040080 secs] 113831K->26192K(502464K), 0.0041509 secs] [Times: user=0.06 sys=0.00, real=0.00 secs] 
Heap after GC invocations=212 (full 2):
 par new generation   total 109248K, used 2716K [0x00000000e0000000, 0x00000000e8000000, 0x00000000e8000000)
  eden space 87424K,   0% used [0x00000000e0000000, 0x00000000e0000000, 0x00000000e5560000)
  from space 21824K,  12% used [0x00000000e5560000, 0x00000000e5807358, 0x00000000e6ab0000)
  to   space 21824K,   0% used [0x00000000e6ab0000, 0x00000000e6ab0000, 0x00000000e8000000)
 concurrent mark-sweep generation total 393216K, used 23475K [0x00000000e8000000, 0x0000000100000000, 0x0000000100000000)
 Metaspace       used 40060K, capacity 41052K, committed 41292K, reserved 1085440K
  class space    used 4576K, capacity 4814K, committed 4940K, reserved 1048576K
}
2017-10-31T10:30:20.684-0700: 5284.593: Total time for which application threads were stopped: 0.0045322 seconds, Stopping threads took: 0.0000318 seconds
2017-10-31T10:30:22.326-0700: 5286.234: Total time for which application threads were stopped: 0.0002330 seconds, Stopping threads took: 0.0000352 seconds
{Heap before GC invocations=212 (full 2):
 par new generation   total 109248K, used 90123K [0x00000000e0000000, 0x00000000e8000000, 0x00000000e8000000)
  eden space 87424K,  99% used [0x00000000e0000000, 0x00000000e555ba58, 0x00000000e5560000)
  from space 21824K,  12% used [0x00000000e5560000, 0x00000000e5807358, 0x00000000e6ab0000)
  to   space 21824K,   0% used [0x00000000e6ab0000, 0x00000000e6ab0000, 0x00000000e8000000)
 concurrent mark-sweep generation total 393216K, used 23475K [0x00000000e8000000, 0x0000000100000000, 0x0000000100000000)
 Metaspace       used 40060K, capacity 41052K, committed 41292K, reserved 1085440K
  class space    used 4576K, capacity 4814K, committed 4940K, reserved 1048576K
2017-10-31T10:30:23.752-0700: 5287.661: [GC (Allocation Failure) 2017-10-31T10:30:23.753-0700: 5287.661: [ParNew
Desired survivor size 20112992 bytes, new threshold 8 (max 8)
- age   1:    2055776 bytes,    2055776 total
- age   2:       9576 bytes,    2065352 total
- age   3:       7680 bytes,    2073032 total
- age   4:       8792 bytes,    2081824 total
- age   5:       7800 bytes,    2089624 total
- age   6:      19048 bytes,    2108672 total
- age   7:       7224 bytes,    2115896 total
- age   8:       8536 bytes,    2124432 total
: 90123K->2596K(109248K), 0.0054512 secs] 113598K->26080K(502464K), 0.0055399 secs] [Times: user=0.00 sys=0.00, real=0.01 secs] 
Heap after GC invocations=213 (full 2):
 par new generation   total 109248K, used 2596K [0x00000000e0000000, 0x00000000e8000000, 0x00000000e8000000)
  eden space 87424K,   0% used [0x00000000e0000000, 0x00000000e0000000, 0x00000000e5560000)
  from space 21824K,  11% used [0x00000000e6ab0000, 0x00000000e6d39310, 0x00000000e8000000)
  to   space 21824K,   0% used [0x00000000e5560000, 0x00000000e5560000, 0x00000000e6ab0000)
 concurrent mark-sweep generation total 393216K, used 23483K [0x00000000e8000000, 0x0000000100000000, 0x0000000100000000)
 Metaspace       used 40060K, capacity 41052K, committed 41292K, reserved 1085440K
  class space    used 4576K, capacity 4814K, committed 4940K, reserved 1048576K
}
2017-10-31T10:30:23.758-0700: 5287.666: Total time for which application threads were stopped: 0.0057796 seconds, Stopping threads took: 0.0000359 seconds
2017-10-31T10:30:24.977-0700: 5288.885: Total time for which application threads were stopped: 0.0002899 seconds, Stopping threads took: 0.0000305 seconds
{Heap before GC invocations=213 (full 2):
 par new generation   total 109248K, used 90020K [0x00000000e0000000, 0x00000000e8000000, 0x00000000e8000000)
  eden space 87424K, 100% used [0x00000000e0000000, 0x00000000e5560000, 0x00000000e5560000)
  from space 21824K,  11% used [0x00000000e6ab0000, 0x00000000e6d39310, 0x00000000e8000000)
  to   space 21824K,   0% used [0x00000000e5560000, 0x00000000e5560000, 0x00000000e6ab0000)
 concurrent mark-sweep generation total 393216K, used 23483K [0x00000000e8000000, 0x0000000100000000, 0x0000000100000000)
 Metaspace       used 40061K, capacity 41052K, committed 41292K, reserved 1085440K
  class space    used 4576K, capacity 4814K, committed 4940K, reserved 1048576K
2017-10-31T10:30:26.888-0700: 5290.796: [GC (Allocation Failure) 2017-10-31T10:30:26.888-0700: 5290.796: [ParNew
Desired survivor size 20112992 bytes, new threshold 8 (max 8)
- age   1:    1865168 bytes,    1865168 total
- age   2:       9336 bytes,    1874504 total
- age   3:       8664 bytes,    1883168 total
- age   4:       7680 bytes,    1890848 total
- age   5:       8576 bytes,    1899424 total
- age   6:       7296 bytes,    1906720 total
- age   7:      19048 bytes,    1925768 total
- age   8:       7200 bytes,    1932968 total
: 90020K->2515K(109248K), 0.0050313 secs] 113504K->26007K(502464K), 0.0051058 secs] [Times: user=0.00 sys=0.00, real=0.00 secs] 
Heap after GC invocations=214 (full 2):
 par new generation   total 109248K, used 2515K [0x00000000e0000000, 0x00000000e8000000, 0x00000000e8000000)
  eden space 87424K,   0% used [0x00000000e0000000, 0x00000000e0000000, 0x00000000e5560000)
  from space 21824K,  11% used [0x00000000e5560000, 0x00000000e57d4da0, 0x00000000e6ab0000)
  to   space 21824K,   0% used [0x00000000e6ab0000, 0x00000000e6ab0000, 0x00000000e8000000)
 concurrent mark-sweep generation total 393216K, used 23491K [0x00000000e8000000, 0x0000000100000000, 0x0000000100000000)
 Metaspace       used 40061K, capacity 41052K, committed 41292K, reserved 1085440K
  class space    used 4576K, capacity 4814K, committed 4940K, reserved 1048576K
}
2017-10-31T10:30:26.893-0700: 5290.802: Total time for which application threads were stopped: 0.0053530 seconds, Stopping threads took: 0.0000284 seconds
2017-10-31T10:30:27.764-0700: 5291.673: Total time for which application threads were stopped: 0.0004348 seconds, Stopping threads took: 0.0000711 seconds
2017-10-31T10:30:30.371-0700: 5294.279: Total time for which application threads were stopped: 0.0001815 seconds, Stopping threads took: 0.0000284 seconds
{Heap before GC invocations=214 (full 2):
 par new generation   total 109248K, used 89903K [0x00000000e0000000, 0x00000000e8000000, 0x00000000e8000000)
  eden space 87424K,  99% used [0x00000000e0000000, 0x00000000e55571e0, 0x00000000e5560000)
  from space 21824K,  11% used [0x00000000e5560000, 0x00000000e57d4da0, 0x00000000e6ab0000)
  to   space 21824K,   0% used [0x00000000e6ab0000, 0x00000000e6ab0000, 0x00000000e8000000)
 concurrent mark-sweep generation total 393216K, used 23491K [0x00000000e8000000, 0x0000000100000000, 0x0000000100000000)
 Metaspace       used 40061K, capacity 41052K, committed 41292K, reserved 1085440K
  class space    used 4576K, capacity 4814K, committed 4940K, reserved 1048576K
2017-10-31T10:30:30.375-0700: 5294.283: [GC (Allocation Failure) 2017-10-31T10:30:30.375-0700: 5294.283: [ParNew
Desired survivor size 20112992 bytes, new threshold 8 (max 8)
- age   1:    2088368 bytes,    2088368 total
- age   2:       9456 bytes,    2097824 total
- age   3:       8424 bytes,    2106248 total
- age   4:       8664 bytes,    2114912 total
- age   5:       7488 bytes,    2122400 total
- age   6:       8000 bytes,    2130400 total
- age   7:       7296 bytes,    2137696 total
- age   8:      19048 bytes,    2156744 total
: 89903K->2435K(109248K), 0.0043154 secs] 113395K->25934K(502464K), 0.0044224 secs] [Times: user=0.00 sys=0.00, real=0.00 secs] 
Heap after GC invocations=215 (full 2):
 par new generation   total 109248K, used 2435K [0x00000000e0000000, 0x00000000e8000000, 0x00000000e8000000)
  eden space 87424K,   0% used [0x00000000e0000000, 0x00000000e0000000, 0x00000000e5560000)
  from space 21824K,  11% used [0x00000000e6ab0000, 0x00000000e6d10df0, 0x00000000e8000000)
  to   space 21824K,   0% used [0x00000000e5560000, 0x00000000e5560000, 0x00000000e6ab0000)
 concurrent mark-sweep generation total 393216K, used 23498K [0x00000000e8000000, 0x0000000100000000, 0x0000000100000000)
 Metaspace       used 40061K, capacity 41052K, committed 41292K, reserved 1085440K
  class space    used 4576K, capacity 4814K, committed 4940K, reserved 1048576K
}
2017-10-31T10:30:30.379-0700: 5294.288: Total time for which application threads were stopped: 0.0048362 seconds, Stopping threads took: 0.0000291 seconds
2017-10-31T10:30:32.981-0700: 5296.890: Total time for which application threads were stopped: 0.0002242 seconds, Stopping threads took: 0.0000318 seconds
{Heap before GC invocations=215 (full 2):
 par new generation   total 109248K, used 89859K [0x00000000e0000000, 0x00000000e8000000, 0x00000000e8000000)
  eden space 87424K, 100% used [0x00000000e0000000, 0x00000000e5560000, 0x00000000e5560000)
  from space 21824K,  11% used [0x00000000e6ab0000, 0x00000000e6d10df0, 0x00000000e8000000)
  to   space 21824K,   0% used [0x00000000e5560000, 0x00000000e5560000, 0x00000000e6ab0000)
 concurrent mark-sweep generation total 393216K, used 23498K [0x00000000e8000000, 0x0000000100000000, 0x0000000100000000)
 Metaspace       used 40061K, capacity 41052K, committed 41292K, reserved 1085440K
  class space    used 4576K, capacity 4814K, committed 4940K, reserved 1048576K
2017-10-31T10:30:33.028-0700: 5296.937: [GC (Allocation Failure) 2017-10-31T10:30:33.028-0700: 5296.937: [ParNew
Desired survivor size 20112992 bytes, new threshold 8 (max 8)
- age   1:    3103656 bytes,    3103656 total
- age   2:     111848 bytes,    3215504 total
- age   3:       8568 bytes,    3224072 total
- age   4:       8424 bytes,    3232496 total
- age   5:       8592 bytes,    3241088 total
- age   6:       6960 bytes,    3248048 total
- age   7:       8000 bytes,    3256048 total
- age   8:       7320 bytes,    3263368 total
: 89859K->3863K(109248K), 0.0047258 secs] 113358K->27381K(502464K), 0.0048078 secs] [Times: user=0.00 sys=0.00, real=0.00 secs] 
Heap after GC invocations=216 (full 2):
 par new generation   total 109248K, used 3863K [0x00000000e0000000, 0x00000000e8000000, 0x00000000e8000000)
  eden space 87424K,   0% used [0x00000000e0000000, 0x00000000e0000000, 0x00000000e5560000)
  from space 21824K,  17% used [0x00000000e5560000, 0x00000000e5925ec0, 0x00000000e6ab0000)
  to   space 21824K,   0% used [0x00000000e6ab0000, 0x00000000e6ab0000, 0x00000000e8000000)
 concurrent mark-sweep generation total 393216K, used 23517K [0x00000000e8000000, 0x0000000100000000, 0x0000000100000000)
 Metaspace       used 40061K, capacity 41052K, committed 41292K, reserved 1085440K
  class space    used 4576K, capacity 4814K, committed 4940K, reserved 1048576K
}
2017-10-31T10:30:33.033-0700: 5296.942: Total time for which application threads were stopped: 0.0051220 seconds, Stopping threads took: 0.0000257 seconds
2017-10-31T10:30:35.682-0700: 5299.591: Total time for which application threads were stopped: 0.0002282 seconds, Stopping threads took: 0.0000278 seconds
{Heap before GC invocations=216 (full 2):
 par new generation   total 109248K, used 90891K [0x00000000e0000000, 0x00000000e8000000, 0x00000000e8000000)
  eden space 87424K,  99% used [0x00000000e0000000, 0x00000000e54fcf98, 0x00000000e5560000)
  from space 21824K,  17% used [0x00000000e5560000, 0x00000000e5925ec0, 0x00000000e6ab0000)
  to   space 21824K,   0% used [0x00000000e6ab0000, 0x00000000e6ab0000, 0x00000000e8000000)
 concurrent mark-sweep generation total 393216K, used 23517K [0x00000000e8000000, 0x0000000100000000, 0x0000000100000000)
 Metaspace       used 40061K, capacity 41052K, committed 41292K, reserved 1085440K
  class space    used 4576K, capacity 4814K, committed 4940K, reserved 1048576K
2017-10-31T10:30:36.045-0700: 5299.954: [GC (Allocation Failure) 2017-10-31T10:30:36.045-0700: 5299.954: [ParNew
Desired survivor size 20112992 bytes, new threshold 8 (max 8)
- age   1:    1869728 bytes,    1869728 total
- age   2:      79856 bytes,    1949584 total
- age   3:       9056 bytes,    1958640 total
- age   4:       8544 bytes,    1967184 total
- age   5:       8280 bytes,    1975464 total
- age   6:       7944 bytes,    1983408 total
- age   7:       6960 bytes,    1990368 total
- age   8:       8000 bytes,    1998368 total
: 90891K->3828K(109248K), 0.0060946 secs] 114409K->27352K(502464K), 0.0061799 secs] [Times: user=0.00 sys=0.00, real=0.01 secs] 
Heap after GC invocations=217 (full 2):
 par new generation   total 109248K, used 3828K [0x00000000e0000000, 0x00000000e8000000, 0x00000000e8000000)
  eden space 87424K,   0% used [0x00000000e0000000, 0x00000000e0000000, 0x00000000e5560000)
  from space 21824K,  17% used [0x00000000e6ab0000, 0x00000000e6e6d020, 0x00000000e8000000)
  to   space 21824K,   0% used [0x00000000e5560000, 0x00000000e5560000, 0x00000000e6ab0000)
 concurrent mark-sweep generation total 393216K, used 23524K [0x00000000e8000000, 0x0000000100000000, 0x0000000100000000)
 Metaspace       used 40061K, capacity 41052K, committed 41292K, reserved 1085440K
  class space    used 4576K, capacity 4814K, committed 4940K, reserved 1048576K
}
2017-10-31T10:30:36.052-0700: 5299.960: Total time for which application threads were stopped: 0.0064305 seconds, Stopping threads took: 0.0000366 seconds
2017-10-31T10:30:38.469-0700: 5302.377: Total time for which application threads were stopped: 0.0002709 seconds, Stopping threads took: 0.0000555 seconds
{Heap before GC invocations=217 (full 2):
 par new generation   total 109248K, used 91070K [0x00000000e0000000, 0x00000000e8000000, 0x00000000e8000000)
  eden space 87424K,  99% used [0x00000000e0000000, 0x00000000e5532858, 0x00000000e5560000)
  from space 21824K,  17% used [0x00000000e6ab0000, 0x00000000e6e6d020, 0x00000000e8000000)
  to   space 21824K,   0% used [0x00000000e5560000, 0x00000000e5560000, 0x00000000e6ab0000)
 concurrent mark-sweep generation total 393216K, used 23524K [0x00000000e8000000, 0x0000000100000000, 0x0000000100000000)
 Metaspace       used 40061K, capacity 41052K, committed 41292K, reserved 1085440K
  class space    used 4576K, capacity 4814K, committed 4940K, reserved 1048576K
2017-10-31T10:30:39.803-0700: 5303.712: [GC (Allocation Failure) 2017-10-31T10:30:39.803-0700: 5303.712: [ParNew
Desired survivor size 20112992 bytes, new threshold 8 (max 8)
- age   1:    2153800 bytes,    2153800 total
- age   2:       9808 bytes,    2163608 total
- age   3:       7672 bytes,    2171280 total
- age   4:       9056 bytes,    2180336 total
- age   5:       8256 bytes,    2188592 total
- age   6:       7560 bytes,    2196152 total
- age   7:       7944 bytes,    2204096 total
- age   8:       6960 bytes,    2211056 total
: 91070K->3029K(109248K), 0.0065863 secs] 114594K->26561K(502464K), 0.0066506 secs] [Times: user=0.02 sys=0.00, real=0.01 secs] 
Heap after GC invocations=218 (full 2):
 par new generation   total 109248K, used 3029K [0x00000000e0000000, 0x00000000e8000000, 0x00000000e8000000)
  eden space 87424K,   0% used [0x00000000e0000000, 0x00000000e0000000, 0x00000000e5560000)
  from space 21824K,  13% used [0x00000000e5560000, 0x00000000e58554d0, 0x00000000e6ab0000)
  to   space 21824K,   0% used [0x00000000e6ab0000, 0x00000000e6ab0000, 0x00000000e8000000)
 concurrent mark-sweep generation total 393216K, used 23532K [0x00000000e8000000, 0x0000000100000000, 0x0000000100000000)
 Metaspace       used 40061K, capacity 41052K, committed 41292K, reserved 1085440K
  class space    used 4576K, capacity 4814K, committed 4940K, reserved 1048576K
}
2017-10-31T10:30:39.810-0700: 5303.718: Total time for which application threads were stopped: 0.0068930 seconds, Stopping threads took: 0.0000230 seconds
2017-10-31T10:30:41.487-0700: 5305.396: Total time for which application threads were stopped: 0.0001829 seconds, Stopping threads took: 0.0000271 seconds
{Heap before GC invocations=218 (full 2):
 par new generation   total 109248K, used 90453K [0x00000000e0000000, 0x00000000e8000000, 0x00000000e8000000)
  eden space 87424K, 100% used [0x00000000e0000000, 0x00000000e5560000, 0x00000000e5560000)
  from space 21824K,  13% used [0x00000000e5560000, 0x00000000e58554d0, 0x00000000e6ab0000)
  to   space 21824K,   0% used [0x00000000e6ab0000, 0x00000000e6ab0000, 0x00000000e8000000)
 concurrent mark-sweep generation total 393216K, used 23532K [0x00000000e8000000, 0x0000000100000000, 0x0000000100000000)
 Metaspace       used 40061K, capacity 41052K, committed 41292K, reserved 1085440K
  class space    used 4576K, capacity 4814K, committed 4940K, reserved 1048576K
2017-10-31T10:30:43.309-0700: 5307.217: [GC (Allocation Failure) 2017-10-31T10:30:43.309-0700: 5307.217: [ParNew
Desired survivor size 20112992 bytes, new threshold 8 (max 8)
- age   1:    1906864 bytes,    1906864 total
- age   2:      76592 bytes,    1983456 total
- age   3:       8896 bytes,    1992352 total
- age   4:       7672 bytes,    2000024 total
- age   5:       8768 bytes,    2008792 total
- age   6:       7752 bytes,    2016544 total
- age   7:       7560 bytes,    2024104 total
- age   8:       7944 bytes,    2032048 total
: 90453K->2114K(109248K), 0.0040831 secs] 113985K->25654K(502464K), 0.0041685 secs] [Times: user=0.00 sys=0.00, real=0.00 secs] 
Heap after GC invocations=219 (full 2):
 par new generation   total 109248K, used 2114K [0x00000000e0000000, 0x00000000e8000000, 0x00000000e8000000)
  eden space 87424K,   0% used [0x00000000e0000000, 0x00000000e0000000, 0x00000000e5560000)
  from space 21824K,   9% used [0x00000000e6ab0000, 0x00000000e6cc0b20, 0x00000000e8000000)
  to   space 21824K,   0% used [0x00000000e5560000, 0x00000000e5560000, 0x00000000e6ab0000)
 concurrent mark-sweep generation total 393216K, used 23539K [0x00000000e8000000, 0x0000000100000000, 0x0000000100000000)
 Metaspace       used 40061K, capacity 41052K, committed 41292K, reserved 1085440K
  class space    used 4576K, capacity 4814K, committed 4940K, reserved 1048576K
}
2017-10-31T10:30:43.313-0700: 5307.221: Total time for which application threads were stopped: 0.0044949 seconds, Stopping threads took: 0.0000312 seconds
2017-10-31T10:30:44.419-0700: 5308.328: Total time for which application threads were stopped: 0.0002235 seconds, Stopping threads took: 0.0000501 seconds
{Heap before GC invocations=219 (full 2):
 par new generation   total 109248K, used 89442K [0x00000000e0000000, 0x00000000e8000000, 0x00000000e8000000)
  eden space 87424K,  99% used [0x00000000e0000000, 0x00000000e5547e30, 0x00000000e5560000)
  from space 21824K,   9% used [0x00000000e6ab0000, 0x00000000e6cc0b20, 0x00000000e8000000)
  to   space 21824K,   0% used [0x00000000e5560000, 0x00000000e5560000, 0x00000000e6ab0000)
 concurrent mark-sweep generation total 393216K, used 23539K [0x00000000e8000000, 0x0000000100000000, 0x0000000100000000)
 Metaspace       used 40061K, capacity 41052K, committed 41292K, reserved 1085440K
  class space    used 4576K, capacity 4814K, committed 4940K, reserved 1048576K
2017-10-31T10:30:46.372-0700: 5310.280: [GC (Allocation Failure) 2017-10-31T10:30:46.372-0700: 5310.280: [ParNew
Desired survivor size 20112992 bytes, new threshold 8 (max 8)
- age   1:    2384312 bytes,    2384312 total
- age   2:       8736 bytes,    2393048 total
- age   3:       8520 bytes,    2401568 total
- age   4:       8896 bytes,    2410464 total
- age   5:       7456 bytes,    2417920 total
- age   6:       8264 bytes,    2426184 total
- age   7:       7752 bytes,    2433936 total
- age   8:       7584 bytes,    2441520 total
: 89442K->2689K(109248K), 0.0068253 secs] 112981K->26236K(502464K), 0.0068944 secs] [Times: user=0.00 sys=0.00, real=0.01 secs] 
Heap after GC invocations=220 (full 2):
 par new generation   total 109248K, used 2689K [0x00000000e0000000, 0x00000000e8000000, 0x00000000e8000000)
  eden space 87424K,   0% used [0x00000000e0000000, 0x00000000e0000000, 0x00000000e5560000)
  from space 21824K,  12% used [0x00000000e5560000, 0x00000000e5800440, 0x00000000e6ab0000)
  to   space 21824K,   0% used [0x00000000e6ab0000, 0x00000000e6ab0000, 0x00000000e8000000)
 concurrent mark-sweep generation total 393216K, used 23547K [0x00000000e8000000, 0x0000000100000000, 0x0000000100000000)
 Metaspace       used 40061K, capacity 41052K, committed 41292K, reserved 1085440K
  class space    used 4576K, capacity 4814K, committed 4940K, reserved 1048576K
}
2017-10-31T10:30:46.379-0700: 5310.287: Total time for which application threads were stopped: 0.0071436 seconds, Stopping threads took: 0.0000379 seconds
2017-10-31T10:30:47.184-0700: 5311.093: Total time for which application threads were stopped: 0.0002242 seconds, Stopping threads took: 0.0000291 seconds
2017-10-31T10:30:48.184-0700: 5312.093: Total time for which application threads were stopped: 0.0001625 seconds, Stopping threads took: 0.0000339 seconds
2017-10-31T10:30:49.185-0700: 5313.093: Total time for which application threads were stopped: 0.0001145 seconds, Stopping threads took: 0.0000332 seconds
2017-10-31T10:30:50.186-0700: 5314.094: Total time for which application threads were stopped: 0.0002472 seconds, Stopping threads took: 0.0000643 seconds
2017-10-31T10:35:35.349-0700: 5599.257: Total time for which application threads were stopped: 0.0001219 seconds, Stopping threads took: 0.0000359 seconds
2017-10-31T10:35:45.392-0700: 5609.300: Total time for which application threads were stopped: 0.0001727 seconds, Stopping threads took: 0.0000325 seconds
2017-10-31T10:35:45.392-0700: 5609.301: Total time for which application threads were stopped: 0.0001273 seconds, Stopping threads took: 0.0000237 seconds
2017-10-31T10:35:48.393-0700: 5612.301: Total time for which application threads were stopped: 0.0001172 seconds, Stopping threads took: 0.0000271 seconds
2017-10-31T10:36:19.412-0700: 5643.320: Total time for which application threads were stopped: 0.0001273 seconds, Stopping threads took: 0.0000433 seconds
2017-10-31T10:37:43.941-0700: 5727.849: Total time for which application threads were stopped: 0.0003535 seconds, Stopping threads took: 0.0000345 seconds
2017-10-31T10:37:48.944-0700: 5732.852: Total time for which application threads were stopped: 0.0001280 seconds, Stopping threads took: 0.0000440 seconds
2017-10-31T10:38:28.958-0700: 5772.867: Total time for which application threads were stopped: 0.0001273 seconds, Stopping threads took: 0.0000352 seconds
2017-10-31T10:38:31.960-0700: 5775.869: Total time for which application threads were stopped: 0.0001443 seconds, Stopping threads took: 0.0000379 seconds
2017-10-31T10:41:49.068-0700: 5972.977: Total time for which application threads were stopped: 0.0002066 seconds, Stopping threads took: 0.0000589 seconds
2017-10-31T10:44:06.135-0700: 6110.044: Total time for which application threads were stopped: 0.0004003 seconds, Stopping threads took: 0.0000596 seconds
2017-10-31T10:44:24.146-0700: 6128.055: Total time for which application threads were stopped: 0.0001273 seconds, Stopping threads took: 0.0000366 seconds
2017-10-31T10:46:59.216-0700: 6283.124: Total time for which application threads were stopped: 0.0002316 seconds, Stopping threads took: 0.0000589 seconds
2017-10-31T10:47:18.227-0700: 6302.135: Total time for which application threads were stopped: 0.0001212 seconds, Stopping threads took: 0.0000312 seconds
2017-10-31T10:49:06.831-0700: 6410.739: Total time for which application threads were stopped: 0.0004321 seconds, Stopping threads took: 0.0000284 seconds
2017-10-31T10:49:49.851-0700: 6453.760: Total time for which application threads were stopped: 0.0002682 seconds, Stopping threads took: 0.0000670 seconds
2017-10-31T10:55:24.020-0700: 6787.929: Total time for which application threads were stopped: 0.0001761 seconds, Stopping threads took: 0.0000562 seconds
2017-10-31T10:55:30.023-0700: 6793.931: Total time for which application threads were stopped: 0.0000996 seconds, Stopping threads took: 0.0000264 seconds
2017-10-31T11:04:29.308-0700: 7333.216: Total time for which application threads were stopped: 0.0003468 seconds, Stopping threads took: 0.0000853 seconds
2017-10-31T11:04:32.043-0700: 7335.952: Total time for which application threads were stopped: 0.0002472 seconds, Stopping threads took: 0.0000291 seconds
2017-10-31T11:07:33.156-0700: 7517.065: Total time for which application threads were stopped: 0.0001734 seconds, Stopping threads took: 0.0000461 seconds
2017-10-31T11:08:17.176-0700: 7561.084: Total time for which application threads were stopped: 0.0001354 seconds, Stopping threads took: 0.0000352 seconds
2017-10-31T11:10:21.247-0700: 7685.156: Total time for which application threads were stopped: 0.0002418 seconds, Stopping threads took: 0.0000616 seconds
2017-10-31T11:10:49.263-0700: 7713.171: Total time for which application threads were stopped: 0.0001957 seconds, Stopping threads took: 0.0000488 seconds
2017-10-31T11:12:10.813-0700: 7794.721: Total time for which application threads were stopped: 0.0014087 seconds, Stopping threads took: 0.0000508 seconds
2017-10-31T11:12:11.813-0700: 7795.722: Total time for which application threads were stopped: 0.0002723 seconds, Stopping threads took: 0.0000691 seconds
2017-10-31T11:12:33.828-0700: 7817.737: Total time for which application threads were stopped: 0.0002811 seconds, Stopping threads took: 0.0000677 seconds
2017-10-31T11:14:25.885-0700: 7929.793: Total time for which application threads were stopped: 0.0003528 seconds, Stopping threads took: 0.0000698 seconds
2017-10-31T11:18:27.044-0700: 8170.953: Total time for which application threads were stopped: 0.0001206 seconds, Stopping threads took: 0.0000325 seconds
2017-10-31T11:20:22.089-0700: 8285.997: Total time for which application threads were stopped: 0.0001991 seconds, Stopping threads took: 0.0000210 seconds
2017-10-31T11:20:23.090-0700: 8286.998: Total time for which application threads were stopped: 0.0002641 seconds, Stopping threads took: 0.0000664 seconds
2017-10-31T11:20:33.097-0700: 8297.005: Total time for which application threads were stopped: 0.0001246 seconds, Stopping threads took: 0.0000345 seconds
2017-10-31T11:20:39.100-0700: 8303.008: Total time for which application threads were stopped: 0.0001219 seconds, Stopping threads took: 0.0000318 seconds
2017-10-31T11:25:59.267-0700: 8623.175: Total time for which application threads were stopped: 0.0003826 seconds, Stopping threads took: 0.0001036 seconds
2017-10-31T11:26:58.296-0700: 8682.204: Total time for which application threads were stopped: 0.0003027 seconds, Stopping threads took: 0.0000772 seconds
2017-10-31T11:27:33.311-0700: 8717.220: Total time for which application threads were stopped: 0.0002465 seconds, Stopping threads took: 0.0000650 seconds
2017-10-31T11:27:38.692-0700: 8722.601: Total time for which application threads were stopped: 0.0002120 seconds, Stopping threads took: 0.0000217 seconds
{Heap before GC invocations=220 (full 2):
 par new generation   total 109248K, used 90113K [0x00000000e0000000, 0x00000000e8000000, 0x00000000e8000000)
  eden space 87424K, 100% used [0x00000000e0000000, 0x00000000e5560000, 0x00000000e5560000)
  from space 21824K,  12% used [0x00000000e5560000, 0x00000000e5800440, 0x00000000e6ab0000)
  to   space 21824K,   0% used [0x00000000e6ab0000, 0x00000000e6ab0000, 0x00000000e8000000)
 concurrent mark-sweep generation total 393216K, used 23547K [0x00000000e8000000, 0x0000000100000000, 0x0000000100000000)
 Metaspace       used 40130K, capacity 41116K, committed 41292K, reserved 1085440K
  class space    used 4576K, capacity 4814K, committed 4940K, reserved 1048576K
2017-10-31T11:27:38.697-0700: 8722.606: [GC (Allocation Failure) 2017-10-31T11:27:38.698-0700: 8722.607: [ParNew
Desired survivor size 20112992 bytes, new threshold 8 (max 8)
- age   1:    3377416 bytes,    3377416 total
- age   2:     277632 bytes,    3655048 total
- age   3:       6008 bytes,    3661056 total
- age   4:       7024 bytes,    3668080 total
- age   5:       7536 bytes,    3675616 total
- age   6:       6240 bytes,    3681856 total
- age   7:       7560 bytes,    3689416 total
- age   8:       7048 bytes,    3696464 total
: 90113K->4578K(109248K), 0.0146415 secs] 113660K->28132K(502464K), 0.0152476 secs] [Times: user=0.00 sys=0.00, real=0.01 secs] 
Heap after GC invocations=221 (full 2):
 par new generation   total 109248K, used 4578K [0x00000000e0000000, 0x00000000e8000000, 0x00000000e8000000)
  eden space 87424K,   0% used [0x00000000e0000000, 0x00000000e0000000, 0x00000000e5560000)
  from space 21824K,  20% used [0x00000000e6ab0000, 0x00000000e6f28aa0, 0x00000000e8000000)
  to   space 21824K,   0% used [0x00000000e5560000, 0x00000000e5560000, 0x00000000e6ab0000)
 concurrent mark-sweep generation total 393216K, used 23553K [0x00000000e8000000, 0x0000000100000000, 0x0000000100000000)
 Metaspace       used 40130K, capacity 41116K, committed 41292K, reserved 1085440K
  class space    used 4576K, capacity 4814K, committed 4940K, reserved 1048576K
}
2017-10-31T11:27:38.712-0700: 8722.622: Total time for which application threads were stopped: 0.0158801 seconds, Stopping threads took: 0.0000474 seconds
2017-10-31T11:27:39.713-0700: 8723.621: Total time for which application threads were stopped: 0.0001822 seconds, Stopping threads took: 0.0000461 seconds
2017-10-31T11:32:09.862-0700: 8993.770: Total time for which application threads were stopped: 0.0002993 seconds, Stopping threads took: 0.0000840 seconds
2017-10-31T11:32:12.864-0700: 8996.772: Total time for which application threads were stopped: 0.0001470 seconds, Stopping threads took: 0.0000474 seconds
2017-10-31T11:38:06.058-0700: 9349.967: Total time for which application threads were stopped: 0.0003535 seconds, Stopping threads took: 0.0000874 seconds
2017-10-31T11:43:01.226-0700: 9645.135: Total time for which application threads were stopped: 0.0003752 seconds, Stopping threads took: 0.0000921 seconds
2017-10-31T11:43:09.231-0700: 9653.139: Total time for which application threads were stopped: 0.0001294 seconds, Stopping threads took: 0.0000339 seconds
2017-10-31T11:50:56.880-0700: 10120.789: Total time for which application threads were stopped: 0.0002282 seconds, Stopping threads took: 0.0000257 seconds
2017-10-31T12:18:01.753-0700: 11745.662: Total time for which application threads were stopped: 0.0004693 seconds, Stopping threads took: 0.0001348 seconds
2017-10-31T12:19:24.795-0700: 11828.704: Total time for which application threads were stopped: 0.0003894 seconds, Stopping threads took: 0.0000901 seconds
2017-10-31T12:19:35.878-0700: 11839.787: Total time for which application threads were stopped: 0.0002154 seconds, Stopping threads took: 0.0000332 seconds
2017-10-31T12:19:42.881-0700: 11846.789: Total time for which application threads were stopped: 0.0002709 seconds, Stopping threads took: 0.0000596 seconds
2017-10-31T12:19:58.891-0700: 11862.799: Total time for which application threads were stopped: 0.0003170 seconds, Stopping threads took: 0.0000738 seconds
2017-10-31T12:20:08.894-0700: 11872.803: Total time for which application threads were stopped: 0.0002628 seconds, Stopping threads took: 0.0000779 seconds
2017-10-31T12:20:18.899-0700: 11882.807: Total time for which application threads were stopped: 0.0001436 seconds, Stopping threads took: 0.0000400 seconds
2017-10-31T12:25:23.186-0700: 12187.094: Total time for which application threads were stopped: 0.0002370 seconds, Stopping threads took: 0.0000237 seconds
2017-10-31T12:26:48.228-0700: 12272.136: Total time for which application threads were stopped: 0.0003610 seconds, Stopping threads took: 0.0000738 seconds
2017-10-31T12:28:49.308-0700: 12393.216: Total time for which application threads were stopped: 0.0001070 seconds, Stopping threads took: 0.0000278 seconds
2017-10-31T12:29:20.323-0700: 12424.232: Total time for which application threads were stopped: 0.0003705 seconds, Stopping threads took: 0.0000928 seconds
2017-10-31T12:29:34.329-0700: 12438.237: Total time for which application threads were stopped: 0.0001348 seconds, Stopping threads took: 0.0000386 seconds
2017-10-31T12:29:36.330-0700: 12440.239: Total time for which application threads were stopped: 0.0003109 seconds, Stopping threads took: 0.0000779 seconds
2017-10-31T12:30:06.345-0700: 12470.254: Total time for which application threads were stopped: 0.0001233 seconds, 