Java HotSpot(TM) 64-Bit Server VM (25.151-b12) for windows-amd64 JRE (1.8.0_151-b12), built on Sep  5 2017 19:33:46 by "java_re" with MS VC++ 10.0 (VS2010)
Memory: 4k page, physical 8282412k(3557700k free), swap 14049580k(7910328k free)
CommandLine flags: -XX:CMSInitiatingOccupancyFraction=50 -XX:CMSMaxAbortablePrecleanTime=6000 -XX:+CMSParallelRemarkEnabled -XX:+CMSScavengeBeforeRemark -XX:ConcGCThreads=4 -XX:GCLogFileSize=20971520 -XX:InitialHeapSize=536870912 -XX:MaxHeapSize=536870912 -XX:MaxTenuringThreshold=8 -XX:NewRatio=3 -XX:NumberOfGCLogFiles=9 -XX:OldPLABSize=16 -XX:-OmitStackTraceInFastThrow -XX:ParallelGCThreads=4 -XX:+ParallelRefProcEnabled -XX:PretenureSizeThreshold=67108864 -XX:+PrintGC -XX:+PrintGCApplicationStoppedTime -XX:+PrintGCDateStamps -XX:+PrintGCDetails -XX:+PrintGCTimeStamps -XX:+PrintHeapAtGC -XX:+PrintTenuringDistribution -XX:SurvivorRatio=4 -XX:TargetSurvivorRatio=90 -XX:ThreadStackSize=256 -XX:+UseCMSInitiatingOccupancyOnly -XX:+UseCompressedClassPointers -XX:+UseCompressedOops -XX:+UseConcMarkSweepGC -XX:+UseGCLogFileRotation -XX:-UseLargePagesIndividualAllocation -XX:+UseParNewGC 
2017-10-31T04:36:35.973-0700: 0.204: Total time for which application threads were stopped: 0.0001199 seconds, Stopping threads took: 0.0000196 seconds
2017-10-31T04:36:36.105-0700: 0.335: Total time for which application threads were stopped: 0.0001592 seconds, Stopping threads took: 0.0000305 seconds
2017-10-31T04:36:36.827-0700: 1.058: Total time for which application threads were stopped: 0.0002689 seconds, Stopping threads took: 0.0000325 seconds
2017-10-31T04:36:37.049-0700: 1.280: Total time for which application threads were stopped: 0.0002479 seconds, Stopping threads took: 0.0000251 seconds
2017-10-31T04:36:37.642-0700: 1.872: Total time for which application threads were stopped: 0.0002655 seconds, Stopping threads took: 0.0000210 seconds
2017-10-31T04:36:37.670-0700: 1.900: Total time for which application threads were stopped: 0.0002865 seconds, Stopping threads took: 0.0000251 seconds
2017-10-31T04:36:37.756-0700: 1.986: Total time for which application threads were stopped: 0.0002824 seconds, Stopping threads took: 0.0000223 seconds
2017-10-31T04:36:37.892-0700: 2.122: Total time for which application threads were stopped: 0.0003325 seconds, Stopping threads took: 0.0000305 seconds
2017-10-31T04:36:37.894-0700: 2.124: Total time for which application threads were stopped: 0.0002594 seconds, Stopping threads took: 0.0000223 seconds
2017-10-31T04:36:37.897-0700: 2.127: Total time for which application threads were stopped: 0.0002282 seconds, Stopping threads took: 0.0000210 seconds
{Heap before GC invocations=0 (full 0):
 par new generation   total 109248K, used 87424K [0x00000000e0000000, 0x00000000e8000000, 0x00000000e8000000)
  eden space 87424K, 100% used [0x00000000e0000000, 0x00000000e5560000, 0x00000000e5560000)
  from space 21824K,   0% used [0x00000000e5560000, 0x00000000e5560000, 0x00000000e6ab0000)
  to   space 21824K,   0% used [0x00000000e6ab0000, 0x00000000e6ab0000, 0x00000000e8000000)
 concurrent mark-sweep generation total 393216K, used 0K [0x00000000e8000000, 0x0000000100000000, 0x0000000100000000)
 Metaspace       used 17297K, capacity 17652K, committed 17920K, reserved 1064960K
  class space    used 2060K, capacity 2184K, committed 2304K, reserved 1048576K
2017-10-31T04:36:38.002-0700: 2.232: [GC (Allocation Failure) 2017-10-31T04:36:38.002-0700: 2.232: [ParNew
Desired survivor size 20112992 bytes, new threshold 8 (max 8)
- age   1:   10155120 bytes,   10155120 total
: 87424K->10024K(109248K), 0.0134197 secs] 87424K->10024K(502464K), 0.0136872 secs] [Times: user=0.05 sys=0.02, real=0.01 secs] 
Heap after GC invocations=1 (full 0):
 par new generation   total 109248K, used 10024K [0x00000000e0000000, 0x00000000e8000000, 0x00000000e8000000)
  eden space 87424K,   0% used [0x00000000e0000000, 0x00000000e0000000, 0x00000000e5560000)
  from space 21824K,  45% used [0x00000000e6ab0000, 0x00000000e747a250, 0x00000000e8000000)
  to   space 21824K,   0% used [0x00000000e5560000, 0x00000000e5560000, 0x00000000e6ab0000)
 concurrent mark-sweep generation total 393216K, used 0K [0x00000000e8000000, 0x0000000100000000, 0x0000000100000000)
 Metaspace       used 17297K, capacity 17652K, committed 17920K, reserved 1064960K
  class space    used 2060K, capacity 2184K, committed 2304K, reserved 1048576K
}
2017-10-31T04:36:38.015-0700: 2.246: Total time for which application threads were stopped: 0.0139987 seconds, Stopping threads took: 0.0000474 seconds
2017-10-31T04:36:38.045-0700: 2.276: Total time for which application threads were stopped: 0.0002492 seconds, Stopping threads took: 0.0000203 seconds
2017-10-31T04:36:38.316-0700: 2.546: Total time for which application threads were stopped: 0.0003136 seconds, Stopping threads took: 0.0000190 seconds
2017-10-31T04:36:38.494-0700: 2.725: Total time for which application threads were stopped: 0.0004104 seconds, Stopping threads took: 0.0000901 seconds
2017-10-31T04:36:38.525-0700: 2.755: Total time for which application threads were stopped: 0.0011588 seconds, Stopping threads took: 0.0010382 seconds
2017-10-31T04:36:38.598-0700: 2.829: Total time for which application threads were stopped: 0.0005696 seconds, Stopping threads took: 0.0001057 seconds
2017-10-31T04:36:38.615-0700: 2.846: Total time for which application threads were stopped: 0.0001104 seconds, Stopping threads took: 0.0000298 seconds
2017-10-31T04:36:38.689-0700: 2.920: Total time for which application threads were stopped: 0.0000935 seconds, Stopping threads took: 0.0000237 seconds
2017-10-31T04:36:38.720-0700: 2.950: Total time for which application threads were stopped: 0.0001165 seconds, Stopping threads took: 0.0000244 seconds
2017-10-31T04:36:38.765-0700: 2.995: Total time for which application threads were stopped: 0.0001300 seconds, Stopping threads took: 0.0000461 seconds
2017-10-31T04:36:38.890-0700: 3.120: Total time for which application threads were stopped: 0.0008317 seconds, Stopping threads took: 0.0007219 seconds
{Heap before GC invocations=1 (full 0):
 par new generation   total 109248K, used 97448K [0x00000000e0000000, 0x00000000e8000000, 0x00000000e8000000)
  eden space 87424K, 100% used [0x00000000e0000000, 0x00000000e5560000, 0x00000000e5560000)
  from space 21824K,  45% used [0x00000000e6ab0000, 0x00000000e747a250, 0x00000000e8000000)
  to   space 21824K,   0% used [0x00000000e5560000, 0x00000000e5560000, 0x00000000e6ab0000)
 concurrent mark-sweep generation total 393216K, used 0K [0x00000000e8000000, 0x0000000100000000, 0x0000000100000000)
 Metaspace       used 22395K, capacity 22926K, committed 23084K, reserved 1069056K
  class space    used 2734K, capacity 2919K, committed 3020K, reserved 1048576K
2017-10-31T04:36:38.894-0700: 3.124: [GC (Allocation Failure) 2017-10-31T04:36:38.894-0700: 3.124: [ParNew
Desired survivor size 20112992 bytes, new threshold 8 (max 8)
- age   1:    8318360 bytes,    8318360 total
- age   2:    4688728 bytes,   13007088 total
: 97448K->15751K(109248K), 0.0139656 secs] 97448K->15751K(502464K), 0.0141748 secs] [Times: user=0.06 sys=0.00, real=0.01 secs] 
Heap after GC invocations=2 (full 0):
 par new generation   total 109248K, used 15751K [0x00000000e0000000, 0x00000000e8000000, 0x00000000e8000000)
  eden space 87424K,   0% used [0x00000000e0000000, 0x00000000e0000000, 0x00000000e5560000)
  from space 21824K,  72% used [0x00000000e5560000, 0x00000000e64c1df0, 0x00000000e6ab0000)
  to   space 21824K,   0% used [0x00000000e6ab0000, 0x00000000e6ab0000, 0x00000000e8000000)
 concurrent mark-sweep generation total 393216K, used 0K [0x00000000e8000000, 0x0000000100000000, 0x0000000100000000)
 Metaspace       used 22395K, capacity 22926K, committed 23084K, reserved 1069056K
  class space    used 2734K, capacity 2919K, committed 3020K, reserved 1048576K
}
2017-10-31T04:36:38.908-0700: 3.138: Total time for which application threads were stopped: 0.0147877 seconds, Stopping threads took: 0.0003596 seconds
2017-10-31T04:36:38.908-0700: 3.139: [GC (CMS Initial Mark) [1 CMS-initial-mark: 0K(393216K)] 15753K(502464K), 0.0034106 secs] [Times: user=0.00 sys=0.00, real=0.00 secs] 
2017-10-31T04:36:38.912-0700: 3.142: Total time for which application threads were stopped: 0.0035772 seconds, Stopping threads took: 0.0000379 seconds
2017-10-31T04:36:38.912-0700: 3.142: [CMS-concurrent-mark-start]
2017-10-31T04:36:38.912-0700: 3.142: [CMS-concurrent-mark: 0.000/0.000 secs] [Times: user=0.00 sys=0.00, real=0.00 secs] 
2017-10-31T04:36:38.912-0700: 3.142: [CMS-concurrent-preclean-start]
2017-10-31T04:36:38.913-0700: 3.144: [CMS-concurrent-preclean: 0.001/0.001 secs] [Times: user=0.00 sys=0.00, real=0.00 secs] 
2017-10-31T04:36:38.920-0700: 3.150: [GC (CMS Final Remark) [YG occupancy: 17397 K (109248 K)]{Heap before GC invocations=2 (full 1):
 par new generation   total 109248K, used 17397K [0x00000000e0000000, 0x00000000e8000000, 0x00000000e8000000)
  eden space 87424K,   1% used [0x00000000e0000000, 0x00000000e019b8a8, 0x00000000e5560000)
  from space 21824K,  72% used [0x00000000e5560000, 0x00000000e64c1df0, 0x00000000e6ab0000)
  to   space 21824K,   0% used [0x00000000e6ab0000, 0x00000000e6ab0000, 0x00000000e8000000)
 concurrent mark-sweep generation total 393216K, used 0K [0x00000000e8000000, 0x0000000100000000, 0x0000000100000000)
 Metaspace       used 22410K, capacity 22926K, committed 23084K, reserved 1069056K
  class space    used 2737K, capacity 2919K, committed 3020K, reserved 1048576K
2017-10-31T04:36:38.920-0700: 3.150: [GC (CMS Final Remark) 2017-10-31T04:36:38.920-0700: 3.150: [ParNew
Desired survivor size 20112992 bytes, new threshold 8 (max 8)
- age   1:      18824 bytes,      18824 total
- age   2:    4077744 bytes,    4096568 total
- age   3:    4684392 bytes,    8780960 total
: 17397K->11101K(109248K), 0.0102312 secs] 17397K->11101K(502464K), 0.0103220 secs] [Times: user=0.00 sys=0.00, real=0.01 secs] 
Heap after GC invocations=3 (full 1):
 par new generation   total 109248K, used 11101K [0x00000000e0000000, 0x00000000e8000000, 0x00000000e8000000)
  eden space 87424K,   0% used [0x00000000e0000000, 0x00000000e0000000, 0x00000000e5560000)
  from space 21824K,  50% used [0x00000000e6ab0000, 0x00000000e75874a0, 0x00000000e8000000)
  to   space 21824K,   0% used [0x00000000e5560000, 0x00000000e5560000, 0x00000000e6ab0000)
 concurrent mark-sweep generation total 393216K, used 0K [0x00000000e8000000, 0x0000000100000000, 0x0000000100000000)
 Metaspace       used 22410K, capacity 22926K, committed 23084K, reserved 1069056K
  class space    used 2737K, capacity 2919K, committed 3020K, reserved 1048576K
}
2017-10-31T04:36:38.930-0700: 3.161: [Rescan (parallel) , 0.0041739 secs]2017-10-31T04:36:38.935-0700: 3.165: [weak refs processing, 0.0003285 secs]2017-10-31T04:36:38.935-0700: 3.165: [class unloading, 0.0040066 secs]2017-10-31T04:36:38.939-0700: 3.169: [scrub symbol table, 0.0043053 secs]2017-10-31T04:36:38.943-0700: 3.174: [scrub string table, 0.0003691 secs][1 CMS-remark: 0K(393216K)] 11101K(502464K), 0.0245361 secs] [Times: user=0.06 sys=0.00, real=0.02 secs] 
2017-10-31T04:36:38.944-0700: 3.175: Total time for which application threads were stopped: 0.0247027 seconds, Stopping threads took: 0.0000427 seconds
2017-10-31T04:36:38.945-0700: 3.175: [CMS-concurrent-sweep-start]
2017-10-31T04:36:38.945-0700: 3.175: [CMS-concurrent-sweep: 0.000/0.000 secs] [Times: user=0.00 sys=0.00, real=0.00 secs] 
2017-10-31T04:36:38.945-0700: 3.175: [CMS-concurrent-reset-start]
2017-10-31T04:36:38.948-0700: 3.178: [CMS-concurrent-reset: 0.003/0.003 secs] [Times: user=0.06 sys=0.00, real=0.00 secs] 
2017-10-31T04:36:38.971-0700: 3.201: Total time for which application threads were stopped: 0.0004206 seconds, Stopping threads took: 0.0000305 seconds
2017-10-31T04:36:39.040-0700: 3.270: Total time for which application threads were stopped: 0.0008886 seconds, Stopping threads took: 0.0004389 seconds
2017-10-31T04:36:39.110-0700: 3.340: Total time for which application threads were stopped: 0.0004016 seconds, Stopping threads took: 0.0000427 seconds
{Heap before GC invocations=3 (full 1):
 par new generation   total 109248K, used 98525K [0x00000000e0000000, 0x00000000e8000000, 0x00000000e8000000)
  eden space 87424K, 100% used [0x00000000e0000000, 0x00000000e5560000, 0x00000000e5560000)
  from space 21824K,  50% used [0x00000000e6ab0000, 0x00000000e75874a0, 0x00000000e8000000)
  to   space 21824K,   0% used [0x00000000e5560000, 0x00000000e5560000, 0x00000000e6ab0000)
 concurrent mark-sweep generation total 393216K, used 0K [0x00000000e8000000, 0x0000000100000000, 0x0000000100000000)
 Metaspace       used 25021K, capacity 25584K, committed 25932K, reserved 1071104K
  class space    used 3086K, capacity 3292K, committed 3404K, reserved 1048576K
2017-10-31T04:36:39.368-0700: 3.598: [GC (Allocation Failure) 2017-10-31T04:36:39.368-0700: 3.598: [ParNew
Desired survivor size 20112992 bytes, new threshold 8 (max 8)
- age   1:    3704680 bytes,    3704680 total
- age   2:       1992 bytes,    3706672 total
- age   3:    3904288 bytes,    7610960 total
- age   4:    4629792 bytes,   12240752 total
: 98525K->14976K(109248K), 0.0130303 secs] 98525K->14976K(502464K), 0.0131447 secs] [Times: user=0.06 sys=0.00, real=0.01 secs] 
Heap after GC invocations=4 (full 1):
 par new generation   total 109248K, used 14976K [0x00000000e0000000, 0x00000000e8000000, 0x00000000e8000000)
  eden space 87424K,   0% used [0x00000000e0000000, 0x00000000e0000000, 0x00000000e5560000)
  from space 21824K,  68% used [0x00000000e5560000, 0x00000000e6400010, 0x00000000e6ab0000)
  to   space 21824K,   0% used [0x00000000e6ab0000, 0x00000000e6ab0000, 0x00000000e8000000)
 concurrent mark-sweep generation total 393216K, used 0K [0x00000000e8000000, 0x0000000100000000, 0x0000000100000000)
 Metaspace       used 25021K, capacity 25584K, committed 25932K, reserved 1071104K
  class space    used 3086K, capacity 3292K, committed 3404K, reserved 1048576K
}
2017-10-31T04:36:39.381-0700: 3.612: Total time for which application threads were stopped: 0.0141830 seconds, Stopping threads took: 0.0006373 seconds
{Heap before GC invocations=4 (full 1):
 par new generation   total 109248K, used 102400K [0x00000000e0000000, 0x00000000e8000000, 0x00000000e8000000)
  eden space 87424K, 100% used [0x00000000e0000000, 0x00000000e5560000, 0x00000000e5560000)
  from space 21824K,  68% used [0x00000000e5560000, 0x00000000e6400010, 0x00000000e6ab0000)
  to   space 21824K,   0% used [0x00000000e6ab0000, 0x00000000e6ab0000, 0x00000000e8000000)
 concurrent mark-sweep generation total 393216K, used 0K [0x00000000e8000000, 0x0000000100000000, 0x0000000100000000)
 Metaspace       used 25833K, capacity 26452K, committed 26828K, reserved 1073152K
  class space    used 3199K, capacity 3426K, committed 3532K, reserved 1048576K
2017-10-31T04:36:39.553-0700: 3.783: [GC (Allocation Failure) 2017-10-31T04:36:39.553-0700: 3.783: [ParNew
Desired survivor size 20112992 bytes, new threshold 8 (max 8)
- age   1:    1466064 bytes,    1466064 total
- age   2:    1917248 bytes,    3383312 total
- age   3:       1840 bytes,    3385152 total
- age   4:    3894224 bytes,    7279376 total
- age   5:    4628768 bytes,   11908144 total
: 102400K->18307K(109248K), 0.0132402 secs] 102400K->18307K(502464K), 0.0133262 secs] [Times: user=0.06 sys=0.00, real=0.01 secs] 
Heap after GC invocations=5 (full 1):
 par new generation   total 109248K, used 18307K [0x00000000e0000000, 0x00000000e8000000, 0x00000000e8000000)
  eden space 87424K,   0% used [0x00000000e0000000, 0x00000000e0000000, 0x00000000e5560000)
  from space 21824K,  83% used [0x00000000e6ab0000, 0x00000000e7c90cf8, 0x00000000e8000000)
  to   space 21824K,   0% used [0x00000000e5560000, 0x00000000e5560000, 0x00000000e6ab0000)
 concurrent mark-sweep generation total 393216K, used 0K [0x00000000e8000000, 0x0000000100000000, 0x0000000100000000)
 Metaspace       used 25833K, capacity 26452K, committed 26828K, reserved 1073152K
  class space    used 3199K, capacity 3426K, committed 3532K, reserved 1048576K
}
2017-10-31T04:36:39.566-0700: 3.797: Total time for which application threads were stopped: 0.0135904 seconds, Stopping threads took: 0.0000406 seconds
{Heap before GC invocations=5 (full 1):
 par new generation   total 109248K, used 105731K [0x00000000e0000000, 0x00000000e8000000, 0x00000000e8000000)
  eden space 87424K, 100% used [0x00000000e0000000, 0x00000000e5560000, 0x00000000e5560000)
  from space 21824K,  83% used [0x00000000e6ab0000, 0x00000000e7c90cf8, 0x00000000e8000000)
  to   space 21824K,   0% used [0x00000000e5560000, 0x00000000e5560000, 0x00000000e6ab0000)
 concurrent mark-sweep generation total 393216K, used 0K [0x00000000e8000000, 0x0000000100000000, 0x0000000100000000)
 Metaspace       used 26007K, capacity 26592K, committed 26828K, reserved 1073152K
  class space    used 3215K, capacity 3428K, committed 3532K, reserved 1048576K
2017-10-31T04:36:39.665-0700: 3.895: [GC (Allocation Failure) 2017-10-31T04:36:39.665-0700: 3.895: [ParNew
Desired survivor size 20112992 bytes, new threshold 8 (max 8)
- age   1:     823736 bytes,     823736 total
- age   2:     315688 bytes,    1139424 total
- age   3:    1913256 bytes,    3052680 total
- age   4:       1840 bytes,    3054520 total
- age   5:    3893928 bytes,    6948448 total
- age   6:    4628648 bytes,   11577096 total
: 105731K->13806K(109248K), 0.0126436 secs] 105731K->13806K(502464K), 0.0128102 secs] [Times: user=0.06 sys=0.00, real=0.01 secs] 
Heap after GC invocations=6 (full 1):
 par new generation   total 109248K, used 13806K [0x00000000e0000000, 0x00000000e8000000, 0x00000000e8000000)
  eden space 87424K,   0% used [0x00000000e0000000, 0x00000000e0000000, 0x00000000e5560000)
  from space 21824K,  63% used [0x00000000e5560000, 0x00000000e62db900, 0x00000000e6ab0000)
  to   space 21824K,   0% used [0x00000000e6ab0000, 0x00000000e6ab0000, 0x00000000e8000000)
 concurrent mark-sweep generation total 393216K, used 0K [0x00000000e8000000, 0x0000000100000000, 0x0000000100000000)
 Metaspace       used 26007K, capacity 26592K, committed 26828K, reserved 1073152K
  class space    used 3215K, capacity 3428K, committed 3532K, reserved 1048576K
}
2017-10-31T04:36:39.677-0700: 3.908: Total time for which application threads were stopped: 0.0130811 seconds, Stopping threads took: 0.0000291 seconds
2017-10-31T04:36:39.888-0700: 4.118: Total time for which application threads were stopped: 0.0004687 seconds, Stopping threads took: 0.0001097 seconds
2017-10-31T04:36:39.899-0700: 4.129: Total time for which application threads were stopped: 0.0004632 seconds, Stopping threads took: 0.0000312 seconds
2017-10-31T04:36:39.909-0700: 4.139: Total time for which application threads were stopped: 0.0001456 seconds, Stopping threads took: 0.0000488 seconds
2017-10-31T04:36:39.909-0700: 4.140: Total time for which application threads were stopped: 0.0000982 seconds, Stopping threads took: 0.0000257 seconds
2017-10-31T04:36:39.919-0700: 4.150: Total time for which application threads were stopped: 0.0002594 seconds, Stopping threads took: 0.0001476 seconds
2017-10-31T04:36:39.920-0700: 4.150: Total time for which application threads were stopped: 0.0001334 seconds, Stopping threads took: 0.0000386 seconds
2017-10-31T04:36:39.950-0700: 4.181: Total time for which application threads were stopped: 0.0001768 seconds, Stopping threads took: 0.0000474 seconds
2017-10-31T04:36:39.950-0700: 4.181: Total time for which application threads were stopped: 0.0001050 seconds, Stopping threads took: 0.0000318 seconds
2017-10-31T04:36:39.956-0700: 4.187: Total time for which application threads were stopped: 0.0001341 seconds, Stopping threads took: 0.0000474 seconds
2017-10-31T04:36:39.957-0700: 4.187: Total time for which application threads were stopped: 0.0001266 seconds, Stopping threads took: 0.0000325 seconds
2017-10-31T04:36:39.962-0700: 4.192: Total time for which application threads were stopped: 0.0001612 seconds, Stopping threads took: 0.0000494 seconds
2017-10-31T04:36:39.962-0700: 4.193: Total time for which application threads were stopped: 0.0001260 seconds, Stopping threads took: 0.0000318 seconds
2017-10-31T04:36:39.965-0700: 4.195: Total time for which application threads were stopped: 0.0001497 seconds, Stopping threads took: 0.0000589 seconds
2017-10-31T04:36:39.965-0700: 4.196: Total time for which application threads were stopped: 0.0001090 seconds, Stopping threads took: 0.0000284 seconds
2017-10-31T04:36:39.967-0700: 4.198: Total time for which application threads were stopped: 0.0001429 seconds, Stopping threads took: 0.0000508 seconds
2017-10-31T04:36:39.968-0700: 4.198: Total time for which application threads were stopped: 0.0001009 seconds, Stopping threads took: 0.0000278 seconds
2017-10-31T04:36:39.971-0700: 4.202: Total time for which application threads were stopped: 0.0001490 seconds, Stopping threads took: 0.0000488 seconds
2017-10-31T04:36:39.984-0700: 4.215: Total time for which application threads were stopped: 0.0001727 seconds, Stopping threads took: 0.0000352 seconds
2017-10-31T04:36:39.999-0700: 4.230: Total time for which application threads were stopped: 0.0005526 seconds, Stopping threads took: 0.0004118 seconds
2017-10-31T04:36:40.002-0700: 4.232: Total time for which application threads were stopped: 0.0001409 seconds, Stopping threads took: 0.0000549 seconds
2017-10-31T04:36:40.007-0700: 4.238: Total time for which application threads were stopped: 0.0019369 seconds, Stopping threads took: 0.0018408 seconds
2017-10-31T04:36:40.007-0700: 4.238: Total time for which application threads were stopped: 0.0002364 seconds, Stopping threads took: 0.0000291 seconds
{Heap before GC invocations=6 (full 1):
 par new generation   total 109248K, used 101230K [0x00000000e0000000, 0x00000000e8000000, 0x00000000e8000000)
  eden space 87424K, 100% used [0x00000000e0000000, 0x00000000e5560000, 0x00000000e5560000)
  from space 21824K,  63% used [0x00000000e5560000, 0x00000000e62db900, 0x00000000e6ab0000)
  to   space 21824K,   0% used [0x00000000e6ab0000, 0x00000000e6ab0000, 0x00000000e8000000)
 concurrent mark-sweep generation total 393216K, used 0K [0x00000000e8000000, 0x0000000100000000, 0x0000000100000000)
 Metaspace       used 27614K, capacity 28188K, committed 28492K, reserved 1075200K
  class space    used 3391K, capacity 3596K, committed 3660K, reserved 1048576K
2017-10-31T04:36:40.081-0700: 4.312: [GC (Allocation Failure) 2017-10-31T04:36:40.081-0700: 4.312: [ParNew
Desired survivor size 20112992 bytes, new threshold 8 (max 8)
- age   1:    2564936 bytes,    2564936 total
- age   2:     145432 bytes,    2710368 total
- age   3:     307448 bytes,    3017816 total
- age   4:     858512 bytes,    3876328 total
- age   5:       1840 bytes,    3878168 total
- age   6:    3893712 bytes,    7771880 total
- age   7:    4628784 bytes,   12400664 total
: 101230K->17254K(109248K), 0.0159201 secs] 101230K->17254K(502464K), 0.0160122 secs] [Times: user=0.06 sys=0.00, real=0.02 secs] 
Heap after GC invocations=7 (full 1):
 par new generation   total 109248K, used 17254K [0x00000000e0000000, 0x00000000e8000000, 0x00000000e8000000)
  eden space 87424K,   0% used [0x00000000e0000000, 0x00000000e0000000, 0x00000000e5560000)
  from space 21824K,  79% used [0x00000000e6ab0000, 0x00000000e7b89a40, 0x00000000e8000000)
  to   space 21824K,   0% used [0x00000000e5560000, 0x00000000e5560000, 0x00000000e6ab0000)
 concurrent mark-sweep generation total 393216K, used 0K [0x00000000e8000000, 0x0000000100000000, 0x0000000100000000)
 Metaspace       used 27614K, capacity 28188K, committed 28492K, reserved 1075200K
  class space    used 3391K, capacity 3596K, committed 3660K, reserved 1048576K
}
2017-10-31T04:36:40.097-0700: 4.328: Total time for which application threads were stopped: 0.0163163 seconds, Stopping threads took: 0.0000372 seconds
2017-10-31T04:36:40.110-0700: 4.341: Total time for which application threads were stopped: 0.0001341 seconds, Stopping threads took: 0.0000488 seconds
2017-10-31T04:36:40.114-0700: 4.345: Total time for which application threads were stopped: 0.0005750 seconds, Stopping threads took: 0.0004727 seconds
2017-10-31T04:36:40.115-0700: 4.346: Total time for which application threads were stopped: 0.0001104 seconds, Stopping threads took: 0.0000223 seconds
2017-10-31T04:36:40.118-0700: 4.349: Total time for which application threads were stopped: 0.0001226 seconds, Stopping threads took: 0.0000298 seconds
2017-10-31T04:36:40.124-0700: 4.354: Total time for which application threads were stopped: 0.0001578 seconds, Stopping threads took: 0.0000440 seconds
2017-10-31T04:36:40.124-0700: 4.355: Total time for which application threads were stopped: 0.0001077 seconds, Stopping threads took: 0.0000203 seconds
2017-10-31T04:36:40.124-0700: 4.355: Total time for which application threads were stopped: 0.0000860 seconds, Stopping threads took: 0.0000264 seconds
2017-10-31T04:36:40.125-0700: 4.355: Total time for which application threads were stopped: 0.0000908 seconds, Stopping threads took: 0.0000284 seconds
2017-10-31T04:36:40.125-0700: 4.355: Total time for which application threads were stopped: 0.0000738 seconds, Stopping threads took: 0.0000203 seconds
2017-10-31T04:36:40.125-0700: 4.356: Total time for which application threads were stopped: 0.0000894 seconds, Stopping threads took: 0.0000257 seconds
2017-10-31T04:36:40.125-0700: 4.356: Total time for which application threads were stopped: 0.0000874 seconds, Stopping threads took: 0.0000291 seconds
2017-10-31T04:36:40.126-0700: 4.356: Total time for which application threads were stopped: 0.0000752 seconds, Stopping threads took: 0.0000244 seconds
2017-10-31T04:36:40.126-0700: 4.356: Total time for which application threads were stopped: 0.0001185 seconds, Stopping threads took: 0.0000298 seconds
2017-10-31T04:36:40.126-0700: 4.356: Total time for which application threads were stopped: 0.0001097 seconds, Stopping threads took: 0.0000325 seconds
2017-10-31T04:36:40.126-0700: 4.357: Total time for which application threads were stopped: 0.0001185 seconds, Stopping threads took: 0.0000305 seconds
2017-10-31T04:36:40.126-0700: 4.357: Total time for which application threads were stopped: 0.0001050 seconds, Stopping threads took: 0.0000257 seconds
2017-10-31T04:36:40.127-0700: 4.357: Total time for which application threads were stopped: 0.0001070 seconds, Stopping threads took: 0.0000257 seconds
2017-10-31T04:36:40.127-0700: 4.357: Total time for which application threads were stopped: 0.0001009 seconds, Stopping threads took: 0.0000244 seconds
2017-10-31T04:36:40.127-0700: 4.358: Total time for which application threads were stopped: 0.0000908 seconds, Stopping threads took: 0.0000196 seconds
2017-10-31T04:36:40.128-0700: 4.358: Total time for which application threads were stopped: 0.0002486 seconds, Stopping threads took: 0.0000291 seconds
2017-10-31T04:36:40.131-0700: 4.362: Total time for which application threads were stopped: 0.0004152 seconds, Stopping threads took: 0.0003061 seconds
2017-10-31T04:36:40.162-0700: 4.392: Total time for which application threads were stopped: 0.0005303 seconds, Stopping threads took: 0.0000325 seconds
2017-10-31T04:36:40.178-0700: 4.409: Total time for which application threads were stopped: 0.0001537 seconds, Stopping threads took: 0.0000454 seconds
2017-10-31T04:36:40.180-0700: 4.411: Total time for which application threads were stopped: 0.0001029 seconds, Stopping threads took: 0.0000230 seconds
2017-10-31T04:36:40.189-0700: 4.419: Total time for which application threads were stopped: 0.0003508 seconds, Stopping threads took: 0.0002729 seconds
2017-10-31T04:36:40.193-0700: 4.423: Total time for which application threads were stopped: 0.0003339 seconds, Stopping threads took: 0.0002431 seconds
2017-10-31T04:36:40.195-0700: 4.426: Total time for which application threads were stopped: 0.0003352 seconds, Stopping threads took: 0.0002106 seconds
2017-10-31T04:36:40.196-0700: 4.426: Total time for which application threads were stopped: 0.0001456 seconds, Stopping threads took: 0.0000386 seconds
2017-10-31T04:36:40.203-0700: 4.433: Total time for which application threads were stopped: 0.0001178 seconds, Stopping threads took: 0.0000427 seconds
2017-10-31T04:36:40.211-0700: 4.441: Total time for which application threads were stopped: 0.0001158 seconds, Stopping threads took: 0.0000359 seconds
2017-10-31T04:36:40.212-0700: 4.442: Total time for which application threads were stopped: 0.0000887 seconds, Stopping threads took: 0.0000312 seconds
2017-10-31T04:36:40.212-0700: 4.443: Total time for which application threads were stopped: 0.0000806 seconds, Stopping threads took: 0.0000413 seconds
2017-10-31T04:36:40.213-0700: 4.443: Total time for which application threads were stopped: 0.0000867 seconds, Stopping threads took: 0.0000271 seconds
2017-10-31T04:36:40.213-0700: 4.444: Total time for which application threads were stopped: 0.0000813 seconds, Stopping threads took: 0.0000237 seconds
2017-10-31T04:36:40.215-0700: 4.445: Total time for which application threads were stopped: 0.0000772 seconds, Stopping threads took: 0.0000271 seconds
2017-10-31T04:36:40.217-0700: 4.447: Total time for which application threads were stopped: 0.0000806 seconds, Stopping threads took: 0.0000291 seconds
2017-10-31T04:36:40.218-0700: 4.448: Total time for which application threads were stopped: 0.0000759 seconds, Stopping threads took: 0.0000264 seconds
2017-10-31T04:36:40.218-0700: 4.449: Total time for which application threads were stopped: 0.0000711 seconds, Stopping threads took: 0.0000251 seconds
2017-10-31T04:36:40.219-0700: 4.449: Total time for which application threads were stopped: 0.0000738 seconds, Stopping threads took: 0.0000149 seconds
2017-10-31T04:36:40.219-0700: 4.449: Total time for which application threads were stopped: 0.0000874 seconds, Stopping threads took: 0.0000393 seconds
2017-10-31T04:36:40.220-0700: 4.450: Total time for which application threads were stopped: 0.0000928 seconds, Stopping threads took: 0.0000386 seconds
2017-10-31T04:36:40.220-0700: 4.451: Total time for which application threads were stopped: 0.0000928 seconds, Stopping threads took: 0.0000278 seconds
2017-10-31T04:36:40.221-0700: 4.451: Total time for which application threads were stopped: 0.0000704 seconds, Stopping threads took: 0.0000257 seconds
2017-10-31T04:36:40.222-0700: 4.452: Total time for which application threads were stopped: 0.0000921 seconds, Stopping threads took: 0.0000196 seconds
2017-10-31T04:36:40.223-0700: 4.453: Total time for which application threads were stopped: 0.0000799 seconds, Stopping threads took: 0.0000264 seconds
2017-10-31T04:36:40.225-0700: 4.455: Total time for which application threads were stopped: 0.0002005 seconds, Stopping threads took: 0.0000257 seconds
2017-10-31T04:36:40.226-0700: 4.457: Total time for which application threads were stopped: 0.0000752 seconds, Stopping threads took: 0.0000237 seconds
2017-10-31T04:36:40.227-0700: 4.457: Total time for which application threads were stopped: 0.0000779 seconds, Stopping threads took: 0.0000278 seconds
2017-10-31T04:36:40.227-0700: 4.458: Total time for which application threads were stopped: 0.0000650 seconds, Stopping threads took: 0.0000251 seconds
2017-10-31T04:36:40.228-0700: 4.458: Total time for which application threads were stopped: 0.0000670 seconds, Stopping threads took: 0.0000223 seconds
2017-10-31T04:36:40.228-0700: 4.459: Total time for which application threads were stopped: 0.0000731 seconds, Stopping threads took: 0.0000298 seconds
2017-10-31T04:36:40.282-0700: 4.512: Total time for which application threads were stopped: 0.0001131 seconds, Stopping threads took: 0.0000230 seconds
2017-10-31T04:36:40.287-0700: 4.518: Total time for which application threads were stopped: 0.0002838 seconds, Stopping threads took: 0.0002052 seconds
2017-10-31T04:36:40.290-0700: 4.520: Total time for which application threads were stopped: 0.0002872 seconds, Stopping threads took: 0.0002127 seconds
2017-10-31T04:36:40.290-0700: 4.520: Total time for which application threads were stopped: 0.0000833 seconds, Stopping threads took: 0.0000163 seconds
2017-10-31T04:36:40.293-0700: 4.524: Total time for which application threads were stopped: 0.0005946 seconds, Stopping threads took: 0.0005188 seconds
2017-10-31T04:36:40.294-0700: 4.525: Total time for which application threads were stopped: 0.0005432 seconds, Stopping threads took: 0.0004815 seconds
2017-10-31T04:36:40.299-0700: 4.529: Total time for which application threads were stopped: 0.0004971 seconds, Stopping threads took: 0.0004192 seconds
2017-10-31T04:36:40.299-0700: 4.529: Total time for which application threads were stopped: 0.0000799 seconds, Stopping threads took: 0.0000278 seconds
2017-10-31T04:36:40.306-0700: 4.536: Total time for which application threads were stopped: 0.0000996 seconds, Stopping threads took: 0.0000223 seconds
2017-10-31T04:36:40.306-0700: 4.537: Total time for which application threads were stopped: 0.0000935 seconds, Stopping threads took: 0.0000237 seconds
2017-10-31T04:36:40.316-0700: 4.547: Total time for which application threads were stopped: 0.0001402 seconds, Stopping threads took: 0.0000508 seconds
2017-10-31T04:36:40.316-0700: 4.547: Total time for which application threads were stopped: 0.0000921 seconds, Stopping threads took: 0.0000183 seconds
2017-10-31T04:36:40.316-0700: 4.548: Total time for which application threads were stopped: 0.0001043 seconds, Stopping threads took: 0.0000386 seconds
2017-10-31T04:36:40.318-0700: 4.548: Total time for which application threads were stopped: 0.0001774 seconds, Stopping threads took: 0.0000278 seconds
2017-10-31T04:36:40.397-0700: 4.628: Total time for which application threads were stopped: 0.0001910 seconds, Stopping threads took: 0.0000488 seconds
2017-10-31T04:36:40.415-0700: 4.646: Total time for which application threads were stopped: 0.0001111 seconds, Stopping threads took: 0.0000325 seconds
{Heap before GC invocations=7 (full 1):
 par new generation   total 109248K, used 104678K [0x00000000e0000000, 0x00000000e8000000, 0x00000000e8000000)
  eden space 87424K, 100% used [0x00000000e0000000, 0x00000000e5560000, 0x00000000e5560000)
  from space 21824K,  79% used [0x00000000e6ab0000, 0x00000000e7b89a40, 0x00000000e8000000)
  to   space 21824K,   0% used [0x00000000e5560000, 0x00000000e5560000, 0x00000000e6ab0000)
 concurrent mark-sweep generation total 393216K, used 0K [0x00000000e8000000, 0x0000000100000000, 0x0000000100000000)
 Metaspace       used 30150K, capacity 30906K, committed 31180K, reserved 1077248K
  class space    used 3734K, capacity 3963K, committed 4044K, reserved 1048576K
2017-10-31T04:36:40.594-0700: 4.825: [GC (Allocation Failure) 2017-10-31T04:36:40.594-0700: 4.825: [ParNew
Desired survivor size 20112992 bytes, new threshold 8 (max 8)
- age   1:    3866488 bytes,    3866488 total
- age   2:    1399592 bytes,    5266080 total
- age   3:     144712 bytes,    5410792 total
- age   4:     301200 bytes,    5711992 total
- age   5:     849968 bytes,    6561960 total
- age   6:       1840 bytes,    6563800 total
- age   7:    3884688 bytes,   10448488 total
- age   8:    4583920 bytes,   15032408 total
: 104678K->19266K(109248K), 0.0155361 secs] 104678K->19266K(502464K), 0.0156675 secs] [Times: user=0.06 sys=0.00, real=0.02 secs] 
Heap after GC invocations=8 (full 1):
 par new generation   total 109248K, used 19266K [0x00000000e0000000, 0x00000000e8000000, 0x00000000e8000000)
  eden space 87424K,   0% used [0x00000000e0000000, 0x00000000e0000000, 0x00000000e5560000)
  from space 21824K,  88% used [0x00000000e5560000, 0x00000000e6830ab0, 0x00000000e6ab0000)
  to   space 21824K,   0% used [0x00000000e6ab0000, 0x00000000e6ab0000, 0x00000000e8000000)
 concurrent mark-sweep generation total 393216K, used 0K [0x00000000e8000000, 0x0000000100000000, 0x0000000100000000)
 Metaspace       used 30150K, capacity 30906K, committed 31180K, reserved 1077248K
  class space    used 3734K, capacity 3963K, committed 4044K, reserved 1048576K
}
2017-10-31T04:36:40.610-0700: 4.841: Total time for which application threads were stopped: 0.0160522 seconds, Stopping threads took: 0.0000420 seconds
2017-10-31T04:36:40.667-0700: 4.898: Total time for which application threads were stopped: 0.0004497 seconds, Stopping threads took: 0.0003556 seconds
2017-10-31T04:36:40.668-0700: 4.898: Total time for which application threads were stopped: 0.0001165 seconds, Stopping threads took: 0.0000298 seconds
2017-10-31T04:36:40.680-0700: 4.910: Total time for which application threads were stopped: 0.0001483 seconds, Stopping threads took: 0.0000474 seconds
2017-10-31T04:36:40.692-0700: 4.923: Total time for which application threads were stopped: 0.0001639 seconds, Stopping threads took: 0.0000481 seconds
2017-10-31T04:36:40.723-0700: 4.953: Total time for which application threads were stopped: 0.0007714 seconds, Stopping threads took: 0.0006651 seconds
2017-10-31T04:36:40.761-0700: 4.992: Total time for which application threads were stopped: 0.0001395 seconds, Stopping threads took: 0.0000454 seconds
2017-10-31T04:36:40.762-0700: 4.993: Total time for which application threads were stopped: 0.0005161 seconds, Stopping threads took: 0.0000264 seconds
2017-10-31T04:36:40.812-0700: 5.043: Total time for which application threads were stopped: 0.0005892 seconds, Stopping threads took: 0.0000332 seconds
2017-10-31T04:36:40.829-0700: 5.060: Total time for which application threads were stopped: 0.0005161 seconds, Stopping threads took: 0.0000291 seconds
2017-10-31T04:36:40.884-0700: 5.114: Total time for which application threads were stopped: 0.0004836 seconds, Stopping threads took: 0.0000291 seconds
2017-10-31T04:36:40.888-0700: 5.118: Total time for which application threads were stopped: 0.0001199 seconds, Stopping threads took: 0.0000298 seconds
2017-10-31T04:36:40.898-0700: 5.128: Total time for which application threads were stopped: 0.0001023 seconds, Stopping threads took: 0.0000332 seconds
2017-10-31T04:36:40.907-0700: 5.138: Total time for which application threads were stopped: 0.0001131 seconds, Stopping threads took: 0.0000386 seconds
2017-10-31T04:36:40.916-0700: 5.146: Total time for which application threads were stopped: 0.0001023 seconds, Stopping threads took: 0.0000284 seconds
2017-10-31T04:36:40.932-0700: 5.162: Total time for which application threads were stopped: 0.0001402 seconds, Stopping threads took: 0.0000440 seconds
2017-10-31T04:36:41.018-0700: 5.249: Total time for which application threads were stopped: 0.0001063 seconds, Stopping threads took: 0.0000332 seconds
2017-10-31T04:36:41.026-0700: 5.256: Total time for which application threads were stopped: 0.0002370 seconds, Stopping threads took: 0.0001084 seconds
2017-10-31T04:36:41.026-0700: 5.257: Total time for which application threads were stopped: 0.0001368 seconds, Stopping threads took: 0.0000379 seconds
2017-10-31T04:36:42.027-0700: 6.257: Total time for which application threads were stopped: 0.0002533 seconds, Stopping threads took: 0.0000555 seconds
2017-10-31T04:37:08.134-0700: 32.365: Total time for which application threads were stopped: 0.0007680 seconds, Stopping threads took: 0.0000359 seconds
2017-10-31T04:37:08.180-0700: 32.410: Total time for which application threads were stopped: 0.0001260 seconds, Stopping threads took: 0.0000643 seconds
2017-10-31T04:37:08.180-0700: 32.410: Total time for which application threads were stopped: 0.0000637 seconds, Stopping threads took: 0.0000196 seconds
2017-10-31T04:37:08.181-0700: 32.411: Total time for which application threads were stopped: 0.0000589 seconds, Stopping threads took: 0.0000169 seconds
2017-10-31T04:37:08.191-0700: 32.421: Total time for which application threads were stopped: 0.0000786 seconds, Stopping threads took: 0.0000257 seconds
2017-10-31T04:37:08.191-0700: 32.421: Total time for which application threads were stopped: 0.0000704 seconds, Stopping threads took: 0.0000169 seconds
2017-10-31T04:37:08.206-0700: 32.437: Total time for which application threads were stopped: 0.0000968 seconds, Stopping threads took: 0.0000305 seconds
2017-10-31T04:37:08.209-0700: 32.439: Total time for which application threads were stopped: 0.0000786 seconds, Stopping threads took: 0.0000271 seconds
2017-10-31T04:37:08.231-0700: 32.462: Total time for which application threads were stopped: 0.0000813 seconds, Stopping threads took: 0.0000210 seconds
2017-10-31T04:37:08.236-0700: 32.466: Total time for which application threads were stopped: 0.0000792 seconds, Stopping threads took: 0.0000210 seconds
2017-10-31T04:37:08.236-0700: 32.467: Total time for which application threads were stopped: 0.0000596 seconds, Stopping threads took: 0.0000217 seconds
2017-10-31T04:37:08.236-0700: 32.467: Total time for which application threads were stopped: 0.0000406 seconds, Stopping threads took: 0.0000129 seconds
2017-10-31T04:37:08.269-0700: 32.500: Total time for which application threads were stopped: 0.0000772 seconds, Stopping threads took: 0.0000210 seconds
2017-10-31T04:37:08.270-0700: 32.501: Total time for which application threads were stopped: 0.0000637 seconds, Stopping threads took: 0.0000210 seconds
2017-10-31T04:37:08.271-0700: 32.501: Total time for which application threads were stopped: 0.0000670 seconds, Stopping threads took: 0.0000156 seconds
2017-10-31T04:37:08.432-0700: 32.663: Total time for which application threads were stopped: 0.0000745 seconds, Stopping threads took: 0.0000217 seconds
2017-10-31T04:37:08.432-0700: 32.663: Total time for which application threads were stopped: 0.0000427 seconds, Stopping threads took: 0.0000102 seconds
2017-10-31T04:37:08.438-0700: 32.668: Total time for which application threads were stopped: 0.0000955 seconds, Stopping threads took: 0.0000325 seconds
2017-10-31T04:37:08.438-0700: 32.668: Total time for which application threads were stopped: 0.0000752 seconds, Stopping threads took: 0.0000237 seconds
2017-10-31T04:37:08.444-0700: 32.675: Total time for which application threads were stopped: 0.0002865 seconds, Stopping threads took: 0.0001964 seconds
2017-10-31T04:37:08.445-0700: 32.675: Total time for which application threads were stopped: 0.0002533 seconds, Stopping threads took: 0.0001917 seconds
2017-10-31T04:37:08.445-0700: 32.676: Total time for which application threads were stopped: 0.0002201 seconds, Stopping threads took: 0.0001592 seconds
2017-10-31T04:37:08.447-0700: 32.678: Total time for which application threads were stopped: 0.0000982 seconds, Stopping threads took: 0.0000305 seconds
2017-10-31T04:37:08.448-0700: 32.678: Total time for which application threads were stopped: 0.0000670 seconds, Stopping threads took: 0.0000190 seconds
2017-10-31T04:37:08.448-0700: 32.678: Total time for which application threads were stopped: 0.0000670 seconds, Stopping threads took: 0.0000210 seconds
2017-10-31T04:37:08.448-0700: 32.678: Total time for which application threads were stopped: 0.0000630 seconds, Stopping threads took: 0.0000183 seconds
2017-10-31T04:37:08.448-0700: 32.678: Total time for which application threads were stopped: 0.0000596 seconds, Stopping threads took: 0.0000223 seconds
2017-10-31T04:37:09.448-0700: 33.678: Total time for which application threads were stopped: 0.0001476 seconds, Stopping threads took: 0.0000352 seconds
2017-10-31T04:37:24.455-0700: 48.685: Total time for which application threads were stopped: 0.0001246 seconds, Stopping threads took: 0.0000467 seconds
2017-10-31T04:37:25.455-0700: 49.686: Total time for which application threads were stopped: 0.0002276 seconds, Stopping threads took: 0.0000461 seconds
2017-10-31T04:37:27.456-0700: 51.687: Total time for which application threads were stopped: 0.0002499 seconds, Stopping threads took: 0.0000752 seconds
2017-10-31T04:37:59.929-0700: 84.160: Total time for which application threads were stopped: 0.0001023 seconds, Stopping threads took: 0.0000305 seconds
2017-10-31T04:37:59.929-0700: 84.160: Total time for which application threads were stopped: 0.0002269 seconds, Stopping threads took: 0.0001578 seconds
2017-10-31T04:37:59.933-0700: 84.164: Total time for which application threads were stopped: 0.0001050 seconds, Stopping threads took: 0.0000278 seconds
2017-10-31T04:37:59.933-0700: 84.164: Total time for which application threads were stopped: 0.0000975 seconds, Stopping threads took: 0.0000494 seconds
2017-10-31T04:37:59.933-0700: 84.164: Total time for which application threads were stopped: 0.0000488 seconds, Stopping threads took: 0.0000122 seconds
2017-10-31T04:37:59.934-0700: 84.164: Total time for which application threads were stopped: 0.0000393 seconds, Stopping threads took: 0.0000095 seconds
{Heap before GC invocations=8 (full 1):
 par new generation   total 109248K, used 106544K [0x00000000e0000000, 0x00000000e8000000, 0x00000000e8000000)
  eden space 87424K,  99% used [0x00000000e0000000, 0x00000000e553b778, 0x00000000e5560000)
  from space 21824K,  88% used [0x00000000e5560000, 0x00000000e6830ab0, 0x00000000e6ab0000)
  to   space 21824K,   0% used [0x00000000e6ab0000, 0x00000000e6ab0000, 0x00000000e8000000)
 concurrent mark-sweep generation total 393216K, used 0K [0x00000000e8000000, 0x0000000100000000, 0x0000000100000000)
 Metaspace       used 35389K, capacity 36314K, committed 36428K, reserved 1081344K
  class space    used 4412K, capacity 4659K, committed 4684K, reserved 1048576K
2017-10-31T04:37:59.935-0700: 84.166: [GC (Allocation Failure) 2017-10-31T04:37:59.935-0700: 84.166: [ParNew
Desired survivor size 20112992 bytes, new threshold 8 (max 8)
- age   1:   13011072 bytes,   13011072 total
- age   2:    1312392 bytes,   14323464 total
- age   3:    1397280 bytes,   15720744 total
- age   4:     144296 bytes,   15865040 total
- age   5:     289544 bytes,   16154584 total
- age   6:     815536 bytes,   16970120 total
- age   7:       1840 bytes,   16971960 total
- age   8:    3815176 bytes,   20787136 total
: 106544K->21824K(109248K), 0.0407454 secs] 106544K->27159K(502464K), 0.0408273 secs] [Times: user=0.13 sys=0.00, real=0.04 secs] 
Heap after GC invocations=9 (full 1):
 par new generation   total 109248K, used 21824K [0x00000000e0000000, 0x00000000e8000000, 0x00000000e8000000)
  eden space 87424K,   0% used [0x00000000e0000000, 0x00000000e0000000, 0x00000000e5560000)
  from space 21824K, 100% used [0x00000000e6ab0000, 0x00000000e8000000, 0x00000000e8000000)
  to   space 21824K,   0% used [0x00000000e5560000, 0x00000000e5560000, 0x00000000e6ab0000)
 concurrent mark-sweep generation total 393216K, used 5335K [0x00000000e8000000, 0x0000000100000000, 0x0000000100000000)
 Metaspace       used 35389K, capacity 36314K, committed 36428K, reserved 1081344K
  class space    used 4412K, capacity 4659K, committed 4684K, reserved 1048576K
}
2017-10-31T04:37:59.976-0700: 84.207: Total time for which application threads were stopped: 0.0410278 seconds, Stopping threads took: 0.0000122 seconds
2017-10-31T04:37:59.977-0700: 84.208: Total time for which application threads were stopped: 0.0001036 seconds, Stopping threads took: 0.0000535 seconds
2017-10-31T04:37:59.977-0700: 84.208: Total time for which application threads were stopped: 0.0000941 seconds, Stopping threads took: 0.0000474 seconds
2017-10-31T04:37:59.977-0700: 84.208: Total time for which application threads were stopped: 0.0000670 seconds, Stopping threads took: 0.0000366 seconds
2017-10-31T04:37:59.978-0700: 84.209: Total time for which application threads were stopped: 0.0000725 seconds, Stopping threads took: 0.0000271 seconds
2017-10-31T04:37:59.978-0700: 84.209: Total time for which application threads were stopped: 0.0000813 seconds, Stopping threads took: 0.0000352 seconds
2017-10-31T04:37:59.978-0700: 84.210: Total time for which application threads were stopped: 0.0000718 seconds, Stopping threads took: 0.0000386 seconds
2017-10-31T04:37:59.979-0700: 84.210: Total time for which application threads were stopped: 0.0000745 seconds, Stopping threads took: 0.0000291 seconds
2017-10-31T04:37:59.979-0700: 84.210: Total time for which application threads were stopped: 0.0000759 seconds, Stopping threads took: 0.0000386 seconds
2017-10-31T04:37:59.979-0700: 84.210: Total time for which application threads were stopped: 0.0001016 seconds, Stopping threads took: 0.0000521 seconds
2017-10-31T04:37:59.979-0700: 84.210: Total time for which application threads were stopped: 0.0000725 seconds, Stopping threads took: 0.0000447 seconds
2017-10-31T04:37:59.979-0700: 84.210: Total time for which application threads were stopped: 0.0000549 seconds, Stopping threads took: 0.0000264 seconds
2017-10-31T04:37:59.980-0700: 84.211: Total time for which application threads were stopped: 0.0003691 seconds, Stopping threads took: 0.0003278 seconds
2017-10-31T04:37:59.980-0700: 84.211: Total time for which application threads were stopped: 0.0000826 seconds, Stopping threads took: 0.0000359 seconds
2017-10-31T04:37:59.980-0700: 84.211: Total time for which application threads were stopped: 0.0000752 seconds, Stopping threads took: 0.0000366 seconds
2017-10-31T04:37:59.980-0700: 84.211: Total time for which application threads were stopped: 0.0000968 seconds, Stopping threads took: 0.0000589 seconds
2017-10-31T04:37:59.980-0700: 84.211: Total time for which application threads were stopped: 0.0000576 seconds, Stopping threads took: 0.0000176 seconds
2017-10-31T04:37:59.980-0700: 84.211: Total time for which application threads were stopped: 0.0000914 seconds, Stopping threads took: 0.0000542 seconds
2017-10-31T04:37:59.980-0700: 84.211: Total time for which application threads were stopped: 0.0000603 seconds, Stopping threads took: 0.0000217 seconds
2017-10-31T04:37:59.980-0700: 84.211: Total time for which application threads were stopped: 0.0000664 seconds, Stopping threads took: 0.0000291 seconds
2017-10-31T04:37:59.980-0700: 84.211: Total time for which application threads were stopped: 0.0000677 seconds, Stopping threads took: 0.0000291 seconds
2017-10-31T04:37:59.981-0700: 84.212: Total time for which application threads were stopped: 0.0003129 seconds, Stopping threads took: 0.0000298 seconds
2017-10-31T04:37:59.983-0700: 84.214: Total time for which application threads were stopped: 0.0001503 seconds, Stopping threads took: 0.0000698 seconds
2017-10-31T04:37:59.986-0700: 84.217: Total time for which application threads were stopped: 0.0001070 seconds, Stopping threads took: 0.0000406 seconds
2017-10-31T04:37:59.987-0700: 84.217: Total time for which application threads were stopped: 0.0000935 seconds, Stopping threads took: 0.0000339 seconds
2017-10-31T04:38:00.128-0700: 84.359: Total time for which application threads were stopped: 0.0001151 seconds, Stopping threads took: 0.0000305 seconds
2017-10-31T04:38:00.135-0700: 84.366: Total time for which application threads were stopped: 0.0001273 seconds, Stopping threads took: 0.0000305 seconds
2017-10-31T04:38:00.137-0700: 84.368: Total time for which application threads were stopped: 0.0000962 seconds, Stopping threads took: 0.0000298 seconds
2017-10-31T04:38:00.137-0700: 84.368: Total time for which application threads were stopped: 0.0000623 seconds, Stopping threads took: 0.0000203 seconds
2017-10-31T04:38:00.139-0700: 84.371: Total time for which application threads were stopped: 0.0000745 seconds, Stopping threads took: 0.0000223 seconds
2017-10-31T04:38:00.140-0700: 84.371: Total time for which application threads were stopped: 0.0000698 seconds, Stopping threads took: 0.0000156 seconds
2017-10-31T04:38:01.141-0700: 85.371: Total time for which application threads were stopped: 0.0001192 seconds, Stopping threads took: 0.0000325 seconds
2017-10-31T04:38:05.689-0700: 89.920: Total time for which application threads were stopped: 0.0003440 seconds, Stopping threads took: 0.0001287 seconds
2017-10-31T04:39:12.557-0700: 156.788: Total time for which application threads were stopped: 0.0000962 seconds, Stopping threads took: 0.0000325 seconds
2017-10-31T04:39:12.713-0700: 156.943: Total time for which application threads were stopped: 0.0001361 seconds, Stopping threads took: 0.0000589 seconds
2017-10-31T04:39:12.713-0700: 156.943: Total time for which application threads were stopped: 0.0000806 seconds, Stopping threads took: 0.0000413 seconds
2017-10-31T04:39:12.716-0700: 156.946: Total time for which application threads were stopped: 0.0001395 seconds, Stopping threads took: 0.0000698 seconds
2017-10-31T04:39:12.716-0700: 156.947: Total time for which application threads were stopped: 0.0000860 seconds, Stopping threads took: 0.0000203 seconds
2017-10-31T04:39:12.716-0700: 156.947: Total time for which application threads were stopped: 0.0000555 seconds, Stopping threads took: 0.0000135 seconds
2017-10-31T04:39:12.716-0700: 156.947: Total time for which application threads were stopped: 0.0000508 seconds, Stopping threads took: 0.0000135 seconds
2017-10-31T04:39:12.716-0700: 156.947: Total time for which application threads were stopped: 0.0000589 seconds, Stopping threads took: 0.0000142 seconds
2017-10-31T04:39:12.717-0700: 156.947: Total time for which application threads were stopped: 0.0000549 seconds, Stopping threads took: 0.0000135 seconds
2017-10-31T04:39:13.717-0700: 157.948: Total time for which application threads were stopped: 0.0002167 seconds, Stopping threads took: 0.0000664 seconds
2017-10-31T04:39:39.730-0700: 183.960: Total time for which application threads were stopped: 0.0001131 seconds, Stopping threads took: 0.0000312 seconds
2017-10-31T04:39:43.519-0700: 187.750: Total time for which application threads were stopped: 0.0001050 seconds, Stopping threads took: 0.0000230 seconds
2017-10-31T04:39:43.530-0700: 187.761: Total time for which application threads were stopped: 0.0000928 seconds, Stopping threads took: 0.0000217 seconds
2017-10-31T04:39:43.682-0700: 187.914: Total time for which application threads were stopped: 0.0001070 seconds, Stopping threads took: 0.0000223 seconds
2017-10-31T04:39:43.685-0700: 187.916: Total time for which application threads were stopped: 0.0001476 seconds, Stopping threads took: 0.0000819 seconds
2017-10-31T04:39:43.685-0700: 187.916: Total time for which application threads were stopped: 0.0000549 seconds, Stopping threads took: 0.0000163 seconds
2017-10-31T04:39:43.687-0700: 187.918: Total time for which application threads were stopped: 0.0000874 seconds, Stopping threads took: 0.0000244 seconds
2017-10-31T04:39:49.690-0700: 193.921: Total time for which application threads were stopped: 0.0000941 seconds, Stopping threads took: 0.0000318 seconds
2017-10-31T04:44:04.352-0700: 448.583: Total time for which application threads were stopped: 0.0001361 seconds, Stopping threads took: 0.0000454 seconds
2017-10-31T04:44:04.529-0700: 448.760: Total time for which application threads were stopped: 0.0002655 seconds, Stopping threads took: 0.0001693 seconds
2017-10-31T04:44:04.531-0700: 448.762: Total time for which application threads were stopped: 0.0001077 seconds, Stopping threads took: 0.0000413 seconds
2017-10-31T04:44:04.531-0700: 448.762: Total time for which application threads were stopped: 0.0000582 seconds, Stopping threads took: 0.0000156 seconds
2017-10-31T04:44:04.532-0700: 448.763: Total time for which application threads were stopped: 0.0001084 seconds, Stopping threads took: 0.0000359 seconds
2017-10-31T04:44:04.532-0700: 448.764: Total time for which application threads were stopped: 0.0000779 seconds, Stopping threads took: 0.0000217 seconds
2017-10-31T04:44:04.533-0700: 448.764: Total time for which application threads were stopped: 0.0000792 seconds, Stopping threads took: 0.0000196 seconds
2017-10-31T04:44:04.533-0700: 448.764: Total time for which application threads were stopped: 0.0001084 seconds, Stopping threads took: 0.0000677 seconds
2017-10-31T04:44:04.533-0700: 448.764: Total time for which application threads were stopped: 0.0001199 seconds, Stopping threads took: 0.0000759 seconds
2017-10-31T04:44:04.533-0700: 448.764: Total time for which application threads were stopped: 0.0000474 seconds, Stopping threads took: 0.0000156 seconds
2017-10-31T04:44:04.533-0700: 448.764: Total time for which application threads were stopped: 0.0000772 seconds, Stopping threads took: 0.0000312 seconds
2017-10-31T04:44:04.533-0700: 448.764: Total time for which application threads were stopped: 0.0000725 seconds, Stopping threads took: 0.0000413 seconds
2017-10-31T04:44:04.533-0700: 448.764: Total time for which application threads were stopped: 0.0000806 seconds, Stopping threads took: 0.0000298 seconds
2017-10-31T04:44:04.534-0700: 448.765: Total time for which application threads were stopped: 0.0002364 seconds, Stopping threads took: 0.0000813 seconds
2017-10-31T04:44:04.586-0700: 448.817: Total time for which application threads were stopped: 0.0001436 seconds, Stopping threads took: 0.0000440 seconds
2017-10-31T04:44:04.768-0700: 448.999: Total time for which application threads were stopped: 0.0001077 seconds, Stopping threads took: 0.0000461 seconds
2017-10-31T04:44:04.768-0700: 448.999: Total time for which application threads were stopped: 0.0000610 seconds, Stopping threads took: 0.0000203 seconds
2017-10-31T04:44:04.769-0700: 449.000: Total time for which application threads were stopped: 0.0001063 seconds, Stopping threads took: 0.0000345 seconds
2017-10-31T04:44:04.770-0700: 449.001: Total time for which application threads were stopped: 0.0001016 seconds, Stopping threads took: 0.0000393 seconds
2017-10-31T04:44:04.813-0700: 449.043: Total time for which application threads were stopped: 0.0001361 seconds, Stopping threads took: 0.0000549 seconds
2017-10-31T04:44:04.983-0700: 449.214: Total time for which application threads were stopped: 0.0002418 seconds, Stopping threads took: 0.0001537 seconds
2017-10-31T04:44:04.984-0700: 449.214: Total time for which application threads were stopped: 0.0000847 seconds, Stopping threads took: 0.0000298 seconds
2017-10-31T04:44:04.986-0700: 449.217: Total time for which application threads were stopped: 0.0001768 seconds, Stopping threads took: 0.0001219 seconds
2017-10-31T04:44:04.986-0700: 449.217: Total time for which application threads were stopped: 0.0000908 seconds, Stopping threads took: 0.0000555 seconds
2017-10-31T04:44:04.989-0700: 449.219: Total time for which application threads were stopped: 0.0001070 seconds, Stopping threads took: 0.0000413 seconds
2017-10-31T04:44:04.992-0700: 449.222: Total time for which application threads were stopped: 0.0001070 seconds, Stopping threads took: 0.0000318 seconds
2017-10-31T04:44:04.992-0700: 449.222: Total time for which application threads were stopped: 0.0000806 seconds, Stopping threads took: 0.0000217 seconds
2017-10-31T04:44:04.992-0700: 449.222: Total time for which application threads were stopped: 0.0000664 seconds, Stopping threads took: 0.0000176 seconds
2017-10-31T04:44:04.992-0700: 449.222: Total time for which application threads were stopped: 0.0000650 seconds, Stopping threads took: 0.0000163 seconds
2017-10-31T04:44:05.018-0700: 449.249: Total time for which application threads were stopped: 0.0000752 seconds, Stopping threads took: 0.0000237 seconds
2017-10-31T04:44:05.028-0700: 449.259: Total time for which application threads were stopped: 0.0001456 seconds, Stopping threads took: 0.0000433 seconds
2017-10-31T04:44:05.195-0700: 449.426: Total time for which application threads were stopped: 0.0001652 seconds, Stopping threads took: 0.0000853 seconds
2017-10-31T04:44:05.197-0700: 449.428: Total time for which application threads were stopped: 0.0001029 seconds, Stopping threads took: 0.0000420 seconds
2017-10-31T04:44:05.197-0700: 449.428: Total time for which application threads were stopped: 0.0000711 seconds, Stopping threads took: 0.0000318 seconds
2017-10-31T04:44:05.200-0700: 449.431: Total time for which application threads were stopped: 0.0001036 seconds, Stopping threads took: 0.0000400 seconds
2017-10-31T04:44:05.208-0700: 449.438: Total time for which application threads were stopped: 0.0001057 seconds, Stopping threads took: 0.0000406 seconds
2017-10-31T04:44:05.216-0700: 449.447: Total time for which application threads were stopped: 0.0000874 seconds, Stopping threads took: 0.0000217 seconds
2017-10-31T04:44:05.416-0700: 449.646: Total time for which application threads were stopped: 0.0001090 seconds, Stopping threads took: 0.0000339 seconds
2017-10-31T04:44:05.418-0700: 449.648: Total time for which application threads were stopped: 0.0001233 seconds, Stopping threads took: 0.0000501 seconds
2017-10-31T04:44:05.418-0700: 449.648: Total time for which application threads were stopped: 0.0000623 seconds, Stopping threads took: 0.0000149 seconds
2017-10-31T04:44:05.421-0700: 449.651: Total time for which application threads were stopped: 0.0001206 seconds, Stopping threads took: 0.0000467 seconds
2017-10-31T04:44:05.431-0700: 449.661: Total time for which application threads were stopped: 0.0002492 seconds, Stopping threads took: 0.0001774 seconds
2017-10-31T04:44:05.442-0700: 449.673: Total time for which application threads were stopped: 0.0001097 seconds, Stopping threads took: 0.0000332 seconds
2017-10-31T04:44:05.654-0700: 449.884: Total time for which application threads were stopped: 0.0001727 seconds, Stopping threads took: 0.0000833 seconds
2017-10-31T04:44:05.656-0700: 449.886: Total time for which application threads were stopped: 0.0001334 seconds, Stopping threads took: 0.0000603 seconds
2017-10-31T04:44:05.656-0700: 449.887: Total time for which application threads were stopped: 0.0000779 seconds, Stopping threads took: 0.0000284 seconds
2017-10-31T04:44:05.659-0700: 449.889: Total time for which application threads were stopped: 0.0001138 seconds, Stopping threads took: 0.0000339 seconds
2017-10-31T04:44:05.668-0700: 449.898: Total time for which application threads were stopped: 0.0002364 seconds, Stopping threads took: 0.0001612 seconds
2017-10-31T04:44:05.680-0700: 449.911: Total time for which application threads were stopped: 0.0001246 seconds, Stopping threads took: 0.0000298 seconds
2017-10-31T04:44:05.927-0700: 450.158: Total time for which application threads were stopped: 0.0005824 seconds, Stopping threads took: 0.0001145 seconds
2017-10-31T04:44:05.935-0700: 450.166: Total time for which application threads were stopped: 0.0003352 seconds, Stopping threads took: 0.0001185 seconds
2017-10-31T04:44:05.936-0700: 450.166: Total time for which application threads were stopped: 0.0002357 seconds, Stopping threads took: 0.0000860 seconds
2017-10-31T04:44:05.970-0700: 450.201: Total time for which application threads were stopped: 0.0001368 seconds, Stopping threads took: 0.0000576 seconds
2017-10-31T04:44:05.988-0700: 450.219: Total time for which application threads were stopped: 0.0001023 seconds, Stopping threads took: 0.0000332 seconds
2017-10-31T04:44:06.222-0700: 450.453: Total time for which application threads were stopped: 0.0001111 seconds, Stopping threads took: 0.0000278 seconds
2017-10-31T04:44:06.226-0700: 450.457: Total time for which application threads were stopped: 0.0001652 seconds, Stopping threads took: 0.0000684 seconds
2017-10-31T04:44:06.228-0700: 450.459: Total time for which application threads were stopped: 0.0001497 seconds, Stopping threads took: 0.0000488 seconds
2017-10-31T04:44:06.228-0700: 450.459: Total time for which application threads were stopped: 0.0001077 seconds, Stopping threads took: 0.0000339 seconds
2017-10-31T04:44:06.231-0700: 450.462: Total time for which application threads were stopped: 0.0002397 seconds, Stopping threads took: 0.0001422 seconds
2017-10-31T04:44:06.246-0700: 450.478: Total time for which application threads were stopped: 0.0001382 seconds, Stopping threads took: 0.0000528 seconds
2017-10-31T04:44:06.262-0700: 450.493: Total time for which application threads were stopped: 0.0001612 seconds, Stopping threads took: 0.0000447 seconds
2017-10-31T04:44:06.511-0700: 450.742: Total time for which application threads were stopped: 0.0000887 seconds, Stopping threads took: 0.0000244 seconds
2017-10-31T04:44:06.514-0700: 450.745: Total time for which application threads were stopped: 0.0001172 seconds, Stopping threads took: 0.0000284 seconds
2017-10-31T04:44:06.514-0700: 450.745: Total time for which application threads were stopped: 0.0000704 seconds, Stopping threads took: 0.0000142 seconds
2017-10-31T04:44:06.519-0700: 450.749: Total time for which application threads were stopped: 0.0001090 seconds, Stopping threads took: 0.0000332 seconds
2017-10-31T04:44:06.526-0700: 450.756: Total time for which application threads were stopped: 0.0000847 seconds, Stopping threads took: 0.0000284 seconds
2017-10-31T04:44:06.537-0700: 450.768: Total time for which application threads were stopped: 0.0001063 seconds, Stopping threads took: 0.0000284 seconds
2017-10-31T04:44:06.808-0700: 451.038: Total time for which application threads were stopped: 0.0001090 seconds, Stopping threads took: 0.0000359 seconds
2017-10-31T04:44:06.808-0700: 451.038: Total time for which application threads were stopped: 0.0001266 seconds, Stopping threads took: 0.0000366 seconds
2017-10-31T04:44:06.812-0700: 451.043: Total time for which application threads were stopped: 0.0002953 seconds, Stopping threads took: 0.0002106 seconds
2017-10-31T04:44:06.812-0700: 451.043: Total time for which application threads were stopped: 0.0001923 seconds, Stopping threads took: 0.0001212 seconds
{Heap before GC invocations=9 (full 1):
 par new generation   total 109248K, used 109248K [0x00000000e0000000, 0x00000000e8000000, 0x00000000e8000000)
  eden space 87424K, 100% used [0x00000000e0000000, 0x00000000e5560000, 0x00000000e5560000)
  from space 21824K, 100% used [0x00000000e6ab0000, 0x00000000e8000000, 0x00000000e8000000)
  to   space 21824K,   0% used [0x00000000e5560000, 0x00000000e5560000, 0x00000000e6ab0000)
 concurrent mark-sweep generation total 393216K, used 5335K [0x00000000e8000000, 0x0000000100000000, 0x0000000100000000)
 Metaspace       used 35708K, capacity 36584K, committed 36684K, reserved 1081344K
  class space    used 4422K, capacity 4662K, committed 4684K, reserved 1048576K
2017-10-31T04:44:06.814-0700: 451.044: [GC (Allocation Failure) 2017-10-31T04:44:06.814-0700: 451.044: [ParNew
Desired survivor size 20112992 bytes, new threshold 8 (max 8)
- age   1:    1242656 bytes,    1242656 total
- age   2:    9360280 bytes,   10602936 total
- age   3:    1048400 bytes,   11651336 total
- age   4:    1397200 bytes,   13048536 total
- age   5:     144296 bytes,   13192832 total
- age   6:     289544 bytes,   13482376 total
- age   7:     815456 bytes,   14297832 total
- age   8:       1840 bytes,   14299672 total
: 109248K->21824K(109248K), 0.0262488 secs] 114583K->30999K(502464K), 0.0264507 secs] [Times: user=0.08 sys=0.00, real=0.03 secs] 
Heap after GC invocations=10 (full 1):
 par new generation   total 109248K, used 21824K [0x00000000e0000000, 0x00000000e8000000, 0x00000000e8000000)
  eden space 87424K,   0% used [0x00000000e0000000, 0x00000000e0000000, 0x00000000e5560000)
  from space 21824K, 100% used [0x00000000e5560000, 0x00000000e6ab0000, 0x00000000e6ab0000)
  to   space 21824K,   0% used [0x00000000e6ab0000, 0x00000000e6ab0000, 0x00000000e8000000)
 concurrent mark-sweep generation total 393216K, used 9175K [0x00000000e8000000, 0x0000000100000000, 0x0000000100000000)
 Metaspace       used 35708K, capacity 36584K, committed 36684K, reserved 1081344K
  class space    used 4422K, capacity 4662K, committed 4684K, reserved 1048576K
}
2017-10-31T04:44:06.840-0700: 451.071: Total time for which application threads were stopped: 0.0267872 seconds, Stopping threads took: 0.0000488 seconds
2017-10-31T04:44:06.841-0700: 451.072: Total time for which application threads were stopped: 0.0001592 seconds, Stopping threads took: 0.0000393 seconds
2017-10-31T04:44:06.844-0700: 451.075: Total time for which application threads were stopped: 0.0001151 seconds, Stopping threads took: 0.0000298 seconds
2017-10-31T04:44:06.852-0700: 451.083: Total time for which application threads were stopped: 0.0001632 seconds, Stopping threads took: 0.0000542 seconds
2017-10-31T04:44:06.859-0700: 451.090: Total time for which application threads were stopped: 0.0006549 seconds, Stopping threads took: 0.0000481 seconds
2017-10-31T04:44:06.963-0700: 451.194: Total time for which application threads were stopped: 0.0001883 seconds, Stopping threads took: 0.0000325 seconds
2017-10-31T04:44:06.963-0700: 451.194: Total time for which application threads were stopped: 0.0001036 seconds, Stopping threads took: 0.0000169 seconds
2017-10-31T04:44:06.964-0700: 451.194: Total time for which application threads were stopped: 0.0000921 seconds, Stopping threads took: 0.0000149 seconds
2017-10-31T04:44:06.964-0700: 451.194: Total time for which application threads were stopped: 0.0001172 seconds, Stopping threads took: 0.0000210 seconds
2017-10-31T04:44:06.964-0700: 451.194: Total time for which application threads were stopped: 0.0000996 seconds, Stopping threads took: 0.0000169 seconds
2017-10-31T04:44:06.964-0700: 451.195: Total time for which application threads were stopped: 0.0001097 seconds, Stopping threads took: 0.0000203 seconds
2017-10-31T04:44:06.964-0700: 451.195: Total time for which application threads were stopped: 0.0000996 seconds, Stopping threads took: 0.0000149 seconds
2017-10-31T04:44:06.965-0700: 451.195: Total time for which application threads were stopped: 0.0000921 seconds, Stopping threads took: 0.0000129 seconds
2017-10-31T04:44:07.246-0700: 451.477: Total time for which application threads were stopped: 0.0002662 seconds, Stopping threads took: 0.0000643 seconds
2017-10-31T04:44:07.248-0700: 451.479: Total time for which application threads were stopped: 0.0003400 seconds, Stopping threads took: 0.0001632 seconds
2017-10-31T04:44:07.251-0700: 451.482: Total time for which application threads were stopped: 0.0003319 seconds, Stopping threads took: 0.0001639 seconds
2017-10-31T04:44:07.252-0700: 451.483: Total time for which application threads were stopped: 0.0003102 seconds, Stopping threads took: 0.0001192 seconds
2017-10-31T04:44:07.252-0700: 451.483: Total time for which application threads were stopped: 0.0002472 seconds, Stopping threads took: 0.0001178 seconds
2017-10-31T04:44:07.252-0700: 451.484: Total time for which application threads were stopped: 0.0001524 seconds, Stopping threads took: 0.0000508 seconds
2017-10-31T04:44:07.254-0700: 451.485: Total time for which application threads were stopped: 0.0002777 seconds, Stopping threads took: 0.0001151 seconds
2017-10-31T04:44:07.254-0700: 451.485: Total time for which application threads were stopped: 0.0002343 seconds, Stopping threads took: 0.0001145 seconds
2017-10-31T04:44:07.256-0700: 451.487: Total time for which application threads were stopped: 0.0002655 seconds, Stopping threads took: 0.0000840 seconds
2017-10-31T04:44:07.256-0700: 451.488: Total time for which application threads were stopped: 0.0002357 seconds, Stopping threads took: 0.0001029 seconds
2017-10-31T04:44:07.257-0700: 451.488: Total time for which application threads were stopped: 0.0002607 seconds, Stopping threads took: 0.0000921 seconds
2017-10-31T04:44:07.258-0700: 451.489: Total time for which application threads were stopped: 0.0002140 seconds, Stopping threads took: 0.0000623 seconds
2017-10-31T04:44:07.280-0700: 451.511: Total time for which application threads were stopped: 0.0002465 seconds, Stopping threads took: 0.0000874 seconds
2017-10-31T04:44:07.280-0700: 451.511: Total time for which application threads were stopped: 0.0001605 seconds, Stopping threads took: 0.0000494 seconds
2017-10-31T04:44:07.286-0700: 451.517: Total time for which application threads were stopped: 0.0001273 seconds, Stopping threads took: 0.0000278 seconds
2017-10-31T04:44:07.286-0700: 451.518: Total time for which application threads were stopped: 0.0000982 seconds, Stopping threads took: 0.0000217 seconds
2017-10-31T04:44:07.287-0700: 451.518: Total time for which application threads were stopped: 0.0000975 seconds, Stopping threads took: 0.0000251 seconds
2017-10-31T04:44:07.287-0700: 451.518: Total time for which application threads were stopped: 0.0000772 seconds, Stopping threads took: 0.0000169 seconds
2017-10-31T04:44:07.287-0700: 451.518: Total time for which application threads were stopped: 0.0000792 seconds, Stopping threads took: 0.0000196 seconds
2017-10-31T04:44:07.288-0700: 451.519: Total time for which application threads were stopped: 0.0000806 seconds, Stopping threads took: 0.0000183 seconds
2017-10-31T04:44:07.288-0700: 451.519: Total time for which application threads were stopped: 0.0000718 seconds, Stopping threads took: 0.0000176 seconds
2017-10-31T04:44:07.288-0700: 451.519: Total time for which application threads were stopped: 0.0001361 seconds, Stopping threads took: 0.0000183 seconds
2017-10-31T04:44:07.289-0700: 451.520: Total time for which application threads were stopped: 0.0000914 seconds, Stopping threads took: 0.0000196 seconds
2017-10-31T04:44:07.289-0700: 451.520: Total time for which application threads were stopped: 0.0000982 seconds, Stopping threads took: 0.0000237 seconds
2017-10-31T04:44:07.289-0700: 451.521: Total time for which application threads were stopped: 0.0000982 seconds, Stopping threads took: 0.0000393 seconds
2017-10-31T04:44:07.290-0700: 451.521: Total time for which application threads were stopped: 0.0002966 seconds, Stopping threads took: 0.0000257 seconds
2017-10-31T04:44:07.290-0700: 451.522: Total time for which application threads were stopped: 0.0001050 seconds, Stopping threads took: 0.0000406 seconds
2017-10-31T04:44:07.291-0700: 451.522: Total time for which application threads were stopped: 0.0000779 seconds, Stopping threads took: 0.0000237 seconds
2017-10-31T04:44:07.292-0700: 451.523: Total time for which application threads were stopped: 0.0000941 seconds, Stopping threads took: 0.0000278 seconds
2017-10-31T04:44:07.292-0700: 451.523: Total time for which application threads were stopped: 0.0001341 seconds, Stopping threads took: 0.0000427 seconds
2017-10-31T04:44:07.293-0700: 451.524: Total time for which application threads were stopped: 0.0000786 seconds, Stopping threads took: 0.0000190 seconds
2017-10-31T04:44:07.293-0700: 451.525: Total time for which application threads were stopped: 0.0000623 seconds, Stopping threads took: 0.0000149 seconds
2017-10-31T04:44:07.295-0700: 451.526: Total time for which application threads were stopped: 0.0001016 seconds, Stopping threads took: 0.0000244 seconds
2017-10-31T04:44:07.302-0700: 451.532: Total time for which application threads were stopped: 0.0002072 seconds, Stopping threads took: 0.0001409 seconds
2017-10-31T04:44:07.313-0700: 451.543: Total time for which application threads were stopped: 0.0001070 seconds, Stopping threads took: 0.0000312 seconds
2017-10-31T04:44:07.520-0700: 451.751: Total time for which application threads were stopped: 0.0002804 seconds, Stopping threads took: 0.0000271 seconds
2017-10-31T04:44:07.820-0700: 452.050: Total time for which application threads were stopped: 0.0000847 seconds, Stopping threads took: 0.0000203 seconds
2017-10-31T04:44:07.820-0700: 452.051: Total time for which application threads were stopped: 0.0000535 seconds, Stopping threads took: 0.0000129 seconds
2017-10-31T04:44:07.829-0700: 452.059: Total time for which application threads were stopped: 0.0001057 seconds, Stopping threads took: 0.0000271 seconds
2017-10-31T04:44:07.837-0700: 452.067: Total time for which application threads were stopped: 0.0000813 seconds, Stopping threads took: 0.0000312 seconds
2017-10-31T04:44:07.847-0700: 452.078: Total time for which application threads were stopped: 0.0001429 seconds, Stopping threads took: 0.0000616 seconds
2017-10-31T04:44:08.029-0700: 452.260: Total time for which application threads were stopped: 0.0001192 seconds, Stopping threads took: 0.0000413 seconds
2017-10-31T04:44:08.029-0700: 452.260: Total time for which application threads were stopped: 0.0000786 seconds, Stopping threads took: 0.0000210 seconds
2017-10-31T04:44:08.041-0700: 452.272: Total time for which application threads were stopped: 0.0001131 seconds, Stopping threads took: 0.0000312 seconds
2017-10-31T04:44:08.050-0700: 452.280: Total time for which application threads were stopped: 0.0000711 seconds, Stopping threads took: 0.0000230 seconds
2017-10-31T04:44:08.063-0700: 452.294: Total time for which application threads were stopped: 0.0001050 seconds, Stopping threads took: 0.0000339 seconds
2017-10-31T04:44:08.271-0700: 452.501: Total time for which application threads were stopped: 0.0001422 seconds, Stopping threads took: 0.0000433 seconds
2017-10-31T04:44:08.271-0700: 452.501: Total time for which application threads were stopped: 0.0002418 seconds, Stopping threads took: 0.0000359 seconds
2017-10-31T04:44:08.285-0700: 452.515: Total time for which application threads were stopped: 0.0001029 seconds, Stopping threads took: 0.0000271 seconds
2017-10-31T04:44:08.291-0700: 452.522: Total time for which application threads were stopped: 0.0001334 seconds, Stopping threads took: 0.0000433 seconds
2017-10-31T04:44:08.302-0700: 452.533: Total time for which application threads were stopped: 0.0002404 seconds, Stopping threads took: 0.0000305 seconds
2017-10-31T04:44:08.498-0700: 452.729: Total time for which application threads were stopped: 0.0003271 seconds, Stopping threads took: 0.0000576 seconds
2017-10-31T04:44:08.512-0700: 452.742: Total time for which application threads were stopped: 0.0002574 seconds, Stopping threads took: 0.0000339 seconds
2017-10-31T04:44:08.518-0700: 452.748: Total time for which application threads were stopped: 0.0002296 seconds, Stopping threads took: 0.0001558 seconds
2017-10-31T04:44:08.528-0700: 452.759: Total time for which application threads were stopped: 0.0000962 seconds, Stopping threads took: 0.0000291 seconds
2017-10-31T04:44:08.798-0700: 453.028: Total time for which application threads were stopped: 0.0003962 seconds, Stopping threads took: 0.0001747 seconds
2017-10-31T04:44:08.873-0700: 453.104: Total time for which application threads were stopped: 0.0001294 seconds, Stopping threads took: 0.0000420 seconds
2017-10-31T04:44:08.884-0700: 453.116: Total time for which application threads were stopped: 0.0001239 seconds, Stopping threads took: 0.0000393 seconds
2017-10-31T04:44:09.122-0700: 453.353: Total time for which application threads were stopped: 0.0001151 seconds, Stopping threads took: 0.0000413 seconds
2017-10-31T04:44:09.175-0700: 453.406: Total time for which application threads were stopped: 0.0001036 seconds, Stopping threads took: 0.0000508 seconds
2017-10-31T04:44:09.185-0700: 453.415: Total time for which application threads were stopped: 0.0001057 seconds, Stopping threads took: 0.0000325 seconds
2017-10-31T04:44:09.427-0700: 453.658: Total time for which application threads were stopped: 0.0001117 seconds, Stopping threads took: 0.0000332 seconds
2017-10-31T04:44:09.445-0700: 453.676: Total time for which application threads were stopped: 0.0002614 seconds, Stopping threads took: 0.0001531 seconds
2017-10-31T04:44:09.454-0700: 453.684: Total time for which application threads were stopped: 0.0001124 seconds, Stopping threads took: 0.0000325 seconds
2017-10-31T04:44:09.712-0700: 453.942: Total time for which application threads were stopped: 0.0001165 seconds, Stopping threads took: 0.0000440 seconds
2017-10-31T04:44:09.715-0700: 453.945: Total time for which application threads were stopped: 0.0001822 seconds, Stopping threads took: 0.0000765 seconds
2017-10-31T04:44:09.717-0700: 453.947: Total time for which application threads were stopped: 0.0001700 seconds, Stopping threads took: 0.0000860 seconds
2017-10-31T04:44:09.770-0700: 454.001: Total time for which application threads were stopped: 0.0003278 seconds, Stopping threads took: 0.0000420 seconds
2017-10-31T04:44:09.782-0700: 454.013: Total time for which application threads were stopped: 0.0001212 seconds, Stopping threads took: 0.0000467 seconds
2017-10-31T04:44:09.783-0700: 454.013: Total time for which application threads were stopped: 0.0000752 seconds, Stopping threads took: 0.0000237 seconds
2017-10-31T04:44:09.783-0700: 454.014: Total time for which application threads were stopped: 0.0000610 seconds, Stopping threads took: 0.0000176 seconds
2017-10-31T04:44:09.783-0700: 454.014: Total time for which application threads were stopped: 0.0000623 seconds, Stopping threads took: 0.0000169 seconds
2017-10-31T04:44:09.783-0700: 454.014: Total time for which application threads were stopped: 0.0000589 seconds, Stopping threads took: 0.0000169 seconds
2017-10-31T04:44:09.783-0700: 454.014: Total time for which application threads were stopped: 0.0000677 seconds, Stopping threads took: 0.0000210 seconds
2017-10-31T04:44:09.784-0700: 454.014: Total time for which application threads were stopped: 0.0000623 seconds, Stopping threads took: 0.0000183 seconds
2017-10-31T04:44:09.784-0700: 454.015: Total time for which application threads were stopped: 0.0000698 seconds, Stopping threads took: 0.0000230 seconds
2017-10-31T04:44:09.784-0700: 454.015: Total time for which application threads were stopped: 0.0001138 seconds, Stopping threads took: 0.0000731 seconds
2017-10-31T04:44:09.784-0700: 454.015: Total time for which application threads were stopped: 0.0000664 seconds, Stopping threads took: 0.0000237 seconds
2017-10-31T04:44:09.784-0700: 454.015: Total time for which application threads were stopped: 0.0000677 seconds, Stopping threads took: 0.0000257 seconds
2017-10-31T04:44:09.784-0700: 454.015: Total time for which application threads were stopped: 0.0000582 seconds, Stopping threads took: 0.0000196 seconds
2017-10-31T04:44:09.993-0700: 454.223: Total time for which application threads were stopped: 0.0001300 seconds, Stopping threads took: 0.0000291 seconds
2017-10-31T04:44:10.067-0700: 454.297: Total time for which application threads were stopped: 0.0001036 seconds, Stopping threads took: 0.0000406 seconds
2017-10-31T04:44:10.068-0700: 454.298: Total time for which application threads were stopped: 0.0001036 seconds, Stopping threads took: 0.0000325 seconds
2017-10-31T04:44:10.068-0700: 454.299: Total time for which application threads were stopped: 0.0001192 seconds, Stopping threads took: 0.0000521 seconds
2017-10-31T04:44:10.071-0700: 454.302: Total time for which application threads were stopped: 0.0001456 seconds, Stopping threads took: 0.0000413 seconds
2017-10-31T04:44:10.072-0700: 454.302: Total time for which application threads were stopped: 0.0001124 seconds, Stopping threads took: 0.0000386 seconds
2017-10-31T04:44:10.073-0700: 454.303: Total time for which application threads were stopped: 0.0001883 seconds, Stopping threads took: 0.0000230 seconds
{Heap before GC invocations=10 (full 1):
 par new generation   total 109248K, used 109248K [0x00000000e0000000, 0x00000000e8000000, 0x00000000e8000000)
  eden space 87424K, 100% used [0x00000000e0000000, 0x00000000e5560000, 0x00000000e5560000)
  from space 21824K, 100% used [0x00000000e5560000, 0x00000000e6ab0000, 0x00000000e6ab0000)
  to   space 21824K,   0% used [0x00000000e6ab0000, 0x00000000e6ab0000, 0x00000000e8000000)
 concurrent mark-sweep generation total 393216K, used 9175K [0x00000000e8000000, 0x0000000100000000, 0x0000000100000000)
 Metaspace       used 36323K, capacity 37240K, committed 37580K, reserved 1081344K
  class space    used 4469K, capacity 4728K, committed 4812K, reserved 1048576K
2017-10-31T04:44:10.312-0700: 454.543: [GC (Allocation Failure) 2017-10-31T04:44:10.312-0700: 454.543: [ParNew
Desired survivor size 20112992 bytes, new threshold 8 (max 8)
- age   1:    1418016 bytes,    1418016 total
- age   2:     142424 bytes,    1560440 total
- age   3:    9360248 bytes,   10920688 total
- age   4:    1048400 bytes,   11969088 total
- age   5:    1397168 bytes,   13366256 total
- age   6:     144296 bytes,   13510552 total
- age   7:     289544 bytes,   13800096 total
- age   8:     815456 bytes,   14615552 total
: 109248K->17991K(109248K), 0.0144078 secs] 118423K->27169K(502464K), 0.0144776 secs] [Times: user=0.06 sys=0.00, real=0.01 secs] 
Heap after GC invocations=11 (full 1):
 par new generation   total 109248K, used 17991K [0x00000000e0000000, 0x00000000e8000000, 0x00000000e8000000)
  eden space 87424K,   0% used [0x00000000e0000000, 0x00000000e0000000, 0x00000000e5560000)
  from space 21824K,  82% used [0x00000000e6ab0000, 0x00000000e7c41ef8, 0x00000000e8000000)
  to   space 21824K,   0% used [0x00000000e5560000, 0x00000000e5560000, 0x00000000e6ab0000)
 concurrent mark-sweep generation total 393216K, used 9177K [0x00000000e8000000, 0x0000000100000000, 0x0000000100000000)
 Metaspace       used 36323K, capacity 37240K, committed 37580K, reserved 1081344K
  class space    used 4469K, capacity 4728K, committed 4812K, reserved 1048576K
}
2017-10-31T04:44:10.326-0700: 454.557: Total time for which application threads were stopped: 0.0147877 seconds, Stopping threads took: 0.0000257 seconds
2017-10-31T04:44:10.330-0700: 454.561: Total time for which application threads were stopped: 0.0001388 seconds, Stopping threads took: 0.0000467 seconds
2017-10-31T04:44:10.525-0700: 454.756: Total time for which application threads were stopped: 0.0003420 seconds, Stopping threads took: 0.0001192 seconds
2017-10-31T04:44:10.573-0700: 454.803: Total time for which application threads were stopped: 0.0001124 seconds, Stopping threads took: 0.0000318 seconds
2017-10-31T04:44:10.758-0700: 454.988: Total time for which application threads were stopped: 0.0001057 seconds, Stopping threads took: 0.0000406 seconds
2017-10-31T04:44:10.786-0700: 455.017: Total time for which application threads were stopped: 0.0001571 seconds, Stopping threads took: 0.0000582 seconds
2017-10-31T04:44:10.983-0700: 455.214: Total time for which application threads were stopped: 0.0000874 seconds, Stopping threads took: 0.0000298 seconds
2017-10-31T04:44:11.012-0700: 455.242: Total time for which application threads were stopped: 0.0001368 seconds, Stopping threads took: 0.0000461 seconds
2017-10-31T04:44:11.205-0700: 455.435: Total time for which application threads were stopped: 0.0001057 seconds, Stopping threads took: 0.0000298 seconds
2017-10-31T04:44:11.237-0700: 455.468: Total time for which application threads were stopped: 0.0001585 seconds, Stopping threads took: 0.0000786 seconds
2017-10-31T04:44:11.443-0700: 455.673: Total time for which application threads were stopped: 0.0001151 seconds, Stopping threads took: 0.0000359 seconds
2017-10-31T04:44:11.443-0700: 455.673: Total time for which application threads were stopped: 0.0000806 seconds, Stopping threads took: 0.0000223 seconds
2017-10-31T04:44:11.455-0700: 455.685: Total time for which application threads were stopped: 0.0001233 seconds, Stopping threads took: 0.0000413 seconds
2017-10-31T04:44:11.472-0700: 455.702: Total time for which application threads were stopped: 0.0001971 seconds, Stopping threads took: 0.0000704 seconds
2017-10-31T04:44:11.683-0700: 455.913: Total time for which application threads were stopped: 0.0001246 seconds, Stopping threads took: 0.0000420 seconds
2017-10-31T04:44:11.683-0700: 455.914: Total time for which application threads were stopped: 0.0000968 seconds, Stopping threads took: 0.0000312 seconds
2017-10-31T04:44:11.702-0700: 455.933: Total time for which application threads were stopped: 0.0001165 seconds, Stopping threads took: 0.0000427 seconds
2017-10-31T04:44:11.723-0700: 455.954: Total time for which application threads were stopped: 0.0001145 seconds, Stopping threads took: 0.0000325 seconds
2017-10-31T04:44:11.936-0700: 456.167: Total time for which application threads were stopped: 0.0001307 seconds, Stopping threads took: 0.0000305 seconds
2017-10-31T04:44:11.936-0700: 456.167: Total time for which application threads were stopped: 0.0000867 seconds, Stopping threads took: 0.0000305 seconds
2017-10-31T04:44:11.948-0700: 456.179: Total time for which application threads were stopped: 0.0001145 seconds, Stopping threads took: 0.0000312 seconds
2017-10-31T04:44:11.963-0700: 456.194: Total time for which application threads were stopped: 0.0001077 seconds, Stopping threads took: 0.0000474 seconds
2017-10-31T04:44:12.232-0700: 456.462: Total time for which application threads were stopped: 0.0001314 seconds, Stopping threads took: 0.0000312 seconds
2017-10-31T04:44:12.244-0700: 456.475: Total time for which application threads were stopped: 0.0001531 seconds, Stopping threads took: 0.0000406 seconds
2017-10-31T04:44:12.246-0700: 456.477: Total time for which application threads were stopped: 0.0001382 seconds, Stopping threads took: 0.0000494 seconds
2017-10-31T04:44:12.247-0700: 456.477: Total time for which application threads were stopped: 0.0000948 seconds, Stopping threads took: 0.0000447 seconds
2017-10-31T04:44:12.266-0700: 456.497: Total time for which application threads were stopped: 0.0001978 seconds, Stopping threads took: 0.0000799 seconds
2017-10-31T04:44:12.311-0700: 456.541: Total time for which application threads were stopped: 0.0001801 seconds, Stopping threads took: 0.0000312 seconds
2017-10-31T04:44:12.311-0700: 456.541: Total time for which application threads were stopped: 0.0001131 seconds, Stopping threads took: 0.0000183 seconds
2017-10-31T04:44:12.311-0700: 456.542: Total time for which application threads were stopped: 0.0000962 seconds, Stopping threads took: 0.0000149 seconds
2017-10-31T04:44:12.311-0700: 456.542: Total time for which application threads were stopped: 0.0000853 seconds, Stopping threads took: 0.0000115 seconds
2017-10-31T04:44:12.311-0700: 456.542: Total time for which application threads were stopped: 0.0000860 seconds, Stopping threads took: 0.0000135 seconds
2017-10-31T04:44:12.311-0700: 456.542: Total time for which application threads were stopped: 0.0000968 seconds, Stopping threads took: 0.0000196 seconds
2017-10-31T04:44:12.312-0700: 456.542: Total time for which application threads were stopped: 0.0000941 seconds, Stopping threads took: 0.0000129 seconds
2017-10-31T04:44:12.312-0700: 456.542: Total time for which application threads were stopped: 0.0001950 seconds, Stopping threads took: 0.0000135 seconds
2017-10-31T04:44:12.709-0700: 456.939: Total time for which application threads were stopped: 0.0000982 seconds, Stopping threads took: 0.0000284 seconds
2017-10-31T04:44:12.714-0700: 456.944: Total time for which application threads were stopped: 0.0001300 seconds, Stopping threads took: 0.0000440 seconds
2017-10-31T04:44:12.714-0700: 456.945: Total time for which application threads were stopped: 0.0000982 seconds, Stopping threads took: 0.0000318 seconds
2017-10-31T04:44:12.715-0700: 456.946: Total time for which application threads were stopped: 0.0001402 seconds, Stopping threads took: 0.0000237 seconds
2017-10-31T04:44:12.716-0700: 456.946: Total time for which application threads were stopped: 0.0000894 seconds, Stopping threads took: 0.0000210 seconds
2017-10-31T04:44:12.716-0700: 456.947: Total time for which application threads were stopped: 0.0000799 seconds, Stopping threads took: 0.0000196 seconds
2017-10-31T04:44:12.717-0700: 456.947: Total time for which application threads were stopped: 0.0000833 seconds, Stopping threads took: 0.0000183 seconds
2017-10-31T04:44:12.720-0700: 456.950: Total time for which application threads were stopped: 0.0001145 seconds, Stopping threads took: 0.0000366 seconds
2017-10-31T04:44:12.720-0700: 456.950: Total time for which application threads were stopped: 0.0000867 seconds, Stopping threads took: 0.0000190 seconds
2017-10-31T04:44:12.721-0700: 456.951: Total time for which application threads were stopped: 0.0000759 seconds, Stopping threads took: 0.0000176 seconds
2017-10-31T04:44:12.721-0700: 456.951: Total time for which application threads were stopped: 0.0000684 seconds, Stopping threads took: 0.0000196 seconds
2017-10-31T04:44:12.726-0700: 456.956: Total time for which application threads were stopped: 0.0001219 seconds, Stopping threads took: 0.0000291 seconds
2017-10-31T04:44:12.741-0700: 456.971: Total time for which application threads were stopped: 0.0001233 seconds, Stopping threads took: 0.0000312 seconds
2017-10-31T04:44:13.252-0700: 457.483: Total time for which application threads were stopped: 0.0001402 seconds, Stopping threads took: 0.0000291 seconds
2017-10-31T04:44:14.252-0700: 458.483: Total time for which application threads were stopped: 0.0002486 seconds, Stopping threads took: 0.0000731 seconds
2017-10-31T04:44:19.255-0700: 463.486: Total time for which application threads were stopped: 0.0002682 seconds, Stopping threads took: 0.0000603 seconds
2017-10-31T04:44:28.260-0700: 472.490: Total time for which application threads were stopped: 0.0002208 seconds, Stopping threads took: 0.0000704 seconds
2017-10-31T04:44:39.388-0700: 483.619: Total time for which application threads were stopped: 0.0001402 seconds, Stopping threads took: 0.0000454 seconds
2017-10-31T04:44:39.391-0700: 483.622: Total time for which application threads were stopped: 0.0007463 seconds, Stopping threads took: 0.0000664 seconds
2017-10-31T04:44:39.402-0700: 483.633: Total time for which application threads were stopped: 0.0002675 seconds, Stopping threads took: 0.0001382 seconds
2017-10-31T04:44:39.402-0700: 483.633: Total time for which application threads were stopped: 0.0003156 seconds, Stopping threads took: 0.0002147 seconds
2017-10-31T04:44:39.402-0700: 483.633: Total time for which application threads were stopped: 0.0001084 seconds, Stopping threads took: 0.0000257 seconds
2017-10-31T04:44:39.402-0700: 483.633: Total time for which application threads were stopped: 0.0000968 seconds, Stopping threads took: 0.0000406 seconds
2017-10-31T04:44:39.407-0700: 483.637: Total time for which application threads were stopped: 0.0002140 seconds, Stopping threads took: 0.0000752 seconds
2017-10-31T04:44:39.408-0700: 483.639: Total time for which application threads were stopped: 0.0001808 seconds, Stopping threads took: 0.0000413 seconds
2017-10-31T04:44:39.408-0700: 483.639: Total time for which application threads were stopped: 0.0001524 seconds, Stopping threads took: 0.0000386 seconds
2017-10-31T04:44:39.408-0700: 483.639: Total time for which application threads were stopped: 0.0001104 seconds, Stopping threads took: 0.0000312 seconds
2017-10-31T04:44:39.408-0700: 483.639: Total time for which application threads were stopped: 0.0001226 seconds, Stopping threads took: 0.0000298 seconds
2017-10-31T04:44:39.417-0700: 483.648: Total time for which application threads were stopped: 0.0004849 seconds, Stopping threads took: 0.0003271 seconds
2017-10-31T04:44:39.418-0700: 483.649: Total time for which application threads were stopped: 0.0001348 seconds, Stopping threads took: 0.0000339 seconds
2017-10-31T04:44:39.418-0700: 483.649: Total time for which application threads were stopped: 0.0001192 seconds, Stopping threads took: 0.0000284 seconds
2017-10-31T04:44:39.418-0700: 483.649: Total time for which application threads were stopped: 0.0001111 seconds, Stopping threads took: 0.0000271 seconds
2017-10-31T04:44:40.419-0700: 484.650: Total time for which application threads were stopped: 0.0002546 seconds, Stopping threads took: 0.0000711 seconds
2017-10-31T04:45:38.454-0700: 542.684: Total time for which application threads were stopped: 0.0002614 seconds, Stopping threads took: 0.0000799 seconds
2017-10-31T04:46:08.469-0700: 572.700: Total time for which application threads were stopped: 0.0002215 seconds, Stopping threads took: 0.0000664 seconds
2017-10-31T04:46:38.486-0700: 602.716: Total time for which application threads were stopped: 0.0002892 seconds, Stopping threads took: 0.0000975 seconds
2017-10-31T04:47:14.507-0700: 638.738: Total time for which application threads were stopped: 0.0002066 seconds, Stopping threads took: 0.0000603 seconds
2017-10-31T04:47:39.508-0700: 663.739: Total time for which application threads were stopped: 0.0001158 seconds, Stopping threads took: 0.0000318 seconds
2017-10-31T04:47:39.513-0700: 663.744: Total time for which application threads were stopped: 0.0001002 seconds, Stopping threads took: 0.0000345 seconds
2017-10-31T04:47:39.513-0700: 663.744: Total time for which application threads were stopped: 0.0000637 seconds, Stopping threads took: 0.0000196 seconds
2017-10-31T04:47:39.516-0700: 663.748: Total time for which application threads were stopped: 0.0001625 seconds, Stopping threads took: 0.0000352 seconds
2017-10-31T04:47:39.529-0700: 663.760: Total time for which application threads were stopped: 0.0000914 seconds, Stopping threads took: 0.0000230 seconds
{Heap before GC invocations=11 (full 1):
 par new generation   total 109248K, used 105415K [0x00000000e0000000, 0x00000000e8000000, 0x00000000e8000000)
  eden space 87424K, 100% used [0x00000000e0000000, 0x00000000e5560000, 0x00000000e5560000)
  from space 21824K,  82% used [0x00000000e6ab0000, 0x00000000e7c41ef8, 0x00000000e8000000)
  to   space 21824K,   0% used [0x00000000e5560000, 0x00000000e5560000, 0x00000000e6ab0000)
 concurrent mark-sweep generation total 393216K, used 9177K [0x00000000e8000000, 0x0000000100000000, 0x0000000100000000)
 Metaspace       used 36571K, capacity 37510K, committed 37836K, reserved 1083392K
  class space    used 4476K, capacity 4729K, committed 4812K, reserved 1048576K
2017-10-31T04:47:39.549-0700: 663.780: [GC (Allocation Failure) 2017-10-31T04:47:39.549-0700: 663.780: [ParNew
Desired survivor size 20112992 bytes, new threshold 8 (max 8)
- age   1:    1077960 bytes,    1077960 total
- age   2:      51792 bytes,    1129752 total
- age   3:     126192 bytes,    1255944 total
- age   4:    9357960 bytes,   10613904 total
- age   5:    1048368 bytes,   11662272 total
- age   6:    1397168 bytes,   13059440 total
- age   7:     144296 bytes,   13203736 total
- age   8:     289544 bytes,   13493280 total
: 105415K->16131K(109248K), 0.0168825 secs] 114593K->26120K(502464K), 0.0169834 secs] [Times: user=0.06 sys=0.00, real=0.02 secs] 
Heap after GC invocations=12 (full 1):
 par new generation   total 109248K, used 16131K [0x00000000e0000000, 0x00000000e8000000, 0x00000000e8000000)
  eden space 87424K,   0% used [0x00000000e0000000, 0x00000000e0000000, 0x00000000e5560000)
  from space 21824K,  73% used [0x00000000e5560000, 0x00000000e6520df0, 0x00000000e6ab0000)
  to   space 21824K,   0% used [0x00000000e6ab0000, 0x00000000e6ab0000, 0x00000000e8000000)
 concurrent mark-sweep generation total 393216K, used 9988K [0x00000000e8000000, 0x0000000100000000, 0x0000000100000000)
 Metaspace       used 36571K, capacity 37510K, committed 37836K, reserved 1083392K
  class space    used 4476K, capacity 4729K, committed 4812K, reserved 1048576K
}
2017-10-31T04:47:39.567-0700: 663.797: Total time for which application threads were stopped: 0.0172407 seconds, Stopping threads took: 0.0000291 seconds
2017-10-31T04:47:39.717-0700: 663.948: Total time for which application threads were stopped: 0.0001415 seconds, Stopping threads took: 0.0000657 seconds
2017-10-31T04:47:39.717-0700: 663.948: Total time for which application threads were stopped: 0.0000853 seconds, Stopping threads took: 0.0000413 seconds
2017-10-31T04:47:39.742-0700: 663.973: Total time for which application threads were stopped: 0.0001375 seconds, Stopping threads took: 0.0000488 seconds
2017-10-31T04:47:39.946-0700: 664.176: Total time for which application threads were stopped: 0.0001300 seconds, Stopping threads took: 0.0000562 seconds
2017-10-31T04:47:39.946-0700: 664.177: Total time for which application threads were stopped: 0.0001124 seconds, Stopping threads took: 0.0000461 seconds
2017-10-31T04:47:39.946-0700: 664.177: Total time for which application threads were stopped: 0.0000887 seconds, Stopping threads took: 0.0000406 seconds
2017-10-31T04:47:39.952-0700: 664.183: Total time for which application threads were stopped: 0.0001077 seconds, Stopping threads took: 0.0000325 seconds
2017-10-31T04:47:39.968-0700: 664.199: Total time for which application threads were stopped: 0.0003190 seconds, Stopping threads took: 0.0002228 seconds
2017-10-31T04:47:40.175-0700: 664.406: Total time for which application threads were stopped: 0.0003237 seconds, Stopping threads took: 0.0002309 seconds
2017-10-31T04:47:40.175-0700: 664.406: Total time for which application threads were stopped: 0.0003048 seconds, Stopping threads took: 0.0002303 seconds
2017-10-31T04:47:40.192-0700: 664.423: Total time for which application threads were stopped: 0.0001233 seconds, Stopping threads took: 0.0000325 seconds
2017-10-31T04:47:40.423-0700: 664.654: Total time for which application threads were stopped: 0.0001659 seconds, Stopping threads took: 0.0000908 seconds
2017-10-31T04:47:40.423-0700: 664.654: Total time for which application threads were stopped: 0.0000921 seconds, Stopping threads took: 0.0000372 seconds
2017-10-31T04:47:40.423-0700: 664.654: Total time for which application threads were stopped: 0.0000725 seconds, Stopping threads took: 0.0000318 seconds
2017-10-31T04:47:40.427-0700: 664.658: Total time for which application threads were stopped: 0.0001206 seconds, Stopping threads took: 0.0000271 seconds
2017-10-31T04:47:40.440-0700: 664.671: Total time for which application threads were stopped: 0.0000955 seconds, Stopping threads took: 0.0000264 seconds
2017-10-31T04:47:40.658-0700: 664.889: Total time for which application threads were stopped: 0.0001382 seconds, Stopping threads took: 0.0000461 seconds
2017-10-31T04:47:40.658-0700: 664.889: Total time for which application threads were stopped: 0.0000819 seconds, Stopping threads took: 0.0000223 seconds
2017-10-31T04:47:40.663-0700: 664.893: Total time for which application threads were stopped: 0.0001084 seconds, Stopping threads took: 0.0000264 seconds
2017-10-31T04:47:40.674-0700: 664.904: Total time for which application threads were stopped: 0.0001456 seconds, Stopping threads took: 0.0000610 seconds
2017-10-31T04:47:40.877-0700: 665.107: Total time for which application threads were stopped: 0.0003650 seconds, Stopping threads took: 0.0002296 seconds
2017-10-31T04:47:40.877-0700: 665.108: Total time for which application threads were stopped: 0.0001016 seconds, Stopping threads took: 0.0000406 seconds
2017-10-31T04:47:40.878-0700: 665.108: Total time for which application threads were stopped: 0.0001923 seconds, Stopping threads took: 0.0000989 seconds
2017-10-31T04:47:40.879-0700: 665.110: Total time for which application threads were stopped: 0.0001280 seconds, Stopping threads took: 0.0000298 seconds
2017-10-31T04:47:40.879-0700: 665.110: Total time for which application threads were stopped: 0.0000813 seconds, Stopping threads took: 0.0000237 seconds
2017-10-31T04:47:40.883-0700: 665.113: Total time for which application threads were stopped: 0.0002526 seconds, Stopping threads took: 0.0001713 seconds
2017-10-31T04:47:41.143-0700: 665.374: Total time for which application threads were stopped: 0.0001463 seconds, Stopping threads took: 0.0000298 seconds
2017-10-31T04:47:41.148-0700: 665.379: Total time for which application threads were stopped: 0.0001233 seconds, Stopping threads took: 0.0000461 seconds
2017-10-31T04:47:41.148-0700: 665.379: Total time for which application threads were stopped: 0.0000880 seconds, Stopping threads took: 0.0000379 seconds
2017-10-31T04:47:41.149-0700: 665.380: Total time for which application threads were stopped: 0.0001050 seconds, Stopping threads took: 0.0000244 seconds
2017-10-31T04:47:41.151-0700: 665.382: Total time for which application threads were stopped: 0.0004720 seconds, Stopping threads took: 0.0003820 seconds
2017-10-31T04:47:41.151-0700: 665.382: Total time for which application threads were stopped: 0.0000968 seconds, Stopping threads took: 0.0000352 seconds
2017-10-31T04:47:41.151-0700: 665.383: Total time for which application threads were stopped: 0.0000948 seconds, Stopping threads took: 0.0000271 seconds
2017-10-31T04:47:41.152-0700: 665.383: Total time for which application threads were stopped: 0.0000684 seconds, Stopping threads took: 0.0000183 seconds
2017-10-31T04:47:41.152-0700: 665.384: Total time for which application threads were stopped: 0.0000759 seconds, Stopping threads took: 0.0000169 seconds
2017-10-31T04:47:41.153-0700: 665.384: Total time for which application threads were stopped: 0.0000555 seconds, Stopping threads took: 0.0000142 seconds
2017-10-31T04:47:41.153-0700: 665.384: Total time for which application threads were stopped: 0.0000745 seconds, Stopping threads took: 0.0000135 seconds
2017-10-31T04:47:41.154-0700: 665.385: Total time for which application threads were stopped: 0.0000806 seconds, Stopping threads took: 0.0000129 seconds
2017-10-31T04:47:41.154-0700: 665.385: Total time for which application threads were stopped: 0.0000806 seconds, Stopping threads took: 0.0000325 seconds
2017-10-31T04:47:41.171-0700: 665.401: Total time for which application threads were stopped: 0.0001415 seconds, Stopping threads took: 0.0000345 seconds
2017-10-31T04:47:41.678-0700: 665.908: Total time for which application threads were stopped: 0.0000914 seconds, Stopping threads took: 0.0000223 seconds
2017-10-31T04:47:41.681-0700: 665.911: Total time for which application threads were stopped: 0.0001422 seconds, Stopping threads took: 0.0000521 seconds
2017-10-31T04:47:41.681-0700: 665.911: Total time for which application threads were stopped: 0.0000968 seconds, Stopping threads took: 0.0000447 seconds
2017-10-31T04:47:41.684-0700: 665.914: Total time for which application threads were stopped: 0.0001219 seconds, Stopping threads took: 0.0000251 seconds
2017-10-31T04:47:41.695-0700: 665.926: Total time for which application threads were stopped: 0.0000982 seconds, Stopping threads took: 0.0000284 seconds
2017-10-31T04:47:41.890-0700: 666.120: Total time for which application threads were stopped: 0.0001470 seconds, Stopping threads took: 0.0000582 seconds
2017-10-31T04:47:41.891-0700: 666.122: Total time for which application threads were stopped: 0.0001029 seconds, Stopping threads took: 0.0000440 seconds
2017-10-31T04:47:41.897-0700: 666.128: Total time for which application threads were stopped: 0.0001923 seconds, Stopping threads took: 0.0000860 seconds
2017-10-31T04:47:41.914-0700: 666.145: Total time for which application threads were stopped: 0.0001327 seconds, Stopping threads took: 0.0000427 seconds
2017-10-31T04:47:42.112-0700: 666.342: Total time for which application threads were stopped: 0.0001842 seconds, Stopping threads took: 0.0000874 seconds
2017-10-31T04:47:42.112-0700: 666.342: Total time for which application threads were stopped: 0.0000894 seconds, Stopping threads took: 0.0000203 seconds
2017-10-31T04:47:42.123-0700: 666.353: Total time for which application threads were stopped: 0.0001206 seconds, Stopping threads took: 0.0000318 seconds
2017-10-31T04:47:42.135-0700: 666.366: Total time for which application threads were stopped: 0.0000901 seconds, Stopping threads took: 0.0000223 seconds
2017-10-31T04:47:42.345-0700: 666.576: Total time for which application threads were stopped: 0.0000894 seconds, Stopping threads took: 0.0000264 seconds
2017-10-31T04:47:42.345-0700: 666.576: Total time for which application threads were stopped: 0.0001077 seconds, Stopping threads took: 0.0000488 seconds
2017-10-31T04:47:42.355-0700: 666.585: Total time for which application threads were stopped: 0.0001145 seconds, Stopping threads took: 0.0000271 seconds
2017-10-31T04:47:42.369-0700: 666.600: Total time for which application threads were stopped: 0.0000860 seconds, Stopping threads took: 0.0000203 seconds
2017-10-31T04:47:42.601-0700: 666.831: Total time for which application threads were stopped: 0.0002580 seconds, Stopping threads took: 0.0001605 seconds
2017-10-31T04:47:42.601-0700: 666.832: Total time for which application threads were stopped: 0.0002262 seconds, Stopping threads took: 0.0001551 seconds
2017-10-31T04:47:42.609-0700: 666.840: Total time for which application threads were stopped: 0.0001138 seconds, Stopping threads took: 0.0000264 seconds
2017-10-31T04:47:42.626-0700: 666.856: Total time for which application threads were stopped: 0.0000928 seconds, Stopping threads took: 0.0000271 seconds
2017-10-31T04:47:42.858-0700: 667.088: Total time for which application threads were stopped: 0.0002032 seconds, Stopping threads took: 0.0001084 seconds
2017-10-31T04:47:42.858-0700: 667.089: Total time for which application threads were stopped: 0.0000610 seconds, Stopping threads took: 0.0000142 seconds
2017-10-31T04:47:42.871-0700: 667.101: Total time for which application threads were stopped: 0.0001165 seconds, Stopping threads took: 0.0000257 seconds
{Heap before GC invocations=12 (full 1):
 par new generation   total 109248K, used 103555K [0x00000000e0000000, 0x00000000e8000000, 0x00000000e8000000)
  eden space 87424K, 100% used [0x00000000e0000000, 0x00000000e5560000, 0x00000000e5560000)
  from space 21824K,  73% used [0x00000000e5560000, 0x00000000e6520df0, 0x00000000e6ab0000)
  to   space 21824K,   0% used [0x00000000e6ab0000, 0x00000000e6ab0000, 0x00000000e8000000)
 concurrent mark-sweep generation total 393216K, used 9988K [0x00000000e8000000, 0x0000000100000000, 0x0000000100000000)
 Metaspace       used 36768K, capacity 37782K, committed 38092K, reserved 1083392K
  class space    used 4479K, capacity 4729K, committed 4812K, reserved 1048576K
2017-10-31T04:47:42.883-0700: 667.114: [GC (Allocation Failure) 2017-10-31T04:47:42.883-0700: 667.114: [ParNew
Desired survivor size 20112992 bytes, new threshold 8 (max 8)
- age   1:    1373512 bytes,    1373512 total
- age   2:      57920 bytes,    1431432 total
- age   3:      50384 bytes,    1481816 total
- age   4:     125608 bytes,    1607424 total
- age   5:    7108912 bytes,    8716336 total
- age   6:    1011784 bytes,    9728120 total
- age   7:    1376832 bytes,   11104952 total
- age   8:     134560 bytes,   11239512 total
: 103555K->12567K(109248K), 0.0146855 secs] 113544K->22846K(502464K), 0.0147986 secs] [Times: user=0.06 sys=0.00, real=0.02 secs] 
Heap after GC invocations=13 (full 1):
 par new generation   total 109248K, used 12567K [0x00000000e0000000, 0x00000000e8000000, 0x00000000e8000000)
  eden space 87424K,   0% used [0x00000000e0000000, 0x00000000e0000000, 0x00000000e5560000)
  from space 21824K,  57% used [0x00000000e6ab0000, 0x00000000e76f5c08, 0x00000000e8000000)
  to   space 21824K,   0% used [0x00000000e5560000, 0x00000000e5560000, 0x00000000e6ab0000)
 concurrent mark-sweep generation total 393216K, used 10279K [0x00000000e8000000, 0x0000000100000000, 0x0000000100000000)
 Metaspace       used 36768K, capacity 37782K, committed 38092K, reserved 1083392K
  class space    used 4479K, capacity 4729K, committed 4812K, reserved 1048576K
}
2017-10-31T04:47:42.898-0700: 667.129: Total time for which application threads were stopped: 0.0151494 seconds, Stopping threads took: 0.0000596 seconds
2017-10-31T04:47:42.901-0700: 667.132: Total time for which application threads were stopped: 0.0001077 seconds, Stopping threads took: 0.0000427 seconds
2017-10-31T04:47:43.135-0700: 667.366: Total time for which application threads were stopped: 0.0000928 seconds, Stopping threads took: 0.0000284 seconds
2017-10-31T04:47:43.136-0700: 667.366: Total time for which application threads were stopped: 0.0001327 seconds, Stopping threads took: 0.0000562 seconds
2017-10-31T04:47:43.144-0700: 667.375: Total time for which application threads were stopped: 0.0001158 seconds, Stopping threads took: 0.0000305 seconds
2017-10-31T04:47:43.157-0700: 667.388: Total time for which application threads were stopped: 0.0001178 seconds, Stopping threads took: 0.0000332 seconds
2017-10-31T04:47:43.402-0700: 667.633: Total time for which application threads were stopped: 0.0001260 seconds, Stopping threads took: 0.0000406 seconds
2017-10-31T04:47:43.404-0700: 667.635: Total time for which application threads were stopped: 0.0001382 seconds, Stopping threads took: 0.0000481 seconds
2017-10-31T04:47:43.406-0700: 667.636: Total time for which application threads were stopped: 0.0001470 seconds, Stopping threads took: 0.0000731 seconds
2017-10-31T04:47:43.406-0700: 667.637: Total time for which application threads were stopped: 0.0001131 seconds, Stopping threads took: 0.0000515 seconds
2017-10-31T04:47:43.435-0700: 667.666: Total time for which application threads were stopped: 0.0001544 seconds, Stopping threads took: 0.0000413 seconds
2017-10-31T04:47:43.453-0700: 667.684: Total time for which application threads were stopped: 0.0001510 seconds, Stopping threads took: 0.0000684 seconds
2017-10-31T04:47:43.775-0700: 668.005: Total time for which application threads were stopped: 0.0002709 seconds, Stopping threads took: 0.0001761 seconds
2017-10-31T04:47:43.775-0700: 668.005: Total time for which application threads were stopped: 0.0002188 seconds, Stopping threads took: 0.0001463 seconds
2017-10-31T04:47:43.775-0700: 668.006: Total time for which application threads were stopped: 0.0000718 seconds, Stopping threads took: 0.0000169 seconds
2017-10-31T04:47:43.776-0700: 668.007: Total time for which application threads were stopped: 0.0001646 seconds, Stopping threads took: 0.0000643 seconds
2017-10-31T04:47:43.776-0700: 668.007: Total time for which application threads were stopped: 0.0000799 seconds, Stopping threads took: 0.0000291 seconds
2017-10-31T04:47:43.776-0700: 668.007: Total time for which application threads were stopped: 0.0000698 seconds, Stopping threads took: 0.0000257 seconds
2017-10-31T04:47:43.777-0700: 668.008: Total time for which application threads were stopped: 0.0000630 seconds, Stopping threads took: 0.0000244 seconds
2017-10-31T04:47:43.777-0700: 668.008: Total time for which application threads were stopped: 0.0000718 seconds, Stopping threads took: 0.0000169 seconds
2017-10-31T04:47:43.777-0700: 668.008: Total time for which application threads were stopped: 0.0001436 seconds, Stopping threads took: 0.0000935 seconds
2017-10-31T04:47:43.778-0700: 668.009: Total time for which application threads were stopped: 0.0000704 seconds, Stopping threads took: 0.0000284 seconds
2017-10-31T04:47:43.778-0700: 668.009: Total time for which application threads were stopped: 0.0001578 seconds, Stopping threads took: 0.0000115 seconds
2017-10-31T04:47:43.787-0700: 668.017: Total time for which application threads were stopped: 0.0001246 seconds, Stopping threads took: 0.0000278 seconds
2017-10-31T04:47:44.032-0700: 668.262: Total time for which application threads were stopped: 0.0002052 seconds, Stopping threads took: 0.0000257 seconds
2017-10-31T04:47:44.220-0700: 668.451: Total time for which application threads were stopped: 0.0000853 seconds, Stopping threads took: 0.0000237 seconds
2017-10-31T04:47:44.220-0700: 668.451: Total time for which application threads were stopped: 0.0000488 seconds, Stopping threads took: 0.0000115 seconds
2017-10-31T04:47:44.221-0700: 668.452: Total time for which application threads were stopped: 0.0001449 seconds, Stopping threads took: 0.0000528 seconds
2017-10-31T04:47:44.229-0700: 668.460: Total time for which application threads were stopped: 0.0001239 seconds, Stopping threads took: 0.0000318 seconds
2017-10-31T04:47:44.242-0700: 668.473: Total time for which application threads were stopped: 0.0001192 seconds, Stopping threads took: 0.0000386 seconds
2017-10-31T04:47:44.424-0700: 668.655: Total time for which application threads were stopped: 0.0000901 seconds, Stopping threads took: 0.0000251 seconds
2017-10-31T04:47:44.425-0700: 668.656: Total time for which application threads were stopped: 0.0002235 seconds, Stopping threads took: 0.0001483 seconds
2017-10-31T04:47:44.434-0700: 668.665: Total time for which application threads were stopped: 0.0001124 seconds, Stopping threads took: 0.0000278 seconds
2017-10-31T04:47:44.448-0700: 668.679: Total time for which application threads were stopped: 0.0001151 seconds, Stopping threads took: 0.0000325 seconds
2017-10-31T04:47:44.644-0700: 668.875: Total time for which application threads were stopped: 0.0003698 seconds, Stopping threads took: 0.0001564 seconds
2017-10-31T04:47:44.645-0700: 668.875: Total time for which application threads were stopped: 0.0002404 seconds, Stopping threads took: 0.0000393 seconds
2017-10-31T04:47:44.655-0700: 668.885: Total time for which application threads were stopped: 0.0002289 seconds, Stopping threads took: 0.0000251 seconds
2017-10-31T04:47:44.667-0700: 668.898: Total time for which application threads were stopped: 0.0000908 seconds, Stopping threads took: 0.0000230 seconds
2017-10-31T04:47:44.871-0700: 669.102: Total time for which application threads were stopped: 0.0001483 seconds, Stopping threads took: 0.0000637 seconds
2017-10-31T04:47:44.894-0700: 669.124: Total time for which application threads were stopped: 0.0000860 seconds, Stopping threads took: 0.0000217 seconds
2017-10-31T04:47:45.104-0700: 669.334: Total time for which application threads were stopped: 0.0003325 seconds, Stopping threads took: 0.0002350 seconds
2017-10-31T04:47:45.126-0700: 669.357: Total time for which application threads were stopped: 0.0001090 seconds, Stopping threads took: 0.0000427 seconds
2017-10-31T04:47:45.372-0700: 669.602: Total time for which application threads were stopped: 0.0001354 seconds, Stopping threads took: 0.0000508 seconds
2017-10-31T04:47:45.404-0700: 669.636: Total time for which application threads were stopped: 0.0001307 seconds, Stopping threads took: 0.0000372 seconds
2017-10-31T04:47:45.708-0700: 669.939: Total time for which application threads were stopped: 0.0001503 seconds, Stopping threads took: 0.0000433 seconds
2017-10-31T04:47:45.736-0700: 669.967: Total time for which application threads were stopped: 0.0001314 seconds, Stopping threads took: 0.0000481 seconds
2017-10-31T04:47:46.083-0700: 670.314: Total time for which application threads were stopped: 0.0001165 seconds, Stopping threads took: 0.0000332 seconds
2017-10-31T04:47:46.086-0700: 670.316: Total time for which application threads were stopped: 0.0001551 seconds, Stopping threads took: 0.0000528 seconds
2017-10-31T04:47:46.089-0700: 670.319: Total time for which application threads were stopped: 0.0001801 seconds, Stopping threads took: 0.0000989 seconds
{Heap before GC invocations=13 (full 1):
 par new generation   total 109248K, used 99526K [0x00000000e0000000, 0x00000000e8000000, 0x00000000e8000000)
  eden space 87424K,  99% used [0x00000000e0000000, 0x00000000e54ebd40, 0x00000000e5560000)
  from space 21824K,  57% used [0x00000000e6ab0000, 0x00000000e76f5c08, 0x00000000e8000000)
  to   space 21824K,   0% used [0x00000000e5560000, 0x00000000e5560000, 0x00000000e6ab0000)
 concurrent mark-sweep generation total 393216K, used 10279K [0x00000000e8000000, 0x0000000100000000, 0x0000000100000000)
 Metaspace       used 36870K, capacity 37854K, committed 38092K, reserved 1083392K
  class space    used 4479K, capacity 4729K, committed 4812K, reserved 1048576K
2017-10-31T04:47:46.139-0700: 670.370: [GC (Allocation Failure) 2017-10-31T04:47:46.139-0700: 670.370: [ParNew
Desired survivor size 20112992 bytes, new threshold 8 (max 8)
- age   1:    1272304 bytes,    1272304 total
- age   2:      34440 bytes,    1306744 total
- age   3:      57008 bytes,    1363752 total
- age   4:      50384 bytes,    1414136 total
- age   5:     125608 bytes,    1539744 total
- age   6:    7108912 bytes,    8648656 total
- age   7:    1011784 bytes,    9660440 total
- age   8:    1376816 bytes,   11037256 total
: 99526K->13807K(109248K), 0.0137035 secs] 109805K->24221K(502464K), 0.0138105 secs] [Times: user=0.06 sys=0.00, real=0.01 secs] 
Heap after GC invocations=14 (full 1):
 par new generation   total 109248K, used 13807K [0x00000000e0000000, 0x00000000e8000000, 0x00000000e8000000)
  eden space 87424K,   0% used [0x00000000e0000000, 0x00000000e0000000, 0x00000000e5560000)
  from space 21824K,  63% used [0x00000000e5560000, 0x00000000e62dbfd0, 0x00000000e6ab0000)
  to   space 21824K,   0% used [0x00000000e6ab0000, 0x00000000e6ab0000, 0x00000000e8000000)
 concurrent mark-sweep generation total 393216K, used 10413K [0x00000000e8000000, 0x0000000100000000, 0x0000000100000000)
 Metaspace       used 36870K, capacity 37854K, committed 38092K, reserved 1083392K
  class space    used 4479K, capacity 4729K, committed 4812K, reserved 1048576K
}
2017-10-31T04:47:46.153-0700: 670.384: Total time for which application threads were stopped: 0.0147769 seconds, Stopping threads took: 0.0006271 seconds
2017-10-31T04:47:46.155-0700: 670.386: Total time for which application threads were stopped: 0.0003508 seconds, Stopping threads took: 0.0000826 seconds
2017-10-31T04:47:47.155-0700: 671.386: Total time for which application threads were stopped: 0.0001300 seconds, Stopping threads took: 0.0000332 seconds
2017-10-31T04:47:47.213-0700: 671.444: Total time for which application threads were stopped: 0.0001057 seconds, Stopping threads took: 0.0000298 seconds
2017-10-31T04:47:47.256-0700: 671.486: Total time for which application threads were stopped: 0.0001206 seconds, Stopping threads took: 0.0000257 seconds
2017-10-31T04:47:47.260-0700: 671.490: Total time for which application threads were stopped: 0.0001138 seconds, Stopping threads took: 0.0000278 seconds
2017-10-31T04:47:47.260-0700: 671.491: Total time for which application threads were stopped: 0.0000908 seconds, Stopping threads took: 0.0000203 seconds
2017-10-31T04:47:47.261-0700: 671.491: Total time for which application threads were stopped: 0.0000765 seconds, Stopping threads took: 0.0000163 seconds
2017-10-31T04:47:47.261-0700: 671.492: Total time for which application threads were stopped: 0.0000772 seconds, Stopping threads took: 0.0000169 seconds
2017-10-31T04:47:47.262-0700: 671.492: Total time for which application threads were stopped: 0.0000657 seconds, Stopping threads took: 0.0000135 seconds
2017-10-31T04:47:47.262-0700: 671.492: Total time for which application threads were stopped: 0.0000630 seconds, Stopping threads took: 0.0000129 seconds
2017-10-31T04:47:47.263-0700: 671.493: Total time for which application threads were stopped: 0.0000779 seconds, Stopping threads took: 0.0000203 seconds
2017-10-31T04:47:47.284-0700: 671.515: Total time for which application threads were stopped: 0.0001219 seconds, Stopping threads took: 0.0000264 seconds
2017-10-31T04:47:47.907-0700: 672.138: Total time for which application threads were stopped: 0.0001124 seconds, Stopping threads took: 0.0000291 seconds
2017-10-31T04:47:47.914-0700: 672.145: Total time for which application threads were stopped: 0.0001395 seconds, Stopping threads took: 0.0000596 seconds
2017-10-31T04:47:47.931-0700: 672.162: Total time for which application threads were stopped: 0.0001131 seconds, Stopping threads took: 0.0000298 seconds
2017-10-31T04:47:48.133-0700: 672.364: Total time for which application threads were stopped: 0.0001307 seconds, Stopping threads took: 0.0000467 seconds
2017-10-31T04:47:48.150-0700: 672.381: Total time for which application threads were stopped: 0.0000867 seconds, Stopping threads took: 0.0000223 seconds
2017-10-31T04:47:48.338-0700: 672.570: Total time for which application threads were stopped: 0.0001571 seconds, Stopping threads took: 0.0000887 seconds
2017-10-31T04:47:48.355-0700: 672.586: Total time for which application threads were stopped: 0.0000928 seconds, Stopping threads took: 0.0000237 seconds
2017-10-31T04:47:48.557-0700: 672.788: Total time for which application threads were stopped: 0.0001483 seconds, Stopping threads took: 0.0000772 seconds
2017-10-31T04:47:49.558-0700: 673.789: Total time for which application threads were stopped: 0.0002438 seconds, Stopping threads took: 0.0000772 seconds
2017-10-31T04:47:54.562-0700: 678.793: Total time for which application threads were stopped: 0.0002580 seconds, Stopping threads took: 0.0000698 seconds
2017-10-31T04:48:41.001-0700: 725.231: Total time for which application threads were stopped: 0.0001151 seconds, Stopping threads took: 0.0000386 seconds
2017-10-31T04:48:41.213-0700: 725.443: Total time for which application threads were stopped: 0.0001002 seconds, Stopping threads took: 0.0000284 seconds
2017-10-31T04:48:41.213-0700: 725.443: Total time for which application threads were stopped: 0.0000521 seconds, Stopping threads took: 0.0000142 seconds
2017-10-31T04:48:41.213-0700: 725.443: Total time for which application threads were stopped: 0.0000610 seconds, Stopping threads took: 0.0000257 seconds
2017-10-31T04:48:41.215-0700: 725.445: Total time for which application threads were stopped: 0.0001131 seconds, Stopping threads took: 0.0000359 seconds
2017-10-31T04:48:41.232-0700: 725.462: Total time for which application threads were stopped: 0.0001239 seconds, Stopping threads took: 0.0000298 seconds
2017-10-31T04:48:41.446-0700: 725.677: Total time for which application threads were stopped: 0.0001348 seconds, Stopping threads took: 0.0000576 seconds
2017-10-31T04:48:41.447-0700: 725.677: Total time for which application threads were stopped: 0.0000880 seconds, Stopping threads took: 0.0000386 seconds
2017-10-31T04:48:41.451-0700: 725.681: Total time for which application threads were stopped: 0.0001036 seconds, Stopping threads took: 0.0000264 seconds
2017-10-31T04:48:41.463-0700: 725.693: Total time for which application threads were stopped: 0.0000948 seconds, Stopping threads took: 0.0000217 seconds
2017-10-31T04:48:41.664-0700: 725.895: Total time for which application threads were stopped: 0.0001713 seconds, Stopping threads took: 0.0000921 seconds
2017-10-31T04:48:41.664-0700: 725.895: Total time for which application threads were stopped: 0.0002296 seconds, Stopping threads took: 0.0001246 seconds
2017-10-31T04:48:41.669-0700: 725.899: Total time for which application threads were stopped: 0.0001253 seconds, Stopping threads took: 0.0000237 seconds
2017-10-31T04:48:41.681-0700: 725.911: Total time for which application threads were stopped: 0.0000955 seconds, Stopping threads took: 0.0000217 seconds
2017-10-31T04:48:41.918-0700: 726.149: Total time for which application threads were stopped: 0.0001686 seconds, Stopping threads took: 0.0000454 seconds
2017-10-31T04:48:41.918-0700: 726.149: Total time for which application threads were stopped: 0.0001456 seconds, Stopping threads took: 0.0000393 seconds
2017-10-31T04:48:41.929-0700: 726.160: Total time for which application threads were stopped: 0.0001483 seconds, Stopping threads took: 0.0000555 seconds
2017-10-31T04:48:41.939-0700: 726.170: Total time for which application threads were stopped: 0.0001273 seconds, Stopping threads took: 0.0000339 seconds
2017-10-31T04:48:41.942-0700: 726.172: Total time for which application threads were stopped: 0.0001206 seconds, Stopping threads took: 0.0000359 seconds
2017-10-31T04:48:41.965-0700: 726.196: Total time for which application threads were stopped: 0.0001233 seconds, Stopping threads took: 0.0000291 seconds
2017-10-31T04:48:42.225-0700: 726.456: Total time for which application threads were stopped: 0.0001280 seconds, Stopping threads took: 0.0000433 seconds
2017-10-31T04:48:42.225-0700: 726.456: Total time for which application threads were stopped: 0.0000840 seconds, Stopping threads took: 0.0000386 seconds
2017-10-31T04:48:42.226-0700: 726.457: Total time for which application threads were stopped: 0.0000894 seconds, Stopping threads took: 0.0000352 seconds
2017-10-31T04:48:42.226-0700: 726.457: Total time for which application threads were stopped: 0.0000880 seconds, Stopping threads took: 0.0000203 seconds
2017-10-31T04:48:42.227-0700: 726.457: Total time for which application threads were stopped: 0.0000921 seconds, Stopping threads took: 0.0000264 seconds
2017-10-31T04:48:42.233-0700: 726.464: Total time for which application threads were stopped: 0.0001158 seconds, Stopping threads took: 0.0000305 seconds
2017-10-31T04:48:42.234-0700: 726.464: Total time for which application threads were stopped: 0.0001321 seconds, Stopping threads took: 0.0000264 seconds
2017-10-31T04:48:42.234-0700: 726.465: Total time for which application threads were stopped: 0.0000880 seconds, Stopping threads took: 0.0000257 seconds
2017-10-31T04:48:42.235-0700: 726.465: Total time for which application threads were stopped: 0.0000874 seconds, Stopping threads took: 0.0000244 seconds
2017-10-31T04:48:42.237-0700: 726.467: Total time for which application threads were stopped: 0.0001158 seconds, Stopping threads took: 0.0000339 seconds
2017-10-31T04:48:42.237-0700: 726.468: Total time for which application threads were stopped: 0.0003501 seconds, Stopping threads took: 0.0002756 seconds
2017-10-31T04:48:42.238-0700: 726.468: Total time for which application threads were stopped: 0.0000698 seconds, Stopping threads took: 0.0000183 seconds
2017-10-31T04:48:42.548-0700: 726.779: Total time for which application threads were stopped: 0.0002262 seconds, Stopping threads took: 0.0000589 seconds
2017-10-31T04:48:42.705-0700: 726.936: Total time for which application threads were stopped: 0.0001158 seconds, Stopping threads took: 0.0000305 seconds
2017-10-31T04:48:42.709-0700: 726.940: Total time for which application threads were stopped: 0.0001503 seconds, Stopping threads took: 0.0000555 seconds
2017-10-31T04:48:42.709-0700: 726.940: Total time for which application threads were stopped: 0.0001043 seconds, Stopping threads took: 0.0000312 seconds
2017-10-31T04:48:42.717-0700: 726.947: Total time for which application threads were stopped: 0.0001781 seconds, Stopping threads took: 0.0000413 seconds
2017-10-31T04:48:42.731-0700: 726.962: Total time for which application threads were stopped: 0.0001862 seconds, Stopping threads took: 0.0000935 seconds
2017-10-31T04:48:42.914-0700: 727.145: Total time for which application threads were stopped: 0.0001551 seconds, Stopping threads took: 0.0000535 seconds
2017-10-31T04:48:42.914-0700: 727.145: Total time for which application threads were stopped: 0.0001023 seconds, Stopping threads took: 0.0000298 seconds
2017-10-31T04:48:42.924-0700: 727.155: Total time for which application threads were stopped: 0.0001185 seconds, Stopping threads took: 0.0000312 seconds
2017-10-31T04:48:42.940-0700: 727.172: Total time for which application threads were stopped: 0.0000968 seconds, Stopping threads took: 0.0000251 seconds
2017-10-31T04:48:43.136-0700: 727.366: Total time for which application threads were stopped: 0.0001131 seconds, Stopping threads took: 0.0000264 seconds
2017-10-31T04:48:43.136-0700: 727.366: Total time for which application threads were stopped: 0.0000908 seconds, Stopping threads took: 0.0000190 seconds
2017-10-31T04:48:43.145-0700: 727.376: Total time for which application threads were stopped: 0.0001300 seconds, Stopping threads took: 0.0000284 seconds
{Heap before GC invocations=14 (full 1):
 par new generation   total 109248K, used 101028K [0x00000000e0000000, 0x00000000e8000000, 0x00000000e8000000)
  eden space 87424K,  99% used [0x00000000e0000000, 0x00000000e552d3b0, 0x00000000e5560000)
  from space 21824K,  63% used [0x00000000e5560000, 0x00000000e62dbfd0, 0x00000000e6ab0000)
  to   space 21824K,   0% used [0x00000000e6ab0000, 0x00000000e6ab0000, 0x00000000e8000000)
 concurrent mark-sweep generation total 393216K, used 10413K [0x00000000e8000000, 0x0000000100000000, 0x0000000100000000)
 Metaspace       used 37002K, capacity 37918K, committed 38092K, reserved 1083392K
  class space    used 4480K, capacity 4729K, committed 4812K, reserved 1048576K
2017-10-31T04:48:43.156-0700: 727.387: [GC (Allocation Failure) 2017-10-31T04:48:43.157-0700: 727.387: [ParNew
Desired survivor size 20112992 bytes, new threshold 8 (max 8)
- age   1:    1235648 bytes,    1235648 total
- age   2:      10552 bytes,    1246200 total
- age   3:      32592 bytes,    1278792 total
- age   4:      41752 bytes,    1320544 total
- age   5:      50384 bytes,    1370928 total
- age   6:     125608 bytes,    1496536 total
- age   7:    9337152 bytes,   10833688 total
- age   8:    1011784 bytes,   11845472 total
: 101028K->13390K(109248K), 0.0167579 secs] 111442K->25155K(502464K), 0.0169441 secs] [Times: user=0.06 sys=0.00, real=0.02 secs] 
Heap after GC invocations=15 (full 1):
 par new generation   total 109248K, used 13390K [0x00000000e0000000, 0x00000000e8000000, 0x00000000e8000000)
  eden space 87424K,   0% used [0x00000000e0000000, 0x00000000e0000000, 0x00000000e5560000)
  from space 21824K,  61% used [0x00000000e6ab0000, 0x00000000e77c3848, 0x00000000e8000000)
  to   space 21824K,   0% used [0x00000000e5560000, 0x00000000e5560000, 0x00000000e6ab0000)
 concurrent mark-sweep generation total 393216K, used 11765K [0x00000000e8000000, 0x0000000100000000, 0x0000000100000000)
 Metaspace       used 37002K, capacity 37918K, committed 38092K, reserved 1083392K
  class space    used 4480K, capacity 4729K, committed 4812K, reserved 1048576K
}
2017-10-31T04:48:43.174-0700: 727.404: Total time for which application threads were stopped: 0.0172333 seconds, Stopping threads took: 0.0000244 seconds
2017-10-31T04:48:43.177-0700: 727.408: Total time for which application threads were stopped: 0.0001185 seconds, Stopping threads took: 0.0000352 seconds
2017-10-31T04:48:43.414-0700: 727.645: Total time for which application threads were stopped: 0.0003732 seconds, Stopping threads took: 0.0002099 seconds
2017-10-31T04:48:43.414-0700: 727.645: Total time for which application threads were stopped: 0.0002255 seconds, Stopping threads took: 0.0001537 seconds
2017-10-31T04:48:43.423-0700: 727.654: Total time for which application threads were stopped: 0.0001185 seconds, Stopping threads took: 0.0000291 seconds
2017-10-31T04:48:43.440-0700: 727.670: Total time for which application threads were stopped: 0.0001375 seconds, Stopping threads took: 0.0000461 seconds
2017-10-31T04:48:43.731-0700: 727.962: Total time for which application threads were stopped: 0.0002790 seconds, Stopping threads took: 0.0001151 seconds
2017-10-31T04:48:43.731-0700: 727.962: Total time for which application threads were stopped: 0.0002032 seconds, Stopping threads took: 0.0000596 seconds
2017-10-31T04:48:43.747-0700: 727.978: Total time for which application threads were stopped: 0.0001280 seconds, Stopping threads took: 0.0000298 seconds
2017-10-31T04:48:43.766-0700: 727.998: Total time for which application threads were stopped: 0.0002384 seconds, Stopping threads took: 0.0001294 seconds
2017-10-31T04:48:44.030-0700: 728.261: Total time for which application threads were stopped: 0.0001483 seconds, Stopping threads took: 0.0000447 seconds
2017-10-31T04:48:44.030-0700: 728.261: Total time for which application threads were stopped: 0.0000853 seconds, Stopping threads took: 0.0000203 seconds
2017-10-31T04:48:44.042-0700: 728.274: Total time for which application threads were stopped: 0.0001544 seconds, Stopping threads took: 0.0000352 seconds
2017-10-31T04:48:44.065-0700: 728.296: Total time for which application threads were stopped: 0.0001294 seconds, Stopping threads took: 0.0000366 seconds
2017-10-31T04:48:44.354-0700: 728.585: Total time for which application threads were stopped: 0.0001795 seconds, Stopping threads took: 0.0000921 seconds
2017-10-31T04:48:44.354-0700: 728.585: Total time for which application threads were stopped: 0.0000955 seconds, Stopping threads took: 0.0000406 seconds
2017-10-31T04:48:44.362-0700: 728.593: Total time for which application threads were stopped: 0.0001266 seconds, Stopping threads took: 0.0000312 seconds
2017-10-31T04:48:44.374-0700: 728.605: Total time for which application threads were stopped: 0.0000914 seconds, Stopping threads took: 0.0000230 seconds
2017-10-31T04:48:44.575-0700: 728.806: Total time for which application threads were stopped: 0.0001646 seconds, Stopping threads took: 0.0000582 seconds
2017-10-31T04:48:44.579-0700: 728.810: Total time for which application threads were stopped: 0.0001781 seconds, Stopping threads took: 0.0000549 seconds
2017-10-31T04:48:44.581-0700: 728.812: Total time for which application threads were stopped: 0.0001619 seconds, Stopping threads took: 0.0000765 seconds
2017-10-31T04:48:44.583-0700: 728.814: Total time for which application threads were stopped: 0.0001409 seconds, Stopping threads took: 0.0000515 seconds
2017-10-31T04:48:44.603-0700: 728.834: Total time for which application threads were stopped: 0.0001307 seconds, Stopping threads took: 0.0000400 seconds
2017-10-31T04:48:44.622-0700: 728.852: Total time for which application threads were stopped: 0.0001192 seconds, Stopping threads took: 0.0000359 seconds
2017-10-31T04:48:44.882-0700: 729.112: Total time for which application threads were stopped: 0.0001266 seconds, Stopping threads took: 0.0000318 seconds
2017-10-31T04:48:44.882-0700: 729.113: Total time for which application threads were stopped: 0.0000982 seconds, Stopping threads took: 0.0000230 seconds
2017-10-31T04:48:44.882-0700: 729.113: Total time for which application threads were stopped: 0.0000792 seconds, Stopping threads took: 0.0000169 seconds
2017-10-31T04:48:44.883-0700: 729.114: Total time for which application threads were stopped: 0.0001178 seconds, Stopping threads took: 0.0000156 seconds
2017-10-31T04:48:44.883-0700: 729.114: Total time for which application threads were stopped: 0.0000819 seconds, Stopping threads took: 0.0000176 seconds
2017-10-31T04:48:44.884-0700: 729.114: Total time for which application threads were stopped: 0.0000616 seconds, Stopping threads took: 0.0000129 seconds
2017-10-31T04:48:44.884-0700: 729.115: Total time for which application threads were stopped: 0.0000704 seconds, Stopping threads took: 0.0000149 seconds
2017-10-31T04:48:44.885-0700: 729.115: Total time for which application threads were stopped: 0.0000711 seconds, Stopping threads took: 0.0000156 seconds
2017-10-31T04:48:44.885-0700: 729.115: Total time for which application threads were stopped: 0.0000643 seconds, Stopping threads took: 0.0000122 seconds
2017-10-31T04:48:44.885-0700: 729.116: Total time for which application threads were stopped: 0.0000698 seconds, Stopping threads took: 0.0000156 seconds
2017-10-31T04:48:44.886-0700: 729.117: Total time for which application threads were stopped: 0.0007809 seconds, Stopping threads took: 0.0007267 seconds
2017-10-31T04:48:44.894-0700: 729.124: Total time for which application threads were stopped: 0.0001287 seconds, Stopping threads took: 0.0000284 seconds
2017-10-31T04:48:45.172-0700: 729.403: Total time for which application threads were stopped: 0.0001158 seconds, Stopping threads took: 0.0000278 seconds
2017-10-31T04:48:45.453-0700: 729.685: Total time for which application threads were stopped: 0.0002987 seconds, Stopping threads took: 0.0000582 seconds
2017-10-31T04:48:45.459-0700: 729.690: Total time for which application threads were stopped: 0.0002201 seconds, Stopping threads took: 0.0000786 seconds
2017-10-31T04:48:45.459-0700: 729.690: Total time for which application threads were stopped: 0.0000860 seconds, Stopping threads took: 0.0000332 seconds
2017-10-31T04:48:45.459-0700: 729.690: Total time for which application threads were stopped: 0.0000677 seconds, Stopping threads took: 0.0000325 seconds
2017-10-31T04:48:45.469-0700: 729.700: Total time for which application threads were stopped: 0.0001138 seconds, Stopping threads took: 0.0000251 seconds
2017-10-31T04:48:45.482-0700: 729.713: Total time for which application threads were stopped: 0.0000928 seconds, Stopping threads took: 0.0000223 seconds
2017-10-31T04:48:45.668-0700: 729.899: Total time for which application threads were stopped: 0.0001192 seconds, Stopping threads took: 0.0000305 seconds
2017-10-31T04:48:45.668-0700: 729.899: Total time for which application threads were stopped: 0.0000759 seconds, Stopping threads took: 0.0000190 seconds
2017-10-31T04:48:45.677-0700: 729.908: Total time for which application threads were stopped: 0.0002966 seconds, Stopping threads took: 0.0002011 seconds
2017-10-31T04:48:45.692-0700: 729.923: Total time for which application threads were stopped: 0.0000955 seconds, Stopping threads took: 0.0000257 seconds
2017-10-31T04:48:45.903-0700: 730.134: Total time for which application threads were stopped: 0.0001409 seconds, Stopping threads took: 0.0000447 seconds
2017-10-31T04:48:45.903-0700: 730.134: Total time for which application threads were stopped: 0.0001057 seconds, Stopping threads took: 0.0000433 seconds
2017-10-31T04:48:45.915-0700: 730.146: Total time for which application threads were stopped: 0.0001172 seconds, Stopping threads took: 0.0000284 seconds
2017-10-31T04:48:45.927-0700: 730.158: Total time for which application threads were stopped: 0.0002330 seconds, Stopping threads took: 0.0000393 seconds
2017-10-31T04:48:46.090-0700: 730.321: Total time for which application threads were stopped: 0.0001436 seconds, Stopping threads took: 0.0000643 seconds
2017-10-31T04:48:46.090-0700: 730.322: Total time for which application threads were stopped: 0.0000968 seconds, Stopping threads took: 0.0000413 seconds
2017-10-31T04:48:46.104-0700: 730.335: Total time for which application threads were stopped: 0.0001307 seconds, Stopping threads took: 0.0000298 seconds
2017-10-31T04:48:46.118-0700: 730.349: Total time for which application threads were stopped: 0.0001084 seconds, Stopping threads took: 0.0000359 seconds
2017-10-31T04:48:46.327-0700: 730.558: Total time for which application threads were stopped: 0.0001354 seconds, Stopping threads took: 0.0000447 seconds
2017-10-31T04:48:46.328-0700: 730.559: Total time for which application threads were stopped: 0.0001476 seconds, Stopping threads took: 0.0000555 seconds
2017-10-31T04:48:46.343-0700: 730.573: Total time for which application threads were stopped: 0.0002743 seconds, Stopping threads took: 0.0000345 seconds
2017-10-31T04:48:46.358-0700: 730.589: Total time for which application threads were stopped: 0.0001104 seconds, Stopping threads took: 0.0000278 seconds
2017-10-31T04:48:46.568-0700: 730.799: Total time for which application threads were stopped: 0.0001524 seconds, Stopping threads took: 0.0000433 seconds
2017-10-31T04:48:46.568-0700: 730.799: Total time for which application threads were stopped: 0.0002574 seconds, Stopping threads took: 0.0000251 seconds
2017-10-31T04:48:46.568-0700: 730.799: Total time for which application threads were stopped: 0.0002878 seconds, Stopping threads took: 0.0000481 seconds
2017-10-31T04:48:46.591-0700: 730.823: Total time for which application threads were stopped: 0.0001077 seconds, Stopping threads took: 0.0000278 seconds
2017-10-31T04:48:46.811-0700: 731.043: Total time for which application threads were stopped: 0.0001443 seconds, Stopping threads took: 0.0000494 seconds
{Heap before GC invocations=15 (full 1):
 par new generation   total 109248K, used 100518K [0x00000000e0000000, 0x00000000e8000000, 0x00000000e8000000)
  eden space 87424K,  99% used [0x00000000e0000000, 0x00000000e5516000, 0x00000000e5560000)
  from space 21824K,  61% used [0x00000000e6ab0000, 0x00000000e77c3848, 0x00000000e8000000)
  to   space 21824K,   0% used [0x00000000e5560000, 0x00000000e5560000, 0x00000000e6ab0000)
 concurrent mark-sweep generation total 393216K, used 11765K [0x00000000e8000000, 0x0000000100000000, 0x0000000100000000)
 Metaspace       used 37134K, capacity 38186K, committed 38348K, reserved 1083392K
  class space    used 4480K, capacity 4729K, committed 4812K, reserved 1048576K
2017-10-31T04:48:46.846-0700: 731.076: [GC (Allocation Failure) 2017-10-31T04:48:46.846-0700: 731.076: [ParNew
Desired survivor size 20112992 bytes, new threshold 8 (max 8)
- age   1:    1301912 bytes,    1301912 total
- age   2:      34488 bytes,    1336400 total
- age   3:       9512 bytes,    1345912 total
- age   4:      32592 bytes,    1378504 total
- age   5:      41656 bytes,    1420160 total
- age   6:      50384 bytes,    1470544 total
- age   7:     125608 bytes,    1596152 total
- age   8:    7108840 bytes,    8704992 total
: 100518K->10554K(109248K), 0.0138328 secs] 112283K->23342K(502464K), 0.0140191 secs] [Times: user=0.06 sys=0.00, real=0.01 secs] 
Heap after GC invocations=16 (full 1):
 par new generation   total 109248K, used 10554K [0x00000000e0000000, 0x00000000e8000000, 0x00000000e8000000)
  eden space 87424K,   0% used [0x00000000e0000000, 0x00000000e0000000, 0x00000000e5560000)
  from space 21824K,  48% used [0x00000000e5560000, 0x00000000e5faeb38, 0x00000000e6ab0000)
  to   space 21824K,   0% used [0x00000000e6ab0000, 0x00000000e6ab0000, 0x00000000e8000000)
 concurrent mark-sweep generation total 393216K, used 12787K [0x00000000e8000000, 0x0000000100000000, 0x0000000100000000)
 Metaspace       used 37134K, capacity 38186K, committed 38348K, reserved 1083392K
  class space    used 4480K, capacity 4729K, committed 4812K, reserved 1048576K
}
2017-10-31T04:48:46.860-0700: 731.090: Total time for which application threads were stopped: 0.0144037 seconds, Stopping threads took: 0.0000339 seconds
2017-10-31T04:48:46.863-0700: 731.094: Total time for which application threads were stopped: 0.0001239 seconds, Stopping threads took: 0.0000332 seconds
2017-10-31T04:48:47.086-0700: 731.318: Total time for which application threads were stopped: 0.0001497 seconds, Stopping threads took: 0.0000332 seconds
2017-10-31T04:48:47.089-0700: 731.320: Total time for which application threads were stopped: 0.0001348 seconds, Stopping threads took: 0.0000305 seconds
2017-10-31T04:48:47.090-0700: 731.321: Total time for which application threads were stopped: 0.0001172 seconds, Stopping threads took: 0.0000427 seconds
2017-10-31T04:48:47.127-0700: 731.357: Total time for which application threads were stopped: 0.0001741 seconds, Stopping threads took: 0.0000366 seconds
2017-10-31T04:48:47.425-0700: 731.657: Total time for which application threads were stopped: 0.0002635 seconds, Stopping threads took: 0.0000847 seconds
2017-10-31T04:48:47.438-0700: 731.669: Total time for which application threads were stopped: 0.0003271 seconds, Stopping threads took: 0.0000650 seconds
2017-10-31T04:48:47.443-0700: 731.674: Total time for which application threads were stopped: 0.0002276 seconds, Stopping threads took: 0.0000501 seconds
2017-10-31T04:48:47.444-0700: 731.676: Total time for which application threads were stopped: 0.0002052 seconds, Stopping threads took: 0.0000420 seconds
2017-10-31T04:48:47.445-0700: 731.677: Total time for which application threads were stopped: 0.0002079 seconds, Stopping threads took: 0.0000420 seconds
2017-10-31T04:48:47.446-0700: 731.678: Total time for which application threads were stopped: 0.0002181 seconds, Stopping threads took: 0.0000413 seconds
2017-10-31T04:48:47.447-0700: 731.678: Total time for which application threads were stopped: 0.0001781 seconds, Stopping threads took: 0.0000393 seconds
2017-10-31T04:48:47.448-0700: 731.679: Total time for which application threads were stopped: 0.0001226 seconds, Stopping threads took: 0.0000257 seconds
2017-10-31T04:48:47.448-0700: 731.680: Total time for which application threads were stopped: 0.0001077 seconds, Stopping threads took: 0.0000264 seconds
2017-10-31T04:48:47.718-0700: 731.949: Total time for which application threads were stopped: 0.0001172 seconds, Stopping threads took: 0.0000237 seconds
2017-10-31T04:48:47.895-0700: 732.125: Total time for which application threads were stopped: 0.0001043 seconds, Stopping threads took: 0.0000278 seconds
2017-10-31T04:48:47.911-0700: 732.141: Total time for which application threads were stopped: 0.0001354 seconds, Stopping threads took: 0.0000359 seconds
2017-10-31T04:48:47.942-0700: 732.173: Total time for which application threads were stopped: 0.0001835 seconds, Stopping threads took: 0.0000623 seconds
2017-10-31T04:48:48.160-0700: 732.390: Total time for which application threads were stopped: 0.0002127 seconds, Stopping threads took: 0.0001043 seconds
2017-10-31T04:48:48.184-0700: 732.414: Total time for which application threads were stopped: 0.0001212 seconds, Stopping threads took: 0.0000284 seconds
2017-10-31T04:48:48.386-0700: 732.616: Total time for which application threads were stopped: 0.0005039 seconds, Stopping threads took: 0.0003393 seconds
2017-10-31T04:48:48.420-0700: 732.651: Total time for which application threads were stopped: 0.0001111 seconds, Stopping threads took: 0.0000230 seconds
2017-10-31T04:48:48.659-0700: 732.890: Total time for which application threads were stopped: 0.0003942 seconds, Stopping threads took: 0.0001341 seconds
2017-10-31T04:48:48.710-0700: 732.941: Total time for which application threads were stopped: 0.0001456 seconds, Stopping threads took: 0.0000576 seconds
2017-10-31T04:48:48.933-0700: 733.163: Total time for which application threads were stopped: 0.0001300 seconds, Stopping threads took: 0.0000393 seconds
2017-10-31T04:48:48.956-0700: 733.186: Total time for which application threads were stopped: 0.0000982 seconds, Stopping threads took: 0.0000230 seconds
2017-10-31T04:48:49.137-0700: 733.368: Total time for which application threads were stopped: 0.0001388 seconds, Stopping threads took: 0.0000413 seconds
2017-10-31T04:48:49.148-0700: 733.379: Total time for which application threads were stopped: 0.0001233 seconds, Stopping threads took: 0.0000284 seconds
2017-10-31T04:48:49.163-0700: 733.394: Total time for which application threads were stopped: 0.0001016 seconds, Stopping threads took: 0.0000237 seconds
2017-10-31T04:48:49.413-0700: 733.644: Total time for which application threads were stopped: 0.0002228 seconds, Stopping threads took: 0.0000420 seconds
2017-10-31T04:48:49.430-0700: 733.661: Total time for which application threads were stopped: 0.0001619 seconds, Stopping threads took: 0.0000366 seconds
2017-10-31T04:48:49.697-0700: 733.928: Total time for which application threads were stopped: 0.0001382 seconds, Stopping threads took: 0.0000318 seconds
2017-10-31T04:48:49.699-0700: 733.930: Total time for which application threads were stopped: 0.0001869 seconds, Stopping threads took: 0.0000508 seconds
2017-10-31T04:48:49.701-0700: 733.931: Total time for which application threads were stopped: 0.0001233 seconds, Stopping threads took: 0.0000386 seconds
2017-10-31T04:48:49.701-0700: 733.931: Total time for which application threads were stopped: 0.0001050 seconds, Stopping threads took: 0.0000332 seconds
2017-10-31T04:48:49.717-0700: 733.948: Total time for which application threads were stopped: 0.0001388 seconds, Stopping threads took: 0.0000332 seconds
2017-10-31T04:48:49.732-0700: 733.963: Total time for which application threads were stopped: 0.0001199 seconds, Stopping threads took: 0.0000291 seconds
2017-10-31T04:48:50.024-0700: 734.254: Total time for which application threads were stopped: 0.0001666 seconds, Stopping threads took: 0.0000623 seconds
2017-10-31T04:48:50.024-0700: 734.255: Total time for which application threads were stopped: 0.0001063 seconds, Stopping threads took: 0.0000291 seconds
2017-10-31T04:48:50.025-0700: 734.256: Total time for which application threads were stopped: 0.0001212 seconds, Stopping threads took: 0.0000284 seconds
2017-10-31T04:48:50.026-0700: 734.256: Total time for which application threads were stopped: 0.0001707 seconds, Stopping threads took: 0.0000257 seconds
2017-10-31T04:48:50.026-0700: 734.257: Total time for which application threads were stopped: 0.0001070 seconds, Stopping threads took: 0.0000223 seconds
2017-10-31T04:48:50.027-0700: 734.257: Total time for which application threads were stopped: 0.0001002 seconds, Stopping threads took: 0.0000203 seconds
2017-10-31T04:48:50.027-0700: 734.258: Total time for which application threads were stopped: 0.0000975 seconds, Stopping threads took: 0.0000196 seconds
2017-10-31T04:48:50.028-0700: 734.259: Total time for which application threads were stopped: 0.0000975 seconds, Stopping threads took: 0.0000237 seconds
2017-10-31T04:48:50.029-0700: 734.259: Total time for which application threads were stopped: 0.0001036 seconds, Stopping threads took: 0.0000244 seconds
2017-10-31T04:48:50.029-0700: 734.260: Total time for which application threads were stopped: 0.0000982 seconds, Stopping threads took: 0.0000223 seconds
2017-10-31T04:48:50.030-0700: 734.260: Total time for which application threads were stopped: 0.0000819 seconds, Stopping threads took: 0.0000210 seconds
2017-10-31T04:48:50.036-0700: 734.267: Total time for which application threads were stopped: 0.0001165 seconds, Stopping threads took: 0.0000251 seconds
2017-10-31T04:48:50.254-0700: 734.484: Total time for which application threads were stopped: 0.0001470 seconds, Stopping threads took: 0.0000427 seconds
2017-10-31T04:48:50.517-0700: 734.748: Total time for which application threads were stopped: 0.0002506 seconds, Stopping threads took: 0.0000908 seconds
2017-10-31T04:48:50.517-0700: 734.748: Total time for which application threads were stopped: 0.0001978 seconds, Stopping threads took: 0.0000413 seconds
2017-10-31T04:48:50.543-0700: 734.774: Total time for which application threads were stopped: 0.0002262 seconds, Stopping threads took: 0.0000501 seconds
{Heap before GC invocations=16 (full 1):
 par new generation   total 109248K, used 97762K [0x00000000e0000000, 0x00000000e8000000, 0x00000000e8000000)
  eden space 87424K,  99% used [0x00000000e0000000, 0x00000000e5529e10, 0x00000000e5560000)
  from space 21824K,  48% used [0x00000000e5560000, 0x00000000e5faeb38, 0x00000000e6ab0000)
  to   space 21824K,   0% used [0x00000000e6ab0000, 0x00000000e6ab0000, 0x00000000e8000000)
 concurrent mark-sweep generation total 393216K, used 12787K [0x00000000e8000000, 0x0000000100000000, 0x0000000100000000)
 Metaspace       used 37236K, capacity 38188K, committed 38348K, reserved 1083392K
  class space    used 4480K, capacity 4730K, committed 4812K, reserved 1048576K
2017-10-31T04:48:50.566-0700: 734.797: [GC (Allocation Failure) 2017-10-31T04:48:50.566-0700: 734.797: [ParNew
Desired survivor size 20112992 bytes, new threshold 8 (max 8)
- age   1:    1146032 bytes,    1146032 total
- age   2:      13280 bytes,    1159312 total
- age   3:      33576 bytes,    1192888 total
- age   4:       9512 bytes,    1202400 total
- age   5:      32592 bytes,    1234992 total
- age   6:      41592 bytes,    1276584 total
- age   7:      50384 bytes,    1326968 total
- age   8:     125608 bytes,    1452576 total
: 97762K->4047K(109248K), 0.0404121 secs] 110549K->24474K(502464K), 0.0406810 secs] [Times: user=0.13 sys=0.02, real=0.04 secs] 
Heap after GC invocations=17 (full 1):
 par new generation   total 109248K, used 4047K [0x00000000e0000000, 0x00000000e8000000, 0x00000000e8000000)
  eden space 87424K,   0% used [0x00000000e0000000, 0x00000000e0000000, 0x00000000e5560000)
  from space 21824K,  18% used [0x00000000e6ab0000, 0x00000000e6ea3e60, 0x00000000e8000000)
  to   space 21824K,   0% used [0x00000000e5560000, 0x00000000e5560000, 0x00000000e6ab0000)
 concurrent mark-sweep generation total 393216K, used 20427K [0x00000000e8000000, 0x0000000100000000, 0x0000000100000000)
 Metaspace       used 37236K, capacity 38188K, committed 38348K, reserved 1083392K
  class space    used 4480K, capacity 4730K, committed 4812K, reserved 1048576K
}
2017-10-31T04:48:50.607-0700: 734.838: Total time for which application threads were stopped: 0.0411287 seconds, Stopping threads took: 0.0000420 seconds
2017-10-31T04:48:50.609-0700: 734.840: Total time for which application threads were stopped: 0.0001117 seconds, Stopping threads took: 0.0000264 seconds
2017-10-31T04:48:50.804-0700: 735.035: Total time for which application threads were stopped: 0.0001564 seconds, Stopping threads took: 0.0000379 seconds
2017-10-31T04:48:50.804-0700: 735.035: Total time for which application threads were stopped: 0.0001382 seconds, Stopping threads took: 0.0000569 seconds
2017-10-31T04:48:50.818-0700: 735.049: Total time for which application threads were stopped: 0.0001517 seconds, Stopping threads took: 0.0000393 seconds
2017-10-31T04:48:50.832-0700: 735.063: Total time for which application threads were stopped: 0.0003000 seconds, Stopping threads took: 0.0000352 seconds
2017-10-31T04:48:51.020-0700: 735.251: Total time for which application threads were stopped: 0.0001625 seconds, Stopping threads took: 0.0000684 seconds
2017-10-31T04:48:51.020-0700: 735.251: Total time for which application threads were stopped: 0.0001009 seconds, Stopping threads took: 0.0000312 seconds
2017-10-31T04:48:51.031-0700: 735.262: Total time for which application threads were stopped: 0.0001036 seconds, Stopping threads took: 0.0000264 seconds
2017-10-31T04:48:51.234-0700: 735.465: Total time for which application threads were stopped: 0.0001632 seconds, Stopping threads took: 0.0000352 seconds
2017-10-31T04:48:51.234-0700: 735.465: Total time for which application threads were stopped: 0.0001314 seconds, Stopping threads took: 0.0000535 seconds
2017-10-31T04:48:51.242-0700: 735.473: Total time for which application threads were stopped: 0.0001307 seconds, Stopping threads took: 0.0000298 seconds
2017-10-31T04:48:51.434-0700: 735.665: Total time for which application threads were stopped: 0.0001300 seconds, Stopping threads took: 0.0000420 seconds
2017-10-31T04:48:51.434-0700: 735.665: Total time for which application threads were stopped: 0.0000928 seconds, Stopping threads took: 0.0000190 seconds
2017-10-31T04:48:51.446-0700: 735.677: Total time for which application threads were stopped: 0.0001036 seconds, Stopping threads took: 0.0000264 seconds
2017-10-31T04:48:51.673-0700: 735.904: Total time for which application threads were stopped: 0.0001253 seconds, Stopping threads took: 0.0000461 seconds
2017-10-31T04:48:51.673-0700: 735.904: Total time for which application threads were stopped: 0.0001273 seconds, Stopping threads took: 0.0000657 seconds
2017-10-31T04:48:51.683-0700: 735.914: Total time for which application threads were stopped: 0.0002580 seconds, Stopping threads took: 0.0000298 seconds
2017-10-31T04:48:51.925-0700: 736.156: Total time for which application threads were stopped: 0.0001402 seconds, Stopping threads took: 0.0000481 seconds
2017-10-31T04:48:51.925-0700: 736.156: Total time for which application threads were stopped: 0.0000792 seconds, Stopping threads took: 0.0000156 seconds
2017-10-31T04:48:52.193-0700: 736.423: Total time for which application threads were stopped: 0.0001991 seconds, Stopping threads took: 0.0000345 seconds
2017-10-31T04:48:52.194-0700: 736.424: Total time for which application threads were stopped: 0.0002032 seconds, Stopping threads took: 0.0000894 seconds
2017-10-31T04:48:52.194-0700: 736.425: Total time for which application threads were stopped: 0.0000989 seconds, Stopping threads took: 0.0000210 seconds
2017-10-31T04:48:52.553-0700: 736.784: Total time for which application threads were stopped: 0.0001910 seconds, Stopping threads took: 0.0000691 seconds
2017-10-31T04:48:52.553-0700: 736.784: Total time for which application threads were stopped: 0.0000874 seconds, Stopping threads took: 0.0000325 seconds
2017-10-31T04:48:52.554-0700: 736.785: Total time for which application threads were stopped: 0.0003054 seconds, Stopping threads took: 0.0000332 seconds
2017-10-31T04:48:52.993-0700: 737.223: Total time for which application threads were stopped: 0.0001476 seconds, Stopping threads took: 0.0000454 seconds
2017-10-31T04:48:52.993-0700: 737.223: Total time for which application threads were stopped: 0.0000738 seconds, Stopping threads took: 0.0000156 seconds
2017-10-31T04:48:53.183-0700: 737.413: Total time for which application threads were stopped: 0.0001463 seconds, Stopping threads took: 0.0000291 seconds
2017-10-31T04:48:53.183-0700: 737.413: Total time for which application threads were stopped: 0.0000826 seconds, Stopping threads took: 0.0000149 seconds
2017-10-31T04:48:53.378-0700: 737.610: Total time for which application threads were stopped: 0.0001503 seconds, Stopping threads took: 0.0000481 seconds
2017-10-31T04:48:53.379-0700: 737.610: Total time for which application threads were stopped: 0.0000955 seconds, Stopping threads took: 0.0000190 seconds
2017-10-31T04:48:53.397-0700: 737.628: Total time for which application threads were stopped: 0.0002147 seconds, Stopping threads took: 0.0000257 seconds
2017-10-31T04:48:53.575-0700: 737.806: Total time for which application threads were stopped: 0.0001422 seconds, Stopping threads took: 0.0000535 seconds
2017-10-31T04:48:53.576-0700: 737.806: Total time for which application threads were stopped: 0.0000962 seconds, Stopping threads took: 0.0000284 seconds
2017-10-31T04:48:53.805-0700: 738.035: Total time for which application threads were stopped: 0.0001497 seconds, Stopping threads took: 0.0000400 seconds
2017-10-31T04:48:53.805-0700: 738.036: Total time for which application threads were stopped: 0.0001503 seconds, Stopping threads took: 0.0000555 seconds
{Heap before GC invocations=17 (full 1):
 par new generation   total 109248K, used 91424K [0x00000000e0000000, 0x00000000e8000000, 0x00000000e8000000)
  eden space 87424K,  99% used [0x00000000e0000000, 0x00000000e55542c8, 0x00000000e5560000)
  from space 21824K,  18% used [0x00000000e6ab0000, 0x00000000e6ea3e60, 0x00000000e8000000)
  to   space 21824K,   0% used [0x00000000e5560000, 0x00000000e5560000, 0x00000000e6ab0000)
 concurrent mark-sweep generation total 393216K, used 20427K [0x00000000e8000000, 0x0000000100000000, 0x0000000100000000)
 Metaspace       used 37294K, capacity 38252K, committed 38348K, reserved 1083392K
  class space    used 4480K, capacity 4730K, committed 4812K, reserved 1048576K
2017-10-31T04:48:53.828-0700: 738.059: [GC (Allocation Failure) 2017-10-31T04:48:53.828-0700: 738.059: [ParNew
Desired survivor size 20112992 bytes, new threshold 8 (max 8)
- age   1:    1191960 bytes,    1191960 total
- age   2:      10760 bytes,    1202720 total
- age   3:      12368 bytes,    1215088 total
- age   4:      33576 bytes,    1248664 total
- age   5:       9512 bytes,    1258176 total
- age   6:      32592 bytes,    1290768 total
- age   7:      41432 bytes,    1332200 total
- age   8:      50384 bytes,    1382584 total
: 91424K->1978K(109248K), 0.0083925 secs] 111851K->22529K(502464K), 0.0085625 secs] [Times: user=0.00 sys=0.00, real=0.01 secs] 
Heap after GC invocations=18 (full 1):
 par new generation   total 109248K, used 1978K [0x00000000e0000000, 0x00000000e8000000, 0x00000000e8000000)
  eden space 87424K,   0% used [0x00000000e0000000, 0x00000000e0000000, 0x00000000e5560000)
  from space 21824K,   9% used [0x00000000e5560000, 0x00000000e574ebf0, 0x00000000e6ab0000)
  to   space 21824K,   0% used [0x00000000e6ab0000, 0x00000000e6ab0000, 0x00000000e8000000)
 concurrent mark-sweep generation total 393216K, used 20550K [0x00000000e8000000, 0x0000000100000000, 0x0000000100000000)
 Metaspace       used 37294K, capacity 38252K, committed 38348K, reserved 1083392K
  class space    used 4480K, capacity 4730K, committed 4812K, reserved 1048576K
}
2017-10-31T04:48:53.836-0700: 738.067: Total time for which application threads were stopped: 0.0088232 seconds, Stopping threads took: 0.0000251 seconds
2017-10-31T04:48:54.068-0700: 738.299: Total time for which application threads were stopped: 0.0001470 seconds, Stopping threads took: 0.0000393 seconds
2017-10-31T04:48:54.068-0700: 738.299: Total time for which application threads were stopped: 0.0001138 seconds, Stopping threads took: 0.0000278 seconds
2017-10-31T04:48:54.336-0700: 738.567: Total time for which application threads were stopped: 0.0001463 seconds, Stopping threads took: 0.0000562 seconds
2017-10-31T04:48:54.336-0700: 738.567: Total time for which application threads were stopped: 0.0001077 seconds, Stopping threads took: 0.0000413 seconds
2017-10-31T04:48:54.582-0700: 738.813: Total time for which application threads were stopped: 0.0002235 seconds, Stopping threads took: 0.0000921 seconds
2017-10-31T04:48:54.583-0700: 738.814: Total time for which application threads were stopped: 0.0001314 seconds, Stopping threads took: 0.0000461 seconds
2017-10-31T04:48:54.584-0700: 738.814: Total time for which application threads were stopped: 0.0001361 seconds, Stopping threads took: 0.0000521 seconds
2017-10-31T04:48:54.907-0700: 739.138: Total time for which application threads were stopped: 0.0003156 seconds, Stopping threads took: 0.0000386 seconds
2017-10-31T04:48:54.907-0700: 739.138: Total time for which application threads were stopped: 0.0002607 seconds, Stopping threads took: 0.0000298 seconds
2017-10-31T04:48:55.908-0700: 740.138: Total time for which application threads were stopped: 0.0001307 seconds, Stopping threads took: 0.0000352 seconds
2017-10-31T04:48:56.842-0700: 741.073: Total time for which application threads were stopped: 0.0002208 seconds, Stopping threads took: 0.0000494 seconds
{Heap before GC invocations=18 (full 1):
 par new generation   total 109248K, used 88953K [0x00000000e0000000, 0x00000000e8000000, 0x00000000e8000000)
  eden space 87424K,  99% used [0x00000000e0000000, 0x00000000e54efa88, 0x00000000e5560000)
  from space 21824K,   9% used [0x00000000e5560000, 0x00000000e574ebf0, 0x00000000e6ab0000)
  to   space 21824K,   0% used [0x00000000e6ab0000, 0x00000000e6ab0000, 0x00000000e8000000)
 concurrent mark-sweep generation total 393216K, used 20550K [0x00000000e8000000, 0x0000000100000000, 0x0000000100000000)
 Metaspace       used 37372K, capacity 38380K, committed 38476K, reserved 1083392K
  class space    used 4480K, capacity 4730K, committed 4812K, reserved 1048576K
2017-10-31T04:48:56.863-0700: 741.094: [GC (Allocation Failure) 2017-10-31T04:48:56.863-0700: 741.094: [ParNew
Desired survivor size 20112992 bytes, new threshold 8 (max 8)
- age   1:    1277088 bytes,    1277088 total
- age   2:      11968 bytes,    1289056 total
- age   3:       9848 bytes,    1298904 total
- age   4:      12368 bytes,    1311272 total
- age   5:      33224 bytes,    1344496 total
- age   6:       9512 bytes,    1354008 total
- age   7:      32592 bytes,    1386600 total
- age   8:      41432 bytes,    1428032 total
: 88953K->1687K(109248K), 0.0073651 secs] 109503K->22287K(502464K), 0.0074633 secs] [Times: user=0.02 sys=0.00, real=0.01 secs] 
Heap after GC invocations=19 (full 1):
 par new generation   total 109248K, used 1687K [0x00000000e0000000, 0x00000000e8000000, 0x00000000e8000000)
  eden space 87424K,   0% used [0x00000000e0000000, 0x00000000e0000000, 0x00000000e5560000)
  from space 21824K,   7% used [0x00000000e6ab0000, 0x00000000e6c55e30, 0x00000000e8000000)
  to   space 21824K,   0% used [0x00000000e5560000, 0x00000000e5560000, 0x00000000e6ab0000)
 concurrent mark-sweep generation total 393216K, used 20599K [0x00000000e8000000, 0x0000000100000000, 0x0000000100000000)
 Metaspace       used 37372K, capacity 38380K, committed 38476K, reserved 1083392K
  class space    used 4480K, capacity 4730K, committed 4812K, reserved 1048576K
}
2017-10-31T04:48:56.871-0700: 741.102: Total time for which application threads were stopped: 0.0077538 seconds, Stopping threads took: 0.0000291 seconds
2017-10-31T04:48:56.871-0700: 741.102: Total time for which application threads were stopped: 0.0003413 seconds, Stopping threads took: 0.0000786 seconds
2017-10-31T04:48:57.872-0700: 742.102: Total time for which application threads were stopped: 0.0001002 seconds, Stopping threads took: 0.0000264 seconds
2017-10-31T04:48:58.175-0700: 742.406: Total time for which application threads were stopped: 0.0001036 seconds, Stopping threads took: 0.0000271 seconds
2017-10-31T04:48:58.427-0700: 742.657: Total time for which application threads were stopped: 0.0003054 seconds, Stopping threads took: 0.0000345 seconds
2017-10-31T04:48:58.871-0700: 743.102: [GC (CMS Initial Mark) [1 CMS-initial-mark: 20599K(393216K)] 66408K(502464K), 0.0026359 secs] [Times: user=0.00 sys=0.00, real=0.00 secs] 
2017-10-31T04:48:58.873-0700: 743.105: Total time for which application threads were stopped: 0.0028106 seconds, Stopping threads took: 0.0000291 seconds
2017-10-31T04:48:58.873-0700: 743.105: [CMS-concurrent-mark-start]
2017-10-31T04:48:58.893-0700: 743.123: [CMS-concurrent-mark: 0.018/0.018 secs] [Times: user=0.06 sys=0.00, real=0.02 secs] 
2017-10-31T04:48:58.893-0700: 743.123: [CMS-concurrent-preclean-start]
2017-10-31T04:48:58.895-0700: 743.125: [CMS-concurrent-preclean: 0.002/0.002 secs] [Times: user=0.00 sys=0.00, real=0.00 secs] 
2017-10-31T04:48:58.895-0700: 743.125: [CMS-concurrent-abortable-preclean-start]
2017-10-31T04:48:59.132-0700: 743.363: Total time for which application threads were stopped: 0.0001497 seconds, Stopping threads took: 0.0000440 seconds
2017-10-31T04:49:00.133-0700: 744.363: Total time for which application threads were stopped: 0.0001890 seconds, Stopping threads took: 0.0000467 seconds
{Heap before GC invocations=19 (full 2):
 par new generation   total 109248K, used 89111K [0x00000000e0000000, 0x00000000e8000000, 0x00000000e8000000)
  eden space 87424K, 100% used [0x00000000e0000000, 0x00000000e5560000, 0x00000000e5560000)
  from space 21824K,   7% used [0x00000000e6ab0000, 0x00000000e6c55e30, 0x00000000e8000000)
  to   space 21824K,   0% used [0x00000000e5560000, 0x00000000e5560000, 0x00000000e6ab0000)
 concurrent mark-sweep generation total 393216K, used 20599K [0x00000000e8000000, 0x0000000100000000, 0x0000000100000000)
 Metaspace       used 37483K, capacity 38452K, committed 38732K, reserved 1083392K
  class space    used 4480K, capacity 4730K, committed 4812K, reserved 1048576K
2017-10-31T04:49:00.411-0700: 744.641: [GC (Allocation Failure) 2017-10-31T04:49:00.411-0700: 744.641: [ParNew
Desired survivor size 20112992 bytes, new threshold 8 (max 8)
- age   1:     967152 bytes,     967152 total
- age   2:      15344 bytes,     982496 total
- age   3:      11056 bytes,     993552 total
- age   4:       9848 bytes,    1003400 total
- age   5:      11936 bytes,    1015336 total
- age   6:      32864 bytes,    1048200 total
- age   7:       9512 bytes,    1057712 total
- age   8:      32592 bytes,    1090304 total
: 89111K->1260K(109248K), 0.0074775 secs] 109711K->21901K(502464K), 0.0075574 secs] [Times: user=0.02 sys=0.01, real=0.01 secs] 
Heap after GC invocations=20 (full 2):
 par new generation   total 109248K, used 1260K [0x00000000e0000000, 0x00000000e8000000, 0x00000000e8000000)
  eden space 87424K,   0% used [0x00000000e0000000, 0x00000000e0000000, 0x00000000e5560000)
  from space 21824K,   5% used [0x00000000e5560000, 0x00000000e569b380, 0x00000000e6ab0000)
  to   space 21824K,   0% used [0x00000000e6ab0000, 0x00000000e6ab0000, 0x00000000e8000000)
 concurrent mark-sweep generation total 393216K, used 20640K [0x00000000e8000000, 0x0000000100000000, 0x0000000100000000)
 Metaspace       used 37483K, capacity 38452K, committed 38732K, reserved 1083392K
  class space    used 4480K, capacity 4730K, committed 4812K, reserved 1048576K
}
2017-10-31T04:49:00.419-0700: 744.649: Total time for which application threads were stopped: 0.0077978 seconds, Stopping threads took: 0.0000284 seconds
2017-10-31T04:49:00.419-0700: 744.649: Total time for which application threads were stopped: 0.0002289 seconds, Stopping threads took: 0.0000264 seconds
2017-10-31T04:49:01.402-0700: 745.632: Total time for which application threads were stopped: 0.0001808 seconds, Stopping threads took: 0.0000488 seconds
2017-10-31T04:49:02.267-0700: 746.497: [CMS-concurrent-abortable-preclean: 0.299/3.372 secs] [Times: user=0.78 sys=1.31, real=3.37 secs] 
2017-10-31T04:49:02.267-0700: 746.498: [GC (CMS Final Remark) [YG occupancy: 45527 K (109248 K)]{Heap before GC invocations=20 (full 2):
 par new generation   total 109248K, used 45527K [0x00000000e0000000, 0x00000000e8000000, 0x00000000e8000000)
  eden space 87424K,  50% used [0x00000000e0000000, 0x00000000e2b3ab50, 0x00000000e5560000)
  from space 21824K,   5% used [0x00000000e5560000, 0x00000000e569b380, 0x00000000e6ab0000)
  to   space 21824K,   0% used [0x00000000e6ab0000, 0x00000000e6ab0000, 0x00000000e8000000)
 concurrent mark-sweep generation total 393216K, used 20640K [0x00000000e8000000, 0x0000000100000000, 0x0000000100000000)
 Metaspace       used 37490K, capacity 38452K, committed 38732K, reserved 1083392K
  class space    used 4480K, capacity 4730K, committed 4812K, reserved 1048576K
2017-10-31T04:49:02.267-0700: 746.498: [GC (CMS Final Remark) 2017-10-31T04:49:02.267-0700: 746.498: [ParNew
Desired survivor size 20112992 bytes, new threshold 8 (max 8)
- age   1:     552280 bytes,     552280 total
- age   2:     355456 bytes,     907736 total
- age   3:      14432 bytes,     922168 total
- age   4:      11056 bytes,     933224 total
- age   5:       9776 bytes,     943000 total
- age   6:      11432 bytes,     954432 total
- age   7:      32864 bytes,     987296 total
- age   8:       9512 bytes,     996808 total
: 45527K->1171K(109248K), 0.0072608 secs] 66168K->21844K(502464K), 0.0073434 secs] [Times: user=0.00 sys=0.00, real=0.01 secs] 
Heap after GC invocations=21 (full 2):
 par new generation   total 109248K, used 1171K [0x00000000e0000000, 0x00000000e8000000, 0x00000000e8000000)
  eden space 87424K,   0% used [0x00000000e0000000, 0x00000000e0000000, 0x00000000e5560000)
  from space 21824K,   5% used [0x00000000e6ab0000, 0x00000000e6bd4f90, 0x00000000e8000000)
  to   space 21824K,   0% used [0x00000000e5560000, 0x00000000e5560000, 0x00000000e6ab0000)
 concurrent mark-sweep generation total 393216K, used 20672K [0x00000000e8000000, 0x0000000100000000, 0x0000000100000000)
 Metaspace       used 37490K, capacity 38452K, committed 38732K, reserved 1083392K
  class space    used 4480K, capacity 4730K, committed 4812K, reserved 1048576K
}
2017-10-31T04:49:02.274-0700: 746.505: [Rescan (parallel) , 0.0011256 secs]2017-10-31T04:49:02.275-0700: 746.506: [weak refs processing, 0.0004775 secs]2017-10-31T04:49:02.276-0700: 746.507: [class unloading, 0.0153194 secs]2017-10-31T04:49:02.291-0700: 746.522: [scrub symbol table, 0.0094612 secs]2017-10-31T04:49:02.301-0700: 746.532: [scrub string table, 0.0005987 secs][1 CMS-remark: 20672K(393216K)] 21844K(502464K), 0.0365200 secs] [Times: user=0.08 sys=0.00, real=0.04 secs] 
2017-10-31T04:49:02.304-0700: 746.534: Total time for which application threads were stopped: 0.0367205 seconds, Stopping threads took: 0.0000339 seconds
2017-10-31T04:49:02.304-0700: 746.534: [CMS-concurrent-sweep-start]
2017-10-31T04:49:02.317-0700: 746.548: [CMS-concurrent-sweep: 0.014/0.014 secs] [Times: user=0.02 sys=0.00, real=0.01 secs] 
2017-10-31T04:49:02.317-0700: 746.548: [CMS-concurrent-reset-start]
2017-10-31T04:49:02.320-0700: 746.551: [CMS-concurrent-reset: 0.003/0.003 secs] [Times: user=0.00 sys=0.00, real=0.00 secs] 
2017-10-31T04:49:03.305-0700: 747.535: Total time for which application threads were stopped: 0.0003427 seconds, Stopping threads took: 0.0000251 seconds
2017-10-31T04:49:03.897-0700: 748.128: Total time for which application threads were stopped: 0.0001334 seconds, Stopping threads took: 0.0000230 seconds
2017-10-31T04:49:03.907-0700: 748.138: Total time for which application threads were stopped: 0.0002966 seconds, Stopping threads took: 0.0000345 seconds
2017-10-31T04:49:04.908-0700: 749.138: Total time for which application threads were stopped: 0.0002120 seconds, Stopping threads took: 0.0000332 seconds
{Heap before GC invocations=21 (full 2):
 par new generation   total 109248K, used 88508K [0x00000000e0000000, 0x00000000e8000000, 0x00000000e8000000)
  eden space 87424K,  99% used [0x00000000e0000000, 0x00000000e554a340, 0x00000000e5560000)
  from space 21824K,   5% used [0x00000000e6ab0000, 0x00000000e6bd4f90, 0x00000000e8000000)
  to   space 21824K,   0% used [0x00000000e5560000, 0x00000000e5560000, 0x00000000e6ab0000)
 concurrent mark-sweep generation total 393216K, used 19465K [0x00000000e8000000, 0x0000000100000000, 0x0000000100000000)
 Metaspace       used 37442K, capacity 38332K, committed 38732K, reserved 1083392K
  class space    used 4459K, capacity 4690K, committed 4812K, reserved 1048576K
2017-10-31T04:49:05.428-0700: 749.659: [GC (Allocation Failure) 2017-10-31T04:49:05.428-0700: 749.659: [ParNew
Desired survivor size 20112992 bytes, new threshold 8 (max 8)
- age   1:    1350792 bytes,    1350792 total
- age   2:       6048 bytes,    1356840 total
- age   3:      18592 bytes,    1375432 total
- age   4:      14432 bytes,    1389864 total
- age   5:      11056 bytes,    1400920 total
- age   6:       9056 bytes,    1409976 total
- age   7:      11432 bytes,    1421408 total
- age   8:      32864 bytes,    1454272 total
: 88508K->1494K(109248K), 0.0033050 secs] 107974K->20969K(502464K), 0.0034072 secs] [Times: user=0.02 sys=0.00, real=0.00 secs] 
Heap after GC invocations=22 (full 2):
 par new generation   total 109248K, used 1494K [0x00000000e0000000, 0x00000000e8000000, 0x00000000e8000000)
  eden space 87424K,   0% used [0x00000000e0000000, 0x00000000e0000000, 0x00000000e5560000)
  from space 21824K,   6% used [0x00000000e5560000, 0x00000000e56d5910, 0x00000000e6ab0000)
  to   space 21824K,   0% used [0x00000000e6ab0000, 0x00000000e6ab0000, 0x00000000e8000000)
 concurrent mark-sweep generation total 393216K, used 19474K [0x00000000e8000000, 0x0000000100000000, 0x0000000100000000)
 Metaspace       used 37442K, capacity 38332K, committed 38732K, reserved 1083392K
  class space    used 4459K, capacity 4690K, committed 4812K, reserved 1048576K
}
2017-10-31T04:49:05.432-0700: 749.663: Total time for which application threads were stopped: 0.0037046 seconds, Stopping threads took: 0.0000366 seconds
2017-10-31T04:49:06.150-0700: 750.381: Total time for which application threads were stopped: 0.0002885 seconds, Stopping threads took: 0.0000948 seconds
2017-10-31T04:49:07.150-0700: 751.381: Total time for which application threads were stopped: 0.0001212 seconds, Stopping threads took: 0.0000244 seconds
2017-10-31T04:49:08.151-0700: 752.381: Total time for which application threads were stopped: 0.0001585 seconds, Stopping threads took: 0.0000352 seconds
2017-10-31T04:49:08.541-0700: 752.772: Total time for which application threads were stopped: 0.0001646 seconds, Stopping threads took: 0.0000284 seconds
{Heap before GC invocations=22 (full 2):
 par new generation   total 109248K, used 88487K [0x00000000e0000000, 0x00000000e8000000, 0x00000000e8000000)
  eden space 87424K,  99% used [0x00000000e0000000, 0x00000000e54f43d8, 0x00000000e5560000)
  from space 21824K,   6% used [0x00000000e5560000, 0x00000000e56d5910, 0x00000000e6ab0000)
  to   space 21824K,   0% used [0x00000000e6ab0000, 0x00000000e6ab0000, 0x00000000e8000000)
 concurrent mark-sweep generation total 393216K, used 19474K [0x00000000e8000000, 0x0000000100000000, 0x0000000100000000)
 Metaspace       used 37456K, capacity 38396K, committed 38732K, reserved 1083392K
  class space    used 4459K, capacity 4690K, committed 4812K, reserved 1048576K
2017-10-31T04:49:08.562-0700: 752.793: [GC (Allocation Failure) 2017-10-31T04:49:08.562-0700: 752.793: [ParNew
Desired survivor size 20112992 bytes, new threshold 8 (max 8)
- age   1:    1582088 bytes,    1582088 total
- age   2:      40072 bytes,    1622160 total
- age   3:       5136 bytes,    1627296 total
- age   4:      18592 bytes,    1645888 total
- age   5:      14432 bytes,    1660320 total
- age   6:      10264 bytes,    1670584 total
- age   7:       8984 bytes,    1679568 total
- age   8:      11432 bytes,    1691000 total
: 88487K->1725K(109248K), 0.0060526 secs] 107962K->21232K(502464K), 0.0061345 secs] [Times: user=0.00 sys=0.00, real=0.01 secs] 
Heap after GC invocations=23 (full 2):
 par new generation   total 109248K, used 1725K [0x00000000e0000000, 0x00000000e8000000, 0x00000000e8000000)
  eden space 87424K,   0% used [0x00000000e0000000, 0x00000000e0000000, 0x00000000e5560000)
  from space 21824K,   7% used [0x00000000e6ab0000, 0x00000000e6c5f630, 0x00000000e8000000)
  to   space 21824K,   0% used [0x00000000e5560000, 0x00000000e5560000, 0x00000000e6ab0000)
 concurrent mark-sweep generation total 393216K, used 19507K [0x00000000e8000000, 0x0000000100000000, 0x0000000100000000)
 Metaspace       used 37456K, capacity 38396K, committed 38732K, reserved 1083392K
  class space    used 4459K, capacity 4690K, committed 4812K, reserved 1048576K
}
2017-10-31T04:49:08.569-0700: 752.799: Total time for which application threads were stopped: 0.0063702 seconds, Stopping threads took: 0.0000223 seconds
2017-10-31T04:49:09.570-0700: 753.800: Total time for which application threads were stopped: 0.0001531 seconds, Stopping threads took: 0.0000406 seconds
2017-10-31T04:49:10.571-0700: 754.801: Total time for which application threads were stopped: 0.0001138 seconds, Stopping threads took: 0.0000332 seconds
2017-10-31T04:49:10.909-0700: 755.140: Total time for which application threads were stopped: 0.0002005 seconds, Stopping threads took: 0.0000772 seconds
2017-10-31T04:49:11.909-0700: 756.139: Total time for which application threads were stopped: 0.0001287 seconds, Stopping threads took: 0.0000271 seconds
{Heap before GC invocations=23 (full 2):
 par new generation   total 109248K, used 88808K [0x00000000e0000000, 0x00000000e8000000, 0x00000000e8000000)
  eden space 87424K,  99% used [0x00000000e0000000, 0x00000000e550ab58, 0x00000000e5560000)
  from space 21824K,   7% used [0x00000000e6ab0000, 0x00000000e6c5f630, 0x00000000e8000000)
  to   space 21824K,   0% used [0x00000000e5560000, 0x00000000e5560000, 0x00000000e6ab0000)
 concurrent mark-sweep generation total 393216K, used 19507K [0x00000000e8000000, 0x0000000100000000, 0x0000000100000000)
 Metaspace       used 37514K, capacity 38396K, committed 38732K, reserved 1083392K
  class space    used 4459K, capacity 4690K, committed 4812K, reserved 1048576K
2017-10-31T04:49:12.029-0700: 756.260: [GC (Allocation Failure) 2017-10-31T04:49:12.029-0700: 756.260: [ParNew
Desired survivor size 20112992 bytes, new threshold 8 (max 8)
- age   1:    1287512 bytes,    1287512 total
- age   2:      10856 bytes,    1298368 total
- age   3:      39160 bytes,    1337528 total
- age   4:       5136 bytes,    1342664 total
- age   5:      18592 bytes,    1361256 total
- age   6:      13568 bytes,    1374824 total
- age   7:      10120 bytes,    1384944 total
- age   8:       8984 bytes,    1393928 total
: 88808K->1608K(109248K), 0.0057708 secs] 108315K->21126K(502464K), 0.0058657 secs] [Times: user=0.00 sys=0.00, real=0.01 secs] 
Heap after GC invocations=24 (full 2):
 par new generation   total 109248K, used 1608K [0x00000000e0000000, 0x00000000e8000000, 0x00000000e8000000)
  eden space 87424K,   0% used [0x00000000e0000000, 0x00000000e0000000, 0x00000000e5560000)
  from space 21824K,   7% used [0x00000000e5560000, 0x00000000e56f21f0, 0x00000000e6ab0000)
  to   space 21824K,   0% used [0x00000000e6ab0000, 0x00000000e6ab0000, 0x00000000e8000000)
 concurrent mark-sweep generation total 393216K, used 19518K [0x00000000e8000000, 0x0000000100000000, 0x0000000100000000)
 Metaspace       used 37514K, capacity 38396K, committed 38732K, reserved 1083392K
  class space    used 4459K, capacity 4690K, committed 4812K, reserved 1048576K
}
2017-10-31T04:49:12.035-0700: 756.265: Total time for which application threads were stopped: 0.0060912 seconds, Stopping threads took: 0.0000223 seconds
2017-10-31T04:49:13.035-0700: 757.266: Total time for which application threads were stopped: 0.0001348 seconds, Stopping threads took: 0.0000352 seconds
2017-10-31T04:49:13.146-0700: 757.377: Total time for which application threads were stopped: 0.0002350 seconds, Stopping threads took: 0.0000406 seconds
2017-10-31T04:49:14.147-0700: 758.377: Total time for which application threads were stopped: 0.0001280 seconds, Stopping threads took: 0.0000400 seconds
2017-10-31T04:49:15.147-0700: 759.378: Total time for which application threads were stopped: 0.0001402 seconds, Stopping threads took: 0.0000339 seconds
{Heap before GC invocations=24 (full 2):
 par new generation   total 109248K, used 88703K [0x00000000e0000000, 0x00000000e8000000, 0x00000000e8000000)
  eden space 87424K,  99% used [0x00000000e0000000, 0x00000000e550db08, 0x00000000e5560000)
  from space 21824K,   7% used [0x00000000e5560000, 0x00000000e56f21f0, 0x00000000e6ab0000)
  to   space 21824K,   0% used [0x00000000e6ab0000, 0x00000000e6ab0000, 0x00000000e8000000)
 concurrent mark-sweep generation total 393216K, used 19518K [0x00000000e8000000, 0x0000000100000000, 0x0000000100000000)
 Metaspace       used 37562K, capacity 38460K, committed 38732K, reserved 1083392K
  class space    used 4459K, capacity 4690K, committed 4812K, reserved 1048576K
2017-10-31T04:49:15.180-0700: 759.411: [GC (Allocation Failure) 2017-10-31T04:49:15.180-0700: 759.411: [ParNew
Desired survivor size 20112992 bytes, new threshold 8 (max 8)
- age   1:    1471792 bytes,    1471792 total
- age   2:      12176 bytes,    1483968 total
- age   3:       9944 bytes,    1493912 total
- age   4:      39160 bytes,    1533072 total
- age   5:       5136 bytes,    1538208 total
- age   6:      17728 bytes,    1555936 total
- age   7:      13568 bytes,    1569504 total
- age   8:      10120 bytes,    1579624 total
: 88703K->1706K(109248K), 0.0044644 secs] 108221K->21233K(502464K), 0.0045450 secs] [Times: user=0.06 sys=0.00, real=0.00 secs] 
Heap after GC invocations=25 (full 2):
 par new generation   total 109248K, used 1706K [0x00000000e0000000, 0x00000000e8000000, 0x00000000e8000000)
  eden space 87424K,   0% used [0x00000000e0000000, 0x00000000e0000000, 0x00000000e5560000)
  from space 21824K,   7% used [0x00000000e6ab0000, 0x00000000e6c5a9f0, 0x00000000e8000000)
  to   space 21824K,   0% used [0x00000000e5560000, 0x00000000e5560000, 0x00000000e6ab0000)
 concurrent mark-sweep generation total 393216K, used 19527K [0x00000000e8000000, 0x0000000100000000, 0x0000000100000000)
 Metaspace       used 37562K, capacity 38460K, committed 38732K, reserved 1083392K
  class space    used 4459K, capacity 4690K, committed 4812K, reserved 1048576K
}
2017-10-31T04:49:15.185-0700: 759.415: Total time for which application threads were stopped: 0.0047922 seconds, Stopping threads took: 0.0000271 seconds
2017-10-31T04:49:15.433-0700: 759.663: Total time for which application threads were stopped: 0.0001422 seconds, Stopping threads took: 0.0000291 seconds
2017-10-31T04:49:16.434-0700: 760.664: Total time for which application threads were stopped: 0.0001510 seconds, Stopping threads took: 0.0000325 seconds
2017-10-31T04:49:17.435-0700: 761.665: Total time for which application threads were stopped: 0.0001382 seconds, Stopping threads took: 0.0000305 seconds
2017-10-31T04:49:17.737-0700: 761.968: Total time for which application threads were stopped: 0.0002140 seconds, Stopping threads took: 0.0000481 seconds
{Heap before GC invocations=25 (full 2):
 par new generation   total 109248K, used 88707K [0x00000000e0000000, 0x00000000e8000000, 0x00000000e8000000)
  eden space 87424K,  99% used [0x00000000e0000000, 0x00000000e54f6388, 0x00000000e5560000)
  from space 21824K,   7% used [0x00000000e6ab0000, 0x00000000e6c5a9f0, 0x00000000e8000000)
  to   space 21824K,   0% used [0x00000000e5560000, 0x00000000e5560000, 0x00000000e6ab0000)
 concurrent mark-sweep generation total 393216K, used 19527K [0x00000000e8000000, 0x0000000100000000, 0x0000000100000000)
 Metaspace       used 37618K, capacity 38524K, committed 38988K, reserved 1083392K
  class space    used 4461K, capacity 4690K, committed 4812K, reserved 1048576K
2017-10-31T04:49:18.515-0700: 762.746: [GC (Allocation Failure) 2017-10-31T04:49:18.515-0700: 762.746: [ParNew
Desired survivor size 20112992 bytes, new threshold 8 (max 8)
- age   1:    1172992 bytes,    1172992 total
- age   2:      10960 bytes,    1183952 total
- age   3:      11264 bytes,    1195216 total
- age   4:       9944 bytes,    1205160 total
- age   5:      38728 bytes,    1243888 total
- age   6:       4704 bytes,    1248592 total
- age   7:      17656 bytes,    1266248 total
- age   8:      13568 bytes,    1279816 total
: 88707K->1739K(109248K), 0.0033287 secs] 108234K->21276K(502464K), 0.0034296 secs] [Times: user=0.00 sys=0.00, real=0.00 secs] 
Heap after GC invocations=26 (full 2):
 par new generation   total 109248K, used 1739K [0x00000000e0000000, 0x00000000e8000000, 0x00000000e8000000)
  eden space 87424K,   0% used [0x00000000e0000000, 0x00000000e0000000, 0x00000000e5560000)
  from space 21824K,   7% used [0x00000000e5560000, 0x00000000e5712d60, 0x00000000e6ab0000)
  to   space 21824K,   0% used [0x00000000e6ab0000, 0x00000000e6ab0000, 0x00000000e8000000)
 concurrent mark-sweep generation total 393216K, used 19537K [0x00000000e8000000, 0x0000000100000000, 0x0000000100000000)
 Metaspace       used 37618K, capacity 38524K, committed 38988K, reserved 1083392K
  class space    used 4461K, capacity 4690K, committed 4812K, reserved 1048576K
}
2017-10-31T04:49:18.519-0700: 762.749: Total time for which application threads were stopped: 0.0037330 seconds, Stopping threads took: 0.0000223 seconds
2017-10-31T04:49:19.519-0700: 763.749: Total time for which application threads were stopped: 0.0001463 seconds, Stopping threads took: 0.0000379 seconds
2017-10-31T04:49:20.138-0700: 764.370: Total time for which application threads were stopped: 0.0002262 seconds, Stopping threads took: 0.0000562 seconds
2017-10-31T04:49:21.139-0700: 765.370: Total time for which application threads were stopped: 0.0001456 seconds, Stopping threads took: 0.0000433 seconds
{Heap before GC invocations=26 (full 2):
 par new generation   total 109248K, used 88850K [0x00000000e0000000, 0x00000000e8000000, 0x00000000e8000000)
  eden space 87424K,  99% used [0x00000000e0000000, 0x00000000e5511c00, 0x00000000e5560000)
  from space 21824K,   7% used [0x00000000e5560000, 0x00000000e5712d60, 0x00000000e6ab0000)
  to   space 21824K,   0% used [0x00000000e6ab0000, 0x00000000e6ab0000, 0x00000000e8000000)
 concurrent mark-sweep generation total 393216K, used 19537K [0x00000000e8000000, 0x0000000100000000, 0x0000000100000000)
 Metaspace       used 37644K, capacity 38524K, committed 38988K, reserved 1083392K
  class space    used 4461K, capacity 4690K, committed 4812K, reserved 1048576K
2017-10-31T04:49:21.557-0700: 765.788: [GC (Allocation Failure) 2017-10-31T04:49:21.557-0700: 765.788: [ParNew
Desired survivor size 20112992 bytes, new threshold 8 (max 8)
- age   1:    1181704 bytes,    1181704 total
- age   2:      10592 bytes,    1192296 total
- age   3:      10048 bytes,    1202344 total
- age   4:      11264 bytes,    1213608 total
- age   5:       9728 bytes,    1223336 total
- age   6:      38152 bytes,    1261488 total
- age   7:       4704 bytes,    1266192 total
- age   8:      17656 bytes,    1283848 total
: 88850K->1434K(109248K), 0.0047082 secs] 108387K->20984K(502464K), 0.0048044 secs] [Times: user=0.06 sys=0.00, real=0.01 secs] 
Heap after GC invocations=27 (full 2):
 par new generation   total 109248K, used 1434K [0x00000000e0000000, 0x00000000e8000000, 0x00000000e8000000)
  eden space 87424K,   0% used [0x00000000e0000000, 0x00000000e0000000, 0x00000000e5560000)
  from space 21824K,   6% used [0x00000000e6ab0000, 0x00000000e6c16840, 0x00000000e8000000)
  to   space 21824K,   0% used [0x00000000e5560000, 0x00000000e5560000, 0x00000000e6ab0000)
 concurrent mark-sweep generation total 393216K, used 19550K [0x00000000e8000000, 0x0000000100000000, 0x0000000100000000)
 Metaspace       used 37644K, capacity 38524K, committed 38988K, reserved 1083392K
  class space    used 4461K, capacity 4690K, committed 4812K, reserved 1048576K
}
2017-10-31T04:49:21.562-0700: 765.793: Total time for which application threads were stopped: 0.0050760 seconds, Stopping threads took: 0.0000318 seconds
2017-10-31T04:49:22.245-0700: 766.476: Total time for which application threads were stopped: 0.0001917 seconds, Stopping threads took: 0.0000474 seconds
2017-10-31T04:49:23.245-0700: 767.475: Total time for which application threads were stopped: 0.0001334 seconds, Stopping threads took: 0.0000325 seconds
2017-10-31T04:49:24.245-0700: 768.476: Total time for which application threads were stopped: 0.0001497 seconds, Stopping threads took: 0.0000339 seconds
2017-10-31T04:49:24.403-0700: 768.634: Total time for which application threads were stopped: 0.0001876 seconds, Stopping threads took: 0.0000549 seconds
{Heap before GC invocations=27 (full 2):
 par new generation   total 109248K, used 88576K [0x00000000e0000000, 0x00000000e8000000, 0x00000000e8000000)
  eden space 87424K,  99% used [0x00000000e0000000, 0x00000000e5519bb8, 0x00000000e5560000)
  from space 21824K,   6% used [0x00000000e6ab0000, 0x00000000e6c16840, 0x00000000e8000000)
  to   space 21824K,   0% used [0x00000000e5560000, 0x00000000e5560000, 0x00000000e6ab0000)
 concurrent mark-sweep generation total 393216K, used 19550K [0x00000000e8000000, 0x0000000100000000, 0x0000000100000000)
 Metaspace       used 37682K, capacity 38588K, committed 38988K, reserved 1083392K
  class space    used 4461K, capacity 4690K, committed 4812K, reserved 1048576K
2017-10-31T04:49:24.426-0700: 768.657: [GC (Allocation Failure) 2017-10-31T04:49:24.426-0700: 768.657: [ParNew
Desired survivor size 20112992 bytes, new threshold 8 (max 8)
- age   1:    1452352 bytes,    1452352 total
- age   2:       9696 bytes,    1462048 total
- age   3:       9680 bytes,    1471728 total
- age   4:      10048 bytes,    1481776 total
- age   5:      11120 bytes,    1492896 total
- age   6:       9080 bytes,    1501976 total
- age   7:      38152 bytes,    1540128 total
- age   8:       4704 bytes,    1544832 total
: 88576K->1599K(109248K), 0.0036842 secs] 108127K->21167K(502464K), 0.0037906 secs] [Times: user=0.00 sys=0.00, real=0.00 secs] 
Heap after GC invocations=28 (full 2):
 par new generation   total 109248K, used 1599K [0x00000000e0000000, 0x00000000e8000000, 0x00000000e8000000)
  eden space 87424K,   0% used [0x00000000e0000000, 0x00000000e0000000, 0x00000000e5560000)
  from space 21824K,   7% used [0x00000000e5560000, 0x00000000e56eff70, 0x00000000e6ab0000)
  to   space 21824K,   0% used [0x00000000e6ab0000, 0x00000000e6ab0000, 0x00000000e8000000)
 concurrent mark-sweep generation total 393216K, used 19567K [0x00000000e8000000, 0x0000000100000000, 0x0000000100000000)
 Metaspace       used 37682K, capacity 38588K, committed 38988K, reserved 1083392K
  class space    used 4461K, capacity 4690K, committed 4812K, reserved 1048576K
}
2017-10-31T04:49:24.430-0700: 768.661: Total time for which application threads were stopped: 0.0041041 seconds, Stopping threads took: 0.0000345 seconds
2017-10-31T04:49:25.430-0700: 769.661: Total time for which application threads were stopped: 0.0001571 seconds, Stopping threads took: 0.0000359 seconds
2017-10-31T04:49:26.408-0700: 770.639: Total time for which application threads were stopped: 0.0001910 seconds, Stopping threads took: 0.0000535 seconds
2017-10-31T04:49:27.408-0700: 771.639: Total time for which application threads were stopped: 0.0001822 seconds, Stopping threads took: 0.0000339 seconds
{Heap before GC invocations=28 (full 2):
 par new generation   total 109248K, used 89023K [0x00000000e0000000, 0x00000000e8000000, 0x00000000e8000000)
  eden space 87424K, 100% used [0x00000000e0000000, 0x00000000e5560000, 0x00000000e5560000)
  from space 21824K,   7% used [0x00000000e5560000, 0x00000000e56eff70, 0x00000000e6ab0000)
  to   space 21824K,   0% used [0x00000000e6ab0000, 0x00000000e6ab0000, 0x00000000e8000000)
 concurrent mark-sweep generation total 393216K, used 19567K [0x00000000e8000000, 0x0000000100000000, 0x0000000100000000)
 Metaspace       used 37821K, capacity 38716K, committed 38988K, reserved 1083392K
  class space    used 4461K, capacity 4690K, committed 4812K, reserved 1048576K
2017-10-31T04:49:27.520-0700: 771.751: [GC (Allocation Failure) 2017-10-31T04:49:27.520-0700: 771.751: [ParNew
Desired survivor size 20112992 bytes, new threshold 8 (max 8)
- age   1:     989528 bytes,     989528 total
- age   2:      10680 bytes,    1000208 total
- age   3:       8784 bytes,    1008992 total
- age   4:       9680 bytes,    1018672 total
- age   5:       9904 bytes,    1028576 total
- age   6:      10328 bytes,    1038904 total
- age   7:       9080 bytes,    1047984 total
- age   8:      38152 bytes,    1086136 total
: 89023K->1303K(109248K), 0.0032921 secs] 108591K->20876K(502464K), 0.0033707 secs] [Times: user=0.00 sys=0.00, real=0.00 secs] 
Heap after GC invocations=29 (full 2):
 par new generation   total 109248K, used 1303K [0x00000000e0000000, 0x00000000e8000000, 0x00000000e8000000)
  eden space 87424K,   0% used [0x00000000e0000000, 0x00000000e0000000, 0x00000000e5560000)
  from space 21824K,   5% used [0x00000000e6ab0000, 0x00000000e6bf5f58, 0x00000000e8000000)
  to   space 21824K,   0% used [0x00000000e5560000, 0x00000000e5560000, 0x00000000e6ab0000)
 concurrent mark-sweep generation total 393216K, used 19572K [0x00000000e8000000, 0x0000000100000000, 0x0000000100000000)
 Metaspace       used 37821K, capacity 38716K, committed 38988K, reserved 1083392K
  class space    used 4461K, capacity 4690K, committed 4812K, reserved 1048576K
}
2017-10-31T04:49:27.523-0700: 771.754: Total time for which application threads were stopped: 0.0036260 seconds, Stopping threads took: 0.0000257 seconds
2017-10-31T04:49:28.524-0700: 772.754: Total time for which application threads were stopped: 0.0001476 seconds, Stopping threads took: 0.0000278 seconds
2017-10-31T04:49:28.551-0700: 772.781: Total time for which application threads were stopped: 0.0002492 seconds, Stopping threads took: 0.0000650 seconds
2017-10-31T04:49:29.551-0700: 773.782: Total time for which application threads were stopped: 0.0001327 seconds, Stopping threads took: 0.0000312 seconds
2017-10-31T04:49:30.552-0700: 774.782: Total time for which application threads were stopped: 0.0002370 seconds, Stopping threads took: 0.0000508 seconds
2017-10-31T04:49:30.754-0700: 774.985: Total time for which application threads were stopped: 0.0004091 seconds, Stopping threads took: 0.0001016 seconds
{Heap before GC invocations=29 (full 2):
 par new generation   total 109248K, used 88727K [0x00000000e0000000, 0x00000000e8000000, 0x00000000e8000000)
  eden space 87424K, 100% used [0x00000000e0000000, 0x00000000e5560000, 0x00000000e5560000)
  from space 21824K,   5% used [0x00000000e6ab0000, 0x00000000e6bf5f58, 0x00000000e8000000)
  to   space 21824K,   0% used [0x00000000e5560000, 0x00000000e5560000, 0x00000000e6ab0000)
 concurrent mark-sweep generation total 393216K, used 19572K [0x00000000e8000000, 0x0000000100000000, 0x0000000100000000)
 Metaspace       used 37965K, capacity 38844K, committed 39244K, reserved 1083392K
  class space    used 4461K, capacity 4690K, committed 4812K, reserved 1048576K
2017-10-31T04:49:30.766-0700: 774.997: [GC (Allocation Failure) 2017-10-31T04:49:30.767-0700: 774.997: [ParNew
Desired survivor size 20112992 bytes, new threshold 8 (max 8)
- age   1:    1251944 bytes,    1251944 total
- age   2:      11816 bytes,    1263760 total
- age   3:       9768 bytes,    1273528 total
- age   4:       8784 bytes,    1282312 total
- age   5:       9608 bytes,    1291920 total
- age   6:       9112 bytes,    1301032 total
- age   7:      10328 bytes,    1311360 total
- age   8:       9080 bytes,    1320440 total
: 88727K->1389K(109248K), 0.0090609 secs] 108300K->20998K(502464K), 0.0093115 secs] [Times: user=0.02 sys=0.00, real=0.01 secs] 
Heap after GC invocations=30 (full 2):
 par new generation   total 109248K, used 1389K [0x00000000e0000000, 0x00000000e8000000, 0x00000000e8000000)
  eden space 87424K,   0% used [0x00000000e0000000, 0x00000000e0000000, 0x00000000e5560000)
  from space 21824K,   6% used [0x00000000e5560000, 0x00000000e56bb630, 0x00000000e6ab0000)
  to   space 21824K,   0% used [0x00000000e6ab0000, 0x00000000e6ab0000, 0x00000000e8000000)
 concurrent mark-sweep generation total 393216K, used 19609K [0x00000000e8000000, 0x0000000100000000, 0x0000000100000000)
 Metaspace       used 37965K, capacity 38844K, committed 39244K, reserved 1083392K
  class space    used 4461K, capacity 4690K, committed 4812K, reserved 1048576K
}
2017-10-31T04:49:30.776-0700: 775.007: Total time for which application threads were stopped: 0.0100436 seconds, Stopping threads took: 0.0000684 seconds
2017-10-31T04:49:31.776-0700: 776.006: Total time for which application threads were stopped: 0.0001212 seconds, Stopping threads took: 0.0000339 seconds
2017-10-31T04:49:32.776-0700: 777.007: Total time for which application threads were stopped: 0.0001409 seconds, Stopping threads took: 0.0000379 seconds
2017-10-31T04:49:32.918-0700: 777.148: Total time for which application threads were stopped: 0.0001801 seconds, Stopping threads took: 0.0000359 seconds
{Heap before GC invocations=30 (full 2):
 par new generation   total 109248K, used 88813K [0x00000000e0000000, 0x00000000e8000000, 0x00000000e8000000)
  eden space 87424K, 100% used [0x00000000e0000000, 0x00000000e5560000, 0x00000000e5560000)
  from space 21824K,   6% used [0x00000000e5560000, 0x00000000e56bb630, 0x00000000e6ab0000)
  to   space 21824K,   0% used [0x00000000e6ab0000, 0x00000000e6ab0000, 0x00000000e8000000)
 concurrent mark-sweep generation total 393216K, used 19609K [0x00000000e8000000, 0x0000000100000000, 0x0000000100000000)
 Metaspace       used 37968K, capacity 38844K, committed 39244K, reserved 1083392K
  class space    used 4461K, capacity 4690K, committed 4812K, reserved 1048576K
2017-10-31T04:49:33.754-0700: 777.985: [GC (Allocation Failure) 2017-10-31T04:49:33.754-0700: 777.985: [ParNew
Desired survivor size 20112992 bytes, new threshold 8 (max 8)
- age   1:     994912 bytes,     994912 total
- age   2:      14080 bytes,    1008992 total
- age   3:      10904 bytes,    1019896 total
- age   4:       9768 bytes,    1029664 total
- age   5:       8712 bytes,    1038376 total
- age   6:       8816 bytes,    1047192 total
- age   7:       9112 bytes,    1056304 total
- age   8:      10328 bytes,    1066632 total
: 88813K->1313K(109248K), 0.0062090 secs] 108422K->20931K(502464K), 0.0062910 secs] [Times: user=0.00 sys=0.00, real=0.01 secs] 
Heap after GC invocations=31 (full 2):
 par new generation   total 109248K, used 1313K [0x00000000e0000000, 0x00000000e8000000, 0x00000000e8000000)
  eden space 87424K,   0% used [0x00000000e0000000, 0x00000000e0000000, 0x00000000e5560000)
  from space 21824K,   6% used [0x00000000e6ab0000, 0x00000000e6bf8650, 0x00000000e8000000)
  to   space 21824K,   0% used [0x00000000e5560000, 0x00000000e5560000, 0x00000000e6ab0000)
 concurrent mark-sweep generation total 393216K, used 19618K [0x00000000e8000000, 0x0000000100000000, 0x0000000100000000)
 Metaspace       used 37968K, capacity 38844K, committed 39244K, reserved 1083392K
  class space    used 4461K, capacity 4690K, committed 4812K, reserved 1048576K
}
2017-10-31T04:49:33.761-0700: 777.992: Total time for which application threads were stopped: 0.0065666 seconds, Stopping threads took: 0.0000332 seconds
2017-10-31T04:49:34.762-0700: 778.992: Total time for which application threads were stopped: 0.0001625 seconds, Stopping threads took: 0.0000488 seconds
2017-10-31T04:49:35.119-0700: 779.350: Total time for which application threads were stopped: 0.0002201 seconds, Stopping threads took: 0.0000582 seconds
2017-10-31T04:49:36.119-0700: 780.349: Total time for which application threads were stopped: 0.0001307 seconds, Stopping threads took: 0.0000413 seconds
{Heap before GC invocations=31 (full 2):
 par new generation   total 109248K, used 88331K [0x00000000e0000000, 0x00000000e8000000, 0x00000000e8000000)
  eden space 87424K,  99% used [0x00000000e0000000, 0x00000000e54fa780, 0x00000000e5560000)
  from space 21824K,   6% used [0x00000000e6ab0000, 0x00000000e6bf8650, 0x00000000e8000000)
  to   space 21824K,   0% used [0x00000000e5560000, 0x00000000e5560000, 0x00000000e6ab0000)
 concurrent mark-sweep generation total 393216K, used 19618K [0x00000000e8000000, 0x0000000100000000, 0x0000000100000000)
 Metaspace       used 37991K, capacity 38908K, committed 39244K, reserved 1083392K
  class space    used 4461K, capacity 4690K, committed 4812K, reserved 1048576K
2017-10-31T04:49:36.867-0700: 781.098: [GC (Allocation Failure) 2017-10-31T04:49:36.867-0700: 781.098: [ParNew
Desired survivor size 20112992 bytes, new threshold 8 (max 8)
- age   1:    1374568 bytes,    1374568 total
- age   2:       9632 bytes,    1384200 total
- age   3:      13040 bytes,    1397240 total
- age   4:      10904 bytes,    1408144 total
- age   5:       9696 bytes,    1417840 total
- age   6:       7848 bytes,    1425688 total
- age   7:       8816 bytes,    1434504 total
- age   8:       9112 bytes,    1443616 total
: 88331K->1548K(109248K), 0.0042971 secs] 107949K->21176K(502464K), 0.0044360 secs] [Times: user=0.05 sys=0.00, real=0.00 secs] 
Heap after GC invocations=32 (full 2):
 par new generation   total 109248K, used 1548K [0x00000000e0000000, 0x00000000e8000000, 0x00000000e8000000)
  eden space 87424K,   0% used [0x00000000e0000000, 0x00000000e0000000, 0x00000000e5560000)
  from space 21824K,   7% used [0x00000000e5560000, 0x00000000e56e3110, 0x00000000e6ab0000)
  to   space 21824K,   0% used [0x00000000e6ab0000, 0x00000000e6ab0000, 0x00000000e8000000)
 concurrent mark-sweep generation total 393216K, used 19628K [0x00000000e8000000, 0x0000000100000000, 0x0000000100000000)
 Metaspace       used 37991K, capacity 38908K, committed 39244K, reserved 1083392K
  class space    used 4461K, capacity 4690K, committed 4812K, reserved 1048576K
}
2017-10-31T04:49:36.871-0700: 781.102: Total time for which application threads were stopped: 0.0047861 seconds, Stopping threads took: 0.0000325 seconds
2017-10-31T04:49:37.488-0700: 781.718: Total time for which application threads were stopped: 0.0002492 seconds, Stopping threads took: 0.0001009 seconds
2017-10-31T04:49:38.488-0700: 782.719: Total time for which application threads were stopped: 0.0001849 seconds, Stopping threads took: 0.0000278 seconds
2017-10-31T04:49:39.489-0700: 783.719: Total time for which application threads were stopped: 0.0001178 seconds, Stopping threads took: 0.0000291 seconds
2017-10-31T04:49:39.798-0700: 784.029: Total time for which application threads were stopped: 0.0002201 seconds, Stopping threads took: 0.0000596 seconds
{Heap before GC invocations=32 (full 2):
 par new generation   total 109248K, used 88972K [0x00000000e0000000, 0x00000000e8000000, 0x00000000e8000000)
  eden space 87424K, 100% used [0x00000000e0000000, 0x00000000e5560000, 0x00000000e5560000)
  from space 21824K,   7% used [0x00000000e5560000, 0x00000000e56e3110, 0x00000000e6ab0000)
  to   space 21824K,   0% used [0x00000000e6ab0000, 0x00000000e6ab0000, 0x00000000e8000000)
 concurrent mark-sweep generation total 393216K, used 19628K [0x00000000e8000000, 0x0000000100000000, 0x0000000100000000)
 Metaspace       used 37999K, capacity 38908K, committed 39244K, reserved 1083392K
  class space    used 4461K, capacity 4690K, committed 4812K, reserved 1048576K
2017-10-31T04:49:40.111-0700: 784.342: [GC (Allocation Failure) 2017-10-31T04:49:40.112-0700: 784.342: [ParNew
Desired survivor size 20112992 bytes, new threshold 8 (max 8)
- age   1:    1254960 bytes,    1254960 total
- age   2:      10768 bytes,    1265728 total
- age   3:       8720 bytes,    1274448 total
- age   4:      13040 bytes,    1287488 total
- age   5:      10760 bytes,    1298248 total
- age   6:       8904 bytes,    1307152 total
- age   7:       7848 bytes,    1315000 total
- age   8:       8816 bytes,    1323816 total
: 88972K->1426K(109248K), 0.0050502 secs] 108600K->21063K(502464K), 0.0051674 secs] [Times: user=0.00 sys=0.00, real=0.01 secs] 
Heap after GC invocations=33 (full 2):
 par new generation   total 109248K, used 1426K [0x00000000e0000000, 0x00000000e8000000, 0x00000000e8000000)
  eden space 87424K,   0% used [0x00000000e0000000, 0x00000000e0000000, 0x00000000e5560000)
  from space 21824K,   6% used [0x00000000e6ab0000, 0x00000000e6c14ab0, 0x00000000e8000000)
  to   space 21824K,   0% used [0x00000000e5560000, 0x00000000e5560000, 0x00000000e6ab0000)
 concurrent mark-sweep generation total 393216K, used 19637K [0x00000000e8000000, 0x0000000100000000, 0x0000000100000000)
 Metaspace       used 37999K, capacity 38908K, committed 39244K, reserved 1083392K
  class space    used 4461K, capacity 4690K, committed 4812K, reserved 1048576K
}
2017-10-31T04:49:40.117-0700: 784.347: Total time for which application threads were stopped: 0.0055067 seconds, Stopping threads took: 0.0000291 seconds
2017-10-31T04:49:41.118-0700: 785.348: Total time for which application threads were stopped: 0.0001585 seconds, Stopping threads took: 0.0000325 seconds
2017-10-31T04:49:41.639-0700: 785.870: Total time for which application threads were stopped: 0.0002404 seconds, Stopping threads took: 0.0000345 seconds
2017-10-31T04:49:41.640-0700: 785.870: Total time for which application threads were stopped: 0.0001429 seconds, Stopping threads took: 0.0000257 seconds
2017-10-31T04:49:41.640-0700: 785.870: Total time for which application threads were stopped: 0.0001510 seconds, Stopping threads took: 0.0000427 seconds
2017-10-31T04:49:41.640-0700: 785.871: Total time for which application threads were stopped: 0.0001388 seconds, Stopping threads took: 0.0000305 seconds
2017-10-31T04:49:41.640-0700: 785.871: Total time for which application threads were stopped: 0.0001178 seconds, Stopping threads took: 0.0000183 seconds
2017-10-31T04:49:41.643-0700: 785.873: Total time for which application threads were stopped: 0.0014453 seconds, Stopping threads took: 0.0012570 seconds
2017-10-31T04:49:41.643-0700: 785.874: Total time for which application threads were stopped: 0.0004477 seconds, Stopping threads took: 0.0000481 seconds
2017-10-31T04:49:42.112-0700: 786.342: Total time for which application threads were stopped: 0.0002039 seconds, Stopping threads took: 0.0000305 seconds
2017-10-31T04:49:43.113-0700: 787.343: Total time for which application threads were stopped: 0.0001117 seconds, Stopping threads took: 0.0000257 seconds
{Heap before GC invocations=33 (full 2):
 par new generation   total 109248K, used 88850K [0x00000000e0000000, 0x00000000e8000000, 0x00000000e8000000)
  eden space 87424K, 100% used [0x00000000e0000000, 0x00000000e5560000, 0x00000000e5560000)
  from space 21824K,   6% used [0x00000000e6ab0000, 0x00000000e6c14ab0, 0x00000000e8000000)
  to   space 21824K,   0% used [0x00000000e5560000, 0x00000000e5560000, 0x00000000e6ab0000)
 concurrent mark-sweep generation total 393216K, used 19637K [0x00000000e8000000, 0x0000000100000000, 0x0000000100000000)
 Metaspace       used 38017K, capacity 38908K, committed 39244K, reserved 1083392K
  class space    used 4461K, capacity 4690K, committed 4812K, reserved 1048576K
2017-10-31T04:49:43.349-0700: 787.580: [GC (Allocation Failure) 2017-10-31T04:49:43.349-0700: 787.580: [ParNew
Desired survivor size 20112992 bytes, new threshold 8 (max 8)
- age   1:    1065448 bytes,    1065448 total
- age   2:       8536 bytes,    1073984 total
- age   3:       9856 bytes,    1083840 total
- age   4:       8720 bytes,    1092560 total
- age   5:      12752 bytes,    1105312 total
- age   6:       9968 bytes,    1115280 total
- age   7:       8904 bytes,    1124184 total
- age   8:       7848 bytes,    1132032 total
: 88850K->1328K(109248K), 0.0035515 secs] 108487K->20974K(502464K), 0.0036531 secs] [Times: user=0.00 sys=0.00, real=0.00 secs] 
Heap after GC invocations=34 (full 2):
 par new generation   total 109248K, used 1328K [0x00000000e0000000, 0x00000000e8000000, 0x00000000e8000000)
  eden space 87424K,   0% used [0x00000000e0000000, 0x00000000e0000000, 0x00000000e5560000)
  from space 21824K,   6% used [0x00000000e5560000, 0x00000000e56ac1f0, 0x00000000e6ab0000)
  to   space 21824K,   0% used [0x00000000e6ab0000, 0x00000000e6ab0000, 0x00000000e8000000)
 concurrent mark-sweep generation total 393216K, used 19645K [0x00000000e8000000, 0x0000000100000000, 0x0000000100000000)
 Metaspace       used 38017K, capacity 38908K, committed 39244K, reserved 1083392K
  class space    used 4461K, capacity 4690K, committed 4812K, reserved 1048576K
}
2017-10-31T04:49:43.352-0700: 787.583: Total time for which application threads were stopped: 0.0039856 seconds, Stopping threads took: 0.0000305 seconds
2017-10-31T04:49:44.339-0700: 788.570: Total time for which application threads were stopped: 0.0002011 seconds, Stopping threads took: 0.0000393 seconds
2017-10-31T04:49:45.339-0700: 789.570: Total time for which application threads were stopped: 0.0001774 seconds, Stopping threads took: 0.0000359 seconds
2017-10-31T04:49:46.339-0700: 790.570: Total time for which application threads were stopped: 0.0001822 seconds, Stopping threads took: 0.0000386 seconds
2017-10-31T04:49:46.526-0700: 790.756: Total time for which application threads were stopped: 0.0007030 seconds, Stopping threads took: 0.0001910 seconds
{Heap before GC invocations=34 (full 2):
 par new generation   total 109248K, used 88752K [0x00000000e0000000, 0x00000000e8000000, 0x00000000e8000000)
  eden space 87424K, 100% used [0x00000000e0000000, 0x00000000e5560000, 0x00000000e5560000)
  from space 21824K,   6% used [0x00000000e5560000, 0x00000000e56ac1f0, 0x00000000e6ab0000)
  to   space 21824K,   0% used [0x00000000e6ab0000, 0x00000000e6ab0000, 0x00000000e8000000)
 concurrent mark-sweep generation total 393216K, used 19645K [0x00000000e8000000, 0x0000000100000000, 0x0000000100000000)
 Metaspace       used 38047K, capacity 38908K, committed 39244K, reserved 1083392K
  class space    used 4461K, capacity 4690K, committed 4812K, reserved 1048576K
2017-10-31T04:49:46.541-0700: 790.772: [GC (Allocation Failure) 2017-10-31T04:49:46.541-0700: 790.772: [ParNew
Desired survivor size 20112992 bytes, new threshold 8 (max 8)
- age   1:    1263272 bytes,    1263272 total
- age   2:      88072 bytes,    1351344 total
- age   3:       7624 bytes,    1358968 total
- age   4:       9856 bytes,    1368824 total
- age   5:       8504 bytes,    1377328 total
- age   6:      12104 bytes,    1389432 total
- age   7:       9968 bytes,    1399400 total
- age   8:       8904 bytes,    1408304 total
: 88752K->1576K(109248K), 0.0119846 secs] 108398K->21230K(502464K), 0.0124133 secs] [Times: user=0.00 sys=0.00, real=0.01 secs] 
Heap after GC invocations=35 (full 2):
 par new generation   total 109248K, used 1576K [0x00000000e0000000, 0x00000000e8000000, 0x00000000e8000000)
  eden space 87424K,   0% used [0x00000000e0000000, 0x00000000e0000000, 0x00000000e5560000)
  from space 21824K,   7% used [0x00000000e6ab0000, 0x00000000e6c3a260, 0x00000000e8000000)
  to   space 21824K,   0% used [0x00000000e5560000, 0x00000000e5560000, 0x00000000e6ab0000)
 concurrent mark-sweep generation total 393216K, used 19653K [0x00000000e8000000, 0x0000000100000000, 0x0000000100000000)
 Metaspace       used 38047K, capacity 38908K, committed 39244K, reserved 1083392K
  class space    used 4461K, capacity 4690K, committed 4812K, reserved 1048576K
}
2017-10-31T04:49:46.554-0700: 790.784: Total time for which application threads were stopped: 0.0134183 seconds, Stopping threads took: 0.0000928 seconds
2017-10-31T04:49:47.555-0700: 791.786: Total time for which application threads were stopped: 0.0001375 seconds, Stopping threads took: 0.0000386 seconds
2017-10-31T04:49:48.556-0700: 792.786: Total time for which application threads were stopped: 0.0001910 seconds, Stopping threads took: 0.0000440 seconds
2017-10-31T04:49:48.717-0700: 792.948: Total time for which application threads were stopped: 0.0002018 seconds, Stopping threads took: 0.0000501 seconds
{Heap before GC invocations=35 (full 2):
 par new generation   total 109248K, used 89000K [0x00000000e0000000, 0x00000000e8000000, 0x00000000e8000000)
  eden space 87424K, 100% used [0x00000000e0000000, 0x00000000e5560000, 0x00000000e5560000)
  from space 21824K,   7% used [0x00000000e6ab0000, 0x00000000e6c3a260, 0x00000000e8000000)
  to   space 21824K,   0% used [0x00000000e5560000, 0x00000000e5560000, 0x00000000e6ab0000)
 concurrent mark-sweep generation total 393216K, used 19653K [0x00000000e8000000, 0x0000000100000000, 0x0000000100000000)
 Metaspace       used 38056K, capacity 38908K, committed 39244K, reserved 1083392K
  class space    used 4461K, capacity 4690K, committed 4812K, reserved 1048576K
2017-10-31T04:49:49.595-0700: 793.826: [GC (Allocation Failure) 2017-10-31T04:49:49.595-0700: 793.826: [ParNew
Desired survivor size 20112992 bytes, new threshold 8 (max 8)
- age   1:     936424 bytes,     936424 total
- age   2:      10832 bytes,     947256 total
- age   3:      87160 bytes,    1034416 total
- age   4:       7624 bytes,    1042040 total
- age   5:       9568 bytes,    1051608 total
- age   6:       7856 bytes,    1059464 total
- age   7:      12104 bytes,    1071568 total
- age   8:       9968 bytes,    1081536 total
: 89000K->1148K(109248K), 0.0066526 secs] 108654K->20810K(502464K), 0.0067440 secs] [Times: user=0.00 sys=0.00, real=0.01 secs] 
Heap after GC invocations=36 (full 2):
 par new generation   total 109248K, used 1148K [0x00000000e0000000, 0x00000000e8000000, 0x00000000e8000000)
  eden space 87424K,   0% used [0x00000000e0000000, 0x00000000e0000000, 0x00000000e5560000)
  from space 21824K,   5% used [0x00000000e5560000, 0x00000000e567f240, 0x00000000e6ab0000)
  to   space 21824K,   0% used [0x00000000e6ab0000, 0x00000000e6ab0000, 0x00000000e8000000)
 concurrent mark-sweep generation total 393216K, used 19662K [0x00000000e8000000, 0x0000000100000000, 0x0000000100000000)
 Metaspace       used 38056K, capacity 38908K, committed 39244K, reserved 1083392K
  class space    used 4461K, capacity 4690K, committed 4812K, reserved 1048576K
}
2017-10-31T04:49:49.602-0700: 793.833: Total time for which application threads were stopped: 0.0069953 seconds, Stopping threads took: 0.0000257 seconds
2017-10-31T04:49:50.603-0700: 794.833: Total time for which application threads were stopped: 0.0001510 seconds, Stopping threads took: 0.0000372 seconds
2017-10-31T04:49:50.968-0700: 795.198: Total time for which application threads were stopped: 0.0002147 seconds, Stopping threads took: 0.0000508 seconds
2017-10-31T04:49:51.968-0700: 796.198: Total time for which application threads were stopped: 0.0001537 seconds, Stopping threads took: 0.0000501 seconds
{Heap before GC invocations=36 (full 2):
 par new generation   total 109248K, used 88462K [0x00000000e0000000, 0x00000000e8000000, 0x00000000e8000000)
  eden space 87424K,  99% used [0x00000000e0000000, 0x00000000e5544620, 0x00000000e5560000)
  from space 21824K,   5% used [0x00000000e5560000, 0x00000000e567f240, 0x00000000e6ab0000)
  to   space 21824K,   0% used [0x00000000e6ab0000, 0x00000000e6ab0000, 0x00000000e8000000)
 concurrent mark-sweep generation total 393216K, used 19662K [0x00000000e8000000, 0x0000000100000000, 0x0000000100000000)
 Metaspace       used 38084K, capacity 38972K, committed 39244K, reserved 1083392K
  class space    used 4461K, capacity 4690K, committed 4812K, reserved 1048576K
2017-10-31T04:49:52.697-0700: 796.928: [GC (Allocation Failure) 2017-10-31T04:49:52.697-0700: 796.928: [ParNew
Desired survivor size 20112992 bytes, new threshold 8 (max 8)
- age   1:    1392824 bytes,    1392824 total
- age   2:       9376 bytes,    1402200 total
- age   3:       9792 bytes,    1411992 total
- age   4:      87160 bytes,    1499152 total
- age   5:       7480 bytes,    1506632 total
- age   6:       8848 bytes,    1515480 total
- age   7:       7856 bytes,    1523336 total
- age   8:      12104 bytes,    1535440 total
: 88462K->1611K(109248K), 0.0046960 secs] 108124K->21283K(502464K), 0.0047780 secs] [Times: user=0.00 sys=0.00, real=0.00 secs] 
Heap after GC invocations=37 (full 2):
 par new generation   total 109248K, used 1611K [0x00000000e0000000, 0x00000000e8000000, 0x00000000e8000000)
  eden space 87424K,   0% used [0x00000000e0000000, 0x00000000e0000000, 0x00000000e5560000)
  from space 21824K,   7% used [0x00000000e6ab0000, 0x00000000e6c42f40, 0x00000000e8000000)
  to   space 21824K,   0% used [0x00000000e5560000, 0x00000000e5560000, 0x00000000e6ab0000)
 concurrent mark-sweep generation total 393216K, used 19672K [0x00000000e8000000, 0x0000000100000000, 0x0000000100000000)
 Metaspace       used 38084K, capacity 38972K, committed 39244K, reserved 1083392K
  class space    used 4461K, capacity 4690K, committed 4812K, reserved 1048576K
}
2017-10-31T04:49:52.701-0700: 796.932: Total time for which application threads were stopped: 0.0050299 seconds, Stopping threads took: 0.0000223 seconds
2017-10-31T04:49:53.164-0700: 797.395: Total time for which application threads were stopped: 0.0002160 seconds, Stopping threads took: 0.0000372 seconds
2017-10-31T04:49:54.164-0700: 798.395: Total time for which application threads were stopped: 0.0001517 seconds, Stopping threads took: 0.0000359 seconds
2017-10-31T04:49:55.165-0700: 799.395: Total time for which application threads were stopped: 0.0001510 seconds, Stopping threads took: 0.0000345 seconds
2017-10-31T04:49:55.513-0700: 799.744: Total time for which application threads were stopped: 0.0003258 seconds, Stopping threads took: 0.0000772 seconds
{Heap before GC invocations=37 (full 2):
 par new generation   total 109248K, used 89035K [0x00000000e0000000, 0x00000000e8000000, 0x00000000e8000000)
  eden space 87424K, 100% used [0x00000000e0000000, 0x00000000e5560000, 0x00000000e5560000)
  from space 21824K,   7% used [0x00000000e6ab0000, 0x00000000e6c42f40, 0x00000000e8000000)
  to   space 21824K,   0% used [0x00000000e5560000, 0x00000000e5560000, 0x00000000e6ab0000)
 concurrent mark-sweep generation total 393216K, used 19672K [0x00000000e8000000, 0x0000000100000000, 0x0000000100000000)
 Metaspace       used 38120K, capacity 39044K, committed 39500K, reserved 1083392K
  class space    used 4461K, capacity 4690K, committed 4812K, reserved 1048576K
2017-10-31T04:49:55.593-0700: 799.824: [GC (Allocation Failure) 2017-10-31T04:49:55.593-0700: 799.824: [ParNew
Desired survivor size 20112992 bytes, new threshold 8 (max 8)
- age   1:    1252056 bytes,    1252056 total
- age   2:      11064 bytes,    1263120 total
- age   3:       8464 bytes,    1271584 total
- age   4:       9792 bytes,    1281376 total
- age   5:      87016 bytes,    1368392 total
- age   6:       6832 bytes,    1375224 total
- age   7:       8848 bytes,    1384072 total
- age   8:       7856 bytes,    1391928 total
: 89035K->1643K(109248K), 0.0036836 secs] 108707K->21327K(502464K), 0.0037757 secs] [Times: user=0.00 sys=0.00, real=0.00 secs] 
Heap after GC invocations=38 (full 2):
 par new generation   total 109248K, used 1643K [0x00000000e0000000, 0x00000000e8000000, 0x00000000e8000000)
  eden space 87424K,   0% used [0x00000000e0000000, 0x00000000e0000000, 0x00000000e5560000)
  from space 21824K,   7% used [0x00000000e5560000, 0x00000000e56faf70, 0x00000000e6ab0000)
  to   space 21824K,   0% used [0x00000000e6ab0000, 0x00000000e6ab0000, 0x00000000e8000000)
 concurrent mark-sweep generation total 393216K, used 19683K [0x00000000e8000000, 0x0000000100000000, 0x0000000100000000)
 Metaspace       used 38120K, capacity 39044K, committed 39500K, reserved 1083392K
  class space    used 4461K, capacity 4690K, committed 4812K, reserved 1048576K
}
2017-10-31T04:49:55.597-0700: 799.828: Total time for which application threads were stopped: 0.0040994 seconds, Stopping threads took: 0.0000332 seconds
2017-10-31T04:49:56.597-0700: 800.828: Total time for which application threads were stopped: 0.0001483 seconds, Stopping threads took: 0.0000339 seconds
2017-10-31T04:49:57.598-0700: 801.828: Total time for which application threads were stopped: 0.0001503 seconds, Stopping threads took: 0.0000339 seconds
2017-10-31T04:49:57.792-0700: 802.023: Total time for which application threads were stopped: 0.0002276 seconds, Stopping threads took: 0.0000420 seconds
2017-10-31T04:49:58.792-0700: 803.023: Total time for which application threads were stopped: 0.0001463 seconds, Stopping threads took: 0.0000271 seconds
{Heap before GC invocations=38 (full 2):
 par new generation   total 109248K, used 89067K [0x00000000e0000000, 0x00000000e8000000, 0x00000000e8000000)
  eden space 87424K, 100% used [0x00000000e0000000, 0x00000000e5560000, 0x00000000e5560000)
  from space 21824K,   7% used [0x00000000e5560000, 0x00000000e56faf70, 0x00000000e6ab0000)
  to   space 21824K,   0% used [0x00000000e6ab0000, 0x00000000e6ab0000, 0x00000000e8000000)
 concurrent mark-sweep generation total 393216K, used 19683K [0x00000000e8000000, 0x0000000100000000, 0x0000000100000000)
 Metaspace       used 38235K, capacity 39108K, committed 39500K, reserved 1083392K
  class space    used 4461K, capacity 4690K, committed 4812K, reserved 1048576K
2017-10-31T04:49:58.972-0700: 803.203: [GC (Allocation Failure) 2017-10-31T04:49:58.972-0700: 803.203: [ParNew
Desired survivor size 20112992 bytes, new threshold 8 (max 8)
- age   1:    1055592 bytes,    1055592 total
- age   2:       9200 bytes,    1064792 total
- age   3:      10152 bytes,    1074944 total
- age   4:       8464 bytes,    1083408 total
- age   5:       9576 bytes,    1092984 total
- age   6:      86224 bytes,    1179208 total
- age   7:       6832 bytes,    1186040 total
- age   8:       8848 bytes,    1194888 total
: 89067K->1404K(109248K), 0.0037499 secs] 108751K->21096K(502464K), 0.0038502 secs] [Times: user=0.00 sys=0.00, real=0.00 secs] 
Heap after GC invocations=39 (full 2):
 par new generation   total 109248K, used 1404K [0x00000000e0000000, 0x00000000e8000000, 0x00000000e8000000)
  eden space 87424K,   0% used [0x00000000e0000000, 0x00000000e0000000, 0x00000000e5560000)
  from space 21824K,   6% used [0x00000000e6ab0000, 0x00000000e6c0f240, 0x00000000e8000000)
  to   space 21824K,   0% used [0x00000000e5560000, 0x00000000e5560000, 0x00000000e6ab0000)
 concurrent mark-sweep generation total 393216K, used 19691K [0x00000000e8000000, 0x0000000100000000, 0x0000000100000000)
 Metaspace       used 38235K, capacity 39108K, committed 39500K, reserved 1083392K
  class space    used 4461K, capacity 4690K, committed 4812K, reserved 1048576K
}
2017-10-31T04:49:58.976-0700: 803.207: Total time for which application threads were stopped: 0.0041915 seconds, Stopping threads took: 0.0000339 seconds
2017-10-31T04:49:59.977-0700: 804.207: Total time for which application threads were stopped: 0.0001388 seconds, Stopping threads took: 0.0000332 seconds
2017-10-31T04:49:59.985-0700: 804.216: Total time for which application threads were stopped: 0.0001781 seconds, Stopping threads took: 0.0000305 seconds
2017-10-31T04:50:00.986-0700: 805.216: Total time for which application threads were stopped: 0.0001544 seconds, Stopping threads took: 0.0000352 seconds
2017-10-31T04:50:01.912-0700: 806.142: Total time for which application threads were stopped: 0.0002594 seconds, Stopping threads took: 0.0000569 seconds
{Heap before GC invocations=39 (full 2):
 par new generation   total 109248K, used 88828K [0x00000000e0000000, 0x00000000e8000000, 0x00000000e8000000)
  eden space 87424K, 100% used [0x00000000e0000000, 0x00000000e5560000, 0x00000000e5560000)
  from space 21824K,   6% used [0x00000000e6ab0000, 0x00000000e6c0f240, 0x00000000e8000000)
  to   space 21824K,   0% used [0x00000000e5560000, 0x00000000e5560000, 0x00000000e6ab0000)
 concurrent mark-sweep generation total 393216K, used 19691K [0x00000000e8000000, 0x0000000100000000, 0x0000000100000000)
 Metaspace       used 38283K, capacity 39172K, committed 39500K, reserved 1083392K
  class space    used 4461K, capacity 4690K, committed 4812K, reserved 1048576K
2017-10-31T04:50:01.913-0700: 806.144: [GC (Allocation Failure) 2017-10-31T04:50:01.913-0700: 806.144: [ParNew
Desired survivor size 20112992 bytes, new threshold 8 (max 8)
- age   1:    1256952 bytes,    1256952 total
- age   2:      21992 bytes,    1278944 total
- age   3:       8288 bytes,    1287232 total
- age   4:      10152 bytes,    1297384 total
- age   5:       8392 bytes,    1305776 total
- age   6:       8856 bytes,    1314632 total
- age   7:      86224 bytes,    1400856 total
- age   8:       6832 bytes,    1407688 total
: 88828K->1526K(109248K), 0.0039761 secs] 108520K->21226K(502464K), 0.0040818 secs] [Times: user=0.02 sys=0.00, real=0.00 secs] 
Heap after GC invocations=40 (full 2):
 par new generation   total 109248K, used 1526K [0x00000000e0000000, 0x00000000e8000000, 0x00000000e8000000)
  eden space 87424K,   0% used [0x00000000e0000000, 0x00000000e0000000, 0x00000000e5560000)
  from space 21824K,   6% used [0x00000000e5560000, 0x00000000e56dd978, 0x00000000e6ab0000)
  to   space 21824K,   0% used [0x00000000e6ab0000, 0x00000000e6ab0000, 0x00000000e8000000)
 concurrent mark-sweep generation total 393216K, used 19700K [0x00000000e8000000, 0x0000000100000000, 0x0000000100000000)
 Metaspace       used 38283K, capacity 39172K, committed 39500K, reserved 1083392K
  class space    used 4461K, capacity 4690K, committed 4812K, reserved 1048576K
}
2017-10-31T04:50:01.917-0700: 806.148: Total time for which application threads were stopped: 0.0044218 seconds, Stopping threads took: 0.0000433 seconds
2017-10-31T04:50:02.917-0700: 807.148: Total time for which application threads were stopped: 0.0001652 seconds, Stopping threads took: 0.0000325 seconds
2017-10-31T04:50:03.917-0700: 808.148: Total time for which application threads were stopped: 0.0001571 seconds, Stopping threads took: 0.0000359 seconds
2017-10-31T04:50:04.119-0700: 808.350: Total time for which application threads were stopped: 0.0003630 seconds, Stopping threads took: 0.0000806 seconds
{Heap before GC invocations=40 (full 2):
 par new generation   total 109248K, used 88662K [0x00000000e0000000, 0x00000000e8000000, 0x00000000e8000000)
  eden space 87424K,  99% used [0x00000000e0000000, 0x00000000e55180b0, 0x00000000e5560000)
  from space 21824K,   6% used [0x00000000e5560000, 0x00000000e56dd978, 0x00000000e6ab0000)
  to   space 21824K,   0% used [0x00000000e6ab0000, 0x00000000e6ab0000, 0x00000000e8000000)
 concurrent mark-sweep generation total 393216K, used 19700K [0x00000000e8000000, 0x0000000100000000, 0x0000000100000000)
 Metaspace       used 38314K, capacity 39172K, committed 39500K, reserved 1083392K
  class space    used 4461K, capacity 4690K, committed 4812K, reserved 1048576K
2017-10-31T04:50:04.839-0700: 809.070: [GC (Allocation Failure) 2017-10-31T04:50:04.840-0700: 809.070: [ParNew
Desired survivor size 20112992 bytes, new threshold 8 (max 8)
- age   1:    1197568 bytes,    1197568 total
- age   2:      12792 bytes,    1210360 total
- age   3:      20168 bytes,    1230528 total
- age   4:       8288 bytes,    1238816 total
- age   5:      10008 bytes,    1248824 total
- age   6:       7600 bytes,    1256424 total
- age   7:       8856 bytes,    1265280 total
- age   8:      86224 bytes,    1351504 total
: 88662K->1605K(109248K), 0.0058338 secs] 108362K->21312K(502464K), 0.0059490 secs] [Times: user=0.00 sys=0.00, real=0.01 secs] 
Heap after GC invocations=41 (full 2):
 par new generation   total 109248K, used 1605K [0x00000000e0000000, 0x00000000e8000000, 0x00000000e8000000)
  eden space 87424K,   0% used [0x00000000e0000000, 0x00000000e0000000, 0x00000000e5560000)
  from space 21824K,   7% used [0x00000000e6ab0000, 0x00000000e6c417b8, 0x00000000e8000000)
  to   space 21824K,   0% used [0x00000000e5560000, 0x00000000e5560000, 0x00000000e6ab0000)
 concurrent mark-sweep generation total 393216K, used 19706K [0x00000000e8000000, 0x0000000100000000, 0x0000000100000000)
 Metaspace       used 38314K, capacity 39172K, committed 39500K, reserved 1083392K
  class space    used 4461K, capacity 4690K, committed 4812K, reserved 1048576K
}
2017-10-31T04:50:04.845-0700: 809.076: Total time for which application threads were stopped: 0.0062327 seconds, Stopping threads took: 0.0000251 seconds
2017-10-31T04:50:05.846-0700: 810.077: Total time for which application threads were stopped: 0.0002093 seconds, Stopping threads took: 0.0000291 seconds
2017-10-31T04:50:06.292-0700: 810.522: Total time for which application threads were stopped: 0.0001991 seconds, Stopping threads took: 0.0000278 seconds
2017-10-31T04:50:07.292-0700: 811.523: Total time for which application threads were stopped: 0.0001741 seconds, Stopping threads took: 0.0000359 seconds
{Heap before GC invocations=41 (full 2):
 par new generation   total 109248K, used 89010K [0x00000000e0000000, 0x00000000e8000000, 0x00000000e8000000)
  eden space 87424K,  99% used [0x00000000e0000000, 0x00000000e555b2e8, 0x00000000e5560000)
  from space 21824K,   7% used [0x00000000e6ab0000, 0x00000000e6c417b8, 0x00000000e8000000)
  to   space 21824K,   0% used [0x00000000e5560000, 0x00000000e5560000, 0x00000000e6ab0000)
 concurrent mark-sweep generation total 393216K, used 19706K [0x00000000e8000000, 0x0000000100000000, 0x0000000100000000)
 Metaspace       used 38315K, capacity 39172K, committed 39500K, reserved 1083392K
  class space    used 4461K, capacity 4690K, committed 4812K, reserved 1048576K
2017-10-31T04:50:07.773-0700: 812.005: [GC (Allocation Failure) 2017-10-31T04:50:07.773-0700: 812.005: [ParNew
Desired survivor size 20112992 bytes, new threshold 8 (max 8)
- age   1:    1237032 bytes,    1237032 total
- age   2:      11816 bytes,    1248848 total
- age   3:      10840 bytes,    1259688 total
- age   4:      20168 bytes,    1279856 total
- age   5:       8288 bytes,    1288144 total
- age   6:       9144 bytes,    1297288 total
- age   7:       7600 bytes,    1304888 total
- age   8:       8856 bytes,    1313744 total
: 89010K->1415K(109248K), 0.0077105 secs] 108717K->21207K(502464K), 0.0077904 secs] [Times: user=0.06 sys=0.00, real=0.01 secs] 
Heap after GC invocations=42 (full 2):
 par new generation   total 109248K, used 1415K [0x00000000e0000000, 0x00000000e8000000, 0x00000000e8000000)
  eden space 87424K,   0% used [0x00000000e0000000, 0x00000000e0000000, 0x00000000e5560000)
  from space 21824K,   6% used [0x00000000e5560000, 0x00000000e56c1c10, 0x00000000e6ab0000)
  to   space 21824K,   0% used [0x00000000e6ab0000, 0x00000000e6ab0000, 0x00000000e8000000)
 concurrent mark-sweep generation total 393216K, used 19792K [0x00000000e8000000, 0x0000000100000000, 0x0000000100000000)
 Metaspace       used 38315K, capacity 39172K, committed 39500K, reserved 1083392K
  class space    used 4461K, capacity 4690K, committed 4812K, reserved 1048576K
}
2017-10-31T04:50:07.781-0700: 812.012: Total time for which application threads were stopped: 0.0080389 seconds, Stopping threads took: 0.0000223 seconds
2017-10-31T04:50:08.490-0700: 812.721: Total time for which application threads were stopped: 0.0002486 seconds, Stopping threads took: 0.0000379 seconds
2017-10-31T04:50:09.490-0700: 813.721: Total time for which application threads were stopped: 0.0001822 seconds, Stopping threads took: 0.0000467 seconds
2017-10-31T04:50:10.468-0700: 814.698: Total time for which application threads were stopped: 0.0003528 seconds, Stopping threads took: 0.0000759 seconds
{Heap before GC invocations=42 (full 2):
 par new generation   total 109248K, used 88523K [0x00000000e0000000, 0x00000000e8000000, 0x00000000e8000000)
  eden space 87424K,  99% used [0x00000000e0000000, 0x00000000e5511218, 0x00000000e5560000)
  from space 21824K,   6% used [0x00000000e5560000, 0x00000000e56c1c10, 0x00000000e6ab0000)
  to   space 21824K,   0% used [0x00000000e6ab0000, 0x00000000e6ab0000, 0x00000000e8000000)
 concurrent mark-sweep generation total 393216K, used 19792K [0x00000000e8000000, 0x0000000100000000, 0x0000000100000000)
 Metaspace       used 38317K, capacity 39172K, committed 39500K, reserved 1083392K
  class space    used 4461K, capacity 4690K, committed 4812K, reserved 1048576K
2017-10-31T04:50:10.497-0700: 814.727: [GC (Allocation Failure) 2017-10-31T04:50:10.497-0700: 814.727: [ParNew
Desired survivor size 20112992 bytes, new threshold 8 (max 8)
- age   1:    1518216 bytes,    1518216 total
- age   2:      11776 bytes,    1529992 total
- age   3:      10904 bytes,    1540896 total
- age   4:      10840 bytes,    1551736 total
- age   5:      20168 bytes,    1571904 total
- age   6:       7568 bytes,    1579472 total
- age   7:       9144 bytes,    1588616 total
- age   8:       7600 bytes,    1596216 total
: 88523K->1707K(109248K), 0.0078256 secs] 108316K->21508K(502464K), 0.0079536 secs] [Times: user=0.00 sys=0.00, real=0.01 secs] 
Heap after GC invocations=43 (full 2):
 par new generation   total 109248K, used 1707K [0x00000000e0000000, 0x00000000e8000000, 0x00000000e8000000)
  eden space 87424K,   0% used [0x00000000e0000000, 0x00000000e0000000, 0x00000000e5560000)
  from space 21824K,   7% used [0x00000000e6ab0000, 0x00000000e6c5acc8, 0x00000000e8000000)
  to   space 21824K,   0% used [0x00000000e5560000, 0x00000000e5560000, 0x00000000e6ab0000)
 concurrent mark-sweep generation total 393216K, used 19801K [0x00000000e8000000, 0x0000000100000000, 0x0000000100000000)
 Metaspace       used 38317K, capacity 39172K, committed 39500K, reserved 1083392K
  class space    used 4461K, capacity 4690K, committed 4812K, reserved 1048576K
}
2017-10-31T04:50:10.505-0700: 814.735: Total time for which application threads were stopped: 0.0083444 seconds, Stopping threads took: 0.0000433 seconds
2017-10-31T04:50:12.506-0700: 816.737: Total time for which application threads were stopped: 0.0001517 seconds, Stopping threads took: 0.0000345 seconds
2017-10-31T04:50:12.659-0700: 816.890: Total time for which application threads were stopped: 0.0002228 seconds, Stopping threads took: 0.0000325 seconds
2017-10-31T04:50:13.660-0700: 817.890: Total time for which application threads were stopped: 0.0002425 seconds, Stopping threads took: 0.0000515 seconds
{Heap before GC invocations=43 (full 2):
 par new generation   total 109248K, used 88779K [0x00000000e0000000, 0x00000000e8000000, 0x00000000e8000000)
  eden space 87424K,  99% used [0x00000000e0000000, 0x00000000e55080f8, 0x00000000e5560000)
  from space 21824K,   7% used [0x00000000e6ab0000, 0x00000000e6c5acc8, 0x00000000e8000000)
  to   space 21824K,   0% used [0x00000000e5560000, 0x00000000e5560000, 0x00000000e6ab0000)
 concurrent mark-sweep generation total 393216K, used 19801K [0x00000000e8000000, 0x0000000100000000, 0x0000000100000000)
 Metaspace       used 38317K, capacity 39172K, committed 39500K, reserved 1083392K
  class space    used 4461K, capacity 4690K, committed 4812K, reserved 1048576K
2017-10-31T04:50:13.862-0700: 818.093: [GC (Allocation Failure) 2017-10-31T04:50:13.862-0700: 818.093: [ParNew
Desired survivor size 20112992 bytes, new threshold 8 (max 8)
- age   1:    1283272 bytes,    1283272 total
- age   2:       8552 bytes,    1291824 total
- age   3:      10864 bytes,    1302688 total
- age   4:      10904 bytes,    1313592 total
- age   5:      10840 bytes,    1324432 total
- age   6:      19232 bytes,    1343664 total
- age   7:       7496 bytes,    1351160 total
- age   8:       9144 bytes,    1360304 total
: 88779K->1971K(109248K), 0.0066804 secs] 108580K->21780K(502464K), 0.0067623 secs] [Times: user=0.00 sys=0.00, real=0.01 secs] 
Heap after GC invocations=44 (full 2):
 par new generation   total 109248K, used 1971K [0x00000000e0000000, 0x00000000e8000000, 0x00000000e8000000)
  eden space 87424K,   0% used [0x00000000e0000000, 0x00000000e0000000, 0x00000000e5560000)
  from space 21824K,   9% used [0x00000000e5560000, 0x00000000e574ce20, 0x00000000e6ab0000)
  to   space 21824K,   0% used [0x00000000e6ab0000, 0x00000000e6ab0000, 0x00000000e8000000)
 concurrent mark-sweep generation total 393216K, used 19808K [0x00000000e8000000, 0x0000000100000000, 0x0000000100000000)
 Metaspace       used 38317K, capacity 39172K, committed 39500K, reserved 1083392K
  class space    used 4461K, capacity 4690K, committed 4812K, reserved 1048576K
}
2017-10-31T04:50:13.870-0700: 818.100: Total time for which application threads were stopped: 0.0070041 seconds, Stopping threads took: 0.0000223 seconds
2017-10-31T04:50:14.869-0700: 819.100: Total time for which application threads were stopped: 0.0002695 seconds, Stopping threads took: 0.0000596 seconds
{Heap before GC invocations=44 (full 2):
 par new generation   total 109248K, used 88918K [0x00000000e0000000, 0x00000000e8000000, 0x00000000e8000000)
  eden space 87424K,  99% used [0x00000000e0000000, 0x00000000e54e8db0, 0x00000000e5560000)
  from space 21824K,   9% used [0x00000000e5560000, 0x00000000e574ce20, 0x00000000e6ab0000)
  to   space 21824K,   0% used [0x00000000e6ab0000, 0x00000000e6ab0000, 0x00000000e8000000)
 concurrent mark-sweep generation total 393216K, used 19808K [0x00000000e8000000, 0x0000000100000000, 0x0000000100000000)
 Metaspace       used 38317K, capacity 39172K, committed 39500K, reserved 1083392K
  class space    used 4461K, capacity 4690K, committed 4812K, reserved 1048576K
2017-10-31T04:50:16.740-0700: 820.970: [GC (Allocation Failure) 2017-10-31T04:50:16.740-0700: 820.970: [ParNew
Desired survivor size 20112992 bytes, new threshold 8 (max 8)
- age   1:    1460592 bytes,    1460592 total
- age   2:      10432 bytes,    1471024 total
- age   3:       7640 bytes,    1478664 total
- age   4:      10864 bytes,    1489528 total
- age   5:      10904 bytes,    1500432 total
- age   6:       9904 bytes,    1510336 total
- age   7:      19232 bytes,    1529568 total
- age   8:       7496 bytes,    1537064 total
: 88918K->1808K(109248K), 0.0078751 secs] 108727K->21626K(502464K), 0.0079868 secs] [Times: user=0.01 sys=0.00, real=0.01 secs] 
Heap after GC invocations=45 (full 2):
 par new generation   total 109248K, used 1808K [0x00000000e0000000, 0x00000000e8000000, 0x00000000e8000000)
  eden space 87424K,   0% used [0x00000000e0000000, 0x00000000e0000000, 0x00000000e5560000)
  from space 21824K,   8% used [0x00000000e6ab0000, 0x00000000e6c74190, 0x00000000e8000000)
  to   space 21824K,   0% used [0x00000000e5560000, 0x00000000e5560000, 0x00000000e6ab0000)
 concurrent mark-sweep generation total 393216K, used 19817K [0x00000000e8000000, 0x0000000100000000, 0x0000000100000000)
 Metaspace       used 38317K, capacity 39172K, committed 39500K, reserved 1083392K
  class space    used 4461K, capacity 4690K, committed 4812K, reserved 1048576K
}
2017-10-31T04:50:16.747-0700: 820.978: Total time for which application threads were stopped: 0.0082943 seconds, Stopping threads took: 0.0000339 seconds
2017-10-31T04:50:17.009-0700: 821.240: Total time for which application threads were stopped: 0.0002872 seconds, Stopping threads took: 0.0000603 seconds
2017-10-31T04:50:18.009-0700: 822.240: Total time for which application threads were stopped: 0.0001991 seconds, Stopping threads took: 0.0000400 seconds
2017-10-31T04:50:19.164-0700: 823.394: Total time for which application threads were stopped: 0.0002147 seconds, Stopping threads took: 0.0000291 seconds
{Heap before GC invocations=45 (full 2):
 par new generation   total 109248K, used 89232K [0x00000000e0000000, 0x00000000e8000000, 0x00000000e8000000)
  eden space 87424K, 100% used [0x00000000e0000000, 0x00000000e5560000, 0x00000000e5560000)
  from space 21824K,   8% used [0x00000000e6ab0000, 0x00000000e6c74190, 0x00000000e8000000)
  to   space 21824K,   0% used [0x00000000e5560000, 0x00000000e5560000, 0x00000000e6ab0000)
 concurrent mark-sweep generation total 393216K, used 19817K [0x00000000e8000000, 0x0000000100000000, 0x0000000100000000)
 Metaspace       used 38332K, capacity 39236K, committed 39500K, reserved 1083392K
  class space    used 4461K, capacity 4690K, committed 4812K, reserved 1048576K
2017-10-31T04:50:19.921-0700: 824.152: [GC (Allocation Failure) 2017-10-31T04:50:19.921-0700: 824.152: [ParNew
Desired survivor size 20112992 bytes, new threshold 8 (max 8)
- age   1:    1010352 bytes,    1010352 total
- age   2:       9688 bytes,    1020040 total
- age   3:       9520 bytes,    1029560 total
- age   4:       7640 bytes,    1037200 total
- age   5:      10864 bytes,    1048064 total
- age   6:      10040 bytes,    1058104 total
- age   7:       9904 bytes,    1068008 total
- age   8:      19232 bytes,    1087240 total
: 89232K->1163K(109248K), 0.0034255 secs] 109050K->20989K(502464K), 0.0035197 secs] [Times: user=0.00 sys=0.00, real=0.00 secs] 
Heap after GC invocations=46 (full 2):
 par new generation   total 109248K, used 1163K [0x00000000e0000000, 0x00000000e8000000, 0x00000000e8000000)
  eden space 87424K,   0% used [0x00000000e0000000, 0x00000000e0000000, 0x00000000e5560000)
  from space 21824K,   5% used [0x00000000e5560000, 0x00000000e5682fd0, 0x00000000e6ab0000)
  to   space 21824K,   0% used [0x00000000e6ab0000, 0x00000000e6ab0000, 0x00000000e8000000)
 concurrent mark-sweep generation total 393216K, used 19825K [0x00000000e8000000, 0x0000000100000000, 0x0000000100000000)
 Metaspace       used 38332K, capacity 39236K, committed 39500K, reserved 1083392K
  class space    used 4461K, capacity 4690K, committed 4812K, reserved 1048576K
}
2017-10-31T04:50:19.925-0700: 824.155: Total time for which application threads were stopped: 0.0038197 seconds, Stopping threads took: 0.0000312 seconds
2017-10-31T04:50:20.925-0700: 825.155: Total time for which application threads were stopped: 0.0001808 seconds, Stopping threads took: 0.0000386 seconds
2017-10-31T04:50:21.406-0700: 825.636: Total time for which application threads were stopped: 0.0003027 seconds, Stopping threads took: 0.0000488 seconds
2017-10-31T04:50:22.406-0700: 826.637: Total time for which application threads were stopped: 0.0001598 seconds, Stopping threads took: 0.0000318 seconds
{Heap before GC invocations=46 (full 2):
 par new generation   total 109248K, used 88587K [0x00000000e0000000, 0x00000000e8000000, 0x00000000e8000000)
  eden space 87424K, 100% used [0x00000000e0000000, 0x00000000e5560000, 0x00000000e5560000)
  from space 21824K,   5% used [0x00000000e5560000, 0x00000000e5682fd0, 0x00000000e6ab0000)
  to   space 21824K,   0% used [0x00000000e6ab0000, 0x00000000e6ab0000, 0x00000000e8000000)
 concurrent mark-sweep generation total 393216K, used 19825K [0x00000000e8000000, 0x0000000100000000, 0x0000000100000000)
 Metaspace       used 38366K, capacity 39236K, committed 39500K, reserved 1083392K
  class space    used 4461K, capacity 4690K, committed 4812K, reserved 1048576K
2017-10-31T04:50:22.842-0700: 827.073: [GC (Allocation Failure) 2017-10-31T04:50:22.842-0700: 827.073: [ParNew
Desired survivor size 20112992 bytes, new threshold 8 (max 8)
- age   1:    1056808 bytes,    1056808 total
- age   2:       9520 bytes,    1066328 total
- age   3:       8776 bytes,    1075104 total
- age   4:       9520 bytes,    1084624 total
- age   5:       7640 bytes,    1092264 total
- age   6:       9928 bytes,    1102192 total
- age   7:      10040 bytes,    1112232 total
- age   8:       9904 bytes,    1122136 total
: 88587K->1152K(109248K), 0.0061636 secs] 108413K->20996K(502464K), 0.0062767 secs] [Times: user=0.00 sys=0.00, real=0.01 secs] 
Heap after GC invocations=47 (full 2):
 par new generation   total 109248K, used 1152K [0x00000000e0000000, 0x00000000e8000000, 0x00000000e8000000)
  eden space 87424K,   0% used [0x00000000e0000000, 0x00000000e0000000, 0x00000000e5560000)
  from space 21824K,   5% used [0x00000000e6ab0000, 0x00000000e6bd0120, 0x00000000e8000000)
  to   space 21824K,   0% used [0x00000000e5560000, 0x00000000e5560000, 0x00000000e6ab0000)
 concurrent mark-sweep generation total 393216K, used 19843K [0x00000000e8000000, 0x0000000100000000, 0x0000000100000000)
 Metaspace       used 38366K, capacity 39236K, committed 39500K, reserved 1083392K
  class space    used 4461K, capacity 4690K, committed 4812K, reserved 1048576K
}
2017-10-31T04:50:22.849-0700: 827.079: Total time for which application threads were stopped: 0.0065998 seconds, Stopping threads took: 0.0000312 seconds
2017-10-31T04:50:23.670-0700: 827.901: Total time for which application threads were stopped: 0.0002194 seconds, Stopping threads took: 0.0000488 seconds
2017-10-31T04:50:25.672-0700: 829.902: Total time for which application threads were stopped: 0.0002303 seconds, Stopping threads took: 0.0000562 seconds
2017-10-31T04:50:37.177-0700: 841.408: Total time for which application threads were stopped: 0.0011046 seconds, Stopping threads took: 0.0000332 seconds
2017-10-31T04:50:38.179-0700: 842.409: Total time for which application threads were stopped: 0.0003163 seconds, Stopping threads took: 0.0000670 seconds
2017-10-31T04:50:41.005-0700: 845.236: Total time for which application threads were stopped: 0.0001531 seconds, Stopping threads took: 0.0000400 seconds
2017-10-31T04:50:41.005-0700: 845.236: Total time for which application threads were stopped: 0.0001260 seconds, Stopping threads took: 0.0000433 seconds
2017-10-31T04:50:41.005-0700: 845.236: Total time for which application threads were stopped: 0.0000759 seconds, Stopping threads took: 0.0000135 seconds
2017-10-31T04:50:41.006-0700: 845.236: Total time for which application threads were stopped: 0.0000914 seconds, Stopping threads took: 0.0000203 seconds
2017-10-31T04:50:41.006-0700: 845.237: Total time for which application threads were stopped: 0.0003637 seconds, Stopping threads took: 0.0002804 seconds
2017-10-31T04:50:41.013-0700: 845.244: Total time for which application threads were stopped: 0.0001334 seconds, Stopping threads took: 0.0000339 seconds
2017-10-31T04:50:41.013-0700: 845.244: Total time for which application threads were stopped: 0.0000819 seconds, Stopping threads took: 0.0000203 seconds
2017-10-31T04:50:41.013-0700: 845.244: Total time for which application threads were stopped: 0.0000914 seconds, Stopping threads took: 0.0000223 seconds
2017-10-31T04:50:41.013-0700: 845.244: Total time for which application threads were stopped: 0.0000786 seconds, Stopping threads took: 0.0000196 seconds
2017-10-31T04:50:41.013-0700: 845.244: Total time for which application threads were stopped: 0.0000711 seconds, Stopping threads took: 0.0000183 seconds
2017-10-31T04:50:41.013-0700: 845.245: Total time for which application threads were stopped: 0.0000691 seconds, Stopping threads took: 0.0000190 seconds
2017-10-31T04:50:41.014-0700: 845.245: Total time for which application threads were stopped: 0.0001145 seconds, Stopping threads took: 0.0000190 seconds
2017-10-31T04:50:41.014-0700: 845.245: Total time for which application threads were stopped: 0.0001097 seconds, Stopping threads took: 0.0000488 seconds
2017-10-31T04:50:42.015-0700: 846.245: Total time for which application threads were stopped: 0.0002831 seconds, Stopping threads took: 0.0000576 seconds
2017-10-31T04:50:45.016-0700: 849.247: Total time for which application threads were stopped: 0.0001300 seconds, Stopping threads took: 0.0000339 seconds
2017-10-31T04:50:46.080-0700: 850.311: Total time for which application threads were stopped: 0.0001659 seconds, Stopping threads took: 0.0000359 seconds
2017-10-31T04:50:46.101-0700: 850.332: Total time for which application threads were stopped: 0.0010084 seconds, Stopping threads took: 0.0000325 seconds
2017-10-31T04:50:47.102-0700: 851.332: Total time for which application threads were stopped: 0.0002865 seconds, Stopping threads took: 0.0000677 seconds
2017-10-31T04:50:48.102-0700: 852.333: Total time for which application threads were stopped: 0.0002601 seconds, Stopping threads took: 0.0000704 seconds
2017-10-31T04:50:50.103-0700: 854.334: Total time for which application threads were stopped: 0.0002560 seconds, Stopping threads took: 0.0000610 seconds
2017-10-31T04:50:57.106-0700: 861.337: Total time for which application threads were stopped: 0.0001185 seconds, Stopping threads took: 0.0000312 seconds
2017-10-31T04:50:58.107-0700: 862.338: Total time for which application threads were stopped: 0.0002458 seconds, Stopping threads took: 0.0000616 seconds
2017-10-31T04:52:58.563-0700: 982.794: Total time for which application threads were stopped: 0.0001585 seconds, Stopping threads took: 0.0000393 seconds
2017-10-31T04:52:59.563-0700: 983.794: Total time for which application threads were stopped: 0.0002621 seconds, Stopping threads took: 0.0000549 seconds
2017-10-31T04:53:07.196-0700: 991.426: Total time for which application threads were stopped: 0.0002973 seconds, Stopping threads took: 0.0000332 seconds
2017-10-31T04:53:08.196-0700: 992.427: Total time for which application threads were stopped: 0.0003434 seconds, Stopping threads took: 0.0000792 seconds
2017-10-31T04:54:42.246-0700: 1086.476: Total time for which application threads were stopped: 0.0001815 seconds, Stopping threads took: 0.0000278 seconds
{Heap before GC invocations=47 (full 2):
 par new generation   total 109248K, used 88523K [0x00000000e0000000, 0x00000000e8000000, 0x00000000e8000000)
  eden space 87424K,  99% used [0x00000000e0000000, 0x00000000e5552de0, 0x00000000e5560000)
  from space 21824K,   5% used [0x00000000e6ab0000, 0x00000000e6bd0120, 0x00000000e8000000)
  to   space 21824K,   0% used [0x00000000e5560000, 0x00000000e5560000, 0x00000000e6ab0000)
 concurrent mark-sweep generation total 393216K, used 19843K [0x00000000e8000000, 0x0000000100000000, 0x0000000100000000)
 Metaspace       used 38971K, capacity 39920K, committed 40140K, reserved 1085440K
  class space    used 4533K, capacity 4752K, committed 4812K, reserved 1048576K
2017-10-31T04:54:42.316-0700: 1086.547: [GC (Allocation Failure) 2017-10-31T04:54:42.316-0700: 1086.547: [ParNew
Desired survivor size 20112992 bytes, new threshold 8 (max 8)
- age   1:    1685960 bytes,    1685960 total
- age   2:       9120 bytes,    1695080 total
- age   3:       7816 bytes,    1702896 total
- age   4:       7840 bytes,    1710736 total
- age   5:       7224 bytes,    1717960 total
- age   6:       6776 bytes,    1724736 total
- age   7:       9784 bytes,    1734520 total
- age   8:      10040 bytes,    1744560 total
: 88523K->2003K(109248K), 0.0073014 secs] 108367K->21857K(502464K), 0.0073874 secs] [Times: user=0.00 sys=0.00, real=0.01 secs] 
Heap after GC invocations=48 (full 2):
 par new generation   total 109248K, used 2003K [0x00000000e0000000, 0x00000000e8000000, 0x00000000e8000000)
  eden space 87424K,   0% used [0x00000000e0000000, 0x00000000e0000000, 0x00000000e5560000)
  from space 21824K,   9% used [0x00000000e5560000, 0x00000000e5754e40, 0x00000000e6ab0000)
  to   space 21824K,   0% used [0x00000000e6ab0000, 0x00000000e6ab0000, 0x00000000e8000000)
 concurrent mark-sweep generation total 393216K, used 19853K [0x00000000e8000000, 0x0000000100000000, 0x0000000100000000)
 Metaspace       used 38971K, capacity 39920K, committed 40140K, reserved 1085440K
  class space    used 4533K, capacity 4752K, committed 4812K, reserved 1048576K
}
2017-10-31T04:54:42.324-0700: 1086.554: Total time for which application threads were stopped: 0.0076272 seconds, Stopping threads took: 0.0000223 seconds
2017-10-31T04:54:43.324-0700: 1087.555: Total time for which application threads were stopped: 0.0001795 seconds, Stopping threads took: 0.0000339 seconds
2017-10-31T04:54:43.662-0700: 1087.893: Total time for which application threads were stopped: 0.0002364 seconds, Stopping threads took: 0.0000406 seconds
2017-10-31T04:54:44.662-0700: 1088.893: Total time for which application threads were stopped: 0.0003962 seconds, Stopping threads took: 0.0000819 seconds
2017-10-31T04:54:46.347-0700: 1090.578: Total time for which application threads were stopped: 0.0002221 seconds, Stopping threads took: 0.0000440 seconds
{Heap before GC invocations=48 (full 2):
 par new generation   total 109248K, used 89155K [0x00000000e0000000, 0x00000000e8000000, 0x00000000e8000000)
  eden space 87424K,  99% used [0x00000000e0000000, 0x00000000e551c030, 0x00000000e5560000)
  from space 21824K,   9% used [0x00000000e5560000, 0x00000000e5754e40, 0x00000000e6ab0000)
  to   space 21824K,   0% used [0x00000000e6ab0000, 0x00000000e6ab0000, 0x00000000e8000000)
 concurrent mark-sweep generation total 393216K, used 19853K [0x00000000e8000000, 0x0000000100000000, 0x0000000100000000)
 Metaspace       used 38976K, capacity 39920K, committed 40140K, reserved 1085440K
  class space    used 4533K, capacity 4752K, committed 4812K, reserved 1048576K
2017-10-31T04:54:46.604-0700: 1090.834: [GC (Allocation Failure) 2017-10-31T04:54:46.604-0700: 1090.834: [ParNew
Desired survivor size 20112992 bytes, new threshold 8 (max 8)
- age   1:    1405064 bytes,    1405064 total
- age   2:     275672 bytes,    1680736 total
- age   3:       8208 bytes,    1688944 total
- age   4:       7816 bytes,    1696760 total
- age   5:       7840 bytes,    1704600 total
- age   6:       7224 bytes,    1711824 total
- age   7:       6776 bytes,    1718600 total
- age   8:       9784 bytes,    1728384 total
: 89155K->1897K(109248K), 0.0089783 secs] 109009K->21760K(502464K), 0.0090846 secs] [Times: user=0.00 sys=0.00, real=0.01 secs] 
Heap after GC invocations=49 (full 2):
 par new generation   total 109248K, used 1897K [0x00000000e0000000, 0x00000000e8000000, 0x00000000e8000000)
  eden space 87424K,   0% used [0x00000000e0000000, 0x00000000e0000000, 0x00000000e5560000)
  from space 21824K,   8% used [0x00000000e6ab0000, 0x00000000e6c8a530, 0x00000000e8000000)
  to   space 21824K,   0% used [0x00000000e5560000, 0x00000000e5560000, 0x00000000e6ab0000)
 concurrent mark-sweep generation total 393216K, used 19863K [0x00000000e8000000, 0x0000000100000000, 0x0000000100000000)
 Metaspace       used 38976K, capacity 39920K, committed 40140K, reserved 1085440K
  class space    used 4533K, capacity 4752K, committed 4812K, reserved 1048576K
}
2017-10-31T04:54:46.613-0700: 1090.843: Total time for which application threads were stopped: 0.0094212 seconds, Stopping threads took: 0.0000284 seconds
2017-10-31T04:54:47.377-0700: 1091.608: Total time for which application threads were stopped: 0.0002323 seconds, Stopping threads took: 0.0000298 seconds
2017-10-31T04:54:48.379-0700: 1092.609: Total time for which application threads were stopped: 0.0001815 seconds, Stopping threads took: 0.0000318 seconds
2017-10-31T04:54:49.379-0700: 1093.609: Total time for which application threads were stopped: 0.0001957 seconds, Stopping threads took: 0.0000339 seconds
2017-10-31T04:54:49.634-0700: 1093.865: Total time for which application threads were stopped: 0.0002039 seconds, Stopping threads took: 0.0000345 seconds
{Heap before GC invocations=49 (full 2):
 par new generation   total 109248K, used 88968K [0x00000000e0000000, 0x00000000e8000000, 0x00000000e8000000)
  eden space 87424K,  99% used [0x00000000e0000000, 0x00000000e5507c40, 0x00000000e5560000)
  from space 21824K,   8% used [0x00000000e6ab0000, 0x00000000e6c8a530, 0x00000000e8000000)
  to   space 21824K,   0% used [0x00000000e5560000, 0x00000000e5560000, 0x00000000e6ab0000)
 concurrent mark-sweep generation total 393216K, used 19863K [0x00000000e8000000, 0x0000000100000000, 0x0000000100000000)
 Metaspace       used 38988K, capacity 39920K, committed 40140K, reserved 1085440K
  class space    used 4533K, capacity 4752K, committed 4812K, reserved 1048576K
2017-10-31T04:54:49.647-0700: 1093.878: [GC (Allocation Failure) 2017-10-31T04:54:49.648-0700: 1093.878: [ParNew
Desired survivor size 20112992 bytes, new threshold 8 (max 8)
- age   1:    1301704 bytes,    1301704 total
- age   2:      13456 bytes,    1315160 total
- age   3:     274760 bytes,    1589920 total
- age   4:       8208 bytes,    1598128 total
- age   5:       7816 bytes,    1605944 total
- age   6:       7840 bytes,    1613784 total
- age   7:       7224 bytes,    1621008 total
- age   8:       6776 bytes,    1627784 total
: 88968K->2162K(109248K), 0.0064027 secs] 108831K->22035K(502464K), 0.0066167 secs] [Times: user=0.06 sys=0.00, real=0.01 secs] 
Heap after GC invocations=50 (full 2):
 par new generation   total 109248K, used 2162K [0x00000000e0000000, 0x00000000e8000000, 0x00000000e8000000)
  eden space 87424K,   0% used [0x00000000e0000000, 0x00000000e0000000, 0x00000000e5560000)
  from space 21824K,   9% used [0x00000000e5560000, 0x00000000e577ca00, 0x00000000e6ab0000)
  to   space 21824K,   0% used [0x00000000e6ab0000, 0x00000000e6ab0000, 0x00000000e8000000)
 concurrent mark-sweep generation total 393216K, used 19872K [0x00000000e8000000, 0x0000000100000000, 0x0000000100000000)
 Metaspace       used 38988K, capacity 39920K, committed 40140K, reserved 1085440K
  class space    used 4533K, capacity 4752K, committed 4812K, reserved 1048576K
}
2017-10-31T04:54:49.654-0700: 1093.885: Total time for which application threads were stopped: 0.0069567 seconds, Stopping threads took: 0.0000406 seconds
2017-10-31T04:54:50.655-0700: 1094.885: Total time for which application threads were stopped: 0.0001808 seconds, Stopping threads took: 0.0000359 seconds
2017-10-31T04:54:51.655-0700: 1095.885: Total time for which application threads were stopped: 0.0003014 seconds, Stopping threads took: 0.0000569 seconds
2017-10-31T04:54:51.814-0700: 1096.045: Total time for which application threads were stopped: 0.0002526 seconds, Stopping threads took: 0.0000318 seconds
{Heap before GC invocations=50 (full 2):
 par new generation   total 109248K, used 89234K [0x00000000e0000000, 0x00000000e8000000, 0x00000000e8000000)
  eden space 87424K,  99% used [0x00000000e0000000, 0x00000000e5507f58, 0x00000000e5560000)
  from space 21824K,   9% used [0x00000000e5560000, 0x00000000e577ca00, 0x00000000e6ab0000)
  to   space 21824K,   0% used [0x00000000e6ab0000, 0x00000000e6ab0000, 0x00000000e8000000)
 concurrent mark-sweep generation total 393216K, used 19872K [0x00000000e8000000, 0x0000000100000000, 0x0000000100000000)
 Metaspace       used 39222K, capacity 40176K, committed 40396K, reserved 1085440K
  class space    used 4533K, capacity 4752K, committed 4812K, reserved 1048576K
2017-10-31T04:54:52.721-0700: 1096.951: [GC (Allocation Failure) 2017-10-31T04:54:52.721-0700: 1096.951: [ParNew
Desired survivor size 20112992 bytes, new threshold 8 (max 8)
- age   1:    1225328 bytes,    1225328 total
- age   2:       8440 bytes,    1233768 total
- age   3:      12544 bytes,    1246312 total
- age   4:     270696 bytes,    1517008 total
- age   5:       8208 bytes,    1525216 total
- age   6:       7816 bytes,    1533032 total
- age   7:       7840 bytes,    1540872 total
- age   8:       7224 bytes,    1548096 total
: 89234K->1792K(109248K), 0.0044956 secs] 109107K->21672K(502464K), 0.0046121 secs] [Times: user=0.00 sys=0.00, real=0.00 secs] 
Heap after GC invocations=51 (full 2):
 par new generation   total 109248K, used 1792K [0x00000000e0000000, 0x00000000e8000000, 0x00000000e8000000)
  eden space 87424K,   0% used [0x00000000e0000000, 0x00000000e0000000, 0x00000000e5560000)
  from space 21824K,   8% used [0x00000000e6ab0000, 0x00000000e6c70200, 0x00000000e8000000)
  to   space 21824K,   0% used [0x00000000e5560000, 0x00000000e5560000, 0x00000000e6ab0000)
 concurrent mark-sweep generation total 393216K, used 19879K [0x00000000e8000000, 0x0000000100000000, 0x0000000100000000)
 Metaspace       used 39222K, capacity 40176K, committed 40396K, reserved 1085440K
  class space    used 4533K, capacity 4752K, committed 4812K, reserved 1048576K
}
2017-10-31T04:54:52.726-0700: 1096.956: Total time for which application threads were stopped: 0.0049981 seconds, Stopping threads took: 0.0000291 seconds
2017-10-31T04:54:52.897-0700: 1097.128: Total time for which application threads were stopped: 0.0002438 seconds, Stopping threads took: 0.0000623 seconds
2017-10-31T04:54:52.897-0700: 1097.128: Total time for which application threads were stopped: 0.0001497 seconds, Stopping threads took: 0.0000196 seconds
2017-10-31T04:54:52.897-0700: 1097.128: Total time for which application threads were stopped: 0.0001239 seconds, Stopping threads took: 0.0000163 seconds
2017-10-31T04:54:52.897-0700: 1097.128: Total time for which application threads were stopped: 0.0001145 seconds, Stopping threads took: 0.0000156 seconds
2017-10-31T04:54:52.897-0700: 1097.128: Total time for which application threads were stopped: 0.0001172 seconds, Stopping threads took: 0.0000149 seconds
2017-10-31T04:54:52.898-0700: 1097.129: Total time for which application threads were stopped: 0.0002215 seconds, Stopping threads took: 0.0000393 seconds
2017-10-31T04:54:52.899-0700: 1097.130: Total time for which application threads were stopped: 0.0003928 seconds, Stopping threads took: 0.0000278 seconds
2017-10-31T04:54:53.899-0700: 1098.130: Total time for which application threads were stopped: 0.0001361 seconds, Stopping threads took: 0.0000359 seconds
2017-10-31T04:54:54.112-0700: 1098.343: Total time for which application threads were stopped: 0.0002804 seconds, Stopping threads took: 0.0000643 seconds
2017-10-31T04:54:55.112-0700: 1099.342: Total time for which application threads were stopped: 0.0001564 seconds, Stopping threads took: 0.0000318 seconds
{Heap before GC invocations=51 (full 2):
 par new generation   total 109248K, used 89092K [0x00000000e0000000, 0x00000000e8000000, 0x00000000e8000000)
  eden space 87424K,  99% used [0x00000000e0000000, 0x00000000e5540ea0, 0x00000000e5560000)
  from space 21824K,   8% used [0x00000000e6ab0000, 0x00000000e6c70200, 0x00000000e8000000)
  to   space 21824K,   0% used [0x00000000e5560000, 0x00000000e5560000, 0x00000000e6ab0000)
 concurrent mark-sweep generation total 393216K, used 19879K [0x00000000e8000000, 0x0000000100000000, 0x0000000100000000)
 Metaspace       used 39223K, capacity 40176K, committed 40396K, reserved 1085440K
  class space    used 4533K, capacity 4752K, committed 4812K, reserved 1048576K
2017-10-31T04:54:55.761-0700: 1099.992: [GC (Allocation Failure) 2017-10-31T04:54:55.762-0700: 1099.992: [ParNew
Desired survivor size 20112992 bytes, new threshold 8 (max 8)
- age   1:    1396864 bytes,    1396864 total
- age   2:      24744 bytes,    1421608 total
- age   3:       7400 bytes,    1429008 total
- age   4:      12544 bytes,    1441552 total
- age   5:     269944 bytes,    1711496 total
- age   6:       8208 bytes,    1719704 total
- age   7:       7816 bytes,    1727520 total
- age   8:       7840 bytes,    1735360 total
: 89092K->1975K(109248K), 0.0043974 secs] 108971K->21861K(502464K), 0.0045416 secs] [Times: user=0.00 sys=0.00, real=0.01 secs] 
Heap after GC invocations=52 (full 2):
 par new generation   total 109248K, used 1975K [0x00000000e0000000, 0x00000000e8000000, 0x00000000e8000000)
  eden space 87424K,   0% used [0x00000000e0000000, 0x00000000e0000000, 0x00000000e5560000)
  from space 21824K,   9% used [0x00000000e5560000, 0x00000000e574dc18, 0x00000000e6ab0000)
  to   space 21824K,   0% used [0x00000000e6ab0000, 0x00000000e6ab0000, 0x00000000e8000000)
 concurrent mark-sweep generation total 393216K, used 19886K [0x00000000e8000000, 0x0000000100000000, 0x0000000100000000)
 Metaspace       used 39223K, capacity 40176K, committed 40396K, reserved 1085440K
  class space    used 4533K, capacity 4752K, committed 4812K, reserved 1048576K
}
2017-10-31T04:54:55.766-0700: 1099.997: Total time for which application threads were stopped: 0.0048044 seconds, Stopping threads took: 0.0000210 seconds
2017-10-31T04:54:56.179-0700: 1100.409: Total time for which application threads were stopped: 0.0002093 seconds, Stopping threads took: 0.0000312 seconds
2017-10-31T04:54:57.180-0700: 1101.410: Total time for which application threads were stopped: 0.0002668 seconds, Stopping threads took: 0.0000650 seconds
2017-10-31T04:54:58.180-0700: 1102.410: Total time for which application threads were stopped: 0.0001544 seconds, Stopping threads took: 0.0000312 seconds
2017-10-31T04:54:58.839-0700: 1103.069: Total time for which application threads were stopped: 0.0005242 seconds, Stopping threads took: 0.0002763 seconds
{Heap before GC invocations=52 (full 2):
 par new generation   total 109248K, used 89226K [0x00000000e0000000, 0x00000000e8000000, 0x00000000e8000000)
  eden space 87424K,  99% used [0x00000000e0000000, 0x00000000e5534d30, 0x00000000e5560000)
  from space 21824K,   9% used [0x00000000e5560000, 0x00000000e574dc18, 0x00000000e6ab0000)
  to   space 21824K,   0% used [0x00000000e6ab0000, 0x00000000e6ab0000, 0x00000000e8000000)
 concurrent mark-sweep generation total 393216K, used 19886K [0x00000000e8000000, 0x0000000100000000, 0x0000000100000000)
 Metaspace       used 39223K, capacity 40176K, committed 40396K, reserved 1085440K
  class space    used 4533K, capacity 4752K, committed 4812K, reserved 1048576K
2017-10-31T04:54:58.914-0700: 1103.145: [GC (Allocation Failure) 2017-10-31T04:54:58.914-0700: 1103.145: [ParNew
Desired survivor size 20112992 bytes, new threshold 8 (max 8)
- age   1:    1643656 bytes,    1643656 total
- age   2:      14528 bytes,    1658184 total
- age   3:      23832 bytes,    1682016 total
- age   4:       7400 bytes,    1689416 total
- age   5:      12040 bytes,    1701456 total
- age   6:     269592 bytes,    1971048 total
- age   7:       8208 bytes,    1979256 total
- age   8:       7816 bytes,    1987072 total
: 89226K->2194K(109248K), 0.0043209 secs] 109112K->22088K(502464K), 0.0044942 secs] [Times: user=0.06 sys=0.00, real=0.00 secs] 
Heap after GC invocations=53 (full 2):
 par new generation   total 109248K, used 2194K [0x00000000e0000000, 0x00000000e8000000, 0x00000000e8000000)
  eden space 87424K,   0% used [0x00000000e0000000, 0x00000000e0000000, 0x00000000e5560000)
  from space 21824K,  10% used [0x00000000e6ab0000, 0x00000000e6cd49b0, 0x00000000e8000000)
  to   space 21824K,   0% used [0x00000000e5560000, 0x00000000e5560000, 0x00000000e6ab0000)
 concurrent mark-sweep generation total 393216K, used 19894K [0x00000000e8000000, 0x0000000100000000, 0x0000000100000000)
 Metaspace       used 39223K, capacity 40176K, committed 40396K, reserved 1085440K
  class space    used 4533K, capacity 4752K, committed 4812K, reserved 1048576K
}
2017-10-31T04:54:58.919-0700: 1103.149: Total time for which application threads were stopped: 0.0048207 seconds, Stopping threads took: 0.0000264 seconds
2017-10-31T04:55:01.247-0700: 1105.478: Total time for which application threads were stopped: 0.0002384 seconds, Stopping threads took: 0.0000549 seconds
2017-10-31T04:55:02.248-0700: 1106.478: Total time for which application threads were stopped: 0.0001686 seconds, Stopping threads took: 0.0000318 seconds
{Heap before GC invocations=53 (full 2):
 par new generation   total 109248K, used 89285K [0x00000000e0000000, 0x00000000e8000000, 0x00000000e8000000)
  eden space 87424K,  99% used [0x00000000e0000000, 0x00000000e550cb10, 0x00000000e5560000)
  from space 21824K,  10% used [0x00000000e6ab0000, 0x00000000e6cd49b0, 0x00000000e8000000)
  to   space 21824K,   0% used [0x00000000e5560000, 0x00000000e5560000, 0x00000000e6ab0000)
 concurrent mark-sweep generation total 393216K, used 19894K [0x00000000e8000000, 0x0000000100000000, 0x0000000100000000)
 Metaspace       used 39234K, capacity 40176K, committed 40396K, reserved 1085440K
  class space    used 4533K, capacity 4752K, committed 4812K, reserved 1048576K
2017-10-31T04:55:02.270-0700: 1106.501: [GC (Allocation Failure) 2017-10-31T04:55:02.271-0700: 1106.501: [ParNew
Desired survivor size 20112992 bytes, new threshold 8 (max 8)
- age   1:    1371576 bytes,    1371576 total
- age   2:       7928 bytes,    1379504 total
- age   3:      13616 bytes,    1393120 total
- age   4:      23832 bytes,    1416952 total
- age   5:       7256 bytes,    1424208 total
- age   6:      11608 bytes,    1435816 total
- age   7:     269592 bytes,    1705408 total
- age   8:       8208 bytes,    1713616 total
: 89285K->2466K(109248K), 0.0072669 secs] 109179K->22368K(502464K), 0.0074220 secs] [Times: user=0.00 sys=0.00, real=0.01 secs] 
Heap after GC invocations=54 (full 2):
 par new generation   total 109248K, used 2466K [0x00000000e0000000, 0x00000000e8000000, 0x00000000e8000000)
  eden space 87424K,   0% used [0x00000000e0000000, 0x00000000e0000000, 0x00000000e5560000)
  from space 21824K,  11% used [0x00000000e5560000, 0x00000000e57c8a00, 0x00000000e6ab0000)
  to   space 21824K,   0% used [0x00000000e6ab0000, 0x00000000e6ab0000, 0x00000000e8000000)
 concurrent mark-sweep generation total 393216K, used 19901K [0x00000000e8000000, 0x0000000100000000, 0x0000000100000000)
 Metaspace       used 39234K, capacity 40176K, committed 40396K, reserved 1085440K
  class space    used 4533K, capacity 4752K, committed 4812K, reserved 1048576K
}
2017-10-31T04:55:02.277-0700: 1106.509: Total time for which application threads were stopped: 0.0076698 seconds, Stopping threads took: 0.0000257 seconds
2017-10-31T04:55:03.278-0700: 1107.508: Total time for which application threads were stopped: 0.0001612 seconds, Stopping threads took: 0.0000345 seconds
2017-10-31T04:55:03.443-0700: 1107.673: Total time for which application threads were stopped: 0.0002431 seconds, Stopping threads took: 0.0000318 seconds
2017-10-31T04:55:04.443-0700: 1108.673: Total time for which application threads were stopped: 0.0001639 seconds, Stopping threads took: 0.0000278 seconds
{Heap before GC invocations=54 (full 2):
 par new generation   total 109248K, used 89890K [0x00000000e0000000, 0x00000000e8000000, 0x00000000e8000000)
  eden space 87424K, 100% used [0x00000000e0000000, 0x00000000e5560000, 0x00000000e5560000)
  from space 21824K,  11% used [0x00000000e5560000, 0x00000000e57c8a00, 0x00000000e6ab0000)
  to   space 21824K,   0% used [0x00000000e6ab0000, 0x00000000e6ab0000, 0x00000000e8000000)
 concurrent mark-sweep generation total 393216K, used 19901K [0x00000000e8000000, 0x0000000100000000, 0x0000000100000000)
 Metaspace       used 39250K, capacity 40176K, committed 40396K, reserved 1085440K
  class space    used 4533K, capacity 4752K, committed 4812K, reserved 1048576K
2017-10-31T04:55:05.420-0700: 1109.650: [GC (Allocation Failure) 2017-10-31T04:55:05.420-0700: 1109.650: [ParNew
Desired survivor size 20112992 bytes, new threshold 8 (max 8)
- age   1:    1506128 bytes,    1506128 total
- age   2:      10328 bytes,    1516456 total
- age   3:       7016 bytes,    1523472 total
- age   4:      13616 bytes,    1537088 total
- age   5:      23616 bytes,    1560704 total
- age   6:       6608 bytes,    1567312 total
- age   7:      11608 bytes,    1578920 total
- age   8:     269592 bytes,    1848512 total
: 89890K->2247K(109248K), 0.0067291 secs] 109792K->22157K(502464K), 0.0068294 secs] [Times: user=0.00 sys=0.00, real=0.01 secs] 
Heap after GC invocations=55 (full 2):
 par new generation   total 109248K, used 2247K [0x00000000e0000000, 0x00000000e8000000, 0x00000000e8000000)
  eden space 87424K,   0% used [0x00000000e0000000, 0x00000000e0000000, 0x00000000e5560000)
  from space 21824K,  10% used [0x00000000e6ab0000, 0x00000000e6ce1ec0, 0x00000000e8000000)
  to   space 21824K,   0% used [0x00000000e5560000, 0x00000000e5560000, 0x00000000e6ab0000)
 concurrent mark-sweep generation total 393216K, used 19909K [0x00000000e8000000, 0x0000000100000000, 0x0000000100000000)
 Metaspace       used 39250K, capacity 40176K, committed 40396K, reserved 1085440K
  class space    used 4533K, capacity 4752K, committed 4812K, reserved 1048576K
}
2017-10-31T04:55:05.427-0700: 1109.657: Total time for which application threads were stopped: 0.0071247 seconds, Stopping threads took: 0.0000379 seconds
2017-10-31T04:55:05.653-0700: 1109.885: Total time for which application threads were stopped: 0.0002228 seconds, Stopping threads took: 0.0000312 seconds
2017-10-31T04:55:06.655-0700: 1110.885: Total time for which application threads were stopped: 0.0001822 seconds, Stopping threads took: 0.0000359 seconds
2017-10-31T04:55:07.655-0700: 1111.885: Total time for which application threads were stopped: 0.0001598 seconds, Stopping threads took: 0.0000305 seconds
2017-10-31T04:55:07.709-0700: 1111.940: Total time for which application threads were stopped: 0.0002269 seconds, Stopping threads took: 0.0000312 seconds
{Heap before GC invocations=55 (full 2):
 par new generation   total 109248K, used 89651K [0x00000000e0000000, 0x00000000e8000000, 0x00000000e8000000)
  eden space 87424K,  99% used [0x00000000e0000000, 0x00000000e555ae40, 0x00000000e5560000)
  from space 21824K,  10% used [0x00000000e6ab0000, 0x00000000e6ce1ec0, 0x00000000e8000000)
  to   space 21824K,   0% used [0x00000000e5560000, 0x00000000e5560000, 0x00000000e6ab0000)
 concurrent mark-sweep generation total 393216K, used 19909K [0x00000000e8000000, 0x0000000100000000, 0x0000000100000000)
 Metaspace       used 39256K, capacity 40176K, committed 40396K, reserved 1085440K
  class space    used 4533K, capacity 4752K, committed 4812K, reserved 1048576K
2017-10-31T04:55:08.176-0700: 1112.407: [GC (Allocation Failure) 2017-10-31T04:55:08.176-0700: 1112.407: [ParNew
Desired survivor size 20112992 bytes, new threshold 8 (max 8)
- age   1:    1389744 bytes,    1389744 total
- age   2:      12112 bytes,    1401856 total
- age   3:       9416 bytes,    1411272 total
- age   4:       7016 bytes,    1418288 total
- age   5:      13472 bytes,    1431760 total
- age   6:      22864 bytes,    1454624 total
- age   7:       6608 bytes,    1461232 total
- age   8:      11608 bytes,    1472840 total
: 89651K->1859K(109248K), 0.0050990 secs] 109561K->22039K(502464K), 0.0052047 secs] [Times: user=0.02 sys=0.00, real=0.01 secs] 
Heap after GC invocations=56 (full 2):
 par new generation   total 109248K, used 1859K [0x00000000e0000000, 0x00000000e8000000, 0x00000000e8000000)
  eden space 87424K,   0% used [0x00000000e0000000, 0x00000000e0000000, 0x00000000e5560000)
  from space 21824K,   8% used [0x00000000e5560000, 0x00000000e5730d60, 0x00000000e6ab0000)
  to   space 21824K,   0% used [0x00000000e6ab0000, 0x00000000e6ab0000, 0x00000000e8000000)
 concurrent mark-sweep generation total 393216K, used 20179K [0x00000000e8000000, 0x0000000100000000, 0x0000000100000000)
 Metaspace       used 39256K, capacity 40176K, committed 40396K, reserved 1085440K
  class space    used 4533K, capacity 4752K, committed 4812K, reserved 1048576K
}
2017-10-31T04:55:08.182-0700: 1112.412: Total time for which application threads were stopped: 0.0055460 seconds, Stopping threads took: 0.0000332 seconds
2017-10-31T04:55:09.183-0700: 1113.413: Total time for which application threads were stopped: 0.0000996 seconds, Stopping threads took: 0.0000257 seconds
2017-10-31T04:55:09.893-0700: 1114.124: Total time for which application threads were stopped: 0.0002675 seconds, Stopping threads took: 0.0000508 seconds
2017-10-31T04:55:10.893-0700: 1115.123: Total time for which application threads were stopped: 0.0001652 seconds, Stopping threads took: 0.0000366 seconds
{Heap before GC invocations=56 (full 2):
 par new generation   total 109248K, used 89199K [0x00000000e0000000, 0x00000000e8000000, 0x00000000e8000000)
  eden space 87424K,  99% used [0x00000000e0000000, 0x00000000e554aed0, 0x00000000e5560000)
  from space 21824K,   8% used [0x00000000e5560000, 0x00000000e5730d60, 0x00000000e6ab0000)
  to   space 21824K,   0% used [0x00000000e6ab0000, 0x00000000e6ab0000, 0x00000000e8000000)
 concurrent mark-sweep generation total 393216K, used 20179K [0x00000000e8000000, 0x0000000100000000, 0x0000000100000000)
 Metaspace       used 39261K, capacity 40176K, committed 40396K, reserved 1085440K
  class space    used 4533K, capacity 4752K, committed 4812K, reserved 1048576K
2017-10-31T04:55:10.910-0700: 1115.141: [GC (Allocation Failure) 2017-10-31T04:55:10.910-0700: 1115.141: [ParNew
Desired survivor size 20112992 bytes, new threshold 8 (max 8)
- age   1:    1364800 bytes,    1364800 total
- age   2:       9664 bytes,    1374464 total
- age   3:      11200 bytes,    1385664 total
- age   4:       9416 bytes,    1395080 total
- age   5:       7016 bytes,    1402096 total
- age   6:      12680 bytes,    1414776 total
- age   7:      22864 bytes,    1437640 total
- age   8:       6608 bytes,    1444248 total
: 89199K->1607K(109248K), 0.0041204 secs] 109378K->21798K(502464K), 0.0042023 secs] [Times: user=0.00 sys=0.00, real=0.00 secs] 
Heap after GC invocations=57 (full 2):
 par new generation   total 109248K, used 1607K [0x00000000e0000000, 0x00000000e8000000, 0x00000000e8000000)
  eden space 87424K,   0% used [0x00000000e0000000, 0x00000000e0000000, 0x00000000e5560000)
  from space 21824K,   7% used [0x00000000e6ab0000, 0x00000000e6c41e60, 0x00000000e8000000)
  to   space 21824K,   0% used [0x00000000e5560000, 0x00000000e5560000, 0x00000000e6ab0000)
 concurrent mark-sweep generation total 393216K, used 20191K [0x00000000e8000000, 0x0000000100000000, 0x0000000100000000)
 Metaspace       used 39261K, capacity 40176K, committed 40396K, reserved 1085440K
  class space    used 4533K, capacity 4752K, committed 4812K, reserved 1048576K
}
2017-10-31T04:55:10.915-0700: 1115.145: Total time for which application threads were stopped: 0.0044400 seconds, Stopping threads took: 0.0000271 seconds
2017-10-31T04:55:12.018-0700: 1116.249: Total time for which application threads were stopped: 0.0001950 seconds, Stopping threads took: 0.0000325 seconds
2017-10-31T04:55:13.019-0700: 1117.249: Total time for which application threads were stopped: 0.0001727 seconds, Stopping threads took: 0.0000332 seconds
{Heap before GC invocations=57 (full 2):
 par new generation   total 109248K, used 88887K [0x00000000e0000000, 0x00000000e8000000, 0x00000000e8000000)
  eden space 87424K,  99% used [0x00000000e0000000, 0x00000000e553c070, 0x00000000e5560000)
  from space 21824K,   7% used [0x00000000e6ab0000, 0x00000000e6c41e60, 0x00000000e8000000)
  to   space 21824K,   0% used [0x00000000e5560000, 0x00000000e5560000, 0x00000000e6ab0000)
 concurrent mark-sweep generation total 393216K, used 20191K [0x00000000e8000000, 0x0000000100000000, 0x0000000100000000)
 Metaspace       used 39261K, capacity 40176K, committed 40396K, reserved 1085440K
  class space    used 4533K, capacity 4752K, committed 4812K, reserved 1048576K
2017-10-31T04:55:13.883-0700: 1118.113: [GC (Allocation Failure) 2017-10-31T04:55:13.883-0700: 1118.114: [ParNew
Desired survivor size 20112992 bytes, new threshold 8 (max 8)
- age   1:    1566696 bytes,    1566696 total
- age   2:       8440 bytes,    1575136 total
- age   3:       8752 bytes,    1583888 total
- age   4:      11200 bytes,    1595088 total
- age   5:       9416 bytes,    1604504 total
- age   6:       6296 bytes,    1610800 total
- age   7:      12680 bytes,    1623480 total
- age   8:      22864 bytes,    1646344 total
: 88887K->1852K(109248K), 0.0120652 secs] 109078K->22050K(502464K), 0.0122955 secs] [Times: user=0.06 sys=0.00, real=0.01 secs] 
Heap after GC invocations=58 (full 2):
 par new generation   total 109248K, used 1852K [0x00000000e0000000, 0x00000000e8000000, 0x00000000e8000000)
  eden space 87424K,   0% used [0x00000000e0000000, 0x00000000e0000000, 0x00000000e5560000)
  from space 21824K,   8% used [0x00000000e5560000, 0x00000000e572f270, 0x00000000e6ab0000)
  to   space 21824K,   0% used [0x00000000e6ab0000, 0x00000000e6ab0000, 0x00000000e8000000)
 concurrent mark-sweep generation total 393216K, used 20197K [0x00000000e8000000, 0x0000000100000000, 0x0000000100000000)
 Metaspace       used 39261K, capacity 40176K, committed 40396K, reserved 1085440K
  class space    used 4533K, capacity 4752K, committed 4812K, reserved 1048576K
}
2017-10-31T04:55:13.895-0700: 1118.126: Total time for which application threads were stopped: 0.0131190 seconds, Stopping threads took: 0.0000725 seconds
2017-10-31T04:55:14.119-0700: 1118.349: Total time for which application threads were stopped: 0.0002756 seconds, Stopping threads took: 0.0000366 seconds
2017-10-31T04:55:15.119-0700: 1119.350: Total time for which application threads were stopped: 0.0001503 seconds, Stopping threads took: 0.0000359 seconds
2017-10-31T04:55:16.542-0700: 1120.773: Total time for which application threads were stopped: 0.0002445 seconds, Stopping threads took: 0.0000413 seconds
{Heap before GC invocations=58 (full 2):
 par new generation   total 109248K, used 89085K [0x00000000e0000000, 0x00000000e8000000, 0x00000000e8000000)
  eden space 87424K,  99% used [0x00000000e0000000, 0x00000000e5530350, 0x00000000e5560000)
  from space 21824K,   8% used [0x00000000e5560000, 0x00000000e572f270, 0x00000000e6ab0000)
  to   space 21824K,   0% used [0x00000000e6ab0000, 0x00000000e6ab0000, 0x00000000e8000000)
 concurrent mark-sweep generation total 393216K, used 20197K [0x00000000e8000000, 0x0000000100000000, 0x0000000100000000)
 Metaspace       used 39263K, capacity 40176K, committed 40396K, reserved 1085440K
  class space    used 4533K, capacity 4752K, committed 4812K, reserved 1048576K
2017-10-31T04:55:17.019-0700: 1121.250: [GC (Allocation Failure) 2017-10-31T04:55:17.019-0700: 1121.250: [ParNew
Desired survivor size 20112992 bytes, new threshold 8 (max 8)
- age   1:    1579416 bytes,    1579416 total
- age   2:      12184 bytes,    1591600 total
- age   3:       7528 bytes,    1599128 total
- age   4:       8752 bytes,    1607880 total
- age   5:      11200 bytes,    1619080 total
- age   6:       8624 bytes,    1627704 total
- age   7:       6224 bytes,    1633928 total
- age   8:      12680 bytes,    1646608 total
: 89085K->1763K(109248K), 0.0048498 secs] 109282K->21983K(502464K), 0.0049304 secs] [Times: user=0.00 sys=0.00, real=0.00 secs] 
Heap after GC invocations=59 (full 2):
 par new generation   total 109248K, used 1763K [0x00000000e0000000, 0x00000000e8000000, 0x00000000e8000000)
  eden space 87424K,   0% used [0x00000000e0000000, 0x00000000e0000000, 0x00000000e5560000)
  from space 21824K,   8% used [0x00000000e6ab0000, 0x00000000e6c68c70, 0x00000000e8000000)
  to   space 21824K,   0% used [0x00000000e5560000, 0x00000000e5560000, 0x00000000e6ab0000)
 concurrent mark-sweep generation total 393216K, used 20220K [0x00000000e8000000, 0x0000000100000000, 0x0000000100000000)
 Metaspace       used 39263K, capacity 40176K, committed 40396K, reserved 1085440K
  class space    used 4533K, capacity 4752K, committed 4812K, reserved 1048576K
}
2017-10-31T04:55:17.024-0700: 1121.255: Total time for which application threads were stopped: 0.0051877 seconds, Stopping threads took: 0.0000237 seconds
2017-10-31T04:55:18.634-0700: 1122.864: Total time for which application threads were stopped: 0.0002289 seconds, Stopping threads took: 0.0000339 seconds
2017-10-31T04:55:19.634-0700: 1123.864: Total time for which application threads were stopped: 0.0001720 seconds, Stopping threads took: 0.0000420 seconds
{Heap before GC invocations=59 (full 2):
 par new generation   total 109248K, used 89187K [0x00000000e0000000, 0x00000000e8000000, 0x00000000e8000000)
  eden space 87424K, 100% used [0x00000000e0000000, 0x00000000e5560000, 0x00000000e5560000)
  from space 21824K,   8% used [0x00000000e6ab0000, 0x00000000e6c68c70, 0x00000000e8000000)
  to   space 21824K,   0% used [0x00000000e5560000, 0x00000000e5560000, 0x00000000e6ab0000)
 concurrent mark-sweep generation total 393216K, used 20220K [0x00000000e8000000, 0x0000000100000000, 0x0000000100000000)
 Metaspace       used 39265K, capacity 40176K, committed 40396K, reserved 1085440K
  class space    used 4533K, capacity 4752K, committed 4812K, reserved 1048576K
2017-10-31T04:55:19.861-0700: 1124.092: [GC (Allocation Failure) 2017-10-31T04:55:19.861-0700: 1124.092: [ParNew
Desired survivor size 20112992 bytes, new threshold 8 (max 8)
- age   1:    1229784 bytes,    1229784 total
- age   2:       8232 bytes,    1238016 total
- age   3:      11272 bytes,    1249288 total
- age   4:       7528 bytes,    1256816 total
- age   5:       8752 bytes,    1265568 total
- age   6:      10480 bytes,    1276048 total
- age   7:       8480 bytes,    1284528 total
- age   8:       6224 bytes,    1290752 total
: 89187K->1663K(109248K), 0.0036280 secs] 109407K->21896K(502464K), 0.0037404 secs] [Times: user=0.00 sys=0.00, real=0.00 secs] 
Heap after GC invocations=60 (full 2):
 par new generation   total 109248K, used 1663K [0x00000000e0000000, 0x00000000e8000000, 0x00000000e8000000)
  eden space 87424K,   0% used [0x00000000e0000000, 0x00000000e0000000, 0x00000000e5560000)
  from space 21824K,   7% used [0x00000000e5560000, 0x00000000e56ffcc0, 0x00000000e6ab0000)
  to   space 21824K,   0% used [0x00000000e6ab0000, 0x00000000e6ab0000, 0x00000000e8000000)
 concurrent mark-sweep generation total 393216K, used 20233K [0x00000000e8000000, 0x0000000100000000, 0x0000000100000000)
 Metaspace       used 39265K, capacity 40176K, committed 40396K, reserved 1085440K
  class space    used 4533K, capacity 4752K, committed 4812K, reserved 1048576K
}
2017-10-31T04:55:19.865-0700: 1124.096: Total time for which application threads were stopped: 0.0041028 seconds, Stopping threads took: 0.0000339 seconds
2017-10-31T04:55:20.866-0700: 1125.096: Total time for which application threads were stopped: 0.0001625 seconds, Stopping threads took: 0.0000359 seconds
2017-10-31T04:55:20.976-0700: 1125.207: Total time for which application threads were stopped: 0.0002316 seconds, Stopping threads took: 0.0000352 seconds
2017-10-31T04:55:21.976-0700: 1126.207: Total time for which application threads were stopped: 0.0001463 seconds, Stopping threads took: 0.0000257 seconds
{Heap before GC invocations=60 (full 2):
 par new generation   total 109248K, used 88871K [0x00000000e0000000, 0x00000000e8000000, 0x00000000e8000000)
  eden space 87424K,  99% used [0x00000000e0000000, 0x00000000e552a0f8, 0x00000000e5560000)
  from space 21824K,   7% used [0x00000000e5560000, 0x00000000e56ffcc0, 0x00000000e6ab0000)
  to   space 21824K,   0% used [0x00000000e6ab0000, 0x00000000e6ab0000, 0x00000000e8000000)
 concurrent mark-sweep generation total 393216K, used 20233K [0x00000000e8000000, 0x0000000100000000, 0x0000000100000000)
 Metaspace       used 39335K, capacity 40240K, committed 40396K, reserved 1085440K
  class space    used 4534K, capacity 4752K, committed 4812K, reserved 1048576K
2017-10-31T04:55:22.946-0700: 1127.177: [GC (Allocation Failure) 2017-10-31T04:55:22.946-0700: 1127.177: [ParNew
Desired survivor size 20112992 bytes, new threshold 8 (max 8)
- age   1:    1546800 bytes,    1546800 total
- age   2:       8568 bytes,    1555368 total
- age   3:       7320 bytes,    1562688 total
- age   4:      11272 bytes,    1573960 total
- age   5:       7528 bytes,    1581488 total
- age   6:       7960 bytes,    1589448 total
- age   7:      10336 bytes,    1599784 total
- age   8:       8480 bytes,    1608264 total
: 88871K->1686K(109248K), 0.0058988 secs] 109104K->21925K(502464K), 0.0059821 secs] [Times: user=0.06 sys=0.00, real=0.00 secs] 
Heap after GC invocations=61 (full 2):
 par new generation   total 109248K, used 1686K [0x00000000e0000000, 0x00000000e8000000, 0x00000000e8000000)
  eden space 87424K,   0% used [0x00000000e0000000, 0x00000000e0000000, 0x00000000e5560000)
  from space 21824K,   7% used [0x00000000e6ab0000, 0x00000000e6c55a88, 0x00000000e8000000)
  to   space 21824K,   0% used [0x00000000e5560000, 0x00000000e5560000, 0x00000000e6ab0000)
 concurrent mark-sweep generation total 393216K, used 20239K [0x00000000e8000000, 0x0000000100000000, 0x0000000100000000)
 Metaspace       used 39335K, capacity 40240K, committed 40396K, reserved 1085440K
  class space    used 4534K, capacity 4752K, committed 4812K, reserved 1048576K
}
2017-10-31T04:55:22.951-0700: 1127.183: Total time for which application threads were stopped: 0.0062930 seconds, Stopping threads took: 0.0000237 seconds
2017-10-31T04:55:23.162-0700: 1127.392: Total time for which application threads were stopped: 0.0002330 seconds, Stopping threads took: 0.0000318 seconds
2017-10-31T04:55:24.162-0700: 1128.393: Total time for which application threads were stopped: 0.0001605 seconds, Stopping threads took: 0.0000305 seconds
2017-10-31T04:55:25.162-0700: 1129.393: Total time for which application threads were stopped: 0.0001436 seconds, Stopping threads took: 0.0000318 seconds
2017-10-31T04:55:25.465-0700: 1129.695: Total time for which application threads were stopped: 0.0005953 seconds, Stopping threads took: 0.0001598 seconds
{Heap before GC invocations=61 (full 2):
 par new generation   total 109248K, used 88795K [0x00000000e0000000, 0x00000000e8000000, 0x00000000e8000000)
  eden space 87424K,  99% used [0x00000000e0000000, 0x00000000e55112e0, 0x00000000e5560000)
  from space 21824K,   7% used [0x00000000e6ab0000, 0x00000000e6c55a88, 0x00000000e8000000)
  to   space 21824K,   0% used [0x00000000e5560000, 0x00000000e5560000, 0x00000000e6ab0000)
 concurrent mark-sweep generation total 393216K, used 20239K [0x00000000e8000000, 0x0000000100000000, 0x0000000100000000)
 Metaspace       used 39338K, capacity 40240K, committed 40396K, reserved 1085440K
  class space    used 4534K, capacity 4752K, committed 4812K, reserved 1048576K
2017-10-31T04:55:25.761-0700: 1129.992: [GC (Allocation Failure) 2017-10-31T04:55:25.761-0700: 1129.992: [ParNew
Desired survivor size 20112992 bytes, new threshold 8 (max 8)
- age   1:    1537456 bytes,    1537456 total
- age   2:      14224 bytes,    1551680 total
- age   3:       7656 bytes,    1559336 total
- age   4:       7320 bytes,    1566656 total
- age   5:      11272 bytes,    1577928 total
- age   6:       6736 bytes,    1584664 total
- age   7:       7888 bytes,    1592552 total
- age   8:      10336 bytes,    1602888 total
: 88795K->1926K(109248K), 0.0040019 secs] 109034K->22174K(502464K), 0.0040940 secs] [Times: user=0.00 sys=0.00, real=0.00 secs] 
Heap after GC invocations=62 (full 2):
 par new generation   total 109248K, used 1926K [0x00000000e0000000, 0x00000000e8000000, 0x00000000e8000000)
  eden space 87424K,   0% used [0x00000000e0000000, 0x00000000e0000000, 0x00000000e5560000)
  from space 21824K,   8% used [0x00000000e5560000, 0x00000000e5741af0, 0x00000000e6ab0000)
  to   space 21824K,   0% used [0x00000000e6ab0000, 0x00000000e6ab0000, 0x00000000e8000000)
 concurrent mark-sweep generation total 393216K, used 20247K [0x00000000e8000000, 0x0000000100000000, 0x0000000100000000)
 Metaspace       used 39338K, capacity 40240K, committed 40396K, reserved 1085440K
  class space    used 4534K, capacity 4752K, committed 4812K, reserved 1048576K
}
2017-10-31T04:55:25.765-0700: 1129.996: Total time for which application threads were stopped: 0.0043987 seconds, Stopping threads took: 0.0000305 seconds
2017-10-31T04:55:27.701-0700: 1131.932: Total time for which application threads were stopped: 0.0003766 seconds, Stopping threads took: 0.0000325 seconds
2017-10-31T04:55:28.701-0700: 1132.931: Total time for which application threads were stopped: 0.0003698 seconds, Stopping threads took: 0.0000711 seconds
{Heap before GC invocations=62 (full 2):
 par new generation   total 109248K, used 89183K [0x00000000e0000000, 0x00000000e8000000, 0x00000000e8000000)
  eden space 87424K,  99% used [0x00000000e0000000, 0x00000000e5536500, 0x00000000e5560000)
  from space 21824K,   8% used [0x00000000e5560000, 0x00000000e5741af0, 0x00000000e6ab0000)
  to   space 21824K,   0% used [0x00000000e6ab0000, 0x00000000e6ab0000, 0x00000000e8000000)
 concurrent mark-sweep generation total 393216K, used 20247K [0x00000000e8000000, 0x0000000100000000, 0x0000000100000000)
 Metaspace       used 39338K, capacity 40240K, committed 40396K, reserved 1085440K
  class space    used 4534K, capacity 4752K, committed 4812K, reserved 1048576K
2017-10-31T04:55:28.933-0700: 1133.164: [GC (Allocation Failure) 2017-10-31T04:55:28.933-0700: 1133.164: [ParNew
Desired survivor size 20112992 bytes, new threshold 8 (max 8)
- age   1:    1425104 bytes,    1425104 total
- age   2:       7776 bytes,    1432880 total
- age   3:      13312 bytes,    1446192 total
- age   4:       7656 bytes,    1453848 total
- age   5:       7320 bytes,    1461168 total
- age   6:      10336 bytes,    1471504 total
- age   7:       6664 bytes,    1478168 total
- age   8:       7888 bytes,    1486056 total
: 89183K->1837K(109248K), 0.0038251 secs] 109431K->22095K(502464K), 0.0039240 secs] [Times: user=0.00 sys=0.00, real=0.00 secs] 
Heap after GC invocations=63 (full 2):
 par new generation   total 109248K, used 1837K [0x00000000e0000000, 0x00000000e8000000, 0x00000000e8000000)
  eden space 87424K,   0% used [0x00000000e0000000, 0x00000000e0000000, 0x00000000e5560000)
  from space 21824K,   8% used [0x00000000e6ab0000, 0x00000000e6c7b640, 0x00000000e8000000)
  to   space 21824K,   0% used [0x00000000e5560000, 0x00000000e5560000, 0x00000000e6ab0000)
 concurrent mark-sweep generation total 393216K, used 20257K [0x00000000e8000000, 0x0000000100000000, 0x0000000100000000)
 Metaspace       used 39338K, capacity 40240K, committed 40396K, reserved 1085440K
  class space    used 4534K, capacity 4752K, committed 4812K, reserved 1048576K
}
2017-10-31T04:55:28.937-0700: 1133.168: Total time for which application threads were stopped: 0.0042321 seconds, Stopping threads took: 0.0000278 seconds
2017-10-31T04:55:30.020-0700: 1134.251: Total time for which application threads were stopped: 0.0002790 seconds, Stopping threads took: 0.0000521 seconds
2017-10-31T04:55:31.020-0700: 1135.251: Total time for which application threads were stopped: 0.0001558 seconds, Stopping threads took: 0.0000284 seconds
2017-10-31T04:55:32.020-0700: 1136.251: Total time for which application threads were stopped: 0.0002885 seconds, Stopping threads took: 0.0000650 seconds
{Heap before GC invocations=63 (full 2):
 par new generation   total 109248K, used 89010K [0x00000000e0000000, 0x00000000e8000000, 0x00000000e8000000)
  eden space 87424K,  99% used [0x00000000e0000000, 0x00000000e55214e0, 0x00000000e5560000)
  from space 21824K,   8% used [0x00000000e6ab0000, 0x00000000e6c7b640, 0x00000000e8000000)
  to   space 21824K,   0% used [0x00000000e5560000, 0x00000000e5560000, 0x00000000e6ab0000)
 concurrent mark-sweep generation total 393216K, used 20257K [0x00000000e8000000, 0x0000000100000000, 0x0000000100000000)
 Metaspace       used 39339K, capacity 40240K, committed 40396K, reserved 1085440K
  class space    used 4534K, capacity 4752K, committed 4812K, reserved 1048576K
2017-10-31T04:55:32.675-0700: 1136.906: [GC (Allocation Failure) 2017-10-31T04:55:32.675-0700: 1136.906: [ParNew
Desired survivor size 20112992 bytes, new threshold 8 (max 8)
- age   1:    1717776 bytes,    1717776 total
- age   2:       8328 bytes,    1726104 total
- age   3:       6864 bytes,    1732968 total
- age   4:      13312 bytes,    1746280 total
- age   5:       7440 bytes,    1753720 total
- age   6:       6528 bytes,    1760248 total
- age   7:      10336 bytes,    1770584 total
- age   8:       6664 bytes,    1777248 total
: 89010K->2074K(109248K), 0.0090460 secs] 109268K->22339K(502464K), 0.0091747 secs] [Times: user=0.02 sys=0.02, real=0.01 secs] 
Heap after GC invocations=64 (full 2):
 par new generation   total 109248K, used 2074K [0x00000000e0000000, 0x00000000e8000000, 0x00000000e8000000)
  eden space 87424K,   0% used [0x00000000e0000000, 0x00000000e0000000, 0x00000000e5560000)
  from space 21824K,   9% used [0x00000000e5560000, 0x00000000e5766898, 0x00000000e6ab0000)
  to   space 21824K,   0% used [0x00000000e6ab0000, 0x00000000e6ab0000, 0x00000000e8000000)
 concurrent mark-sweep generation total 393216K, used 20265K [0x00000000e8000000, 0x0000000100000000, 0x0000000100000000)
 Metaspace       used 39339K, capacity 40240K, committed 40396K, reserved 1085440K
  class space    used 4534K, capacity 4752K, committed 4812K, reserved 1048576K
}
2017-10-31T04:55:32.685-0700: 1136.915: Total time for which application threads were stopped: 0.0096007 seconds, Stopping threads took: 0.0000325 seconds
2017-10-31T04:55:32.900-0700: 1137.131: Total time for which application threads were stopped: 0.0002689 seconds, Stopping threads took: 0.0000467 seconds
2017-10-31T04:55:33.901-0700: 1138.131: Total time for which application threads were stopped: 0.0001605 seconds, Stopping threads took: 0.0000312 seconds
2017-10-31T04:55:35.280-0700: 1139.511: Total time for which application threads were stopped: 0.0002364 seconds, Stopping threads took: 0.0000318 seconds
{Heap before GC invocations=64 (full 2):
 par new generation   total 109248K, used 89248K [0x00000000e0000000, 0x00000000e8000000, 0x00000000e8000000)
  eden space 87424K,  99% used [0x00000000e0000000, 0x00000000e5521820, 0x00000000e5560000)
  from space 21824K,   9% used [0x00000000e5560000, 0x00000000e5766898, 0x00000000e6ab0000)
  to   space 21824K,   0% used [0x00000000e6ab0000, 0x00000000e6ab0000, 0x00000000e8000000)
 concurrent mark-sweep generation total 393216K, used 20265K [0x00000000e8000000, 0x0000000100000000, 0x0000000100000000)
 Metaspace       used 39342K, capacity 40240K, committed 40396K, reserved 1085440K
  class space    used 4534K, capacity 4752K, committed 4812K, reserved 1048576K
2017-10-31T04:55:35.307-0700: 1139.537: [GC (Allocation Failure) 2017-10-31T04:55:35.307-0700: 1139.537: [ParNew
Desired survivor size 20112992 bytes, new threshold 8 (max 8)
- age   1:    1904144 bytes,    1904144 total
- age   2:      79080 bytes,    1983224 total
- age   3:       7416 bytes,    1990640 total
- age   4:       6864 bytes,    1997504 total
- age   5:      13168 bytes,    2010672 total
- age   6:       6792 bytes,    2017464 total
- age   7:       6528 bytes,    2023992 total
- age   8:      10336 bytes,    2034328 total
: 89248K->2389K(109248K), 0.0045755 secs] 109513K->22661K(502464K), 0.0046913 secs] [Times: user=0.06 sys=0.00, real=0.00 secs] 
Heap after GC invocations=65 (full 2):
 par new generation   total 109248K, used 2389K [0x00000000e0000000, 0x00000000e8000000, 0x00000000e8000000)
  eden space 87424K,   0% used [0x00000000e0000000, 0x00000000e0000000, 0x00000000e5560000)
  from space 21824K,  10% used [0x00000000e6ab0000, 0x00000000e6d05628, 0x00000000e8000000)
  to   space 21824K,   0% used [0x00000000e5560000, 0x00000000e5560000, 0x00000000e6ab0000)
 concurrent mark-sweep generation total 393216K, used 20271K [0x00000000e8000000, 0x0000000100000000, 0x0000000100000000)
 Metaspace       used 39342K, capacity 40240K, committed 40396K, reserved 1085440K
  class space    used 4534K, capacity 4752K, committed 4812K, reserved 1048576K
}
2017-10-31T04:55:35.311-0700: 1139.542: Total time for which application threads were stopped: 0.0050475 seconds, Stopping threads took: 0.0000393 seconds
2017-10-31T04:55:36.311-0700: 1140.542: Total time for which application threads were stopped: 0.0001524 seconds, Stopping threads took: 0.0000325 seconds
2017-10-31T04:55:37.312-0700: 1141.542: Total time for which application threads were stopped: 0.0001592 seconds, Stopping threads took: 0.0000332 seconds
2017-10-31T04:55:37.507-0700: 1141.737: Total time for which application threads were stopped: 0.0002452 seconds, Stopping threads took: 0.0000332 seconds
{Heap before GC invocations=65 (full 2):
 par new generation   total 109248K, used 89665K [0x00000000e0000000, 0x00000000e8000000, 0x00000000e8000000)
  eden space 87424K,  99% used [0x00000000e0000000, 0x00000000e553afe8, 0x00000000e5560000)
  from space 21824K,  10% used [0x00000000e6ab0000, 0x00000000e6d05628, 0x00000000e8000000)
  to   space 21824K,   0% used [0x00000000e5560000, 0x00000000e5560000, 0x00000000e6ab0000)
 concurrent mark-sweep generation total 393216K, used 20271K [0x00000000e8000000, 0x0000000100000000, 0x0000000100000000)
 Metaspace       used 39342K, capacity 40240K, committed 40396K, reserved 1085440K
  class space    used 4534K, capacity 4752K, committed 4812K, reserved 1048576K
2017-10-31T04:55:38.617-0700: 1142.847: [GC (Allocation Failure) 2017-10-31T04:55:38.617-0700: 1142.847: [ParNew
Desired survivor size 20112992 bytes, new threshold 8 (max 8)
- age   1:    1471184 bytes,    1471184 total
- age   2:       7256 bytes,    1478440 total
- age   3:      11176 bytes,    1489616 total
- age   4:       7416 bytes,    1497032 total
- age   5:       6720 bytes,    1503752 total
- age   6:      12376 bytes,    1516128 total
- age   7:       6792 bytes,    1522920 total
- age   8:       6528 bytes,    1529448 total
: 89665K->1749K(109248K), 0.0069899 secs] 109937K->22031K(502464K), 0.0071016 secs] [Times: user=0.06 sys=0.00, real=0.01 secs] 
Heap after GC invocations=66 (full 2):
 par new generation   total 109248K, used 1749K [0x00000000e0000000, 0x00000000e8000000, 0x00000000e8000000)
  eden space 87424K,   0% used [0x00000000e0000000, 0x00000000e0000000, 0x00000000e5560000)
  from space 21824K,   8% used [0x00000000e5560000, 0x00000000e5715580, 0x00000000e6ab0000)
  to   space 21824K,   0% used [0x00000000e6ab0000, 0x00000000e6ab0000, 0x00000000e8000000)
 concurrent mark-sweep generation total 393216K, used 20281K [0x00000000e8000000, 0x0000000100000000, 0x0000000100000000)
 Metaspace       used 39342K, capacity 40240K, committed 40396K, reserved 1085440K
  class space    used 4534K, capacity 4752K, committed 4812K, reserved 1048576K
}
2017-10-31T04:55:38.623-0700: 1142.855: Total time for which application threads were stopped: 0.0074315 seconds, Stopping threads took: 0.0000291 seconds
2017-10-31T04:55:39.944-0700: 1144.175: Total time for which application threads were stopped: 0.0003115 seconds, Stopping threads took: 0.0000637 seconds
2017-10-31T04:55:40.944-0700: 1145.175: Total time for which application threads were stopped: 0.0003346 seconds, Stopping threads took: 0.0000738 seconds
{Heap before GC invocations=66 (full 2):
 par new generation   total 109248K, used 89162K [0x00000000e0000000, 0x00000000e8000000, 0x00000000e8000000)
  eden space 87424K,  99% used [0x00000000e0000000, 0x00000000e555d580, 0x00000000e5560000)
  from space 21824K,   8% used [0x00000000e5560000, 0x00000000e5715580, 0x00000000e6ab0000)
  to   space 21824K,   0% used [0x00000000e6ab0000, 0x00000000e6ab0000, 0x00000000e8000000)
 concurrent mark-sweep generation total 393216K, used 20281K [0x00000000e8000000, 0x0000000100000000, 0x0000000100000000)
 Metaspace       used 39343K, capacity 40240K, committed 40396K, reserved 1085440K
  class space    used 4534K, capacity 4752K, committed 4812K, reserved 1048576K
2017-10-31T04:55:42.090-0700: 1146.320: [GC (Allocation Failure) 2017-10-31T04:55:42.090-0700: 1146.320: [ParNew
Desired survivor size 20112992 bytes, new threshold 8 (max 8)
- age   1:    1472704 bytes,    1472704 total
- age   2:       9600 bytes,    1482304 total
- age   3:       6216 bytes,    1488520 total
- age   4:      11176 bytes,    1499696 total
- age   5:       7056 bytes,    1506752 total
- age   6:       6072 bytes,    1512824 total
- age   7:      12376 bytes,    1525200 total
- age   8:       6792 bytes,    1531992 total
: 89162K->2006K(109248K), 0.0036788 secs] 109444K->22295K(502464K), 0.0037513 secs] [Times: user=0.00 sys=0.00, real=0.00 secs] 
Heap after GC invocations=67 (full 2):
 par new generation   total 109248K, used 2006K [0x00000000e0000000, 0x00000000e8000000, 0x00000000e8000000)
  eden space 87424K,   0% used [0x00000000e0000000, 0x00000000e0000000, 0x00000000e5560000)
  from space 21824K,   9% used [0x00000000e6ab0000, 0x00000000e6ca5be8, 0x00000000e8000000)
  to   space 21824K,   0% used [0x00000000e5560000, 0x00000000e5560000, 0x00000000e6ab0000)
 concurrent mark-sweep generation total 393216K, used 20288K [0x00000000e8000000, 0x0000000100000000, 0x0000000100000000)
 Metaspace       used 39343K, capacity 40240K, committed 40396K, reserved 1085440K
  class space    used 4534K, capacity 4752K, committed 4812K, reserved 1048576K
}
2017-10-31T04:55:42.094-0700: 1146.324: Total time for which application threads were stopped: 0.0040202 seconds, Stopping threads took: 0.0000352 seconds
2017-10-31T04:55:42.578-0700: 1146.808: Total time for which application threads were stopped: 0.0002377 seconds, Stopping threads took: 0.0000501 seconds
2017-10-31T04:55:43.579-0700: 1147.809: Total time for which application threads were stopped: 0.0004395 seconds, Stopping threads took: 0.0000799 seconds
2017-10-31T04:55:44.579-0700: 1148.810: Total time for which application threads were stopped: 0.0001382 seconds, Stopping threads took: 0.0000345 seconds
2017-10-31T04:55:44.970-0700: 1149.200: Total time for which application threads were stopped: 0.0002479 seconds, Stopping threads took: 0.0000325 seconds
{Heap before GC invocations=67 (full 2):
 par new generation   total 109248K, used 89300K [0x00000000e0000000, 0x00000000e8000000, 0x00000000e8000000)
  eden space 87424K,  99% used [0x00000000e0000000, 0x00000000e553f800, 0x00000000e5560000)
  from space 21824K,   9% used [0x00000000e6ab0000, 0x00000000e6ca5be8, 0x00000000e8000000)
  to   space 21824K,   0% used [0x00000000e5560000, 0x00000000e5560000, 0x00000000e6ab0000)
 concurrent mark-sweep generation total 393216K, used 20288K [0x00000000e8000000, 0x0000000100000000, 0x0000000100000000)
 Metaspace       used 39346K, capacity 40240K, committed 40396K, reserved 1085440K
  class space    used 4535K, capacity 4752K, committed 4812K, reserved 1048576K
2017-10-31T04:55:44.995-0700: 1149.225: [GC (Allocation Failure) 2017-10-31T04:55:44.995-0700: 1149.225: [ParNew
Desired survivor size 20112992 bytes, new threshold 8 (max 8)
- age   1:    2213400 bytes,    2213400 total
- age   2:      10600 bytes,    2224000 total
- age   3:       8688 bytes,    2232688 total
- age   4:       6216 bytes,    2238904 total
- age   5:      10888 bytes,    2249792 total
- age   6:       6552 bytes,    2256344 total
- age   7:       6072 bytes,    2262416 total
- age   8:      12376 bytes,    2274792 total
: 89300K->2563K(109248K), 0.0051119 secs] 109589K->22857K(502464K), 0.0052358 secs] [Times: user=0.00 sys=0.00, real=0.01 secs] 
Heap after GC invocations=68 (full 2):
 par new generation   total 109248K, used 2563K [0x00000000e0000000, 0x00000000e8000000, 0x00000000e8000000)
  eden space 87424K,   0% used [0x00000000e0000000, 0x00000000e0000000, 0x00000000e5560000)
  from space 21824K,  11% used [0x00000000e5560000, 0x00000000e57e0c90, 0x00000000e6ab0000)
  to   space 21824K,   0% used [0x00000000e6ab0000, 0x00000000e6ab0000, 0x00000000e8000000)
 concurrent mark-sweep generation total 393216K, used 20294K [0x00000000e8000000, 0x0000000100000000, 0x0000000100000000)
 Metaspace       used 39346K, capacity 40240K, committed 40396K, reserved 1085440K
  class space    used 4535K, capacity 4752K, committed 4812K, reserved 1048576K
}
2017-10-31T04:55:45.000-0700: 1149.230: Total time for which application threads were stopped: 0.0056252 seconds, Stopping threads took: 0.0000684 seconds
2017-10-31T04:55:47.000-0700: 1151.231: Total time for which application threads were stopped: 0.0001768 seconds, Stopping threads took: 0.0000379 seconds
2017-10-31T04:55:47.392-0700: 1151.623: Total time for which application threads were stopped: 0.0001734 seconds, Stopping threads took: 0.0000244 seconds
{Heap before GC invocations=68 (full 2):
 par new generation   total 109248K, used 89721K [0x00000000e0000000, 0x00000000e8000000, 0x00000000e8000000)
  eden space 87424K,  99% used [0x00000000e0000000, 0x00000000e551da50, 0x00000000e5560000)
  from space 21824K,  11% used [0x00000000e5560000, 0x00000000e57e0c90, 0x00000000e6ab0000)
  to   space 21824K,   0% used [0x00000000e6ab0000, 0x00000000e6ab0000, 0x00000000e8000000)
 concurrent mark-sweep generation total 393216K, used 20294K [0x00000000e8000000, 0x0000000100000000, 0x0000000100000000)
 Metaspace       used 39348K, capacity 40240K, committed 40396K, reserved 1085440K
  class space    used 4535K, capacity 4752K, committed 4812K, reserved 1048576K
2017-10-31T04:55:48.100-0700: 1152.330: [GC (Allocation Failure) 2017-10-31T04:55:48.100-0700: 1152.330: [ParNew
Desired survivor size 20112992 bytes, new threshold 8 (max 8)
- age   1:    1545272 bytes,    1545272 total
- age   2:       9384 bytes,    1554656 total
- age   3:       9688 bytes,    1564344 total
- age   4:       8688 bytes,    1573032 total
- age   5:       6144 bytes,    1579176 total
- age   6:      10240 bytes,    1589416 total
- age   7:       6552 bytes,    1595968 total
- age   8:       6072 bytes,    1602040 total
: 89721K->2767K(109248K), 0.0037899 secs] 110016K->23074K(502464K), 0.0038725 secs] [Times: user=0.00 sys=0.02, real=0.00 secs] 
Heap after GC invocations=69 (full 2):
 par new generation   total 109248K, used 2767K [0x00000000e0000000, 0x00000000e8000000, 0x00000000e8000000)
  eden space 87424K,   0% used [0x00000000e0000000, 0x00000000e0000000, 0x00000000e5560000)
  from space 21824K,  12% used [0x00000000e6ab0000, 0x00000000e6d63cb8, 0x00000000e8000000)
  to   space 21824K,   0% used [0x00000000e5560000, 0x00000000e5560000, 0x00000000e6ab0000)
 concurrent mark-sweep generation total 393216K, used 20306K [0x00000000e8000000, 0x0000000100000000, 0x0000000100000000)
 Metaspace       used 39348K, capacity 40240K, committed 40396K, reserved 1085440K
  class space    used 4535K, capacity 4752K, committed 4812K, reserved 1048576K
}
2017-10-31T04:55:48.104-0700: 1152.334: Total time for which application threads were stopped: 0.0041251 seconds, Stopping threads took: 0.0000257 seconds
2017-10-31T04:55:49.602-0700: 1153.833: Total time for which application threads were stopped: 0.0002492 seconds, Stopping threads took: 0.0000569 seconds
{Heap before GC invocations=69 (full 2):
 par new generation   total 109248K, used 90191K [0x00000000e0000000, 0x00000000e8000000, 0x00000000e8000000)
  eden space 87424K, 100% used [0x00000000e0000000, 0x00000000e5560000, 0x00000000e5560000)
  from space 21824K,  12% used [0x00000000e6ab0000, 0x00000000e6d63cb8, 0x00000000e8000000)
  to   space 21824K,   0% used [0x00000000e5560000, 0x00000000e5560000, 0x00000000e6ab0000)
 concurrent mark-sweep generation total 393216K, used 20306K [0x00000000e8000000, 0x0000000100000000, 0x0000000100000000)
 Metaspace       used 39348K, capacity 40240K, committed 40396K, reserved 1085440K
  class space    used 4535K, capacity 4752K, committed 4812K, reserved 1048576K
2017-10-31T04:55:50.885-0700: 1155.116: [GC (Allocation Failure) 2017-10-31T04:55:50.885-0700: 1155.116: [ParNew
Desired survivor size 20112992 bytes, new threshold 8 (max 8)
- age   1:    1528736 bytes,    1528736 total
- age   2:       7800 bytes,    1536536 total
- age   3:       8344 bytes,    1544880 total
- age   4:       9688 bytes,    1554568 total
- age   5:       8616 bytes,    1563184 total
- age   6:       5496 bytes,    1568680 total
- age   7:      10240 bytes,    1578920 total
- age   8:       6552 bytes,    1585472 total
: 90191K->1987K(109248K), 0.0061000 secs] 110498K->22299K(502464K), 0.0061846 secs] [Times: user=0.00 sys=0.00, real=0.01 secs] 
Heap after GC invocations=70 (full 2):
 par new generation   total 109248K, used 1987K [0x00000000e0000000, 0x00000000e8000000, 0x00000000e8000000)
  eden space 87424K,   0% used [0x00000000e0000000, 0x00000000e0000000, 0x00000000e5560000)
  from space 21824K,   9% used [0x00000000e5560000, 0x00000000e5750c58, 0x00000000e6ab0000)
  to   space 21824K,   0% used [0x00000000e6ab0000, 0x00000000e6ab0000, 0x00000000e8000000)
 concurrent mark-sweep generation total 393216K, used 20312K [0x00000000e8000000, 0x0000000100000000, 0x0000000100000000)
 Metaspace       used 39348K, capacity 40240K, committed 40396K, reserved 1085440K
  class space    used 4535K, capacity 4752K, committed 4812K, reserved 1048576K
}
2017-10-31T04:55:50.891-0700: 1155.123: Total time for which application threads were stopped: 0.0064339 seconds, Stopping threads took: 0.0000230 seconds
2017-10-31T04:55:51.853-0700: 1156.084: Total time for which application threads were stopped: 0.0004930 seconds, Stopping threads took: 0.0001314 seconds
2017-10-31T04:55:52.854-0700: 1157.085: Total time for which application threads were stopped: 0.0001652 seconds, Stopping threads took: 0.0000332 seconds
{Heap before GC invocations=70 (full 2):
 par new generation   total 109248K, used 89411K [0x00000000e0000000, 0x00000000e8000000, 0x00000000e8000000)
  eden space 87424K, 100% used [0x00000000e0000000, 0x00000000e5560000, 0x00000000e5560000)
  from space 21824K,   9% used [0x00000000e5560000, 0x00000000e5750c58, 0x00000000e6ab0000)
  to   space 21824K,   0% used [0x00000000e6ab0000, 0x00000000e6ab0000, 0x00000000e8000000)
 concurrent mark-sweep generation total 393216K, used 20312K [0x00000000e8000000, 0x0000000100000000, 0x0000000100000000)
 Metaspace       used 39349K, capacity 40240K, committed 40396K, reserved 1085440K
  class space    used 4535K, capacity 4752K, committed 4812K, reserved 1048576K
2017-10-31T04:55:54.139-0700: 1158.369: [GC (Allocation Failure) 2017-10-31T04:55:54.139-0700: 1158.369: [ParNew
Desired survivor size 20112992 bytes, new threshold 8 (max 8)
- age   1:    1521168 bytes,    1521168 total
- age   2:       8512 bytes,    1529680 total
- age   3:       6888 bytes,    1536568 total
- age   4:       8344 bytes,    1544912 total
- age   5:       9544 bytes,    1554456 total
- age   6:       7824 bytes,    1562280 total
- age   7:       5496 bytes,    1567776 total
- age   8:      10240 bytes,    1578016 total
: 89411K->1804K(109248K), 0.0039666 secs] 109723K->22124K(502464K), 0.0040588 secs] [Times: user=0.00 sys=0.00, real=0.00 secs] 
Heap after GC invocations=71 (full 2):
 par new generation   total 109248K, used 1804K [0x00000000e0000000, 0x00000000e8000000, 0x00000000e8000000)
  eden space 87424K,   0% used [0x00000000e0000000, 0x00000000e0000000, 0x00000000e5560000)
  from space 21824K,   8% used [0x00000000e6ab0000, 0x00000000e6c73320, 0x00000000e8000000)
  to   space 21824K,   0% used [0x00000000e5560000, 0x00000000e5560000, 0x00000000e6ab0000)
 concurrent mark-sweep generation total 393216K, used 20319K [0x00000000e8000000, 0x0000000100000000, 0x0000000100000000)
 Metaspace       used 39349K, capacity 40240K, committed 40396K, reserved 1085440K
  class space    used 4535K, capacity 4752K, committed 4812K, reserved 1048576K
}
2017-10-31T04:55:54.143-0700: 1158.373: Total time for which application threads were stopped: 0.0043655 seconds, Stopping threads took: 0.0000230 seconds
2017-10-31T04:55:54.144-0700: 1158.374: Total time for which application threads were stopped: 0.0002194 seconds, Stopping threads took: 0.0000332 seconds
2017-10-31T04:55:55.144-0700: 1159.374: Total time for which application threads were stopped: 0.0001375 seconds, Stopping threads took: 0.0000291 seconds
2017-10-31T04:55:56.144-0700: 1160.374: Total time for which application threads were stopped: 0.0001409 seconds, Stopping threads took: 0.0000298 seconds
2017-10-31T04:55:56.390-0700: 1160.621: Total time for which application threads were stopped: 0.0003346 seconds, Stopping threads took: 0.0000623 seconds
{Heap before GC invocations=71 (full 2):
 par new generation   total 109248K, used 88885K [0x00000000e0000000, 0x00000000e8000000, 0x00000000e8000000)
  eden space 87424K,  99% used [0x00000000e0000000, 0x00000000e550a1a8, 0x00000000e5560000)
  from space 21824K,   8% used [0x00000000e6ab0000, 0x00000000e6c73320, 0x00000000e8000000)
  to   space 21824K,   0% used [0x00000000e5560000, 0x00000000e5560000, 0x00000000e6ab0000)
 concurrent mark-sweep generation total 393216K, used 20319K [0x00000000e8000000, 0x0000000100000000, 0x0000000100000000)
 Metaspace       used 39370K, capacity 40240K, committed 40396K, reserved 1085440K
  class space    used 4535K, capacity 4752K, committed 4812K, reserved 1048576K
2017-10-31T04:55:56.646-0700: 1160.877: [GC (Allocation Failure) 2017-10-31T04:55:56.646-0700: 1160.877: [ParNew
Desired survivor size 20112992 bytes, new threshold 8 (max 8)
- age   1:    1850632 bytes,    1850632 total
- age   2:       9168 bytes,    1859800 total
- age   3:       7600 bytes,    1867400 total
- age   4:       6888 bytes,    1874288 total
- age   5:       8344 bytes,    1882632 total
- age   6:       8896 bytes,    1891528 total
- age   7:       7824 bytes,    1899352 total
- age   8:       5496 bytes,    1904848 total
: 88885K->1987K(109248K), 0.0041996 secs] 109204K->22316K(502464K), 0.0043039 secs] [Times: user=0.00 sys=0.00, real=0.01 secs] 
Heap after GC invocations=72 (full 2):
 par new generation   total 109248K, used 1987K [0x00000000e0000000, 0x00000000e8000000, 0x00000000e8000000)
  eden space 87424K,   0% used [0x00000000e0000000, 0x00000000e0000000, 0x00000000e5560000)
  from space 21824K,   9% used [0x00000000e5560000, 0x00000000e5750e38, 0x00000000e6ab0000)
  to   space 21824K,   0% used [0x00000000e6ab0000, 0x00000000e6ab0000, 0x00000000e8000000)
 concurrent mark-sweep generation total 393216K, used 20329K [0x00000000e8000000, 0x0000000100000000, 0x0000000100000000)
 Metaspace       used 39370K, capacity 40240K, committed 40396K, reserved 1085440K
  class space    used 4535K, capacity 4752K, committed 4812K, reserved 1048576K
}
2017-10-31T04:55:56.651-0700: 1160.881: Total time for which application threads were stopped: 0.0046405 seconds, Stopping threads took: 0.0000312 seconds
2017-10-31T04:55:57.651-0700: 1161.882: Total time for which application threads were stopped: 0.0001673 seconds, Stopping threads took: 0.0000359 seconds
2017-10-31T04:55:58.867-0700: 1163.098: Total time for which application threads were stopped: 0.0002601 seconds, Stopping threads took: 0.0000413 seconds
{Heap before GC invocations=72 (full 2):
 par new generation   total 109248K, used 89197K [0x00000000e0000000, 0x00000000e8000000, 0x00000000e8000000)
  eden space 87424K,  99% used [0x00000000e0000000, 0x00000000e552a8b0, 0x00000000e5560000)
  from space 21824K,   9% used [0x00000000e5560000, 0x00000000e5750e38, 0x00000000e6ab0000)
  to   space 21824K,   0% used [0x00000000e6ab0000, 0x00000000e6ab0000, 0x00000000e8000000)
 concurrent mark-sweep generation total 393216K, used 20329K [0x00000000e8000000, 0x0000000100000000, 0x0000000100000000)
 Metaspace       used 39370K, capacity 40240K, committed 40396K, reserved 1085440K
  class space    used 4535K, capacity 4752K, committed 4812K, reserved 1048576K
2017-10-31T04:56:00.115-0700: 1164.346: [GC (Allocation Failure) 2017-10-31T04:56:00.115-0700: 1164.346: [ParNew
Desired survivor size 20112992 bytes, new threshold 8 (max 8)
- age   1:    1660064 bytes,    1660064 total
- age   2:       9776 bytes,    1669840 total
- age   3:       8256 bytes,    1678096 total
- age   4:       7600 bytes,    1685696 total
- age   5:       6888 bytes,    1692584 total
- age   6:       7480 bytes,    1700064 total
- age   7:       8824 bytes,    1708888 total
- age   8:       7824 bytes,    1716712 total
: 89197K->2460K(109248K), 0.0038766 secs] 109526K->22795K(502464K), 0.0039843 secs] [Times: user=0.00 sys=0.00, real=0.00 secs] 
Heap after GC invocations=73 (full 2):
 par new generation   total 109248K, used 2460K [0x00000000e0000000, 0x00000000e8000000, 0x00000000e8000000)
  eden space 87424K,   0% used [0x00000000e0000000, 0x00000000e0000000, 0x00000000e5560000)
  from space 21824K,  11% used [0x00000000e6ab0000, 0x00000000e6d17380, 0x00000000e8000000)
  to   space 21824K,   0% used [0x00000000e5560000, 0x00000000e5560000, 0x00000000e6ab0000)
 concurrent mark-sweep generation total 393216K, used 20334K [0x00000000e8000000, 0x0000000100000000, 0x0000000100000000)
 Metaspace       used 39370K, capacity 40240K, committed 40396K, reserved 1085440K
  class space    used 4535K, capacity 4752K, committed 4812K, reserved 1048576K
}
2017-10-31T04:56:00.119-0700: 1164.350: Total time for which application threads were stopped: 0.0043364 seconds, Stopping threads took: 0.0000305 seconds
2017-10-31T04:56:03.021-0700: 1167.252: Total time for which application threads were stopped: 0.0004687 seconds, Stopping threads took: 0.0000569 seconds
2017-10-31T04:56:04.021-0700: 1168.252: Total time for which application threads were stopped: 0.0003874 seconds, Stopping threads took: 0.0000731 seconds
2017-10-31T04:56:07.022-0700: 1171.252: Total time for which application threads were stopped: 0.0004077 seconds, Stopping threads took: 0.0000901 seconds
{Heap before GC invocations=73 (full 2):
 par new generation   total 109248K, used 89408K [0x00000000e0000000, 0x00000000e8000000, 0x00000000e8000000)
  eden space 87424K,  99% used [0x00000000e0000000, 0x00000000e54e8fe8, 0x00000000e5560000)
  from space 21824K,  11% used [0x00000000e6ab0000, 0x00000000e6d17380, 0x00000000e8000000)
  to   space 21824K,   0% used [0x00000000e5560000, 0x00000000e5560000, 0x00000000e6ab0000)
 concurrent mark-sweep generation total 393216K, used 20334K [0x00000000e8000000, 0x0000000100000000, 0x0000000100000000)
 Metaspace       used 39372K, capacity 40240K, committed 40396K, reserved 1085440K
  class space    used 4535K, capacity 4752K, committed 4812K, reserved 1048576K
2017-10-31T04:56:10.157-0700: 1174.388: [GC (Allocation Failure) 2017-10-31T04:56:10.158-0700: 1174.388: [ParNew
Desired survivor size 20112992 bytes, new threshold 8 (max 8)
- age   1:    1764704 bytes,    1764704 total
- age   2:       8400 bytes,    1773104 total
- age   3:       8576 bytes,    1781680 total
- age   4:       7392 bytes,    1789072 total
- age   5:       6736 bytes,    1795808 total
- age   6:       6096 bytes,    1801904 total
- age   7:       7480 bytes,    1809384 total
- age   8:       8824 bytes,    1818208 total
: 89408K->2008K(109248K), 0.0125786 secs] 109743K->22351K(502464K), 0.0128786 secs] [Times: user=0.05 sys=0.00, real=0.01 secs] 
Heap after GC invocations=74 (full 2):
 par new generation   total 109248K, used 2008K [0x00000000e0000000, 0x00000000e8000000, 0x00000000e8000000)
  eden space 87424K,   0% used [0x00000000e0000000, 0x00000000e0000000, 0x00000000e5560000)
  from space 21824K,   9% used [0x00000000e5560000, 0x00000000e5756390, 0x00000000e6ab0000)
  to   space 21824K,   0% used [0x00000000e6ab0000, 0x00000000e6ab0000, 0x00000000e8000000)
 concurrent mark-sweep generation total 393216K, used 20342K [0x00000000e8000000, 0x0000000100000000, 0x0000000100000000)
 Metaspace       used 39372K, capacity 40240K, committed 40396K, reserved 1085440K
  class space    used 4535K, capacity 4752K, committed 4812K, reserved 1048576K
}
2017-10-31T04:56:10.171-0700: 1174.401: Total time for which application threads were stopped: 0.0139683 seconds, Stopping threads took: 0.0001090 seconds
2017-10-31T04:56:11.680-0700: 1175.910: Total time for which application threads were stopped: 0.0007159 seconds, Stopping threads took: 0.0001361 seconds
2017-10-31T04:56:12.680-0700: 1176.910: Total time for which application threads were stopped: 0.0003955 seconds, Stopping threads took: 0.0000759 seconds
2017-10-31T04:56:16.681-0700: 1180.911: Total time for which application threads were stopped: 0.0004260 seconds, Stopping threads took: 0.0000765 seconds
2017-10-31T04:56:17.681-0700: 1181.912: Total time for which application threads were stopped: 0.0004003 seconds, Stopping threads took: 0.0000813 seconds
2017-10-31T04:56:20.750-0700: 1184.980: Total time for which application threads were stopped: 0.0008472 seconds, Stopping threads took: 0.0002343 seconds
{Heap before GC invocations=74 (full 2):
 par new generation   total 109248K, used 89417K [0x00000000e0000000, 0x00000000e8000000, 0x00000000e8000000)
  eden space 87424K,  99% used [0x00000000e0000000, 0x00000000e555c0d8, 0x00000000e5560000)
  from space 21824K,   9% used [0x00000000e5560000, 0x00000000e5756390, 0x00000000e6ab0000)
  to   space 21824K,   0% used [0x00000000e6ab0000, 0x00000000e6ab0000, 0x00000000e8000000)
 concurrent mark-sweep generation total 393216K, used 20342K [0x00000000e8000000, 0x0000000100000000, 0x0000000100000000)
 Metaspace       used 39372K, capacity 40240K, committed 40396K, reserved 1085440K
  class space    used 4535K, capacity 4752K, committed 4812K, reserved 1048576K
2017-10-31T04:56:20.874-0700: 1185.104: [GC (Allocation Failure) 2017-10-31T04:56:20.874-0700: 1185.104: [ParNew
Desired survivor size 20112992 bytes, new threshold 8 (max 8)
- age   1:    2290400 bytes,    2290400 total
- age   2:       8328 bytes,    2298728 total
- age   3:       6624 bytes,    2305352 total
- age   4:       8072 bytes,    2313424 total
- age   5:       7392 bytes,    2320816 total
- age   6:       6736 bytes,    2327552 total
- age   7:       6096 bytes,    2333648 total
- age   8:       7480 bytes,    2341128 total
: 89417K->2603K(109248K), 0.0131373 secs] 109759K->22952K(502464K), 0.0134542 secs] [Times: user=0.03 sys=0.00, real=0.01 secs] 
Heap after GC invocations=75 (full 2):
 par new generation   total 109248K, used 2603K [0x00000000e0000000, 0x00000000e8000000, 0x00000000e8000000)
  eden space 87424K,   0% used [0x00000000e0000000, 0x00000000e0000000, 0x00000000e5560000)
  from space 21824K,  11% used [0x00000000e6ab0000, 0x00000000e6d3acd0, 0x00000000e8000000)
  to   space 21824K,   0% used [0x00000000e5560000, 0x00000000e5560000, 0x00000000e6ab0000)
 concurrent mark-sweep generation total 393216K, used 20349K [0x00000000e8000000, 0x0000000100000000, 0x0000000100000000)
 Metaspace       used 39372K, capacity 40240K, committed 40396K, reserved 1085440K
  class space    used 4535K, capacity 4752K, committed 4812K, reserved 1048576K
}
2017-10-31T04:56:20.887-0700: 1185.118: Total time for which application threads were stopped: 0.0144870 seconds, Stopping threads took: 0.0000955 seconds
2017-10-31T04:56:25.888-0700: 1190.119: Total time for which application threads were stopped: 0.0004104 seconds, Stopping threads took: 0.0000874 seconds
2017-10-31T04:56:26.888-0700: 1191.119: Total time for which application threads were stopped: 0.0003982 seconds, Stopping threads took: 0.0000759 seconds
2017-10-31T04:56:27.888-0700: 1192.119: Total time for which application threads were stopped: 0.0003887 seconds, Stopping threads took: 0.0000745 seconds
2017-10-31T04:56:29.363-0700: 1193.593: Total time for which application threads were stopped: 0.0005465 seconds, Stopping threads took: 0.0000718 seconds
2017-10-31T04:56:30.363-0700: 1194.594: Total time for which application threads were stopped: 0.0004057 seconds, Stopping threads took: 0.0000799 seconds
{Heap before GC invocations=75 (full 2):
 par new generation   total 109248K, used 89665K [0x00000000e0000000, 0x00000000e8000000, 0x00000000e8000000)
  eden space 87424K,  99% used [0x00000000e0000000, 0x00000000e55058b0, 0x00000000e5560000)
  from space 21824K,  11% used [0x00000000e6ab0000, 0x00000000e6d3acd0, 0x00000000e8000000)
  to   space 21824K,   0% used [0x00000000e5560000, 0x00000000e5560000, 0x00000000e6ab0000)
 concurrent mark-sweep generation total 393216K, used 20349K [0x00000000e8000000, 0x0000000100000000, 0x0000000100000000)
 Metaspace       used 39372K, capacity 40240K, committed 40396K, reserved 1085440K
  class space    used 4535K, capacity 4752K, committed 4812K, reserved 1048576K
2017-10-31T04:56:32.458-0700: 1196.688: [GC (Allocation Failure) 2017-10-31T04:56:32.458-0700: 1196.688: [ParNew
Desired survivor size 20112992 bytes, new threshold 8 (max 8)
- age   1:    1669008 bytes,    1669008 total
- age   2:       8472 bytes,    1677480 total
- age   3:       6984 bytes,    1684464 total
- age   4:       6624 bytes,    1691088 total
- age   5:       8072 bytes,    1699160 total
- age   6:       7392 bytes,    1706552 total
- age   7:       6736 bytes,    1713288 total
- age   8:       6096 bytes,    1719384 total
: 89665K->3236K(109248K), 0.0094205 secs] 110014K->23593K(502464K), 0.0096664 secs] [Times: user=0.06 sys=0.00, real=0.01 secs] 
Heap after GC invocations=76 (full 2):
 par new generation   total 109248K, used 3236K [0x00000000e0000000, 0x00000000e8000000, 0x00000000e8000000)
  eden space 87424K,   0% used [0x00000000e0000000, 0x00000000e0000000, 0x00000000e5560000)
  from space 21824K,  14% used [0x00000000e5560000, 0x00000000e5889108, 0x00000000e6ab0000)
  to   space 21824K,   0% used [0x00000000e6ab0000, 0x00000000e6ab0000, 0x00000000e8000000)
 concurrent mark-sweep generation total 393216K, used 20356K [0x00000000e8000000, 0x0000000100000000, 0x0000000100000000)
 Metaspace       used 39372K, capacity 40240K, committed 40396K, reserved 1085440K
  class space    used 4535K, capacity 4752K, committed 4812K, reserved 1048576K
}
2017-10-31T04:56:32.468-0700: 1196.698: Total time for which application threads were stopped: 0.0103829 seconds, Stopping threads took: 0.0000610 seconds
2017-10-31T04:56:34.468-0700: 1198.699: Total time for which application threads were stopped: 0.0004091 seconds, Stopping threads took: 0.0000894 seconds
2017-10-31T04:56:35.469-0700: 1199.699: Total time for which application threads were stopped: 0.0004395 seconds, Stopping threads took: 0.0000860 seconds
2017-10-31T04:56:36.469-0700: 1200.700: Total time for which application threads were stopped: 0.0004003 seconds, Stopping threads took: 0.0000813 seconds
2017-10-31T04:56:37.626-0700: 1201.856: Total time for which application threads were stopped: 0.0005994 seconds, Stopping threads took: 0.0000819 seconds
2017-10-31T04:56:38.626-0700: 1202.857: Total time for which application threads were stopped: 0.0004260 seconds, Stopping threads took: 0.0000874 seconds
{Heap before GC invocations=76 (full 2):
 par new generation   total 109248K, used 90660K [0x00000000e0000000, 0x00000000e8000000, 0x00000000e8000000)
  eden space 87424K, 100% used [0x00000000e0000000, 0x00000000e5560000, 0x00000000e5560000)
  from space 21824K,  14% used [0x00000000e5560000, 0x00000000e5889108, 0x00000000e6ab0000)
  to   space 21824K,   0% used [0x00000000e6ab0000, 0x00000000e6ab0000, 0x00000000e8000000)
 concurrent mark-sweep generation total 393216K, used 20356K [0x00000000e8000000, 0x0000000100000000, 0x0000000100000000)
 Metaspace       used 39372K, capacity 40240K, committed 40396K, reserved 1085440K
  class space    used 4535K, capacity 4752K, committed 4812K, reserved 1048576K
2017-10-31T04:56:43.302-0700: 1207.532: [GC (Allocation Failure) 2017-10-31T04:56:43.302-0700: 1207.532: [ParNew
Desired survivor size 20112992 bytes, new threshold 8 (max 8)
- age   1:    1715112 bytes,    1715112 total
- age   2:       7544 bytes,    1722656 total
- age   3:       5712 bytes,    1728368 total
- age   4:       6872 bytes,    1735240 total
- age   5:       6624 bytes,    1741864 total
- age   6:       8072 bytes,    1749936 total
- age   7:       7392 bytes,    1757328 total
- age   8:       6736 bytes,    1764064 total
: 90660K->2166K(109248K), 0.0125054 secs] 111017K->22529K(502464K), 0.0127980 secs] [Times: user=0.06 sys=0.00, real=0.01 secs] 
Heap after GC invocations=77 (full 2):
 par new generation   total 109248K, used 2166K [0x00000000e0000000, 0x00000000e8000000, 0x00000000e8000000)
  eden space 87424K,   0% used [0x00000000e0000000, 0x00000000e0000000, 0x00000000e5560000)
  from space 21824K,   9% used [0x00000000e6ab0000, 0x00000000e6ccd968, 0x00000000e8000000)
  to   space 21824K,   0% used [0x00000000e5560000, 0x00000000e5560000, 0x00000000e6ab0000)
 concurrent mark-sweep generation total 393216K, used 20362K [0x00000000e8000000, 0x0000000100000000, 0x0000000100000000)
 Metaspace       used 39372K, capacity 40240K, committed 40396K, reserved 1085440K
  class space    used 4535K, capacity 4752K, committed 4812K, reserved 1048576K
}
2017-10-31T04:56:43.315-0700: 1207.545: Total time for which application threads were stopped: 0.0137766 seconds, Stopping threads took: 0.0000725 seconds
2017-10-31T04:56:46.287-0700: 1210.517: Total time for which application threads were stopped: 0.0007964 seconds, Stopping threads took: 0.0002289 seconds
2017-10-31T04:56:53.288-0700: 1217.519: Total time for which application threads were stopped: 0.0003969 seconds, Stopping threads took: 0.0000894 seconds
{Heap before GC invocations=77 (full 2):
 par new generation   total 109248K, used 89267K [0x00000000e0000000, 0x00000000e8000000, 0x00000000e8000000)
  eden space 87424K,  99% used [0x00000000e0000000, 0x00000000e550f640, 0x00000000e5560000)
  from space 21824K,   9% used [0x00000000e6ab0000, 0x00000000e6ccd968, 0x00000000e8000000)
  to   space 21824K,   0% used [0x00000000e5560000, 0x00000000e5560000, 0x00000000e6ab0000)
 concurrent mark-sweep generation total 393216K, used 20362K [0x00000000e8000000, 0x0000000100000000, 0x0000000100000000)
 Metaspace       used 39373K, capacity 40240K, committed 40396K, reserved 1085440K
  class space    used 4535K, capacity 4752K, committed 4812K, reserved 1048576K
2017-10-31T04:56:53.403-0700: 1217.633: [GC (Allocation Failure) 2017-10-31T04:56:53.403-0700: 1217.634: [ParNew
Desired survivor size 20112992 bytes, new threshold 8 (max 8)
- age   1:    1875104 bytes,    1875104 total
- age   2:       9896 bytes,    1885000 total
- age   3:       6344 bytes,    1891344 total
- age   4:       5712 bytes,    1897056 total
- age   5:       6872 bytes,    1903928 total
- age   6:       6624 bytes,    1910552 total
- age   7:       8072 bytes,    1918624 total
- age   8:       7392 bytes,    1926016 total
: 89267K->2149K(109248K), 0.0122203 secs] 109630K->22519K(502464K), 0.0125250 secs] [Times: user=0.00 sys=0.00, real=0.01 secs] 
Heap after GC invocations=78 (full 2):
 par new generation   total 109248K, used 2149K [0x00000000e0000000, 0x00000000e8000000, 0x00000000e8000000)
  eden space 87424K,   0% used [0x00000000e0000000, 0x00000000e0000000, 0x00000000e5560000)
  from space 21824K,   9% used [0x00000000e5560000, 0x00000000e57797a0, 0x00000000e6ab0000)
  to   space 21824K,   0% used [0x00000000e6ab0000, 0x00000000e6ab0000, 0x00000000e8000000)
 concurrent mark-sweep generation total 393216K, used 20369K [0x00000000e8000000, 0x0000000100000000, 0x0000000100000000)
 Metaspace       used 39373K, capacity 40240K, committed 40396K, reserved 1085440K
  class space    used 4535K, capacity 4752K, committed 4812K, reserved 1048576K
}
2017-10-31T04:56:53.416-0700: 1217.646: Total time for which application threads were stopped: 0.0135071 seconds, Stopping threads took: 0.0000819 seconds
2017-10-31T04:56:54.201-0700: 1218.432: Total time for which application threads were stopped: 0.0006231 seconds, Stopping threads took: 0.0000867 seconds
2017-10-31T04:57:01.933-0700: 1226.163: Total time for which application threads were stopped: 0.0006468 seconds, Stopping threads took: 0.0000901 seconds
{Heap before GC invocations=78 (full 2):
 par new generation   total 109248K, used 89391K [0x00000000e0000000, 0x00000000e8000000, 0x00000000e8000000)
  eden space 87424K,  99% used [0x00000000e0000000, 0x00000000e5532700, 0x00000000e5560000)
  from space 21824K,   9% used [0x00000000e5560000, 0x00000000e57797a0, 0x00000000e6ab0000)
  to   space 21824K,   0% used [0x00000000e6ab0000, 0x00000000e6ab0000, 0x00000000e8000000)
 concurrent mark-sweep generation total 393216K, used 20369K [0x00000000e8000000, 0x0000000100000000, 0x0000000100000000)
 Metaspace       used 39373K, capacity 40240K, committed 40396K, reserved 1085440K
  class space    used 4535K, capacity 4752K, committed 4812K, reserved 1048576K
2017-10-31T04:57:02.094-0700: 1226.324: [GC (Allocation Failure) 2017-10-31T04:57:02.094-0700: 1226.325: [ParNew
Desired survivor size 20112992 bytes, new threshold 8 (max 8)
- age   1:    2371344 bytes,    2371344 total
- age   2:      75856 bytes,    2447200 total
- age   3:       8624 bytes,    2455824 total
- age   4:       6344 bytes,    2462168 total
- age   5:       5712 bytes,    2467880 total
- age   6:       6872 bytes,    2474752 total
- age   7:       6624 bytes,    2481376 total
- age   8:       8072 bytes,    2489448 total
: 89391K->3027K(109248K), 0.0131325 secs] 109760K->23404K(502464K), 0.0134258 secs] [Times: user=0.03 sys=0.00, real=0.01 secs] 
Heap after GC invocations=79 (full 2):
 par new generation   total 109248K, used 3027K [0x00000000e0000000, 0x00000000e8000000, 0x00000000e8000000)
  eden space 87424K,   0% used [0x00000000e0000000, 0x00000000e0000000, 0x00000000e5560000)
  from space 21824K,  13% used [0x00000000e6ab0000, 0x00000000e6da4fa0, 0x00000000e8000000)
  to   space 21824K,   0% used [0x00000000e5560000, 0x00000000e5560000, 0x00000000e6ab0000)
 concurrent mark-sweep generation total 393216K, used 20376K [0x00000000e8000000, 0x0000000100000000, 0x0000000100000000)
 Metaspace       used 39373K, capacity 40240K, committed 40396K, reserved 1085440K
  class space    used 4535K, capacity 4752K, committed 4812K, reserved 1048576K
}
2017-10-31T04:57:02.108-0700: 1226.338: Total time for which application threads were stopped: 0.0144308 seconds, Stopping threads took: 0.0001138 seconds
2017-10-31T04:57:08.123-0700: 1232.353: Total time for which application threads were stopped: 0.0006326 seconds, Stopping threads took: 0.0000914 seconds
{Heap before GC invocations=79 (full 2):
 par new generation   total 109248K, used 90451K [0x00000000e0000000, 0x00000000e8000000, 0x00000000e8000000)
  eden space 87424K, 100% used [0x00000000e0000000, 0x00000000e5560000, 0x00000000e5560000)
  from space 21824K,  13% used [0x00000000e6ab0000, 0x00000000e6da4fa0, 0x00000000e8000000)
  to   space 21824K,   0% used [0x00000000e5560000, 0x00000000e5560000, 0x00000000e6ab0000)
 concurrent mark-sweep generation total 393216K, used 20376K [0x00000000e8000000, 0x0000000100000000, 0x0000000100000000)
 Metaspace       used 39373K, capacity 40240K, committed 40396K, reserved 1085440K
  class space    used 4535K, capacity 4752K, committed 4812K, reserved 1048576K
2017-10-31T04:57:11.230-0700: 1235.460: [GC (Allocation Failure) 2017-10-31T04:57:11.230-0700: 1235.461: [ParNew
Desired survivor size 20112992 bytes, new threshold 8 (max 8)
- age   1:    1789776 bytes,    1789776 total
- age   2:       7664 bytes,    1797440 total
- age   3:       7376 bytes,    1804816 total
- age   4:       8512 bytes,    1813328 total
- age   5:       6344 bytes,    1819672 total
- age   6:       5712 bytes,    1825384 total
- age   7:       6840 bytes,    1832224 total
- age   8:       6624 bytes,    1838848 total
: 90451K->2211K(109248K), 0.0124411 secs] 110828K->22596K(502464K), 0.0127357 secs] [Times: user=0.00 sys=0.00, real=0.01 secs] 
Heap after GC invocations=80 (full 2):
 par new generation   total 109248K, used 2211K [0x00000000e0000000, 0x00000000e8000000, 0x00000000e8000000)
  eden space 87424K,   0% used [0x00000000e0000000, 0x00000000e0000000, 0x00000000e5560000)
  from space 21824K,  10% used [0x00000000e5560000, 0x00000000e5788ed0, 0x00000000e6ab0000)
  to   space 21824K,   0% used [0x00000000e6ab0000, 0x00000000e6ab0000, 0x00000000e8000000)
 concurrent mark-sweep generation total 393216K, used 20384K [0x00000000e8000000, 0x0000000100000000, 0x0000000100000000)
 Metaspace       used 39373K, capacity 40240K, committed 40396K, reserved 1085440K
  class space    used 4535K, capacity 4752K, committed 4812K, reserved 1048576K
}
2017-10-31T04:57:11.243-0700: 1235.474: Total time for which application threads were stopped: 0.0139398 seconds, Stopping threads took: 0.0000819 seconds
2017-10-31T04:57:13.244-0700: 1237.475: Total time for which application threads were stopped: 0.0004199 seconds, Stopping threads took: 0.0001016 seconds
2017-10-31T04:57:15.151-0700: 1239.381: Total time for which application threads were stopped: 0.0005967 seconds, Stopping threads took: 0.0000799 seconds
2017-10-31T04:57:16.151-0700: 1240.382: Total time for which application threads were stopped: 0.0004003 seconds, Stopping threads took: 0.0000765 seconds
{Heap before GC invocations=80 (full 2):
 par new generation   total 109248K, used 89217K [0x00000000e0000000, 0x00000000e8000000, 0x00000000e8000000)
  eden space 87424K,  99% used [0x00000000e0000000, 0x00000000e54f7708, 0x00000000e5560000)
  from space 21824K,  10% used [0x00000000e5560000, 0x00000000e5788ed0, 0x00000000e6ab0000)
  to   space 21824K,   0% used [0x00000000e6ab0000, 0x00000000e6ab0000, 0x00000000e8000000)
 concurrent mark-sweep generation total 393216K, used 20384K [0x00000000e8000000, 0x0000000100000000, 0x0000000100000000)
 Metaspace       used 39373K, capacity 40240K, committed 40396K, reserved 1085440K
  class space    used 4535K, capacity 4752K, committed 4812K, reserved 1048576K
2017-10-31T04:57:20.440-0700: 1244.670: [GC (Allocation Failure) 2017-10-31T04:57:20.440-0700: 1244.670: [ParNew
Desired survivor size 20112992 bytes, new threshold 8 (max 8)
- age   1:    1840712 bytes,    1840712 total
- age   2:       9040 bytes,    1849752 total
- age   3:       6048 bytes,    1855800 total
- age   4:       7376 bytes,    1863176 total
- age   5:       7152 bytes,    1870328 total
- age   6:       6344 bytes,    1876672 total
- age   7:       5712 bytes,    1882384 total
- age   8:       6840 bytes,    1889224 total
: 89217K->2356K(109248K), 0.0122135 secs] 109601K->22747K(502464K), 0.0124993 secs] [Times: user=0.06 sys=0.00, real=0.01 secs] 
Heap after GC invocations=81 (full 2):
 par new generation   total 109248K, used 2356K [0x00000000e0000000, 0x00000000e8000000, 0x00000000e8000000)
  eden space 87424K,   0% used [0x00000000e0000000, 0x00000000e0000000, 0x00000000e5560000)
  from space 21824K,  10% used [0x00000000e6ab0000, 0x00000000e6cfd220, 0x00000000e8000000)
  to   space 21824K,   0% used [0x00000000e5560000, 0x00000000e5560000, 0x00000000e6ab0000)
 concurrent mark-sweep generation total 393216K, used 20390K [0x00000000e8000000, 0x0000000100000000, 0x0000000100000000)
 Metaspace       used 39373K, capacity 40240K, committed 40396K, reserved 1085440K
  class space    used 4535K, capacity 4752K, committed 4812K, reserved 1048576K
}
2017-10-31T04:57:20.453-0700: 1244.683: Total time for which application threads were stopped: 0.0134488 seconds, Stopping threads took: 0.0000752 seconds
2017-10-31T04:57:22.481-0700: 1246.712: Total time for which application threads were stopped: 0.0007497 seconds, Stopping threads took: 0.0001402 seconds
2017-10-31T04:57:26.482-0700: 1250.713: Total time for which application threads were stopped: 0.0004233 seconds, Stopping threads took: 0.0000874 seconds
2017-10-31T04:57:28.483-0700: 1252.714: Total time for which application threads were stopped: 0.0004131 seconds, Stopping threads took: 0.0000894 seconds
2017-10-31T04:57:29.682-0700: 1253.913: Total time for which application threads were stopped: 0.0007802 seconds, Stopping threads took: 0.0001503 seconds
{Heap before GC invocations=81 (full 2):
 par new generation   total 109248K, used 89767K [0x00000000e0000000, 0x00000000e8000000, 0x00000000e8000000)
  eden space 87424K,  99% used [0x00000000e0000000, 0x00000000e555ccb8, 0x00000000e5560000)
  from space 21824K,  10% used [0x00000000e6ab0000, 0x00000000e6cfd220, 0x00000000e8000000)
  to   space 21824K,   0% used [0x00000000e5560000, 0x00000000e5560000, 0x00000000e6ab0000)
 concurrent mark-sweep generation total 393216K, used 20390K [0x00000000e8000000, 0x0000000100000000, 0x0000000100000000)
 Metaspace       used 39374K, capacity 40240K, committed 40396K, reserved 1085440K
  class space    used 4535K, capacity 4752K, committed 4812K, reserved 1048576K
2017-10-31T04:57:29.757-0700: 1253.988: [GC (Allocation Failure) 2017-10-31T04:57:29.758-0700: 1253.988: [ParNew
Desired survivor size 20112992 bytes, new threshold 8 (max 8)
- age   1:    2438136 bytes,    2438136 total
- age   2:       9376 bytes,    2447512 total
- age   3:       7552 bytes,    2455064 total
- age   4:       6048 bytes,    2461112 total
- age   5:       7376 bytes,    2468488 total
- age   6:       7152 bytes,    2475640 total
- age   7:       6344 bytes,    2481984 total
- age   8:       5712 bytes,    2487696 total
: 89767K->2701K(109248K), 0.0130100 secs] 110158K->23098K(502464K), 0.0132903 secs] [Times: user=0.06 sys=0.00, real=0.01 secs] 
Heap after GC invocations=82 (full 2):
 par new generation   total 109248K, used 2701K [0x00000000e0000000, 0x00000000e8000000, 0x00000000e8000000)
  eden space 87424K,   0% used [0x00000000e0000000, 0x00000000e0000000, 0x00000000e5560000)
  from space 21824K,  12% used [0x00000000e5560000, 0x00000000e5803498, 0x00000000e6ab0000)
  to   space 21824K,   0% used [0x00000000e6ab0000, 0x00000000e6ab0000, 0x00000000e8000000)
 concurrent mark-sweep generation total 393216K, used 20397K [0x00000000e8000000, 0x0000000100000000, 0x0000000100000000)
 Metaspace       used 39374K, capacity 40240K, committed 40396K, reserved 1085440K
  class space    used 4535K, capacity 4752K, committed 4812K, reserved 1048576K
}
2017-10-31T04:57:29.771-0700: 1254.002: Total time for which application threads were stopped: 0.0143252 seconds, Stopping threads took: 0.0001239 seconds
2017-10-31T04:57:33.772-0700: 1258.003: Total time for which application threads were stopped: 0.0004605 seconds, Stopping threads took: 0.0000759 seconds
2017-10-31T04:57:34.773-0700: 1259.004: Total time for which application threads were stopped: 0.0004172 seconds, Stopping threads took: 0.0000799 seconds
2017-10-31T04:57:36.774-0700: 1261.004: Total time for which application threads were stopped: 0.0004192 seconds, Stopping threads took: 0.0001131 seconds
2017-10-31T04:58:52.830-0700: 1337.060: Total time for which application threads were stopped: 0.0002248 seconds, Stopping threads took: 0.0000542 seconds
2017-10-31T05:10:51.547-0700: 2055.777: Total time for which application threads were stopped: 0.0002526 seconds, Stopping threads took: 0.0000562 seconds
2017-10-31T05:10:51.552-0700: 2055.783: Total time for which application threads were stopped: 0.0002303 seconds, Stopping threads took: 0.0000413 seconds
2017-10-31T05:10:51.554-0700: 2055.784: Total time for which application threads were stopped: 0.0002113 seconds, Stopping threads took: 0.0000332 seconds
2017-10-31T05:10:51.556-0700: 2055.786: Total time for which application threads were stopped: 0.0002032 seconds, Stopping threads took: 0.0000305 seconds
2017-10-31T05:10:51.556-0700: 2055.786: Total time for which application threads were stopped: 0.0001456 seconds, Stopping threads took: 0.0000176 seconds
2017-10-31T05:10:51.557-0700: 2055.788: Total time for which application threads were stopped: 0.0001944 seconds, Stopping threads took: 0.0000339 seconds
2017-10-31T05:10:51.558-0700: 2055.788: Total time for which application threads were stopped: 0.0001510 seconds, Stopping threads took: 0.0000230 seconds
2017-10-31T05:10:51.558-0700: 2055.788: Total time for which application threads were stopped: 0.0001226 seconds, Stopping threads took: 0.0000210 seconds
2017-10-31T05:10:51.558-0700: 2055.788: Total time for which application threads were stopped: 0.0001199 seconds, Stopping threads took: 0.0000203 seconds
2017-10-31T05:10:51.558-0700: 2055.789: Total time for which application threads were stopped: 0.0001192 seconds, Stopping threads took: 0.0000210 seconds
2017-10-31T05:10:51.558-0700: 2055.789: Total time for which application threads were stopped: 0.0001206 seconds, Stopping threads took: 0.0000223 seconds
2017-10-31T05:10:51.559-0700: 2055.789: Total time for which application threads were stopped: 0.0001707 seconds, Stopping threads took: 0.0000332 seconds
2017-10-31T05:10:51.559-0700: 2055.790: Total time for which application threads were stopped: 0.0001571 seconds, Stopping threads took: 0.0000318 seconds
2017-10-31T05:10:52.560-0700: 2056.790: Total time for which application threads were stopped: 0.0002553 seconds, Stopping threads took: 0.0000657 seconds
2017-10-31T05:11:32.583-0700: 2096.814: Total time for which application threads were stopped: 0.0003630 seconds, Stopping threads took: 0.0000616 seconds
2017-10-31T05:13:39.657-0700: 2223.888: Total time for which application threads were stopped: 0.0004050 seconds, Stopping threads took: 0.0000718 seconds
2017-10-31T05:13:40.540-0700: 2224.771: Total time for which application threads were stopped: 0.0001375 seconds, Stopping threads took: 0.0000237 seconds
2017-10-31T05:13:40.542-0700: 2224.772: Total time for which application threads were stopped: 0.0001517 seconds, Stopping threads took: 0.0000312 seconds
2017-10-31T05:13:41.542-0700: 2225.773: Total time for which application threads were stopped: 0.0003379 seconds, Stopping threads took: 0.0000853 seconds
2017-10-31T05:14:57.585-0700: 2301.815: Total time for which application threads were stopped: 0.0003542 seconds, Stopping threads took: 0.0000799 seconds
2017-10-31T05:15:39.833-0700: 2344.064: Total time for which application threads were stopped: 0.0010606 seconds, Stopping threads took: 0.0000237 seconds
2017-10-31T05:15:40.057-0700: 2344.288: Total time for which application threads were stopped: 0.0002486 seconds, Stopping threads took: 0.0000257 seconds
{Heap before GC invocations=82 (full 2):
 par new generation   total 109248K, used 90125K [0x00000000e0000000, 0x00000000e8000000, 0x00000000e8000000)
  eden space 87424K, 100% used [0x00000000e0000000, 0x00000000e5560000, 0x00000000e5560000)
  from space 21824K,  12% used [0x00000000e5560000, 0x00000000e5803498, 0x00000000e6ab0000)
  to   space 21824K,   0% used [0x00000000e6ab0000, 0x00000000e6ab0000, 0x00000000e8000000)
 concurrent mark-sweep generation total 393216K, used 20397K [0x00000000e8000000, 0x0000000100000000, 0x0000000100000000)
 Metaspace       used 39666K, capacity 40594K, committed 40652K, reserved 1085440K
  class space    used 4569K, capacity 4801K, committed 4812K, reserved 1048576K
2017-10-31T05:15:40.096-0700: 2344.327: [GC (Allocation Failure) 2017-10-31T05:15:40.096-0700: 2344.327: [ParNew
Desired survivor size 20112992 bytes, new threshold 8 (max 8)
- age   1:    2542856 bytes,    2542856 total
- age   2:     465680 bytes,    3008536 total
- age   3:       6600 bytes,    3015136 total
- age   4:       7408 bytes,    3022544 total
- age   5:       6048 bytes,    3028592 total
- age   6:       6600 bytes,    3035192 total
- age   7:       7008 bytes,    3042200 total
- age   8:       6208 bytes,    3048408 total
: 90125K->3879K(109248K), 0.0070170 secs] 110522K->24282K(502464K), 0.0071369 secs] [Times: user=0.00 sys=0.00, real=0.01 secs] 
Heap after GC invocations=83 (full 2):
 par new generation   total 109248K, used 3879K [0x00000000e0000000, 0x00000000e8000000, 0x00000000e8000000)
  eden space 87424K,   0% used [0x00000000e0000000, 0x00000000e0000000, 0x00000000e5560000)
  from space 21824K,  17% used [0x00000000e6ab0000, 0x00000000e6e79d08, 0x00000000e8000000)
  to   space 21824K,   0% used [0x00000000e5560000, 0x00000000e5560000, 0x00000000e6ab0000)
 concurrent mark-sweep generation total 393216K, used 20403K [0x00000000e8000000, 0x0000000100000000, 0x0000000100000000)
 Metaspace       used 39666K, capacity 40594K, committed 40652K, reserved 1085440K
  class space    used 4569K, capacity 4801K, committed 4812K, reserved 1048576K
}
2017-10-31T05:15:40.103-0700: 2344.334: Total time for which application threads were stopped: 0.0076163 seconds, Stopping threads took: 0.0000948 seconds
2017-10-31T05:15:41.104-0700: 2345.334: Total time for which application threads were stopped: 0.0001950 seconds, Stopping threads took: 0.0000359 seconds
2017-10-31T05:15:42.104-0700: 2346.335: Total time for which application threads were stopped: 0.0001849 seconds, Stopping threads took: 0.0000318 seconds
2017-10-31T05:15:42.791-0700: 2347.021: Total time for which application threads were stopped: 0.0003197 seconds, Stopping threads took: 0.0000731 seconds
{Heap before GC invocations=83 (full 2):
 par new generation   total 109248K, used 91252K [0x00000000e0000000, 0x00000000e8000000, 0x00000000e8000000)
  eden space 87424K,  99% used [0x00000000e0000000, 0x00000000e5553610, 0x00000000e5560000)
  from space 21824K,  17% used [0x00000000e6ab0000, 0x00000000e6e79d08, 0x00000000e8000000)
  to   space 21824K,   0% used [0x00000000e5560000, 0x00000000e5560000, 0x00000000e6ab0000)
 concurrent mark-sweep generation total 393216K, used 20403K [0x00000000e8000000, 0x0000000100000000, 0x0000000100000000)
 Metaspace       used 39718K, capacity 40658K, committed 40908K, reserved 1085440K
  class space    used 4570K, capacity 4801K, committed 4812K, reserved 1048576K
2017-10-31T05:15:42.872-0700: 2347.102: [GC (Allocation Failure) 2017-10-31T05:15:42.872-0700: 2347.102: [ParNew
Desired survivor size 20112992 bytes, new threshold 8 (max 8)
- age   1:    2405728 bytes,    2405728 total
- age   2:    1033120 bytes,    3438848 total
- age   3:       7216 bytes,    3446064 total
- age   4:       6600 bytes,    3452664 total
- age   5:       7408 bytes,    3460072 total
- age   6:       6048 bytes,    3466120 total
- age   7:       6600 bytes,    3472720 total
- age   8:       7008 bytes,    3479728 total
: 91252K->3933K(109248K), 0.0052311 secs] 111655K->24343K(502464K), 0.0053489 secs] [Times: user=0.00 sys=0.00, real=0.01 secs] 
Heap after GC invocations=84 (full 2):
 par new generation   total 109248K, used 3933K [0x00000000e0000000, 0x00000000e8000000, 0x00000000e8000000)
  eden space 87424K,   0% used [0x00000000e0000000, 0x00000000e0000000, 0x00000000e5560000)
  from space 21824K,  18% used [0x00000000e5560000, 0x00000000e5937768, 0x00000000e6ab0000)
  to   space 21824K,   0% used [0x00000000e6ab0000, 0x00000000e6ab0000, 0x00000000e8000000)
 concurrent mark-sweep generation total 393216K, used 20409K [0x00000000e8000000, 0x0000000100000000, 0x0000000100000000)
 Metaspace       used 39718K, capacity 40658K, committed 40908K, reserved 1085440K
  class space    used 4570K, capacity 4801K, committed 4812K, reserved 1048576K
}
2017-10-31T05:15:42.877-0700: 2347.108: Total time for which application threads were stopped: 0.0057383 seconds, Stopping threads took: 0.0000474 seconds
2017-10-31T05:15:43.878-0700: 2348.108: Total time for which application threads were stopped: 0.0001713 seconds, Stopping threads took: 0.0000366 seconds
2017-10-31T05:15:44.878-0700: 2349.108: Total time for which application threads were stopped: 0.0001490 seconds, Stopping threads took: 0.0000339 seconds
2017-10-31T05:15:45.693-0700: 2349.924: Total time for which application threads were stopped: 0.0005364 seconds, Stopping threads took: 0.0000657 seconds
{Heap before GC invocations=84 (full 2):
 par new generation   total 109248K, used 91280K [0x00000000e0000000, 0x00000000e8000000, 0x00000000e8000000)
  eden space 87424K,  99% used [0x00000000e0000000, 0x00000000e554c968, 0x00000000e5560000)
  from space 21824K,  18% used [0x00000000e5560000, 0x00000000e5937768, 0x00000000e6ab0000)
  to   space 21824K,   0% used [0x00000000e6ab0000, 0x00000000e6ab0000, 0x00000000e8000000)
 concurrent mark-sweep generation total 393216K, used 20409K [0x00000000e8000000, 0x0000000100000000, 0x0000000100000000)
 Metaspace       used 39736K, capacity 40658K, committed 40908K, reserved 1085440K
  class space    used 4572K, capacity 4801K, committed 4812K, reserved 1048576K
2017-10-31T05:15:46.467-0700: 2350.697: [GC (Allocation Failure) 2017-10-31T05:15:46.467-0700: 2350.697: [ParNew
Desired survivor size 20112992 bytes, new threshold 8 (max 8)
- age   1:    1984272 bytes,    1984272 total
- age   2:      86416 bytes,    2070688 total
- age   3:     651992 bytes,    2722680 total
- age   4:       7216 bytes,    2729896 total
- age   5:       6600 bytes,    2736496 total
- age   6:       7408 bytes,    2743904 total
- age   7:       6048 bytes,    2749952 total
- age   8:       6600 bytes,    2756552 total
: 91280K->4117K(109248K), 0.0044827 secs] 111689K->24533K(502464K), 0.0045579 secs] [Times: user=0.00 sys=0.00, real=0.00 secs] 
Heap after GC invocations=85 (full 2):
 par new generation   total 109248K, used 4117K [0x00000000e0000000, 0x00000000e8000000, 0x00000000e8000000)
  eden space 87424K,   0% used [0x00000000e0000000, 0x00000000e0000000, 0x00000000e5560000)
  from space 21824K,  18% used [0x00000000e6ab0000, 0x00000000e6eb54b0, 0x00000000e8000000)
  to   space 21824K,   0% used [0x00000000e5560000, 0x00000000e5560000, 0x00000000e6ab0000)
 concurrent mark-sweep generation total 393216K, used 20416K [0x00000000e8000000, 0x0000000100000000, 0x0000000100000000)
 Metaspace       used 39736K, capacity 40658K, committed 40908K, reserved 1085440K
  class space    used 4572K, capacity 4801K, committed 4812K, reserved 1048576K
}
2017-10-31T05:15:46.472-0700: 2350.702: Total time for which application threads were stopped: 0.0048755 seconds, Stopping threads took: 0.0000230 seconds
2017-10-31T05:15:47.472-0700: 2351.703: Total time for which application threads were stopped: 0.0004206 seconds, Stopping threads took: 0.0000941 seconds
2017-10-31T05:15:48.411-0700: 2352.642: Total time for which application threads were stopped: 0.0005784 seconds, Stopping threads took: 0.0001449 seconds
2017-10-31T05:15:49.411-0700: 2353.642: Total time for which application threads were stopped: 0.0001734 seconds, Stopping threads took: 0.0000372 seconds
{Heap before GC invocations=85 (full 2):
 par new generation   total 109248K, used 91541K [0x00000000e0000000, 0x00000000e8000000, 0x00000000e8000000)
  eden space 87424K, 100% used [0x00000000e0000000, 0x00000000e5560000, 0x00000000e5560000)
  from space 21824K,  18% used [0x00000000e6ab0000, 0x00000000e6eb54b0, 0x00000000e8000000)
  to   space 21824K,   0% used [0x00000000e5560000, 0x00000000e5560000, 0x00000000e6ab0000)
 concurrent mark-sweep generation total 393216K, used 20416K [0x00000000e8000000, 0x0000000100000000, 0x0000000100000000)
 Metaspace       used 39738K, capacity 40658K, committed 40908K, reserved 1085440K
  class space    used 4572K, capacity 4801K, committed 4812K, reserved 1048576K
2017-10-31T05:15:49.596-0700: 2353.826: [GC (Allocation Failure) 2017-10-31T05:15:49.596-0700: 2353.826: [ParNew
Desired survivor size 20112992 bytes, new threshold 8 (max 8)
- age   1:    1704872 bytes,    1704872 total
- age   2:      17384 bytes,    1722256 total
- age   3:      84888 bytes,    1807144 total
- age   4:     651992 bytes,    2459136 total
- age   5:       7216 bytes,    2466352 total
- age   6:       6600 bytes,    2472952 total
- age   7:       7408 bytes,    2480360 total
- age   8:       6048 bytes,    2486408 total
: 91541K->3166K(109248K), 0.0043764 secs] 111957K->23589K(502464K), 0.0044780 secs] [Times: user=0.00 sys=0.00, real=0.00 secs] 
Heap after GC invocations=86 (full 2):
 par new generation   total 109248K, used 3166K [0x00000000e0000000, 0x00000000e8000000, 0x00000000e8000000)
  eden space 87424K,   0% used [0x00000000e0000000, 0x00000000e0000000, 0x00000000e5560000)
  from space 21824K,  14% used [0x00000000e5560000, 0x00000000e5877a00, 0x00000000e6ab0000)
  to   space 21824K,   0% used [0x00000000e6ab0000, 0x00000000e6ab0000, 0x00000000e8000000)
 concurrent mark-sweep generation total 393216K, used 20422K [0x00000000e8000000, 0x0000000100000000, 0x0000000100000000)
 Metaspace       used 39738K, capacity 40658K, committed 40908K, reserved 1085440K
  class space    used 4572K, capacity 4801K, committed 4812K, reserved 1048576K
}
2017-10-31T05:15:49.600-0700: 2353.831: Total time for which application threads were stopped: 0.0048417 seconds, Stopping threads took: 0.0000318 seconds
2017-10-31T05:15:50.674-0700: 2354.905: Total time for which application threads were stopped: 0.0003027 seconds, Stopping threads took: 0.0000312 seconds
2017-10-31T05:15:51.675-0700: 2355.905: Total time for which application threads were stopped: 0.0001402 seconds, Stopping threads took: 0.0000264 seconds
{Heap before GC invocations=86 (full 2):
 par new generation   total 109248K, used 90567K [0x00000000e0000000, 0x00000000e8000000, 0x00000000e8000000)
  eden space 87424K,  99% used [0x00000000e0000000, 0x00000000e555a550, 0x00000000e5560000)
  from space 21824K,  14% used [0x00000000e5560000, 0x00000000e5877a00, 0x00000000e6ab0000)
  to   space 21824K,   0% used [0x00000000e6ab0000, 0x00000000e6ab0000, 0x00000000e8000000)
 concurrent mark-sweep generation total 393216K, used 20422K [0x00000000e8000000, 0x0000000100000000, 0x0000000100000000)
 Metaspace       used 39760K, capacity 40722K, committed 40908K, reserved 1085440K
  class space    used 4572K, capacity 4801K, committed 4812K, reserved 1048576K
2017-10-31T05:15:52.764-0700: 2356.995: [GC (Allocation Failure) 2017-10-31T05:15:52.764-0700: 2356.995: [ParNew
Desired survivor size 20112992 bytes, new threshold 8 (max 8)
- age   1:    1800640 bytes,    1800640 total
- age   2:      10880 bytes,    1811520 total
- age   3:      16384 bytes,    1827904 total
- age   4:      84624 bytes,    1912528 total
- age   5:     651248 bytes,    2563776 total
- age   6:       7216 bytes,    2570992 total
- age   7:       6600 bytes,    2577592 total
- age   8:       7408 bytes,    2585000 total
: 90567K->3297K(109248K), 0.0070529 secs] 110990K->23726K(502464K), 0.0071694 secs] [Times: user=0.00 sys=0.00, real=0.01 secs] 
Heap after GC invocations=87 (full 2):
 par new generation   total 109248K, used 3297K [0x00000000e0000000, 0x00000000e8000000, 0x00000000e8000000)
  eden space 87424K,   0% used [0x00000000e0000000, 0x00000000e0000000, 0x00000000e5560000)
  from space 21824K,  15% used [0x00000000e6ab0000, 0x00000000e6de87f0, 0x00000000e8000000)
  to   space 21824K,   0% used [0x00000000e5560000, 0x00000000e5560000, 0x00000000e6ab0000)
 concurrent mark-sweep generation total 393216K, used 20428K [0x00000000e8000000, 0x0000000100000000, 0x0000000100000000)
 Metaspace       used 39760K, capacity 40722K, committed 40908K, reserved 1085440K
  class space    used 4572K, capacity 4801K, committed 4812K, reserved 1048576K
}
2017-10-31T05:15:52.772-0700: 2357.002: Total time for which application threads were stopped: 0.0075039 seconds, Stopping threads took: 0.0000284 seconds
2017-10-31T05:15:53.274-0700: 2357.504: Total time for which application threads were stopped: 0.0004849 seconds, Stopping threads took: 0.0003163 seconds
2017-10-31T05:15:54.274-0700: 2358.505: Total time for which application threads were stopped: 0.0001415 seconds, Stopping threads took: 0.0000271 seconds
2017-10-31T05:15:55.275-0700: 2359.506: Total time for which application threads were stopped: 0.0001639 seconds, Stopping threads took: 0.0000393 seconds
{Heap before GC invocations=87 (full 2):
 par new generation   total 109248K, used 90721K [0x00000000e0000000, 0x00000000e8000000, 0x00000000e8000000)
  eden space 87424K, 100% used [0x00000000e0000000, 0x00000000e5560000, 0x00000000e5560000)
  from space 21824K,  15% used [0x00000000e6ab0000, 0x00000000e6de87f0, 0x00000000e8000000)
  to   space 21824K,   0% used [0x00000000e5560000, 0x00000000e5560000, 0x00000000e6ab0000)
 concurrent mark-sweep generation total 393216K, used 20428K [0x00000000e8000000, 0x0000000100000000, 0x0000000100000000)
 Metaspace       used 39798K, capacity 40722K, committed 40908K, reserved 1085440K
  class space    used 4572K, capacity 4801K, committed 4812K, reserved 1048576K
2017-10-31T05:15:55.766-0700: 2359.997: [GC (Allocation Failure) 2017-10-31T05:15:55.766-0700: 2359.997: [ParNew
Desired survivor size 20112992 bytes, new threshold 8 (max 8)
- age   1:    1955888 bytes,    1955888 total
- age   2:      14496 bytes,    1970384 total
- age   3:       9800 bytes,    1980184 total
- age   4:      16224 bytes,    1996408 total
- age   5:      84224 bytes,    2080632 total
- age   6:     651040 bytes,    2731672 total
- age   7:       7216 bytes,    2738888 total
- age   8:       6600 bytes,    2745488 total
: 90721K->3144K(109248K), 0.0050056 secs] 111150K->23579K(502464K), 0.0051031 secs] [Times: user=0.00 sys=0.00, real=0.00 secs] 
Heap after GC invocations=88 (full 2):
 par new generation   total 109248K, used 3144K [0x00000000e0000000, 0x00000000e8000000, 0x00000000e8000000)
  eden space 87424K,   0% used [0x00000000e0000000, 0x00000000e0000000, 0x00000000e5560000)
  from space 21824K,  14% used [0x00000000e5560000, 0x00000000e5872138, 0x00000000e6ab0000)
  to   space 21824K,   0% used [0x00000000e6ab0000, 0x00000000e6ab0000, 0x00000000e8000000)
 concurrent mark-sweep generation total 393216K, used 20435K [0x00000000e8000000, 0x0000000100000000, 0x0000000100000000)
 Metaspace       used 39798K, capacity 40722K, committed 40908K, reserved 1085440K
  class space    used 4572K, capacity 4801K, committed 4812K, reserved 1048576K
}
2017-10-31T05:15:55.771-0700: 2360.002: Total time for which application threads were stopped: 0.0055155 seconds, Stopping threads took: 0.0000223 seconds
2017-10-31T05:15:56.771-0700: 2361.002: Total time for which application threads were stopped: 0.0001835 seconds, Stopping threads took: 0.0000332 seconds
2017-10-31T05:15:57.772-0700: 2362.002: Total time for which application threads were stopped: 0.0001741 seconds, Stopping threads took: 0.0000379 seconds
2017-10-31T05:15:58.453-0700: 2362.683: Total time for which application threads were stopped: 0.0002580 seconds, Stopping threads took: 0.0000291 seconds
{Heap before GC invocations=88 (full 2):
 par new generation   total 109248K, used 90568K [0x00000000e0000000, 0x00000000e8000000, 0x00000000e8000000)
  eden space 87424K, 100% used [0x00000000e0000000, 0x00000000e5560000, 0x00000000e5560000)
  from space 21824K,  14% used [0x00000000e5560000, 0x00000000e5872138, 0x00000000e6ab0000)
  to   space 21824K,   0% used [0x00000000e6ab0000, 0x00000000e6ab0000, 0x00000000e8000000)
 concurrent mark-sweep generation total 393216K, used 20435K [0x00000000e8000000, 0x0000000100000000, 0x0000000100000000)
 Metaspace       used 39802K, capacity 40722K, committed 40908K, reserved 1085440K
  class space    used 4572K, capacity 4801K, committed 4812K, reserved 1048576K
2017-10-31T05:15:58.506-0700: 2362.737: [GC (Allocation Failure) 2017-10-31T05:15:58.506-0700: 2362.737: [ParNew
Desired survivor size 20112992 bytes, new threshold 8 (max 8)
- age   1:    2637496 bytes,    2637496 total
- age   2:      78824 bytes,    2716320 total
- age   3:      13328 bytes,    2729648 total
- age   4:       9800 bytes,    2739448 total
- age   5:      16152 bytes,    2755600 total
- age   6:      83648 bytes,    2839248 total
- age   7:     716608 bytes,    3555856 total
- age   8:       7216 bytes,    3563072 total
: 90568K->4028K(109248K), 0.0055487 secs] 111003K->24470K(502464K), 0.0056753 secs] [Times: user=0.06 sys=0.00, real=0.01 secs] 
Heap after GC invocations=89 (full 2):
 par new generation   total 109248K, used 4028K [0x00000000e0000000, 0x00000000e8000000, 0x00000000e8000000)
  eden space 87424K,   0% used [0x00000000e0000000, 0x00000000e0000000, 0x00000000e5560000)
  from space 21824K,  18% used [0x00000000e6ab0000, 0x00000000e6e9f1b0, 0x00000000e8000000)
  to   space 21824K,   0% used [0x00000000e5560000, 0x00000000e5560000, 0x00000000e6ab0000)
 concurrent mark-sweep generation total 393216K, used 20442K [0x00000000e8000000, 0x0000000100000000, 0x0000000100000000)
 Metaspace       used 39802K, capacity 40722K, committed 40908K, reserved 1085440K
  class space    used 4572K, capacity 4801K, committed 4812K, reserved 1048576K
}
2017-10-31T05:15:58.512-0700: 2362.743: Total time for which application threads were stopped: 0.0060438 seconds, Stopping threads took: 0.0000467 seconds
2017-10-31T05:15:59.512-0700: 2363.743: Total time for which application threads were stopped: 0.0002242 seconds, Stopping threads took: 0.0000433 seconds
2017-10-31T05:16:00.513-0700: 2364.743: Total time for which application threads were stopped: 0.0002289 seconds, Stopping threads took: 0.0001002 seconds
2017-10-31T05:16:01.364-0700: 2365.595: Total time for which application threads were stopped: 0.0002567 seconds, Stopping threads took: 0.0000312 seconds
{Heap before GC invocations=89 (full 2):
 par new generation   total 109248K, used 91096K [0x00000000e0000000, 0x00000000e8000000, 0x00000000e8000000)
  eden space 87424K,  99% used [0x00000000e0000000, 0x00000000e5506e68, 0x00000000e5560000)
  from space 21824K,  18% used [0x00000000e6ab0000, 0x00000000e6e9f1b0, 0x00000000e8000000)
  to   space 21824K,   0% used [0x00000000e5560000, 0x00000000e5560000, 0x00000000e6ab0000)
 concurrent mark-sweep generation total 393216K, used 20442K [0x00000000e8000000, 0x0000000100000000, 0x0000000100000000)
 Metaspace       used 39804K, capacity 40722K, committed 40908K, reserved 1085440K
  class space    used 4572K, capacity 4801K, committed 4812K, reserved 1048576K
2017-10-31T05:16:01.712-0700: 2365.943: [GC (Allocation Failure) 2017-10-31T05:16:01.712-0700: 2365.943: [ParNew
Desired survivor size 20112992 bytes, new threshold 8 (max 8)
- age   1:    1886544 bytes,    1886544 total
- age   2:      78664 bytes,    1965208 total
- age   3:       9696 bytes,    1974904 total
- age   4:      13328 bytes,    1988232 total
- age   5:       9728 bytes,    1997960 total
- age   6:      15432 bytes,    2013392 total
- age   7:      83648 bytes,    2097040 total
- age   8:     651040 bytes,    2748080 total
: 91096K->3771K(109248K), 0.0115356 secs] 111538K->24220K(502464K), 0.0117577 secs] [Times: user=0.05 sys=0.00, real=0.01 secs] 
Heap after GC invocations=90 (full 2):
 par new generation   total 109248K, used 3771K [0x00000000e0000000, 0x00000000e8000000, 0x00000000e8000000)
  eden space 87424K,   0% used [0x00000000e0000000, 0x00000000e0000000, 0x00000000e5560000)
  from space 21824K,  17% used [0x00000000e5560000, 0x00000000e590eca0, 0x00000000e6ab0000)
  to   space 21824K,   0% used [0x00000000e6ab0000, 0x00000000e6ab0000, 0x00000000e8000000)
 concurrent mark-sweep generation total 393216K, used 20449K [0x00000000e8000000, 0x0000000100000000, 0x0000000100000000)
 Metaspace       used 39804K, capacity 40722K, committed 40908K, reserved 1085440K
  class space    used 4572K, capacity 4801K, committed 4812K, reserved 1048576K
}
2017-10-31T05:16:01.724-0700: 2365.955: Total time for which application threads were stopped: 0.0125020 seconds, Stopping threads took: 0.0000576 seconds
2017-10-31T05:16:03.936-0700: 2368.166: Total time for which application threads were stopped: 0.0005228 seconds, Stopping threads took: 0.0001300 seconds
2017-10-31T05:16:04.936-0700: 2369.167: Total time for which application threads were stopped: 0.0001646 seconds, Stopping threads took: 0.0000366 seconds
{Heap before GC invocations=90 (full 2):
 par new generation   total 109248K, used 90747K [0x00000000e0000000, 0x00000000e8000000, 0x00000000e8000000)
  eden space 87424K,  99% used [0x00000000e0000000, 0x00000000e54effd8, 0x00000000e5560000)
  from space 21824K,  17% used [0x00000000e5560000, 0x00000000e590eca0, 0x00000000e6ab0000)
  to   space 21824K,   0% used [0x00000000e6ab0000, 0x00000000e6ab0000, 0x00000000e8000000)
 concurrent mark-sweep generation total 393216K, used 20449K [0x00000000e8000000, 0x0000000100000000, 0x0000000100000000)
 Metaspace       used 39804K, capacity 40722K, committed 40908K, reserved 1085440K
  class space    used 4572K, capacity 4801K, committed 4812K, reserved 1048576K
2017-10-31T05:16:05.067-0700: 2369.297: [GC (Allocation Failure) 2017-10-31T05:16:05.067-0700: 2369.297: [ParNew
Desired survivor size 20112992 bytes, new threshold 8 (max 8)
- age   1:    1955576 bytes,    1955576 total
- age   2:       7488 bytes,    1963064 total
- age   3:       6560 bytes,    1969624 total
- age   4:       9696 bytes,    1979320 total
- age   5:      13184 bytes,    1992504 total
- age   6:       9008 bytes,    2001512 total
- age   7:      15432 bytes,    2016944 total
- age   8:      83648 bytes,    2100592 total
: 90747K->2696K(109248K), 0.0084663 secs] 111196K->23790K(502464K), 0.0085482 secs] [Times: user=0.00 sys=0.00, real=0.01 secs] 
Heap after GC invocations=91 (full 2):
 par new generation   total 109248K, used 2696K [0x00000000e0000000, 0x00000000e8000000, 0x00000000e8000000)
  eden space 87424K,   0% used [0x00000000e0000000, 0x00000000e0000000, 0x00000000e5560000)
  from space 21824K,  12% used [0x00000000e6ab0000, 0x00000000e6d52190, 0x00000000e8000000)
  to   space 21824K,   0% used [0x00000000e5560000, 0x00000000e5560000, 0x00000000e6ab0000)
 concurrent mark-sweep generation total 393216K, used 21093K [0x00000000e8000000, 0x0000000100000000, 0x0000000100000000)
 Metaspace       used 39804K, capacity 40722K, committed 40908K, reserved 1085440K
  class space    used 4572K, capacity 4801K, committed 4812K, reserved 1048576K
}
2017-10-31T05:16:05.075-0700: 2369.306: Total time for which application threads were stopped: 0.0087927 seconds, Stopping threads took: 0.0000223 seconds
2017-10-31T05:16:06.539-0700: 2370.770: Total time for which application threads were stopped: 0.0005594 seconds, Stopping threads took: 0.0001178 seconds
2017-10-31T05:16:07.540-0700: 2371.770: Total time for which application threads were stopped: 0.0001856 seconds, Stopping threads took: 0.0000386 seconds
{Heap before GC invocations=91 (full 2):
 par new generation   total 109248K, used 89844K [0x00000000e0000000, 0x00000000e8000000, 0x00000000e8000000)
  eden space 87424K,  99% used [0x00000000e0000000, 0x00000000e551af60, 0x00000000e5560000)
  from space 21824K,  12% used [0x00000000e6ab0000, 0x00000000e6d52190, 0x00000000e8000000)
  to   space 21824K,   0% used [0x00000000e5560000, 0x00000000e5560000, 0x00000000e6ab0000)
 concurrent mark-sweep generation total 393216K, used 21093K [0x00000000e8000000, 0x0000000100000000, 0x0000000100000000)
 Metaspace       used 39804K, capacity 40722K, committed 40908K, reserved 1085440K
  class space    used 4572K, capacity 4801K, committed 4812K, reserved 1048576K
2017-10-31T05:16:08.180-0700: 2372.411: [GC (Allocation Failure) 2017-10-31T05:16:08.180-0700: 2372.411: [ParNew
Desired survivor size 20112992 bytes, new threshold 8 (max 8)
- age   1:    2213144 bytes,    2213144 total
- age   2:       8352 bytes,    2221496 total
- age   3:       6576 bytes,    2228072 total
- age   4:       6560 bytes,    2234632 total
- age   5:       9552 bytes,    2244184 total
- age   6:      12400 bytes,    2256584 total
- age   7:       9008 bytes,    2265592 total
- age   8:      15432 bytes,    2281024 total
: 89844K->2690K(109248K), 0.0047875 secs] 110938K->23865K(502464K), 0.0048701 secs] [Times: user=0.06 sys=0.00, real=0.00 secs] 
Heap after GC invocations=92 (full 2):
 par new generation   total 109248K, used 2690K [0x00000000e0000000, 0x00000000e8000000, 0x00000000e8000000)
  eden space 87424K,   0% used [0x00000000e0000000, 0x00000000e0000000, 0x00000000e5560000)
  from space 21824K,  12% used [0x00000000e5560000, 0x00000000e5800810, 0x00000000e6ab0000)
  to   space 21824K,   0% used [0x00000000e6ab0000, 0x00000000e6ab0000, 0x00000000e8000000)
 concurrent mark-sweep generation total 393216K, used 21175K [0x00000000e8000000, 0x0000000100000000, 0x0000000100000000)
 Metaspace       used 39804K, capacity 40722K, committed 40908K, reserved 1085440K
  class space    used 4572K, capacity 4801K, committed 4812K, reserved 1048576K
}
2017-10-31T05:16:08.185-0700: 2372.416: Total time for which application threads were stopped: 0.0051430 seconds, Stopping threads took: 0.0000244 seconds
2017-10-31T05:16:09.216-0700: 2373.447: Total time for which application threads were stopped: 0.0002743 seconds, Stopping threads took: 0.0000515 seconds
{Heap before GC invocations=92 (full 2):
 par new generation   total 109248K, used 89735K [0x00000000e0000000, 0x00000000e8000000, 0x00000000e8000000)
  eden space 87424K,  99% used [0x00000000e0000000, 0x00000000e55014a8, 0x00000000e5560000)
  from space 21824K,  12% used [0x00000000e5560000, 0x00000000e5800810, 0x00000000e6ab0000)
  to   space 21824K,   0% used [0x00000000e6ab0000, 0x00000000e6ab0000, 0x00000000e8000000)
 concurrent mark-sweep generation total 393216K, used 21175K [0x00000000e8000000, 0x0000000100000000, 0x0000000100000000)
 Metaspace       used 39805K, capacity 40722K, committed 40908K, reserved 1085440K
  class space    used 4572K, capacity 4801K, committed 4812K, reserved 1048576K
2017-10-31T05:16:11.791-0700: 2376.021: [GC (Allocation Failure) 2017-10-31T05:16:11.791-0700: 2376.021: [ParNew
Desired survivor size 20112992 bytes, new threshold 8 (max 8)
- age   1:    2194760 bytes,    2194760 total
- age   2:      10104 bytes,    2204864 total
- age   3:       7440 bytes,    2212304 total
- age   4:       6576 bytes,    2218880 total
- age   5:       6344 bytes,    2225224 total
- age   6:       8904 bytes,    2234128 total
- age   7:      12400 bytes,    2246528 total
- age   8:       9008 bytes,    2255536 total
: 89735K->3075K(109248K), 0.0040242 secs] 110910K->24265K(502464K), 0.0041170 secs] [Times: user=0.06 sys=0.00, real=0.00 secs] 
Heap after GC invocations=93 (full 2):
 par new generation   total 109248K, used 3075K [0x00000000e0000000, 0x00000000e8000000, 0x00000000e8000000)
  eden space 87424K,   0% used [0x00000000e0000000, 0x00000000e0000000, 0x00000000e5560000)
  from space 21824K,  14% used [0x00000000e6ab0000, 0x00000000e6db0f38, 0x00000000e8000000)
  to   space 21824K,   0% used [0x00000000e5560000, 0x00000000e5560000, 0x00000000e6ab0000)
 concurrent mark-sweep generation total 393216K, used 21189K [0x00000000e8000000, 0x0000000100000000, 0x0000000100000000)
 Metaspace       used 39805K, capacity 40722K, committed 40908K, reserved 1085440K
  class space    used 4572K, capacity 4801K, committed 4812K, reserved 1048576K
}
2017-10-31T05:16:11.795-0700: 2376.026: Total time for which application threads were stopped: 0.0044482 seconds, Stopping threads took: 0.0000284 seconds
2017-10-31T05:16:12.294-0700: 2376.525: Total time for which application threads were stopped: 0.0003048 seconds, Stopping threads took: 0.0000610 seconds
{Heap before GC invocations=93 (full 2):
 par new generation   total 109248K, used 90486K [0x00000000e0000000, 0x00000000e8000000, 0x00000000e8000000)
  eden space 87424K,  99% used [0x00000000e0000000, 0x00000000e555ca18, 0x00000000e5560000)
  from space 21824K,  14% used [0x00000000e6ab0000, 0x00000000e6db0f38, 0x00000000e8000000)
  to   space 21824K,   0% used [0x00000000e5560000, 0x00000000e5560000, 0x00000000e6ab0000)
 concurrent mark-sweep generation total 393216K, used 21189K [0x00000000e8000000, 0x0000000100000000, 0x0000000100000000)
 Metaspace       used 39811K, capacity 40722K, committed 40908K, reserved 1085440K
  class space    used 4572K, capacity 4801K, committed 4812K, reserved 1048576K
2017-10-31T05:16:14.863-0700: 2379.094: [GC (Allocation Failure) 2017-10-31T05:16:14.863-0700: 2379.094: [ParNew
Desired survivor size 20112992 bytes, new threshold 8 (max 8)
- age   1:    2019144 bytes,    2019144 total
- age   2:      78632 bytes,    2097776 total
- age   3:       9192 bytes,    2106968 total
- age   4:       7440 bytes,    2114408 total
- age   5:       6432 bytes,    2120840 total
- age   6:       5840 bytes,    2126680 total
- age   7:       8768 bytes,    2135448 total
- age   8:      12400 bytes,    2147848 total
: 90486K->2497K(109248K), 0.0062327 secs] 111676K->23696K(502464K), 0.0063309 secs] [Times: user=0.00 sys=0.02, real=0.01 secs] 
Heap after GC invocations=94 (full 2):
 par new generation   total 109248K, used 2497K [0x00000000e0000000, 0x00000000e8000000, 0x00000000e8000000)
  eden space 87424K,   0% used [0x00000000e0000000, 0x00000000e0000000, 0x00000000e5560000)
  from space 21824K,  11% used [0x00000000e5560000, 0x00000000e57d0680, 0x00000000e6ab0000)
  to   space 21824K,   0% used [0x00000000e6ab0000, 0x00000000e6ab0000, 0x00000000e8000000)
 concurrent mark-sweep generation total 393216K, used 21198K [0x00000000e8000000, 0x0000000100000000, 0x0000000100000000)
 Metaspace       used 39811K, capacity 40722K, committed 40908K, reserved 1085440K
  class space    used 4572K, capacity 4801K, committed 4812K, reserved 1048576K
}
2017-10-31T05:16:14.869-0700: 2379.100: Total time for which application threads were stopped: 0.0066215 seconds, Stopping threads took: 0.0000223 seconds
2017-10-31T05:16:15.135-0700: 2379.365: Total time for which application threads were stopped: 0.0004050 seconds, Stopping threads took: 0.0000935 seconds
2017-10-31T05:16:16.135-0700: 2380.366: Total time for which application threads were stopped: 0.0001693 seconds, Stopping threads took: 0.0000366 seconds
2017-10-31T05:16:17.611-0700: 2381.842: Total time for which application threads were stopped: 0.0003027 seconds, Stopping threads took: 0.0000589 seconds
{Heap before GC invocations=94 (full 2):
 par new generation   total 109248K, used 89921K [0x00000000e0000000, 0x00000000e8000000, 0x00000000e8000000)
  eden space 87424K, 100% used [0x00000000e0000000, 0x00000000e5560000, 0x00000000e5560000)
  from space 21824K,  11% used [0x00000000e5560000, 0x00000000e57d0680, 0x00000000e6ab0000)
  to   space 21824K,   0% used [0x00000000e6ab0000, 0x00000000e6ab0000, 0x00000000e8000000)
 concurrent mark-sweep generation total 393216K, used 21198K [0x00000000e8000000, 0x0000000100000000, 0x0000000100000000)
 Metaspace       used 39813K, capacity 40722K, committed 40908K, reserved 1085440K
  class space    used 4572K, capacity 4801K, committed 4812K, reserved 1048576K
2017-10-31T05:16:17.658-0700: 2381.888: [GC (Allocation Failure) 2017-10-31T05:16:17.658-0700: 2381.888: [ParNew
Desired survivor size 20112992 bytes, new threshold 8 (max 8)
- age   1:    2588584 bytes,    2588584 total
- age   2:      74776 bytes,    2663360 total
- age   3:      10640 bytes,    2674000 total
- age   4:       9192 bytes,    2683192 total
- age   5:       7224 bytes,    2690416 total
- age   6:       5856 bytes,    2696272 total
- age   7:       5840 bytes,    2702112 total
- age   8:       8768 bytes,    2710880 total
: 89921K->3386K(109248K), 0.0042308 secs] 111120K->24597K(502464K), 0.0043493 secs] [Times: user=0.00 sys=0.00, real=0.00 secs] 
Heap after GC invocations=95 (full 2):
 par new generation   total 109248K, used 3386K [0x00000000e0000000, 0x00000000e8000000, 0x00000000e8000000)
  eden space 87424K,   0% used [0x00000000e0000000, 0x00000000e0000000, 0x00000000e5560000)
  from space 21824K,  15% used [0x00000000e6ab0000, 0x00000000e6dfea90, 0x00000000e8000000)
  to   space 21824K,   0% used [0x00000000e5560000, 0x00000000e5560000, 0x00000000e6ab0000)
 concurrent mark-sweep generation total 393216K, used 21210K [0x00000000e8000000, 0x0000000100000000, 0x0000000100000000)
 Metaspace       used 39813K, capacity 40722K, committed 40908K, reserved 1085440K
  class space    used 4572K, capacity 4801K, committed 4812K, reserved 1048576K
}
2017-10-31T05:16:17.662-0700: 2381.893: Total time for which application threads were stopped: 0.0047109 seconds, Stopping threads took: 0.0000413 seconds
2017-10-31T05:16:18.662-0700: 2382.893: Total time for which application threads were stopped: 0.0001544 seconds, Stopping threads took: 0.0000318 seconds
2017-10-31T05:16:19.663-0700: 2383.894: Total time for which application threads were stopped: 0.0001544 seconds, Stopping threads took: 0.0000325 seconds
2017-10-31T05:16:19.969-0700: 2384.199: Total time for which application threads were stopped: 0.0005039 seconds, Stopping threads took: 0.0001029 seconds
{Heap before GC invocations=95 (full 2):
 par new generation   total 109248K, used 90810K [0x00000000e0000000, 0x00000000e8000000, 0x00000000e8000000)
  eden space 87424K, 100% used [0x00000000e0000000, 0x00000000e5560000, 0x00000000e5560000)
  from space 21824K,  15% used [0x00000000e6ab0000, 0x00000000e6dfea90, 0x00000000e8000000)
  to   space 21824K,   0% used [0x00000000e5560000, 0x00000000e5560000, 0x00000000e6ab0000)
 concurrent mark-sweep generation total 393216K, used 21210K [0x00000000e8000000, 0x0000000100000000, 0x0000000100000000)
 Metaspace       used 39822K, capacity 40786K, committed 40908K, reserved 1085440K
  class space    used 4572K, capacity 4801K, committed 4812K, reserved 1048576K
2017-10-31T05:16:20.297-0700: 2384.527: [GC (Allocation Failure) 2017-10-31T05:16:20.297-0700: 2384.528: [ParNew
Desired survivor size 20112992 bytes, new threshold 8 (max 8)
- age   1:    2134992 bytes,    2134992 total
- age   2:     631896 bytes,    2766888 total
- age   3:       6784 bytes,    2773672 total
- age   4:      10640 bytes,    2784312 total
- age   5:       9120 bytes,    2793432 total
- age   6:       6648 bytes,    2800080 total
- age   7:       5856 bytes,    2805936 total
- age   8:       5840 bytes,    2811776 total
: 90810K->4245K(109248K), 0.0109254 secs] 112021K->25464K(502464K), 0.0111672 secs] [Times: user=0.03 sys=0.00, real=0.01 secs] 
Heap after GC invocations=96 (full 2):
 par new generation   total 109248K, used 4245K [0x00000000e0000000, 0x00000000e8000000, 0x00000000e8000000)
  eden space 87424K,   0% used [0x00000000e0000000, 0x00000000e0000000, 0x00000000e5560000)
  from space 21824K,  19% used [0x00000000e5560000, 0x00000000e5985608, 0x00000000e6ab0000)
  to   space 21824K,   0% used [0x00000000e6ab0000, 0x00000000e6ab0000, 0x00000000e8000000)
 concurrent mark-sweep generation total 393216K, used 21219K [0x00000000e8000000, 0x0000000100000000, 0x0000000100000000)
 Metaspace       used 39822K, capacity 40786K, committed 40908K, reserved 1085440K
  class space    used 4572K, capacity 4801K, committed 4812K, reserved 1048576K
}
2017-10-31T05:16:20.308-0700: 2384.539: Total time for which application threads were stopped: 0.0120002 seconds, Stopping threads took: 0.0000806 seconds
2017-10-31T05:16:22.470-0700: 2386.700: Total time for which application threads were stopped: 0.0001896 seconds, Stopping threads took: 0.0000298 seconds
{Heap before GC invocations=96 (full 2):
 par new generation   total 109248K, used 91669K [0x00000000e0000000, 0x00000000e8000000, 0x00000000e8000000)
  eden space 87424K, 100% used [0x00000000e0000000, 0x00000000e5560000, 0x00000000e5560000)
  from space 21824K,  19% used [0x00000000e5560000, 0x00000000e5985608, 0x00000000e6ab0000)
  to   space 21824K,   0% used [0x00000000e6ab0000, 0x00000000e6ab0000, 0x00000000e8000000)
 concurrent mark-sweep generation total 393216K, used 21219K [0x00000000e8000000, 0x0000000100000000, 0x0000000100000000)
 Metaspace       used 39824K, capacity 40786K, committed 40908K, reserved 1085440K
  class space    used 4572K, capacity 4801K, committed 4812K, reserved 1048576K
2017-10-31T05:16:23.413-0700: 2387.643: [GC (Allocation Failure) 2017-10-31T05:16:23.413-0700: 2387.643: [ParNew
Desired survivor size 20112992 bytes, new threshold 8 (max 8)
- age   1:    1713344 bytes,    1713344 total
- age   2:       7664 bytes,    1721008 total
- age   3:       6888 bytes,    1727896 total
- age   4:       6784 bytes,    1734680 total
- age   5:      10640 bytes,    1745320 total
- age   6:       8400 bytes,    1753720 total
- age   7:       6648 bytes,    1760368 total
- age   8:       5856 bytes,    1766224 total
: 91669K->2248K(109248K), 0.0040635 secs] 112888K->23472K(502464K), 0.0042179 secs] [Times: user=0.03 sys=0.00, real=0.00 secs] 
Heap after GC invocations=97 (full 2):
 par new generation   total 109248K, used 2248K [0x00000000e0000000, 0x00000000e8000000, 0x00000000e8000000)
  eden space 87424K,   0% used [0x00000000e0000000, 0x00000000e0000000, 0x00000000e5560000)
  from space 21824K,  10% used [0x00000000e6ab0000, 0x00000000e6ce2050, 0x00000000e8000000)
  to   space 21824K,   0% used [0x00000000e5560000, 0x00000000e5560000, 0x00000000e6ab0000)
 concurrent mark-sweep generation total 393216K, used 21224K [0x00000000e8000000, 0x0000000100000000, 0x0000000100000000)
 Metaspace       used 39824K, capacity 40786K, committed 40908K, reserved 1085440K
  class space    used 4572K, capacity 4801K, committed 4812K, reserved 1048576K
}
2017-10-31T05:16:23.417-0700: 2387.647: Total time for which application threads were stopped: 0.0045376 seconds, Stopping threads took: 0.0000312 seconds
2017-10-31T05:16:24.773-0700: 2389.004: Total time for which application threads were stopped: 0.0002248 seconds, Stopping threads took: 0.0000325 seconds
2017-10-31T05:16:25.774-0700: 2390.004: Total time for which application threads were stopped: 0.0001700 seconds, Stopping threads took: 0.0000332 seconds
{Heap before GC invocations=97 (full 2):
 par new generation   total 109248K, used 89672K [0x00000000e0000000, 0x00000000e8000000, 0x00000000e8000000)
  eden space 87424K, 100% used [0x00000000e0000000, 0x00000000e5560000, 0x00000000e5560000)
  from space 21824K,  10% used [0x00000000e6ab0000, 0x00000000e6ce2050, 0x00000000e8000000)
  to   space 21824K,   0% used [0x00000000e5560000, 0x00000000e5560000, 0x00000000e6ab0000)
 concurrent mark-sweep generation total 393216K, used 21224K [0x00000000e8000000, 0x0000000100000000, 0x0000000100000000)
 Metaspace       used 39824K, capacity 40786K, committed 40908K, reserved 1085440K
  class space    used 4572K, capacity 4801K, committed 4812K, reserved 1048576K
2017-10-31T05:16:26.515-0700: 2390.746: [GC (Allocation Failure) 2017-10-31T05:16:26.515-0700: 2390.746: [ParNew
Desired survivor size 20112992 bytes, new threshold 8 (max 8)
- age   1:    1801552 bytes,    1801552 total
- age   2:       9144 bytes,    1810696 total
- age   3:       6752 bytes,    1817448 total
- age   4:       6888 bytes,    1824336 total
- age   5:       6784 bytes,    1831120 total
- age   6:       9920 bytes,    1841040 total
- age   7:       8400 bytes,    1849440 total
- age   8:       6648 bytes,    1856088 total
: 89672K->2203K(109248K), 0.0039700 secs] 110896K->23433K(502464K), 0.0041211 secs] [Times: user=0.00 sys=0.00, real=0.00 secs] 
Heap after GC invocations=98 (full 2):
 par new generation   total 109248K, used 2203K [0x00000000e0000000, 0x00000000e8000000, 0x00000000e8000000)
  eden space 87424K,   0% used [0x00000000e0000000, 0x00000000e0000000, 0x00000000e5560000)
  from space 21824K,  10% used [0x00000000e5560000, 0x00000000e5786c10, 0x00000000e6ab0000)
  to   space 21824K,   0% used [0x00000000e6ab0000, 0x00000000e6ab0000, 0x00000000e8000000)
 concurrent mark-sweep generation total 393216K, used 21230K [0x00000000e8000000, 0x0000000100000000, 0x0000000100000000)
 Metaspace       used 39824K, capacity 40786K, committed 40908K, reserved 1085440K
  class space    used 4572K, capacity 4801K, committed 4812K, reserved 1048576K
}
2017-10-31T05:16:26.519-0700: 2390.750: Total time for which application threads were stopped: 0.0043994 seconds, Stopping threads took: 0.0000278 seconds
2017-10-31T05:16:27.473-0700: 2391.704: Total time for which application threads were stopped: 0.0002851 seconds, Stopping threads took: 0.0000312 seconds
2017-10-31T05:16:28.473-0700: 2392.704: Total time for which application threads were stopped: 0.0001585 seconds, Stopping threads took: 0.0000298 seconds
{Heap before GC invocations=98 (full 2):
 par new generation   total 109248K, used 89627K [0x00000000e0000000, 0x00000000e8000000, 0x00000000e8000000)
  eden space 87424K, 100% used [0x00000000e0000000, 0x00000000e5560000, 0x00000000e5560000)
  from space 21824K,  10% used [0x00000000e5560000, 0x00000000e5786c10, 0x00000000e6ab0000)
  to   space 21824K,   0% used [0x00000000e6ab0000, 0x00000000e6ab0000, 0x00000000e8000000)
 concurrent mark-sweep generation total 393216K, used 21230K [0x00000000e8000000, 0x0000000100000000, 0x0000000100000000)
 Metaspace       used 39824K, capacity 40786K, committed 40908K, reserved 1085440K
  class space    used 4572K, capacity 4801K, committed 4812K, reserved 1048576K
2017-10-31T05:16:29.353-0700: 2393.583: [GC (Allocation Failure) 2017-10-31T05:16:29.353-0700: 2393.583: [ParNew
Desired survivor size 20112992 bytes, new threshold 8 (max 8)
- age   1:    1859088 bytes,    1859088 total
- age   2:       9144 bytes,    1868232 total
- age   3:       8232 bytes,    1876464 total
- age   4:       6752 bytes,    1883216 total
- age   5:       6888 bytes,    1890104 total
- age   6:       6208 bytes,    1896312 total
- age   7:       9848 bytes,    1906160 total
- age   8:       8400 bytes,    1914560 total
: 89627K->2346K(109248K), 0.0068429 secs] 110857K->23583K(502464K), 0.0070136 secs] [Times: user=0.06 sys=0.00, real=0.01 secs] 
Heap after GC invocations=99 (full 2):
 par new generation   total 109248K, used 2346K [0x00000000e0000000, 0x00000000e8000000, 0x00000000e8000000)
  eden space 87424K,   0% used [0x00000000e0000000, 0x00000000e0000000, 0x00000000e5560000)
  from space 21824K,  10% used [0x00000000e6ab0000, 0x00000000e6cfa9d8, 0x00000000e8000000)
  to   space 21824K,   0% used [0x00000000e5560000, 0x00000000e5560000, 0x00000000e6ab0000)
 concurrent mark-sweep generation total 393216K, used 21237K [0x00000000e8000000, 0x0000000100000000, 0x0000000100000000)
 Metaspace       used 39824K, capacity 40786K, committed 40908K, reserved 1085440K
  class space    used 4572K, capacity 4801K, committed 4812K, reserved 1048576K
}
2017-10-31T05:16:29.360-0700: 2393.591: Total time for which application threads were stopped: 0.0074911 seconds, Stopping threads took: 0.0000379 seconds
2017-10-31T05:16:30.040-0700: 2394.271: Total time for which application threads were stopped: 0.0007734 seconds, Stopping threads took: 0.0001713 seconds
{Heap before GC invocations=99 (full 2):
 par new generation   total 109248K, used 89770K [0x00000000e0000000, 0x00000000e8000000, 0x00000000e8000000)
  eden space 87424K, 100% used [0x00000000e0000000, 0x00000000e5560000, 0x00000000e5560000)
  from space 21824K,  10% used [0x00000000e6ab0000, 0x00000000e6cfa9d8, 0x00000000e8000000)
  to   space 21824K,   0% used [0x00000000e5560000, 0x00000000e5560000, 0x00000000e6ab0000)
 concurrent mark-sweep generation total 393216K, used 21237K [0x00000000e8000000, 0x0000000100000000, 0x0000000100000000)
 Metaspace       used 39824K, capacity 40786K, committed 40908K, reserved 1085440K
  class space    used 4572K, capacity 4801K, committed 4812K, reserved 1048576K
2017-10-31T05:16:32.314-0700: 2396.545: [GC (Allocation Failure) 2017-10-31T05:16:32.314-0700: 2396.545: [ParNew
Desired survivor size 20112992 bytes, new threshold 8 (max 8)
- age   1:    1910200 bytes,    1910200 total
- age   2:       9936 bytes,    1920136 total
- age   3:       8232 bytes,    1928368 total
- age   4:       8232 bytes,    1936600 total
- age   5:       6752 bytes,    1943352 total
- age   6:       6312 bytes,    1949664 total
- age   7:       6064 bytes,    1955728 total
- age   8:       9848 bytes,    1965576 total
: 89770K->2370K(109248K), 0.0042362 secs] 111007K->23616K(502464K), 0.0043398 secs] [Times: user=0.00 sys=0.00, real=0.00 secs] 
Heap after GC invocations=100 (full 2):
 par new generation   total 109248K, used 2370K [0x00000000e0000000, 0x00000000e8000000, 0x00000000e8000000)
  eden space 87424K,   0% used [0x00000000e0000000, 0x00000000e0000000, 0x00000000e5560000)
  from space 21824K,  10% used [0x00000000e5560000, 0x00000000e57b0ac8, 0x00000000e6ab0000)
  to   space 21824K,   0% used [0x00000000e6ab0000, 0x00000000e6ab0000, 0x00000000e8000000)
 concurrent mark-sweep generation total 393216K, used 21245K [0x00000000e8000000, 0x0000000100000000, 0x0000000100000000)
 Metaspace       used 39824K, capacity 40786K, committed 40908K, reserved 1085440K
  class space    used 4572K, capacity 4801K, committed 4812K, reserved 1048576K
}
2017-10-31T05:16:32.318-0700: 2396.550: Total time for which application threads were stopped: 0.0046947 seconds, Stopping threads took: 0.0000318 seconds
2017-10-31T05:16:32.470-0700: 2396.701: Total time for which application threads were stopped: 0.0002709 seconds, Stopping threads took: 0.0000555 seconds
2017-10-31T05:16:33.471-0700: 2397.701: Total time for which application threads were stopped: 0.0001646 seconds, Stopping threads took: 0.0000318 seconds
2017-10-31T05:16:35.158-0700: 2399.389: Total time for which application threads were stopped: 0.0004924 seconds, Stopping threads took: 0.0000664 seconds
{Heap before GC invocations=100 (full 2):
 par new generation   total 109248K, used 89794K [0x00000000e0000000, 0x00000000e8000000, 0x00000000e8000000)
  eden space 87424K, 100% used [0x00000000e0000000, 0x00000000e5560000, 0x00000000e5560000)
  from space 21824K,  10% used [0x00000000e5560000, 0x00000000e57b0ac8, 0x00000000e6ab0000)
  to   space 21824K,   0% used [0x00000000e6ab0000, 0x00000000e6ab0000, 0x00000000e8000000)
 concurrent mark-sweep generation total 393216K, used 21245K [0x00000000e8000000, 0x0000000100000000, 0x0000000100000000)
 Metaspace       used 39825K, capacity 40786K, committed 40908K, reserved 1085440K
  class space    used 4572K, capacity 4801K, committed 4812K, reserved 1048576K
2017-10-31T05:16:35.209-0700: 2399.440: [GC (Allocation Failure) 2017-10-31T05:16:35.209-0700: 2399.440: [ParNew
Desired survivor size 20112992 bytes, new threshold 8 (max 8)
- age   1:    2696280 bytes,    2696280 total
- age   2:      76296 bytes,    2772576 total
- age   3:       9024 bytes,    2781600 total
- age   4:       8232 bytes,    2789832 total
- age   5:       8232 bytes,    2798064 total
- age   6:       6104 bytes,    2804168 total
- age   7:       6168 bytes,    2810336 total
- age   8:       6064 bytes,    2816400 total
: 89794K->2950K(109248K), 0.0045322 secs] 111040K->24205K(502464K), 0.0046392 secs] [Times: user=0.02 sys=0.00, real=0.00 secs] 
Heap after GC invocations=101 (full 2):
 par new generation   total 109248K, used 2950K [0x00000000e0000000, 0x00000000e8000000, 0x00000000e8000000)
  eden space 87424K,   0% used [0x00000000e0000000, 0x00000000e0000000, 0x00000000e5560000)
  from space 21824K,  13% used [0x00000000e6ab0000, 0x00000000e6d91b00, 0x00000000e8000000)
  to   space 21824K,   0% used [0x00000000e5560000, 0x00000000e5560000, 0x00000000e6ab0000)
 concurrent mark-sweep generation total 393216K, used 21254K [0x00000000e8000000, 0x0000000100000000, 0x0000000100000000)
 Metaspace       used 39825K, capacity 40786K, committed 40908K, reserved 1085440K
  class space    used 4572K, capacity 4801K, committed 4812K, reserved 1048576K
}
2017-10-31T05:16:35.214-0700: 2399.445: Total time for which application threads were stopped: 0.0049744 seconds, Stopping threads took: 0.0000318 seconds
2017-10-31T05:16:36.215-0700: 2400.445: Total time for which application threads were stopped: 0.0002093 seconds, Stopping threads took: 0.0000406 seconds
2017-10-31T05:16:37.848-0700: 2402.079: Total time for which application threads were stopped: 0.0003000 seconds, Stopping threads took: 0.0000555 seconds
{Heap before GC invocations=101 (full 2):
 par new generation   total 109248K, used 90141K [0x00000000e0000000, 0x00000000e8000000, 0x00000000e8000000)
  eden space 87424K,  99% used [0x00000000e0000000, 0x00000000e5525a38, 0x00000000e5560000)
  from space 21824K,  13% used [0x00000000e6ab0000, 0x00000000e6d91b00, 0x00000000e8000000)
  to   space 21824K,   0% used [0x00000000e5560000, 0x00000000e5560000, 0x00000000e6ab0000)
 concurrent mark-sweep generation total 393216K, used 21254K [0x00000000e8000000, 0x0000000100000000, 0x0000000100000000)
 Metaspace       used 39825K, capacity 40786K, committed 40908K, reserved 1085440K
  class space    used 4572K, capacity 4801K, committed 4812K, reserved 1048576K
2017-10-31T05:16:37.912-0700: 2402.144: [GC (Allocation Failure) 2017-10-31T05:16:37.913-0700: 2402.144: [ParNew
Desired survivor size 20112992 bytes, new threshold 8 (max 8)
- age   1:    2528744 bytes,    2528744 total
- age   2:     657728 bytes,    3186472 total
- age   3:       8304 bytes,    3194776 total
- age   4:       9024 bytes,    3203800 total
- age   5:       8232 bytes,    3212032 total
- age   6:       7512 bytes,    3219544 total
- age   7:       6104 bytes,    3225648 total
- age   8:       6168 bytes,    3231816 total
: 90141K->3961K(109248K), 0.0045674 secs] 111396K->25222K(502464K), 0.0046703 secs] [Times: user=0.06 sys=0.00, real=0.01 secs] 
Heap after GC invocations=102 (full 2):
 par new generation   total 109248K, used 3961K [0x00000000e0000000, 0x00000000e8000000, 0x00000000e8000000)
  eden space 87424K,   0% used [0x00000000e0000000, 0x00000000e0000000, 0x00000000e5560000)
  from space 21824K,  18% used [0x00000000e5560000, 0x00000000e593e780, 0x00000000e6ab0000)
  to   space 21824K,   0% used [0x00000000e6ab0000, 0x00000000e6ab0000, 0x00000000e8000000)
 concurrent mark-sweep generation total 393216K, used 21260K [0x00000000e8000000, 0x0000000100000000, 0x0000000100000000)
 Metaspace       used 39825K, capacity 40786K, committed 40908K, reserved 1085440K
  class space    used 4572K, capacity 4801K, committed 4812K, reserved 1048576K
}
2017-10-31T05:16:37.917-0700: 2402.148: Total time for which application threads were stopped: 0.0049737 seconds, Stopping threads took: 0.0000298 seconds
2017-10-31T05:16:38.918-0700: 2403.149: Total time for which application threads were stopped: 0.0001930 seconds, Stopping threads took: 0.0000325 seconds
2017-10-31T05:16:40.372-0700: 2404.603: Total time for which application threads were stopped: 0.0001978 seconds, Stopping threads took: 0.0000278 seconds
2017-10-31T05:16:41.373-0700: 2405.603: Total time for which application threads were stopped: 0.0001266 seconds, Stopping threads took: 0.0000372 seconds
{Heap before GC invocations=102 (full 2):
 par new generation   total 109248K, used 91358K [0x00000000e0000000, 0x00000000e8000000, 0x00000000e8000000)
  eden space 87424K,  99% used [0x00000000e0000000, 0x00000000e55593d8, 0x00000000e5560000)
  from space 21824K,  18% used [0x00000000e5560000, 0x00000000e593e780, 0x00000000e6ab0000)
  to   space 21824K,   0% used [0x00000000e6ab0000, 0x00000000e6ab0000, 0x00000000e8000000)
 concurrent mark-sweep generation total 393216K, used 21260K [0x00000000e8000000, 0x0000000100000000, 0x0000000100000000)
 Metaspace       used 39829K, capacity 40786K, committed 40908K, reserved 1085440K
  class space    used 4572K, capacity 4801K, committed 4812K, reserved 1048576K
2017-10-31T05:16:41.380-0700: 2405.610: [GC (Allocation Failure) 2017-10-31T05:16:41.380-0700: 2405.610: [ParNew
Desired survivor size 20112992 bytes, new threshold 8 (max 8)
- age   1:    2088808 bytes,    2088808 total
- age   2:       8024 bytes,    2096832 total
- age   3:       8800 bytes,    2105632 total
- age   4:       8304 bytes,    2113936 total
- age   5:       9024 bytes,    2122960 total
- age   6:       7440 bytes,    2130400 total
- age   7:       7440 bytes,    2137840 total
- age   8:       6104 bytes,    2143944 total
: 91358K->3013K(109248K), 0.0038989 secs] 112619K->24280K(502464K), 0.0039944 secs] [Times: user=0.00 sys=0.00, real=0.00 secs] 
Heap after GC invocations=103 (full 2):
 par new generation   total 109248K, used 3013K [0x00000000e0000000, 0x00000000e8000000, 0x00000000e8000000)
  eden space 87424K,   0% used [0x00000000e0000000, 0x00000000e0000000, 0x00000000e5560000)
  from space 21824K,  13% used [0x00000000e6ab0000, 0x00000000e6da1768, 0x00000000e8000000)
  to   space 21824K,   0% used [0x00000000e5560000, 0x00000000e5560000, 0x00000000e6ab0000)
 concurrent mark-sweep generation total 393216K, used 21266K [0x00000000e8000000, 0x0000000100000000, 0x0000000100000000)
 Metaspace       used 39829K, capacity 40786K, committed 40908K, reserved 1085440K
  class space    used 4572K, capacity 4801K, committed 4812K, reserved 1048576K
}
2017-10-31T05:16:41.384-0700: 2405.614: Total time for which application threads were stopped: 0.0042640 seconds, Stopping threads took: 0.0000251 seconds
2017-10-31T05:16:42.384-0700: 2406.614: Total time for which application threads were stopped: 0.0001937 seconds, Stopping threads took: 0.0000440 seconds
2017-10-31T05:16:43.245-0700: 2407.476: Total time for which application threads were stopped: 0.0008052 seconds, Stopping threads took: 0.0001781 seconds
{Heap before GC invocations=103 (full 2):
 par new generation   total 109248K, used 90234K [0x00000000e0000000, 0x00000000e8000000, 0x00000000e8000000)
  eden space 87424K,  99% used [0x00000000e0000000, 0x00000000e552d270, 0x00000000e5560000)
  from space 21824K,  13% used [0x00000000e6ab0000, 0x00000000e6da1768, 0x00000000e8000000)
  to   space 21824K,   0% used [0x00000000e5560000, 0x00000000e5560000, 0x00000000e6ab0000)
 concurrent mark-sweep generation total 393216K, used 21266K [0x00000000e8000000, 0x0000000100000000, 0x0000000100000000)
 Metaspace       used 39829K, capacity 40786K, committed 40908K, reserved 1085440K
  class space    used 4572K, capacity 4801K, committed 4812K, reserved 1048576K
2017-10-31T05:16:44.351-0700: 2408.582: [GC (Allocation Failure) 2017-10-31T05:16:44.351-0700: 2408.582: [ParNew
Desired survivor size 20112992 bytes, new threshold 8 (max 8)
- age   1:    1928480 bytes,    1928480 total
- age   2:      78040 bytes,    2006520 total
- age   3:       6984 bytes,    2013504 total
- age   4:       8800 bytes,    2022304 total
- age   5:       8304 bytes,    2030608 total
- age   6:       8232 bytes,    2038840 total
- age   7:       7440 bytes,    2046280 total
- age   8:       7440 bytes,    2053720 total
: 90234K->2182K(109248K), 0.0057614 secs] 111501K->23455K(502464K), 0.0058386 secs] [Times: user=0.06 sys=0.00, real=0.01 secs] 
Heap after GC invocations=104 (full 2):
 par new generation   total 109248K, used 2182K [0x00000000e0000000, 0x00000000e8000000, 0x00000000e8000000)
  eden space 87424K,   0% used [0x00000000e0000000, 0x00000000e0000000, 0x00000000e5560000)
  from space 21824K,   9% used [0x00000000e5560000, 0x00000000e5781910, 0x00000000e6ab0000)
  to   space 21824K,   0% used [0x00000000e6ab0000, 0x00000000e6ab0000, 0x00000000e8000000)
 concurrent mark-sweep generation total 393216K, used 21272K [0x00000000e8000000, 0x0000000100000000, 0x0000000100000000)
 Metaspace       used 39829K, capacity 40786K, committed 40908K, reserved 1085440K
  class space    used 4572K, capacity 4801K, committed 4812K, reserved 1048576K
}
2017-10-31T05:16:44.357-0700: 2408.588: Total time for which application threads were stopped: 0.0060824 seconds, Stopping threads took: 0.0000223 seconds
2017-10-31T05:16:45.784-0700: 2410.015: Total time for which application threads were stopped: 0.0006149 seconds, Stopping threads took: 0.0000894 seconds
{Heap before GC invocations=104 (full 2):
 par new generation   total 109248K, used 89095K [0x00000000e0000000, 0x00000000e8000000, 0x00000000e8000000)
  eden space 87424K,  99% used [0x00000000e0000000, 0x00000000e54e03e8, 0x00000000e5560000)
  from space 21824K,   9% used [0x00000000e5560000, 0x00000000e5781910, 0x00000000e6ab0000)
  to   space 21824K,   0% used [0x00000000e6ab0000, 0x00000000e6ab0000, 0x00000000e8000000)
 concurrent mark-sweep generation total 393216K, used 21272K [0x00000000e8000000, 0x0000000100000000, 0x0000000100000000)
 Metaspace       used 39829K, capacity 40786K, committed 40908K, reserved 1085440K
  class space    used 4572K, capacity 4801K, committed 4812K, reserved 1048576K
2017-10-31T05:16:47.340-0700: 2411.571: [GC (Allocation Failure) 2017-10-31T05:16:47.340-0700: 2411.571: [ParNew
Desired survivor size 20112992 bytes, new threshold 8 (max 8)
- age   1:    2139904 bytes,    2139904 total
- age   2:       8496 bytes,    2148400 total
- age   3:      10048 bytes,    2158448 total
- age   4:       6984 bytes,    2165432 total
- age   5:       8800 bytes,    2174232 total
- age   6:       7512 bytes,    2181744 total
- age   7:       8232 bytes,    2189976 total
- age   8:       7440 bytes,    2197416 total
: 89095K->2569K(109248K), 0.0066790 secs] 110368K->23849K(502464K), 0.0067664 secs] [Times: user=0.00 sys=0.00, real=0.01 secs] 
Heap after GC invocations=105 (full 2):
 par new generation   total 109248K, used 2569K [0x00000000e0000000, 0x00000000e8000000, 0x00000000e8000000)
  eden space 87424K,   0% used [0x00000000e0000000, 0x00000000e0000000, 0x00000000e5560000)
  from space 21824K,  11% used [0x00000000e6ab0000, 0x00000000e6d32648, 0x00000000e8000000)
  to   space 21824K,   0% used [0x00000000e5560000, 0x00000000e5560000, 0x00000000e6ab0000)
 concurrent mark-sweep generation total 393216K, used 21280K [0x00000000e8000000, 0x0000000100000000, 0x0000000100000000)
 Metaspace       used 39829K, capacity 40786K, committed 40908K, reserved 1085440K
  class space    used 4572K, capacity 4801K, committed 4812K, reserved 1048576K
}
2017-10-31T05:16:47.347-0700: 2411.578: Total time for which application threads were stopped: 0.0070210 seconds, Stopping threads took: 0.0000257 seconds
2017-10-31T05:16:48.477-0700: 2412.708: Total time for which application threads were stopped: 0.0002912 seconds, Stopping threads took: 0.0000542 seconds
{Heap before GC invocations=105 (full 2):
 par new generation   total 109248K, used 89993K [0x00000000e0000000, 0x00000000e8000000, 0x00000000e8000000)
  eden space 87424K, 100% used [0x00000000e0000000, 0x00000000e5560000, 0x00000000e5560000)
  from space 21824K,  11% used [0x00000000e6ab0000, 0x00000000e6d32648, 0x00000000e8000000)
  to   space 21824K,   0% used [0x00000000e5560000, 0x00000000e5560000, 0x00000000e6ab0000)
 concurrent mark-sweep generation total 393216K, used 21280K [0x00000000e8000000, 0x0000000100000000, 0x0000000100000000)
 Metaspace       used 39832K, capacity 40786K, committed 40908K, reserved 1085440K
  class space    used 4572K, capacity 4801K, committed 4812K, reserved 1048576K
2017-10-31T05:16:50.468-0700: 2414.699: [GC (Allocation Failure) 2017-10-31T05:16:50.468-0700: 2414.699: [ParNew
Desired survivor size 20112992 bytes, new threshold 8 (max 8)
- age   1:    1904976 bytes,    1904976 total
- age   2:      76392 bytes,    1981368 total
- age   3:       7584 bytes,    1988952 total
- age   4:      10048 bytes,    1999000 total
- age   5:       6984 bytes,    2005984 total
- age   6:       8080 bytes,    2014064 total
- age   7:       7512 bytes,    2021576 total
- age   8:       8232 bytes,    2029808 total
: 89993K->2880K(109248K), 0.0047922 secs] 111273K->24168K(502464K), 0.0049209 secs] [Times: user=0.00 sys=0.00, real=0.01 secs] 
Heap after GC invocations=106 (full 2):
 par new generation   total 109248K, used 2880K [0x00000000e0000000, 0x00000000e8000000, 0x00000000e8000000)
  eden space 87424K,   0% used [0x00000000e0000000, 0x00000000e0000000, 0x00000000e5560000)
  from space 21824K,  13% used [0x00000000e5560000, 0x00000000e5830338, 0x00000000e6ab0000)
  to   space 21824K,   0% used [0x00000000e6ab0000, 0x00000000e6ab0000, 0x00000000e8000000)
 concurrent mark-sweep generation total 393216K, used 21287K [0x00000000e8000000, 0x0000000100000000, 0x0000000100000000)
 Metaspace       used 39832K, capacity 40786K, committed 40908K, reserved 1085440K
  class space    used 4572K, capacity 4801K, committed 4812K, reserved 1048576K
}
2017-10-31T05:16:50.473-0700: 2414.704: Total time for which application threads were stopped: 0.0053083 seconds, Stopping threads took: 0.0000345 seconds
2017-10-31T05:16:50.999-0700: 2415.230: Total time for which application threads were stopped: 0.0005601 seconds, Stopping threads took: 0.0001016 seconds
{Heap before GC invocations=106 (full 2):
 par new generation   total 109248K, used 89970K [0x00000000e0000000, 0x00000000e8000000, 0x00000000e8000000)
  eden space 87424K,  99% used [0x00000000e0000000, 0x00000000e550c5b8, 0x00000000e5560000)
  from space 21824K,  13% used [0x00000000e5560000, 0x00000000e5830338, 0x00000000e6ab0000)
  to   space 21824K,   0% used [0x00000000e6ab0000, 0x00000000e6ab0000, 0x00000000e8000000)
 concurrent mark-sweep generation total 393216K, used 21287K [0x00000000e8000000, 0x0000000100000000, 0x0000000100000000)
 Metaspace       used 39832K, capacity 40786K, committed 40908K, reserved 1085440K
  class space    used 4572K, capacity 4801K, committed 4812K, reserved 1048576K
2017-10-31T05:16:53.467-0700: 2417.698: [GC (Allocation Failure) 2017-10-31T05:16:53.467-0700: 2417.698: [ParNew
Desired survivor size 20112992 bytes, new threshold 8 (max 8)
- age   1:    2156736 bytes,    2156736 total
- age   2:       8640 bytes,    2165376 total
- age   3:       8400 bytes,    2173776 total
- age   4:       7584 bytes,    2181360 total
- age   5:       9976 bytes,    2191336 total
- age   6:       6336 bytes,    2197672 total
- age   7:       8080 bytes,    2205752 total
- age   8:       7512 bytes,    2213264 total
: 89970K->2829K(109248K), 0.0069134 secs] 111257K->24124K(502464K), 0.0069892 secs] [Times: user=0.00 sys=0.00, real=0.01 secs] 
Heap after GC invocations=107 (full 2):
 par new generation   total 109248K, used 2829K [0x00000000e0000000, 0x00000000e8000000, 0x00000000e8000000)
  eden space 87424K,   0% used [0x00000000e0000000, 0x00000000e0000000, 0x00000000e5560000)
  from space 21824K,  12% used [0x00000000e6ab0000, 0x00000000e6d735c0, 0x00000000e8000000)
  to   space 21824K,   0% used [0x00000000e5560000, 0x00000000e5560000, 0x00000000e6ab0000)
 concurrent mark-sweep generation total 393216K, used 21295K [0x00000000e8000000, 0x0000000100000000, 0x0000000100000000)
 Metaspace       used 39832K, capacity 40786K, committed 40908K, reserved 1085440K
  class space    used 4572K, capacity 4801K, committed 4812K, reserved 1048576K
}
2017-10-31T05:16:53.474-0700: 2417.705: Total time for which application threads were stopped: 0.0072506 seconds, Stopping threads took: 0.0000271 seconds
2017-10-31T05:16:53.696-0700: 2417.927: Total time for which application threads were stopped: 0.0002790 seconds, Stopping threads took: 0.0000474 seconds
2017-10-31T05:16:54.697-0700: 2418.928: Total time for which application threads were stopped: 0.0001741 seconds, Stopping threads took: 0.0000372 seconds
2017-10-31T05:16:55.698-0700: 2419.928: Total time for which application threads were stopped: 0.0001632 seconds, Stopping threads took: 0.0000271 seconds
2017-10-31T05:16:56.251-0700: 2420.482: Total time for which application threads were stopped: 0.0003745 seconds, Stopping threads took: 0.0000488 seconds
{Heap before GC invocations=107 (full 2):
 par new generation   total 109248K, used 90253K [0x00000000e0000000, 0x00000000e8000000, 0x00000000e8000000)
  eden space 87424K, 100% used [0x00000000e0000000, 0x00000000e5560000, 0x00000000e5560000)
  from space 21824K,  12% used [0x00000000e6ab0000, 0x00000000e6d735c0, 0x00000000e8000000)
  to   space 21824K,   0% used [0x00000000e5560000, 0x00000000e5560000, 0x00000000e6ab0000)
 concurrent mark-sweep generation total 393216K, used 21295K [0x00000000e8000000, 0x0000000100000000, 0x0000000100000000)
 Metaspace       used 39835K, capacity 40786K, committed 40908K, reserved 1085440K
  class space    used 4572K, capacity 4801K, committed 4812K, reserved 1048576K
2017-10-31T05:16:56.315-0700: 2420.545: [GC (Allocation Failure) 2017-10-31T05:16:56.315-0700: 2420.545: [ParNew
Desired survivor size 20112992 bytes, new threshold 8 (max 8)
- age   1:    2799696 bytes,    2799696 total
- age   2:      76664 bytes,    2876360 total
- age   3:       7728 bytes,    2884088 total
- age   4:       8400 bytes,    2892488 total
- age   5:       7584 bytes,    2900072 total
- age   6:       9328 bytes,    2909400 total
- age   7:       6336 bytes,    2915736 total
- age   8:       8080 bytes,    2923816 total
: 90253K->3175K(109248K), 0.0058020 secs] 111548K->24478K(502464K), 0.0059232 secs] [Times: user=0.00 sys=0.00, real=0.01 secs] 
Heap after GC invocations=108 (full 2):
 par new generation   total 109248K, used 3175K [0x00000000e0000000, 0x00000000e8000000, 0x00000000e8000000)
  eden space 87424K,   0% used [0x00000000e0000000, 0x00000000e0000000, 0x00000000e5560000)
  from space 21824K,  14% used [0x00000000e5560000, 0x00000000e5879ef8, 0x00000000e6ab0000)
  to   space 21824K,   0% used [0x00000000e6ab0000, 0x00000000e6ab0000, 0x00000000e8000000)
 concurrent mark-sweep generation total 393216K, used 21302K [0x00000000e8000000, 0x0000000100000000, 0x0000000100000000)
 Metaspace       used 39835K, capacity 40786K, committed 40908K, reserved 1085440K
  class space    used 4572K, capacity 4801K, committed 4812K, reserved 1048576K
}
2017-10-31T05:16:56.321-0700: 2420.551: Total time for which application threads were stopped: 0.0063614 seconds, Stopping threads took: 0.0000400 seconds
2017-10-31T05:16:58.322-0700: 2422.553: Total time for which application threads were stopped: 0.0001781 seconds, Stopping threads took: 0.0000555 seconds
2017-10-31T05:16:58.625-0700: 2422.855: Total time for which application threads were stopped: 0.0002397 seconds, Stopping threads took: 0.0000318 seconds
{Heap before GC invocations=108 (full 2):
 par new generation   total 109248K, used 90599K [0x00000000e0000000, 0x00000000e8000000, 0x00000000e8000000)
  eden space 87424K, 100% used [0x00000000e0000000, 0x00000000e5560000, 0x00000000e5560000)
  from space 21824K,  14% used [0x00000000e5560000, 0x00000000e5879ef8, 0x00000000e6ab0000)
  to   space 21824K,   0% used [0x00000000e6ab0000, 0x00000000e6ab0000, 0x00000000e8000000)
 concurrent mark-sweep generation total 393216K, used 21302K [0x00000000e8000000, 0x0000000100000000, 0x0000000100000000)
 Metaspace       used 39838K, capacity 40786K, committed 40908K, reserved 1085440K
  class space    used 4572K, capacity 4801K, committed 4812K, reserved 1048576K
2017-10-31T05:16:58.688-0700: 2422.919: [GC (Allocation Failure) 2017-10-31T05:16:58.688-0700: 2422.919: [ParNew
Desired survivor size 20112992 bytes, new threshold 8 (max 8)
- age   1:    2457560 bytes,    2457560 total
- age   2:     589168 bytes,    3046728 total
- age   3:       8672 bytes,    3055400 total
- age   4:       7728 bytes,    3063128 total
- age   5:       8400 bytes,    3071528 total
- age   6:       7008 bytes,    3078536 total
- age   7:       9256 bytes,    3087792 total
- age   8:       6336 bytes,    3094128 total
: 90599K->3704K(109248K), 0.0044448 secs] 111902K->25015K(502464K), 0.0045565 secs] [Times: user=0.00 sys=0.00, real=0.01 secs] 
Heap after GC invocations=109 (full 2):
 par new generation   total 109248K, used 3704K [0x00000000e0000000, 0x00000000e8000000, 0x00000000e8000000)
  eden space 87424K,   0% used [0x00000000e0000000, 0x00000000e0000000, 0x00000000e5560000)
  from space 21824K,  16% used [0x00000000e6ab0000, 0x00000000e6e4e1e8, 0x00000000e8000000)
  to   space 21824K,   0% used [0x00000000e5560000, 0x00000000e5560000, 0x00000000e6ab0000)
 concurrent mark-sweep generation total 393216K, used 21310K [0x00000000e8000000, 0x0000000100000000, 0x0000000100000000)
 Metaspace       used 39838K, capacity 40786K, committed 40908K, reserved 1085440K
  class space    used 4572K, capacity 4801K, committed 4812K, reserved 1048576K
}
2017-10-31T05:16:58.693-0700: 2422.923: Total time for which application threads were stopped: 0.0048687 seconds, Stopping threads took: 0.0000406 seconds
2017-10-31T05:16:59.693-0700: 2423.924: Total time for which application threads were stopped: 0.0001625 seconds, Stopping threads took: 0.0000332 seconds
2017-10-31T05:17:01.058-0700: 2425.288: Total time for which application threads were stopped: 0.0006644 seconds, Stopping threads took: 0.0000853 seconds
{Heap before GC invocations=109 (full 2):
 par new generation   total 109248K, used 90792K [0x00000000e0000000, 0x00000000e8000000, 0x00000000e8000000)
  eden space 87424K,  99% used [0x00000000e0000000, 0x00000000e550be90, 0x00000000e5560000)
  from space 21824K,  16% used [0x00000000e6ab0000, 0x00000000e6e4e1e8, 0x00000000e8000000)
  to   space 21824K,   0% used [0x00000000e5560000, 0x00000000e5560000, 0x00000000e6ab0000)
 concurrent mark-sweep generation total 393216K, used 21310K [0x00000000e8000000, 0x0000000100000000, 0x0000000100000000)
 Metaspace       used 39838K, capacity 40786K, committed 40908K, reserved 1085440K
  class space    used 4572K, capacity 4801K, committed 4812K, reserved 1048576K
2017-10-31T05:17:01.473-0700: 2425.704: [GC (Allocation Failure) 2017-10-31T05:17:01.473-0700: 2425.704: [ParNew
Desired survivor size 20112992 bytes, new threshold 8 (max 8)
- age   1:    2113064 bytes,    2113064 total
- age   2:      79592 bytes,    2192656 total
- age   3:       9920 bytes,    2202576 total
- age   4:       8672 bytes,    2211248 total
- age   5:       7728 bytes,    2218976 total
- age   6:       7896 bytes,    2226872 total
- age   7:       6864 bytes,    2233736 total
- age   8:       9256 bytes,    2242992 total
: 90792K->3854K(109248K), 0.0099711 secs] 112102K->25170K(502464K), 0.0101019 secs] [Times: user=0.02 sys=0.00, real=0.01 secs] 
Heap after GC invocations=110 (full 2):
 par new generation   total 109248K, used 3854K [0x00000000e0000000, 0x00000000e8000000, 0x00000000e8000000)
  eden space 87424K,   0% used [0x00000000e0000000, 0x00000000e0000000, 0x00000000e5560000)
  from space 21824K,  17% used [0x00000000e5560000, 0x00000000e5923840, 0x00000000e6ab0000)
  to   space 21824K,   0% used [0x00000000e6ab0000, 0x00000000e6ab0000, 0x00000000e8000000)
 concurrent mark-sweep generation total 393216K, used 21316K [0x00000000e8000000, 0x0000000100000000, 0x0000000100000000)
 Metaspace       used 39838K, capacity 40786K, committed 40908K, reserved 1085440K
  class space    used 4572K, capacity 4801K, committed 4812K, reserved 1048576K
}
2017-10-31T05:17:01.483-0700: 2425.714: Total time for which application threads were stopped: 0.0105116 seconds, Stopping threads took: 0.0000372 seconds
2017-10-31T05:17:03.605-0700: 2427.835: Total time for which application threads were stopped: 0.0002296 seconds, Stopping threads took: 0.0000427 seconds
{Heap before GC invocations=110 (full 2):
 par new generation   total 109248K, used 90974K [0x00000000e0000000, 0x00000000e8000000, 0x00000000e8000000)
  eden space 87424K,  99% used [0x00000000e0000000, 0x00000000e5514378, 0x00000000e5560000)
  from space 21824K,  17% used [0x00000000e5560000, 0x00000000e5923840, 0x00000000e6ab0000)
  to   space 21824K,   0% used [0x00000000e6ab0000, 0x00000000e6ab0000, 0x00000000e8000000)
 concurrent mark-sweep generation total 393216K, used 21316K [0x00000000e8000000, 0x0000000100000000, 0x0000000100000000)
 Metaspace       used 39838K, capacity 40786K, committed 40908K, reserved 1085440K
  class space    used 4572K, capacity 4801K, committed 4812K, reserved 1048576K
2017-10-31T05:17:04.756-0700: 2428.987: [GC (Allocation Failure) 2017-10-31T05:17:04.756-0700: 2428.987: [ParNew
Desired survivor size 20112992 bytes, new threshold 8 (max 8)
- age   1:    2157448 bytes,    2157448 total
- age   2:       9664 bytes,    2167112 total
- age   3:       7200 bytes,    2174312 total
- age   4:       9920 bytes,    2184232 total
- age   5:       8672 bytes,    2192904 total
- age   6:       7224 bytes,    2200128 total
- age   7:       7608 bytes,    2207736 total
- age   8:       6864 bytes,    2214600 total
: 90974K->2570K(109248K), 0.0046229 secs] 112291K->23896K(502464K), 0.0047008 secs] [Times: user=0.02 sys=0.00, real=0.00 secs] 
Heap after GC invocations=111 (full 2):
 par new generation   total 109248K, used 2570K [0x00000000e0000000, 0x00000000e8000000, 0x00000000e8000000)
  eden space 87424K,   0% used [0x00000000e0000000, 0x00000000e0000000, 0x00000000e5560000)
  from space 21824K,  11% used [0x00000000e6ab0000, 0x00000000e6d328c0, 0x00000000e8000000)
  to   space 21824K,   0% used [0x00000000e5560000, 0x00000000e5560000, 0x00000000e6ab0000)
 concurrent mark-sweep generation total 393216K, used 21325K [0x00000000e8000000, 0x0000000100000000, 0x0000000100000000)
 Metaspace       used 39838K, capacity 40786K, committed 40908K, reserved 1085440K
  class space    used 4572K, capacity 4801K, committed 4812K, reserved 1048576K
}
2017-10-31T05:17:04.761-0700: 2428.992: Total time for which application threads were stopped: 0.0049460 seconds, Stopping threads took: 0.0000223 seconds
2017-10-31T05:17:06.151-0700: 2430.382: Total time for which application threads were stopped: 0.0007829 seconds, Stopping threads took: 0.0000664 seconds
{Heap before GC invocations=111 (full 2):
 par new generation   total 109248K, used 89994K [0x00000000e0000000, 0x00000000e8000000, 0x00000000e8000000)
  eden space 87424K, 100% used [0x00000000e0000000, 0x00000000e5560000, 0x00000000e5560000)
  from space 21824K,  11% used [0x00000000e6ab0000, 0x00000000e6d328c0, 0x00000000e8000000)
  to   space 21824K,   0% used [0x00000000e5560000, 0x00000000e5560000, 0x00000000e6ab0000)
 concurrent mark-sweep generation total 393216K, used 21325K [0x00000000e8000000, 0x0000000100000000, 0x0000000100000000)
 Metaspace       used 39839K, capacity 40786K, committed 40908K, reserved 1085440K
  class space    used 4573K, capacity 4801K, committed 4812K, reserved 1048576K
2017-10-31T05:17:07.612-0700: 2431.843: [GC (Allocation Failure) 2017-10-31T05:17:07.613-0700: 2431.843: [ParNew
Desired survivor size 20112992 bytes, new threshold 8 (max 8)
- age   1:    1872992 bytes,    1872992 total
- age   2:      10088 bytes,    1883080 total
- age   3:       8696 bytes,    1891776 total
- age   4:       7200 bytes,    1898976 total
- age   5:       9920 bytes,    1908896 total
- age   6:       8168 bytes,    1917064 total
- age   7:       7008 bytes,    1924072 total
- age   8:       7608 bytes,    1931680 total
: 89994K->2936K(109248K), 0.0064142 secs] 111320K->24269K(502464K), 0.0065111 secs] [Times: user=0.02 sys=0.00, real=0.01 secs] 
Heap after GC invocations=112 (full 2):
 par new generation   total 109248K, used 2936K [0x00000000e0000000, 0x00000000e8000000, 0x00000000e8000000)
  eden space 87424K,   0% used [0x00000000e0000000, 0x00000000e0000000, 0x00000000e5560000)
  from space 21824K,  13% used [0x00000000e5560000, 0x00000000e583e2d8, 0x00000000e6ab0000)
  to   space 21824K,   0% used [0x00000000e6ab0000, 0x00000000e6ab0000, 0x00000000e8000000)
 concurrent mark-sweep generation total 393216K, used 21332K [0x00000000e8000000, 0x0000000100000000, 0x0000000100000000)
 Metaspace       used 39839K, capacity 40786K, committed 40908K, reserved 1085440K
  class space    used 4573K, capacity 4801K, committed 4812K, reserved 1048576K
}
2017-10-31T05:17:07.619-0700: 2431.850: Total time for which application threads were stopped: 0.0067705 seconds, Stopping threads took: 0.0000244 seconds
2017-10-31T05:17:08.506-0700: 2432.737: Total time for which application threads were stopped: 0.0002465 seconds, Stopping threads took: 0.0000325 seconds
{Heap before GC invocations=112 (full 2):
 par new generation   total 109248K, used 90042K [0x00000000e0000000, 0x00000000e8000000, 0x00000000e8000000)
  eden space 87424K,  99% used [0x00000000e0000000, 0x00000000e55107f8, 0x00000000e5560000)
  from space 21824K,  13% used [0x00000000e5560000, 0x00000000e583e2d8, 0x00000000e6ab0000)
  to   space 21824K,   0% used [0x00000000e6ab0000, 0x00000000e6ab0000, 0x00000000e8000000)
 concurrent mark-sweep generation total 393216K, used 21332K [0x00000000e8000000, 0x0000000100000000, 0x0000000100000000)
 Metaspace       used 39839K, capacity 40786K, committed 40908K, reserved 1085440K
  class space    used 4573K, capacity 4801K, committed 4812K, reserved 1048576K
2017-10-31T05:17:10.248-0700: 2434.478: [GC (Allocation Failure) 2017-10-31T05:17:10.248-0700: 2434.478: [ParNew
Desired survivor size 20112992 bytes, new threshold 8 (max 8)
- age   1:    2193176 bytes,    2193176 total
- age   2:       9816 bytes,    2202992 total
- age   3:       9176 bytes,    2212168 total
- age   4:       8696 bytes,    2220864 total
- age   5:       7200 bytes,    2228064 total
- age   6:       9488 bytes,    2237552 total
- age   7:       7880 bytes,    2245432 total
- age   8:       7008 bytes,    2252440 total
: 90042K->2521K(109248K), 0.0043181 secs] 111375K->23861K(502464K), 0.0044130 secs] [Times: user=0.00 sys=0.00, real=0.00 secs] 
Heap after GC invocations=113 (full 2):
 par new generation   total 109248K, used 2521K [0x00000000e0000000, 0x00000000e8000000, 0x00000000e8000000)
  eden space 87424K,   0% used [0x00000000e0000000, 0x00000000e0000000, 0x00000000e5560000)
  from space 21824K,  11% used [0x00000000e6ab0000, 0x00000000e6d26670, 0x00000000e8000000)
  to   space 21824K,   0% used [0x00000000e5560000, 0x00000000e5560000, 0x00000000e6ab0000)
 concurrent mark-sweep generation total 393216K, used 21340K [0x00000000e8000000, 0x0000000100000000, 0x0000000100000000)
 Metaspace       used 39839K, capacity 40786K, committed 40908K, reserved 1085440K
  class space    used 4573K, capacity 4801K, committed 4812K, reserved 1048576K
}
2017-10-31T05:17:10.253-0700: 2434.483: Total time for which application threads were stopped: 0.0046981 seconds, Stopping threads took: 0.0000237 seconds
2017-10-31T05:17:10.898-0700: 2435.129: Total time for which application threads were stopped: 0.0002892 seconds, Stopping threads took: 0.0000521 seconds
2017-10-31T05:17:12.899-0700: 2437.129: Total time for which application threads were stopped: 0.0001734 seconds, Stopping threads took: 0.0000467 seconds
{Heap before GC invocations=113 (full 2):
 par new generation   total 109248K, used 89828K [0x00000000e0000000, 0x00000000e8000000, 0x00000000e8000000)
  eden space 87424K,  99% used [0x00000000e0000000, 0x00000000e5542c70, 0x00000000e5560000)
  from space 21824K,  11% used [0x00000000e6ab0000, 0x00000000e6d26670, 0x00000000e8000000)
  to   space 21824K,   0% used [0x00000000e5560000, 0x00000000e5560000, 0x00000000e6ab0000)
 concurrent mark-sweep generation total 393216K, used 21340K [0x00000000e8000000, 0x0000000100000000, 0x0000000100000000)
 Metaspace       used 39840K, capacity 40786K, committed 40908K, reserved 1085440K
  class space    used 4573K, capacity 4801K, committed 4812K, reserved 1048576K
2017-10-31T05:17:13.282-0700: 2437.513: [GC (Allocation Failure) 2017-10-31T05:17:13.282-0700: 2437.513: [ParNew
Desired survivor size 20112992 bytes, new threshold 8 (max 8)
- age   1:    2268040 bytes,    2268040 total
- age   2:       9376 bytes,    2277416 total
- age   3:       8648 bytes,    2286064 total
- age   4:       9176 bytes,    2295240 total
- age   5:       8696 bytes,    2303936 total
- age   6:       6696 bytes,    2310632 total
- age   7:       9200 bytes,    2319832 total
- age   8:       7880 bytes,    2327712 total
: 89828K->2417K(109248K), 0.0041373 secs] 111168K->23764K(502464K), 0.0042375 secs] [Times: user=0.00 sys=0.00, real=0.00 secs] 
Heap after GC invocations=114 (full 2):
 par new generation   total 109248K, used 2417K [0x00000000e0000000, 0x00000000e8000000, 0x00000000e8000000)
  eden space 87424K,   0% used [0x00000000e0000000, 0x00000000e0000000, 0x00000000e5560000)
  from space 21824K,  11% used [0x00000000e5560000, 0x00000000e57bc610, 0x00000000e6ab0000)
  to   space 21824K,   0% used [0x00000000e6ab0000, 0x00000000e6ab0000, 0x00000000e8000000)
 concurrent mark-sweep generation total 393216K, used 21346K [0x00000000e8000000, 0x0000000100000000, 0x0000000100000000)
 Metaspace       used 39840K, capacity 40786K, committed 40908K, reserved 1085440K
  class space    used 4573K, capacity 4801K, committed 4812K, reserved 1048576K
}
2017-10-31T05:17:13.286-0700: 2437.517: Total time for which application threads were stopped: 0.0045443 seconds, Stopping threads took: 0.0000386 seconds
2017-10-31T05:17:13.508-0700: 2437.738: Total time for which application threads were stopped: 0.0002208 seconds, Stopping threads took: 0.0000305 seconds
2017-10-31T05:17:14.508-0700: 2438.739: Total time for which application threads were stopped: 0.0001876 seconds, Stopping threads took: 0.0000339 seconds
2017-10-31T05:17:15.940-0700: 2440.170: Total time for which application threads were stopped: 0.0002289 seconds, Stopping threads took: 0.0000305 seconds
{Heap before GC invocations=114 (full 2):
 par new generation   total 109248K, used 89841K [0x00000000e0000000, 0x00000000e8000000, 0x00000000e8000000)
  eden space 87424K, 100% used [0x00000000e0000000, 0x00000000e5560000, 0x00000000e5560000)
  from space 21824K,  11% used [0x00000000e5560000, 0x00000000e57bc610, 0x00000000e6ab0000)
  to   space 21824K,   0% used [0x00000000e6ab0000, 0x00000000e6ab0000, 0x00000000e8000000)
 concurrent mark-sweep generation total 393216K, used 21346K [0x00000000e8000000, 0x0000000100000000, 0x0000000100000000)
 Metaspace       used 39840K, capacity 40786K, committed 40908K, reserved 1085440K
  class space    used 4573K, capacity 4801K, committed 4812K, reserved 1048576K
2017-10-31T05:17:15.965-0700: 2440.196: [GC (Allocation Failure) 2017-10-31T05:17:15.965-0700: 2440.196: [ParNew
Desired survivor size 20112992 bytes, new threshold 8 (max 8)
- age   1:    2818328 bytes,    2818328 total
- age   2:      77824 bytes,    2896152 total
- age   3:       8464 bytes,    2904616 total
- age   4:       8648 bytes,    2913264 total
- age   5:       9176 bytes,    2922440 total
- age   6:       8120 bytes,    2930560 total
- age   7:       6552 bytes,    2937112 total
- age   8:       9200 bytes,    2946312 total
: 89841K->3775K(109248K), 0.0061846 secs] 111188K->25129K(502464K), 0.0062781 secs] [Times: user=0.00 sys=0.00, real=0.01 secs] 
Heap after GC invocations=115 (full 2):
 par new generation   total 109248K, used 3775K [0x00000000e0000000, 0x00000000e8000000, 0x00000000e8000000)
  eden space 87424K,   0% used [0x00000000e0000000, 0x00000000e0000000, 0x00000000e5560000)
  from space 21824K,  17% used [0x00000000e6ab0000, 0x00000000e6e5fd30, 0x00000000e8000000)
  to   space 21824K,   0% used [0x00000000e5560000, 0x00000000e5560000, 0x00000000e6ab0000)
 concurrent mark-sweep generation total 393216K, used 21354K [0x00000000e8000000, 0x0000000100000000, 0x0000000100000000)
 Metaspace       used 39840K, capacity 40786K, committed 40908K, reserved 1085440K
  class space    used 4573K, capacity 4801K, committed 4812K, reserved 1048576K
}
2017-10-31T05:17:15.972-0700: 2440.203: Total time for which application threads were stopped: 0.0066018 seconds, Stopping threads took: 0.0000284 seconds
2017-10-31T05:17:16.972-0700: 2441.203: Total time for which application threads were stopped: 0.0001734 seconds, Stopping threads took: 0.0000332 seconds
2017-10-31T05:17:18.481-0700: 2442.712: Total time for which application threads were stopped: 0.0007551 seconds, Stopping threads took: 0.0001713 seconds
{Heap before GC invocations=115 (full 2):
 par new generation   total 109248K, used 91199K [0x00000000e0000000, 0x00000000e8000000, 0x00000000e8000000)
  eden space 87424K, 100% used [0x00000000e0000000, 0x00000000e5560000, 0x00000000e5560000)
  from space 21824K,  17% used [0x00000000e6ab0000, 0x00000000e6e5fd30, 0x00000000e8000000)
  to   space 21824K,   0% used [0x00000000e5560000, 0x00000000e5560000, 0x00000000e6ab0000)
 concurrent mark-sweep generation total 393216K, used 21354K [0x00000000e8000000, 0x0000000100000000, 0x0000000100000000)
 Metaspace       used 39840K, capacity 40786K, committed 40908K, reserved 1085440K
  class space    used 4573K, capacity 4801K, committed 4812K, reserved 1048576K
2017-10-31T05:17:18.568-0700: 2442.799: [GC (Allocation Failure) 2017-10-31T05:17:18.568-0700: 2442.799: [ParNew
Desired survivor size 20112992 bytes, new threshold 8 (max 8)
- age   1:    2477016 bytes,    2477016 total
- age   2:     480504 bytes,    2957520 total
- age   3:       9832 bytes,    2967352 total
- age   4:       8464 bytes,    2975816 total
- age   5:       8648 bytes,    2984464 total
- age   6:       8672 bytes,    2993136 total
- age   7:       7976 bytes,    3001112 total
- age   8:       6552 bytes,    3007664 total
: 91199K->3592K(109248K), 0.0044834 secs] 112553K->24956K(502464K), 0.0045877 secs] [Times: user=0.00 sys=0.02, real=0.00 secs] 
Heap after GC invocations=116 (full 2):
 par new generation   total 109248K, used 3592K [0x00000000e0000000, 0x00000000e8000000, 0x00000000e8000000)
  eden space 87424K,   0% used [0x00000000e0000000, 0x00000000e0000000, 0x00000000e5560000)
  from space 21824K,  16% used [0x00000000e5560000, 0x00000000e58e2300, 0x00000000e6ab0000)
  to   space 21824K,   0% used [0x00000000e6ab0000, 0x00000000e6ab0000, 0x00000000e8000000)
 concurrent mark-sweep generation total 393216K, used 21363K [0x00000000e8000000, 0x0000000100000000, 0x0000000100000000)
 Metaspace       used 39840K, capacity 40786K, committed 40908K, reserved 1085440K
  class space    used 4573K, capacity 4801K, committed 4812K, reserved 1048576K
}
2017-10-31T05:17:18.573-0700: 2442.804: Total time for which application threads were stopped: 0.0049500 seconds, Stopping threads took: 0.0000312 seconds
2017-10-31T05:17:19.574-0700: 2443.804: Total time for which application threads were stopped: 0.0001578 seconds, Stopping threads took: 0.0000298 seconds
2017-10-31T05:17:20.574-0700: 2444.805: Total time for which application threads were stopped: 0.0001680 seconds, Stopping threads took: 0.0000312 seconds
2017-10-31T05:17:21.045-0700: 2445.275: Total time for which application threads were stopped: 0.0001869 seconds, Stopping threads took: 0.0000237 seconds
{Heap before GC invocations=116 (full 2):
 par new generation   total 109248K, used 91016K [0x00000000e0000000, 0x00000000e8000000, 0x00000000e8000000)
  eden space 87424K, 100% used [0x00000000e0000000, 0x00000000e5560000, 0x00000000e5560000)
  from space 21824K,  16% used [0x00000000e5560000, 0x00000000e58e2300, 0x00000000e6ab0000)
  to   space 21824K,   0% used [0x00000000e6ab0000, 0x00000000e6ab0000, 0x00000000e8000000)
 concurrent mark-sweep generation total 393216K, used 21363K [0x00000000e8000000, 0x0000000100000000, 0x0000000100000000)
 Metaspace       used 39843K, capacity 40786K, committed 40908K, reserved 1085440K
  class space    used 4573K, capacity 4801K, committed 4812K, reserved 1048576K
2017-10-31T05:17:21.102-0700: 2445.333: [GC (Allocation Failure) 2017-10-31T05:17:21.102-0700: 2445.333: [ParNew
Desired survivor size 20112992 bytes, new threshold 8 (max 8)
- age   1:    2384224 bytes,    2384224 total
- age   2:     749272 bytes,    3133496 total
- age   3:       8416 bytes,    3141912 total
- age   4:       9832 bytes,    3151744 total
- age   5:       8464 bytes,    3160208 total
- age   6:       8288 bytes,    3168496 total
- age   7:       8384 bytes,    3176880 total
- age   8:       7976 bytes,    3184856 total
: 91016K->4518K(109248K), 0.0069940 secs] 112380K->25888K(502464K), 0.0070969 secs] [Times: user=0.06 sys=0.00, real=0.01 secs] 
Heap after GC invocations=117 (full 2):
 par new generation   total 109248K, used 4518K [0x00000000e0000000, 0x00000000e8000000, 0x00000000e8000000)
  eden space 87424K,   0% used [0x00000000e0000000, 0x00000000e0000000, 0x00000000e5560000)
  from space 21824K,  20% used [0x00000000e6ab0000, 0x00000000e6f198e0, 0x00000000e8000000)
  to   space 21824K,   0% used [0x00000000e5560000, 0x00000000e5560000, 0x00000000e6ab0000)
 concurrent mark-sweep generation total 393216K, used 21369K [0x00000000e8000000, 0x0000000100000000, 0x0000000100000000)
 Metaspace       used 39843K, capacity 40786K, committed 40908K, reserved 1085440K
  class space    used 4573K, capacity 4801K, committed 4812K, reserved 1048576K
}
2017-10-31T05:17:21.109-0700: 2445.340: Total time for which application threads were stopped: 0.0073685 seconds, Stopping threads took: 0.0000237 seconds
2017-10-31T05:17:23.690-0700: 2447.920: Total time for which application threads were stopped: 0.0002858 seconds, Stopping threads took: 0.0000569 seconds
{Heap before GC invocations=117 (full 2):
 par new generation   total 109248K, used 91942K [0x00000000e0000000, 0x00000000e8000000, 0x00000000e8000000)
  eden space 87424K, 100% used [0x00000000e0000000, 0x00000000e5560000, 0x00000000e5560000)
  from space 21824K,  20% used [0x00000000e6ab0000, 0x00000000e6f198e0, 0x00000000e8000000)
  to   space 21824K,   0% used [0x00000000e5560000, 0x00000000e5560000, 0x00000000e6ab0000)
 concurrent mark-sweep generation total 393216K, used 21369K [0x00000000e8000000, 0x0000000100000000, 0x0000000100000000)
 Metaspace       used 39843K, capacity 40786K, committed 40908K, reserved 1085440K
  class space    used 4573K, capacity 4801K, committed 4812K, reserved 1048576K
2017-10-31T05:17:24.262-0700: 2448.492: [GC (Allocation Failure) 2017-10-31T05:17:24.262-0700: 2448.492: [ParNew
Desired survivor size 20112992 bytes, new threshold 8 (max 8)
- age   1:    1786872 bytes,    1786872 total
- age   2:      79416 bytes,    1866288 total
- age   3:       7048 bytes,    1873336 total
- age   4:       8416 bytes,    1881752 total
- age   5:       9832 bytes,    1891584 total
- age   6:       8032 bytes,    1899616 total
- age   7:       7928 bytes,    1907544 total
- age   8:       8384 bytes,    1915928 total
: 91942K->2654K(109248K), 0.0043859 secs] 113312K->24032K(502464K), 0.0044773 secs] [Times: user=0.00 sys=0.00, real=0.00 secs] 
Heap after GC invocations=118 (full 2):
 par new generation   total 109248K, used 2654K [0x00000000e0000000, 0x00000000e8000000, 0x00000000e8000000)
  eden space 87424K,   0% used [0x00000000e0000000, 0x00000000e0000000, 0x00000000e5560000)
  from space 21824K,  12% used [0x00000000e5560000, 0x00000000e57f7958, 0x00000000e6ab0000)
  to   space 21824K,   0% used [0x00000000e6ab0000, 0x00000000e6ab0000, 0x00000000e8000000)
 concurrent mark-sweep generation total 393216K, used 21377K [0x00000000e8000000, 0x0000000100000000, 0x0000000100000000)
 Metaspace       used 39843K, capacity 40786K, committed 40908K, reserved 1085440K
  class space    used 4573K, capacity 4801K, committed 4812K, reserved 1048576K
}
2017-10-31T05:17:24.266-0700: 2448.497: Total time for which application threads were stopped: 0.0047929 seconds, Stopping threads took: 0.0000298 seconds
2017-10-31T05:17:25.266-0700: 2449.497: Total time for which application threads were stopped: 0.0002668 seconds, Stopping threads took: 0.0000664 seconds
2017-10-31T05:17:26.390-0700: 2450.620: Total time for which application threads were stopped: 0.0002113 seconds, Stopping threads took: 0.0000345 seconds
{Heap before GC invocations=118 (full 2):
 par new generation   total 109248K, used 89917K [0x00000000e0000000, 0x00000000e8000000, 0x00000000e8000000)
  eden space 87424K,  99% used [0x00000000e0000000, 0x00000000e5537c58, 0x00000000e5560000)
  from space 21824K,  12% used [0x00000000e5560000, 0x00000000e57f7958, 0x00000000e6ab0000)
  to   space 21824K,   0% used [0x00000000e6ab0000, 0x00000000e6ab0000, 0x00000000e8000000)
 concurrent mark-sweep generation total 393216K, used 21377K [0x00000000e8000000, 0x0000000100000000, 0x0000000100000000)
 Metaspace       used 39843K, capacity 40786K, committed 40908K, reserved 1085440K
  class space    used 4573K, capacity 4801K, committed 4812K, reserved 1048576K
2017-10-31T05:17:27.618-0700: 2451.849: [GC (Allocation Failure) 2017-10-31T05:17:27.618-0700: 2451.849: [ParNew
Desired survivor size 20112992 bytes, new threshold 8 (max 8)
- age   1:    2186656 bytes,    2186656 total
- age   2:      10760 bytes,    2197416 total
- age   3:       7264 bytes,    2204680 total
- age   4:       7048 bytes,    2211728 total
- age   5:       8416 bytes,    2220144 total
- age   6:       9256 bytes,    2229400 total
- age   7:       7672 bytes,    2237072 total
- age   8:       7928 bytes,    2245000 total
: 89917K->2458K(109248K), 0.0040831 secs] 111295K->23844K(502464K), 0.0041922 secs] [Times: user=0.06 sys=0.00, real=0.00 secs] 
Heap after GC invocations=119 (full 2):
 par new generation   total 109248K, used 2458K [0x00000000e0000000, 0x00000000e8000000, 0x00000000e8000000)
  eden space 87424K,   0% used [0x00000000e0000000, 0x00000000e0000000, 0x00000000e5560000)
  from space 21824K,  11% used [0x00000000e6ab0000, 0x00000000e6d16940, 0x00000000e8000000)
  to   space 21824K,   0% used [0x00000000e5560000, 0x00000000e5560000, 0x00000000e6ab0000)
 concurrent mark-sweep generation total 393216K, used 21385K [0x00000000e8000000, 0x0000000100000000, 0x0000000100000000)
 Metaspace       used 39843K, capacity 40786K, committed 40908K, reserved 1085440K
  class space    used 4573K, capacity 4801K, committed 4812K, reserved 1048576K
}
2017-10-31T05:17:27.623-0700: 2451.853: Total time for which application threads were stopped: 0.0045220 seconds, Stopping threads took: 0.0000345 seconds
2017-10-31T05:17:28.623-0700: 2452.853: Total time for which application threads were stopped: 0.0001571 seconds, Stopping threads took: 0.0000339 seconds
2017-10-31T05:17:28.936-0700: 2453.167: Total time for which application threads were stopped: 0.0002946 seconds, Stopping threads took: 0.0000562 seconds
{Heap before GC invocations=119 (full 2):
 par new generation   total 109248K, used 89398K [0x00000000e0000000, 0x00000000e8000000, 0x00000000e8000000)
  eden space 87424K,  99% used [0x00000000e0000000, 0x00000000e54e6ee8, 0x00000000e5560000)
  from space 21824K,  11% used [0x00000000e6ab0000, 0x00000000e6d16940, 0x00000000e8000000)
  to   space 21824K,   0% used [0x00000000e5560000, 0x00000000e5560000, 0x00000000e6ab0000)
 concurrent mark-sweep generation total 393216K, used 21385K [0x00000000e8000000, 0x0000000100000000, 0x0000000100000000)
 Metaspace       used 39843K, capacity 40786K, committed 40908K, reserved 1085440K
  class space    used 4573K, capacity 4801K, committed 4812K, reserved 1048576K
2017-10-31T05:17:30.379-0700: 2454.610: [GC (Allocation Failure) 2017-10-31T05:17:30.379-0700: 2454.610: [ParNew
Desired survivor size 20112992 bytes, new threshold 8 (max 8)
- age   1:    2029392 bytes,    2029392 total
- age   2:      76392 bytes,    2105784 total
- age   3:       9848 bytes,    2115632 total
- age   4:       7264 bytes,    2122896 total
- age   5:       7008 bytes,    2129904 total
- age   6:       7912 bytes,    2137816 total
- age   7:       9040 bytes,    2146856 total
- age   8:       7672 bytes,    2154528 total
: 89398K->3140K(109248K), 0.0041082 secs] 110783K->24534K(502464K), 0.0041888 secs] [Times: user=0.00 sys=0.00, real=0.00 secs] 
Heap after GC invocations=120 (full 2):
 par new generation   total 109248K, used 3140K [0x00000000e0000000, 0x00000000e8000000, 0x00000000e8000000)
  eden space 87424K,   0% used [0x00000000e0000000, 0x00000000e0000000, 0x00000000e5560000)
  from space 21824K,  14% used [0x00000000e5560000, 0x00000000e5871210, 0x00000000e6ab0000)
  to   space 21824K,   0% used [0x00000000e6ab0000, 0x00000000e6ab0000, 0x00000000e8000000)
 concurrent mark-sweep generation total 393216K, used 21393K [0x00000000e8000000, 0x0000000100000000, 0x0000000100000000)
 Metaspace       used 39843K, capacity 40786K, committed 40908K, reserved 1085440K
  class space    used 4573K, capacity 4801K, committed 4812K, reserved 1048576K
}
2017-10-31T05:17:30.383-0700: 2454.614: Total time for which application threads were stopped: 0.0044380 seconds, Stopping threads took: 0.0000223 seconds
2017-10-31T05:17:31.383-0700: 2455.614: Total time for which application threads were stopped: 0.0001910 seconds, Stopping threads took: 0.0000366 seconds
2017-10-31T05:17:31.636-0700: 2455.866: Total time for which application threads were stopped: 0.0002479 seconds, Stopping threads took: 0.0000372 seconds
{Heap before GC invocations=120 (full 2):
 par new generation   total 109248K, used 90136K [0x00000000e0000000, 0x00000000e8000000, 0x00000000e8000000)
  eden space 87424K,  99% used [0x00000000e0000000, 0x00000000e54f4e90, 0x00000000e5560000)
  from space 21824K,  14% used [0x00000000e5560000, 0x00000000e5871210, 0x00000000e6ab0000)
  to   space 21824K,   0% used [0x00000000e6ab0000, 0x00000000e6ab0000, 0x00000000e8000000)
 concurrent mark-sweep generation total 393216K, used 21393K [0x00000000e8000000, 0x0000000100000000, 0x0000000100000000)
 Metaspace       used 39843K, capacity 40786K, committed 40908K, reserved 1085440K
  class space    used 4573K, capacity 4801K, committed 4812K, reserved 1048576K
2017-10-31T05:17:33.527-0700: 2457.758: [GC (Allocation Failure) 2017-10-31T05:17:33.527-0700: 2457.758: [ParNew
Desired survivor size 20112992 bytes, new threshold 8 (max 8)
- age   1:    2244920 bytes,    2244920 total
- age   2:       9336 bytes,    2254256 total
- age   3:       8400 bytes,    2262656 total
- age   4:       9848 bytes,    2272504 total
- age   5:       7264 bytes,    2279768 total
- age   6:       6360 bytes,    2286128 total
- age   7:       7768 bytes,    2293896 total
- age   8:       9040 bytes,    2302936 total
: 90136K->2468K(109248K), 0.0060505 secs] 111529K->23870K(502464K), 0.0061447 secs] [Times: user=0.00 sys=0.00, real=0.01 secs] 
Heap after GC invocations=121 (full 2):
 par new generation   total 109248K, used 2468K [0x00000000e0000000, 0x00000000e8000000, 0x00000000e8000000)
  eden space 87424K,   0% used [0x00000000e0000000, 0x00000000e0000000, 0x00000000e5560000)
  from space 21824K,  11% used [0x00000000e6ab0000, 0x00000000e6d19378, 0x00000000e8000000)
  to   space 21824K,   0% used [0x00000000e5560000, 0x00000000e5560000, 0x00000000e6ab0000)
 concurrent mark-sweep generation total 393216K, used 21401K [0x00000000e8000000, 0x0000000100000000, 0x0000000100000000)
 Metaspace       used 39843K, capacity 40786K, committed 40908K, reserved 1085440K
  class space    used 4573K, capacity 4801K, committed 4812K, reserved 1048576K
}
2017-10-31T05:17:33.534-0700: 2457.764: Total time for which application threads were stopped: 0.0064454 seconds, Stopping threads took: 0.0000244 seconds
2017-10-31T05:17:34.253-0700: 2458.484: Total time for which application threads were stopped: 0.0002580 seconds, Stopping threads took: 0.0000366 seconds
{Heap before GC invocations=121 (full 2):
 par new generation   total 109248K, used 89439K [0x00000000e0000000, 0x00000000e8000000, 0x00000000e8000000)
  eden space 87424K,  99% used [0x00000000e0000000, 0x00000000e54eeb68, 0x00000000e5560000)
  from space 21824K,  11% used [0x00000000e6ab0000, 0x00000000e6d19378, 0x00000000e8000000)
  to   space 21824K,   0% used [0x00000000e5560000, 0x00000000e5560000, 0x00000000e6ab0000)
 concurrent mark-sweep generation total 393216K, used 21401K [0x00000000e8000000, 0x0000000100000000, 0x0000000100000000)
 Metaspace       used 39843K, capacity 40786K, committed 40908K, reserved 1085440K
  class space    used 4573K, capacity 4801K, committed 4812K, reserved 1048576K
2017-10-31T05:17:36.533-0700: 2460.764: [GC (Allocation Failure) 2017-10-31T05:17:36.533-0700: 2460.764: [ParNew
Desired survivor size 20112992 bytes, new threshold 8 (max 8)
- age   1:    2116024 bytes,    2116024 total
- age   2:      81520 bytes,    2197544 total
- age   3:       8424 bytes,    2205968 total
- age   4:       8400 bytes,    2214368 total
- age   5:       9776 bytes,    2224144 total
- age   6:       6616 bytes,    2230760 total
- age   7:       6288 bytes,    2237048 total
- age   8:       7768 bytes,    2244816 total
: 89439K->3276K(109248K), 0.0043737 secs] 110840K->24686K(502464K), 0.0044604 secs] [Times: user=0.00 sys=0.00, real=0.01 secs] 
Heap after GC invocations=122 (full 2):
 par new generation   total 109248K, used 3276K [0x00000000e0000000, 0x00000000e8000000, 0x00000000e8000000)
  eden space 87424K,   0% used [0x00000000e0000000, 0x00000000e0000000, 0x00000000e5560000)
  from space 21824K,  15% used [0x00000000e5560000, 0x00000000e5893280, 0x00000000e6ab0000)
  to   space 21824K,   0% used [0x00000000e6ab0000, 0x00000000e6ab0000, 0x00000000e8000000)
 concurrent mark-sweep generation total 393216K, used 21410K [0x00000000e8000000, 0x0000000100000000, 0x0000000100000000)
 Metaspace       used 39843K, capacity 40786K, committed 40908K, reserved 1085440K
  class space    used 4573K, capacity 4801K, committed 4812K, reserved 1048576K
}
2017-10-31T05:17:36.538-0700: 2460.769: Total time for which application threads were stopped: 0.0047076 seconds, Stopping threads took: 0.0000257 seconds
2017-10-31T05:17:36.992-0700: 2461.223: Total time for which application threads were stopped: 0.0001835 seconds, Stopping threads took: 0.0000278 seconds
2017-10-31T05:17:37.993-0700: 2462.223: Total time for which application threads were stopped: 0.0003075 seconds, Stopping threads took: 0.0000610 seconds
2017-10-31T05:17:38.993-0700: 2463.224: Total time for which application threads were stopped: 0.0002025 seconds, Stopping threads took: 0.0000332 seconds
2017-10-31T05:19:45.160-0700: 2589.390: Total time for which application threads were stopped: 0.0002248 seconds, Stopping threads took: 0.0000400 seconds
2017-10-31T05:19:45.160-0700: 2589.390: Total time for which application threads were stopped: 0.0001903 seconds, Stopping threads took: 0.0000447 seconds
2017-10-31T05:19:45.160-0700: 2589.391: Total time for which application threads were stopped: 0.0001768 seconds, Stopping threads took: 0.0000393 seconds
2017-10-31T05:19:45.160-0700: 2589.391: Total time for which application threads were stopped: 0.0001795 seconds, Stopping threads took: 0.0000447 seconds
2017-10-31T05:19:45.161-0700: 2589.391: Total time for which application threads were stopped: 0.0001409 seconds, Stopping threads took: 0.0000278 seconds
2017-10-31T05:19:45.162-0700: 2589.392: Total time for which application threads were stopped: 0.0002486 seconds, Stopping threads took: 0.0000745 seconds
2017-10-31T05:19:45.162-0700: 2589.393: Total time for which application threads were stopped: 0.0003657 seconds, Stopping threads took: 0.0000305 seconds
2017-10-31T05:19:46.163-0700: 2590.393: Total time for which application threads were stopped: 0.0002553 seconds, Stopping threads took: 0.0000677 seconds
2017-10-31T05:19:50.349-0700: 2594.580: Total time for which application threads were stopped: 0.0001131 seconds, Stopping threads took: 0.0000237 seconds
2017-10-31T05:19:50.349-0700: 2594.580: Total time for which application threads were stopped: 0.0000962 seconds, Stopping threads took: 0.0000149 seconds
2017-10-31T05:19:50.349-0700: 2594.580: Total time for which application threads were stopped: 0.0000813 seconds, Stopping threads took: 0.0000135 seconds
2017-10-31T05:19:50.350-0700: 2594.581: Total time for which application threads were stopped: 0.0000921 seconds, Stopping threads took: 0.0000129 seconds
2017-10-31T05:19:50.350-0700: 2594.581: Total time for which application threads were stopped: 0.0000806 seconds, Stopping threads took: 0.0000271 seconds
2017-10-31T05:19:50.350-0700: 2594.581: Total time for which application threads were stopped: 0.0000799 seconds, Stopping threads took: 0.0000129 seconds
2017-10-31T05:19:50.350-0700: 2594.581: Total time for which application threads were stopped: 0.0000799 seconds, Stopping threads took: 0.0000122 seconds
2017-10-31T05:19:53.351-0700: 2597.581: Total time for which application threads were stopped: 0.0001239 seconds, Stopping threads took: 0.0000318 seconds
2017-10-31T05:29:58.784-0700: 3203.015: Total time for which application threads were stopped: 0.0001321 seconds, Stopping threads took: 0.0000352 seconds
2017-10-31T05:47:53.515-0700: 4277.746: Total time for which application threads were stopped: 0.0004104 seconds, Stopping threads took: 0.0001057 seconds
2017-10-31T05:56:38.850-0700: 4803.081: Total time for which application threads were stopped: 0.0001490 seconds, Stopping threads took: 0.0000413 seconds
2017-10-31T06:03:54.105-0700: 5238.336: Total time for which application threads were stopped: 0.0003251 seconds, Stopping threads took: 0.0000799 seconds
2017-10-31T06:05:45.183-0700: 5349.414: Total time for which application threads were stopped: 0.0002750 seconds, Stopping threads took: 0.0000792 seconds
2017-10-31T06:07:08.225-0700: 5432.455: Total time for which application threads were stopped: 0.0002743 seconds, Stopping threads took: 0.0000731 seconds
{Heap before GC invocations=122 (full 2):
 par new generation   total 109248K, used 90509K [0x00000000e0000000, 0x00000000e8000000, 0x00000000e8000000)
  eden space 87424K,  99% used [0x00000000e0000000, 0x00000000e5530578, 0x00000000e5560000)
  from space 21824K,  15% used [0x00000000e5560000, 0x00000000e5893280, 0x00000000e6ab0000)
  to   space 21824K,   0% used [0x00000000e6ab0000, 0x00000000e6ab0000, 0x00000000e8000000)
 concurrent mark-sweep generation total 393216K, used 21410K [0x00000000e8000000, 0x0000000100000000, 0x0000000100000000)
 Metaspace       used 39856K, capacity 40818K, committed 41036K, reserved 1085440K
  class space    used 4574K, capacity 4833K, committed 4940K, reserved 1048576K
2017-10-31T06:44:34.910-0700: 7679.141: [GC (Allocation Failure) 2017-10-31T06:44:34.911-0700: 7679.141: [ParNew
Desired survivor size 20112992 bytes, new threshold 8 (max 8)
- age   1:    2408864 bytes,    2408864 total
- age   2:      74712 bytes,    2483576 total
- age   3:      12736 bytes,    2496312 total
- age   4:       7704 bytes,    2504016 total
- age   5:       7608 bytes,    2511624 total
- age   6:       9128 bytes,    2520752 total
- age   7:       6616 bytes,    2527368 total
- age   8:       6288 bytes,    2533656 total
: 90509K->2713K(109248K), 0.0308948 secs] 111920K->24130K(502464K), 0.0313221 secs] [Times: user=0.00 sys=0.08, real=0.03 secs] 
Heap after GC invocations=123 (full 2):
 par new generation   total 109248K, used 2713K [0x00000000e0000000, 0x00000000e8000000, 0x00000000e8000000)
  eden space 87424K,   0% used [0x00000000e0000000, 0x00000000e0000000, 0x00000000e5560000)
  from space 21824K,  12% used [0x00000000e6ab0000, 0x00000000e6d565d0, 0x00000000e8000000)
  to   space 21824K,   0% used [0x00000000e5560000, 0x00000000e5560000, 0x00000000e6ab0000)
 concurrent mark-sweep generation total 393216K, used 21417K [0x00000000e8000000, 0x0000000100000000, 0x0000000100000000)
 Metaspace       used 39856K, capacity 40818K, committed 41036K, reserved 1085440K
  class space    used 4574K, capacity 4833K, committed 4940K, reserved 1048576K
}
2017-10-31T06:44:34.942-0700: 7679.172: Total time for which application threads were stopped: 0.0327172 seconds, Stopping threads took: 0.0000332 seconds
2017-10-31T06:44:35.270-0700: 7679.501: Total time for which application threads were stopped: 0.0016315 seconds, Stopping threads took: 0.0001605 seconds
2017-10-31T06:44:35.270-0700: 7679.502: Total time for which application threads were stopped: 0.0005675 seconds, Stopping threads took: 0.0000325 seconds
2017-10-31T06:44:36.271-0700: 7680.502: Total time for which application threads were stopped: 0.0003488 seconds, Stopping threads took: 0.0000359 seconds
2017-10-31T06:44:37.272-0700: 7681.502: Total time for which application threads were stopped: 0.0005066 seconds, Stopping threads took: 0.0000332 seconds
2017-10-31T06:44:38.239-0700: 7682.470: Total time for which application threads were stopped: 0.0025404 seconds, Stopping threads took: 0.0001510 seconds
{Heap before GC invocations=123 (full 2):
 par new generation   total 109248K, used 89732K [0x00000000e0000000, 0x00000000e8000000, 0x00000000e8000000)
  eden space 87424K,  99% used [0x00000000e0000000, 0x00000000e54faa30, 0x00000000e5560000)
  from space 21824K,  12% used [0x00000000e6ab0000, 0x00000000e6d565d0, 0x00000000e8000000)
  to   space 21824K,   0% used [0x00000000e5560000, 0x00000000e5560000, 0x00000000e6ab0000)
 concurrent mark-sweep generation total 393216K, used 21417K [0x00000000e8000000, 0x0000000100000000, 0x0000000100000000)
 Metaspace       used 39869K, capacity 40882K, committed 41036K, reserved 1085440K
  class space    used 4575K, capacity 4833K, committed 4940K, reserved 1048576K
2017-10-31T06:44:38.301-0700: 7682.532: [GC (Allocation Failure) 2017-10-31T06:44:38.301-0700: 7682.532: [ParNew
Desired survivor size 20112992 bytes, new threshold 8 (max 8)
- age   1:    3518960 bytes,    3518960 total
- age   2:     112152 bytes,    3631112 total
- age   3:       4800 bytes,    3635912 total
- age   4:      10624 bytes,    3646536 total
- age   5:       5784 bytes,    3652320 total
- age   6:       5496 bytes,    3657816 total
- age   7:       7208 bytes,    3665024 total
- age   8:       4888 bytes,    3669912 total
: 89732K->4091K(109248K), 0.0098120 secs] 111149K->25513K(502464K), 0.0099210 secs] [Times: user=0.02 sys=0.05, real=0.01 secs] 
Heap after GC invocations=124 (full 2):
 par new generation   total 109248K, used 4091K [0x00000000e0000000, 0x00000000e8000000, 0x00000000e8000000)
  eden space 87424K,   0% used [0x00000000e0000000, 0x00000000e0000000, 0x00000000e5560000)
  from space 21824K,  18% used [0x00000000e5560000, 0x00000000e595ef80, 0x00000000e6ab0000)
  to   space 21824K,   0% used [0x00000000e6ab0000, 0x00000000e6ab0000, 0x00000000e8000000)
 concurrent mark-sweep generation total 393216K, used 21421K [0x00000000e8000000, 0x0000000100000000, 0x0000000100000000)
 Metaspace       used 39869K, capacity 40882K, committed 41036K, reserved 1085440K
  class space    used 4575K, capacity 4833K, committed 4940K, reserved 1048576K
}
2017-10-31T06:44:38.311-0700: 7682.542: Total time for which application threads were stopped: 0.0104770 seconds, Stopping threads took: 0.0000711 seconds
2017-10-31T06:44:40.311-0700: 7684.542: Total time for which application threads were stopped: 0.0004646 seconds, Stopping threads took: 0.0001050 seconds
2017-10-31T06:44:41.549-0700: 7685.780: Total time for which application threads were stopped: 0.0004883 seconds, Stopping threads took: 0.0000298 seconds
{Heap before GC invocations=124 (full 2):
 par new generation   total 109248K, used 91515K [0x00000000e0000000, 0x00000000e8000000, 0x00000000e8000000)
  eden space 87424K, 100% used [0x00000000e0000000, 0x00000000e5560000, 0x00000000e5560000)
  from space 21824K,  18% used [0x00000000e5560000, 0x00000000e595ef80, 0x00000000e6ab0000)
  to   space 21824K,   0% used [0x00000000e6ab0000, 0x00000000e6ab0000, 0x00000000e8000000)
 concurrent mark-sweep generation total 393216K, used 21421K [0x00000000e8000000, 0x0000000100000000, 0x0000000100000000)
 Metaspace       used 39869K, capacity 40882K, committed 41036K, reserved 1085440K
  class space    used 4575K, capacity 4833K, committed 4940K, reserved 1048576K
2017-10-31T06:44:41.581-0700: 7685.812: [GC (Allocation Failure) 2017-10-31T06:44:41.581-0700: 7685.812: [ParNew
Desired survivor size 20112992 bytes, new threshold 8 (max 8)
- age   1:    2505056 bytes,    2505056 total
- age   2:    1124584 bytes,    3629640 total
- age   3:      44128 bytes,    3673768 total
- age   4:       4800 bytes,    3678568 total
- age   5:      10624 bytes,    3689192 total
- age   6:       5784 bytes,    3694976 total
- age   7:       5496 bytes,    3700472 total
- age   8:       7208 bytes,    3707680 total
: 91515K->4727K(109248K), 0.0070847 secs] 112937K->26154K(502464K), 0.0072032 secs] [Times: user=0.01 sys=0.02, real=0.01 secs] 
Heap after GC invocations=125 (full 2):
 par new generation   total 109248K, used 4727K [0x00000000e0000000, 0x00000000e8000000, 0x00000000e8000000)
  eden space 87424K,   0% used [0x00000000e0000000, 0x00000000e0000000, 0x00000000e5560000)
  from space 21824K,  21% used [0x00000000e6ab0000, 0x00000000e6f4df28, 0x00000000e8000000)
  to   space 21824K,   0% used [0x00000000e5560000, 0x00000000e5560000, 0x00000000e6ab0000)
 concurrent mark-sweep generation total 393216K, used 21426K [0x00000000e8000000, 0x0000000100000000, 0x0000000100000000)
 Metaspace       used 39869K, capacity 40882K, committed 41036K, reserved 1085440K
  class space    used 4575K, capacity 4833K, committed 4940K, reserved 1048576K
}
2017-10-31T06:44:41.588-0700: 7685.819: Total time for which application threads were stopped: 0.0081006 seconds, Stopping threads took: 0.0000325 seconds
2017-10-31T06:44:42.589-0700: 7686.819: Total time for which application threads were stopped: 0.0002838 seconds, Stopping threads took: 0.0000332 seconds
2017-10-31T06:44:44.524-0700: 7688.754: Total time for which application threads were stopped: 0.0003603 seconds, Stopping threads took: 0.0000312 seconds
{Heap before GC invocations=125 (full 2):
 par new generation   total 109248K, used 92151K [0x00000000e0000000, 0x00000000e8000000, 0x00000000e8000000)
  eden space 87424K, 100% used [0x00000000e0000000, 0x00000000e5560000, 0x00000000e5560000)
  from space 21824K,  21% used [0x00000000e6ab0000, 0x00000000e6f4df28, 0x00000000e8000000)
  to   space 21824K,   0% used [0x00000000e5560000, 0x00000000e5560000, 0x00000000e6ab0000)
 concurrent mark-sweep generation total 393216K, used 21426K [0x00000000e8000000, 0x0000000100000000, 0x0000000100000000)
 Metaspace       used 39869K, capacity 40882K, committed 41036K, reserved 1085440K
  class space    used 4575K, capacity 4833K, committed 4940K, reserved 1048576K
2017-10-31T06:44:44.593-0700: 7688.824: [GC (Allocation Failure) 2017-10-31T06:44:44.593-0700: 7688.824: [ParNew
Desired survivor size 20112992 bytes, new threshold 8 (max 8)
- age   1:    2650648 bytes,    2650648 total
- age   2:     655256 bytes,    3305904 total
- age   3:     710368 bytes,    4016272 total
- age   4:      44128 bytes,    4060400 total
- age   5:       4800 bytes,    4065200 total
- age   6:      10624 bytes,    4075824 total
- age   7:       5784 bytes,    4081608 total
- age   8:       5496 bytes,    4087104 total
: 92151K->5019K(109248K), 0.0073800 secs] 113578K->26453K(502464K), 0.0074883 secs] [Times: user=0.00 sys=0.00, real=0.01 secs] 
Heap after GC invocations=126 (full 2):
 par new generation   total 109248K, used 5019K [0x00000000e0000000, 0x00000000e8000000, 0x00000000e8000000)
  eden space 87424K,   0% used [0x00000000e0000000, 0x00000000e0000000, 0x00000000e5560000)
  from space 21824K,  23% used [0x00000000e5560000, 0x00000000e5a46fb0, 0x00000000e6ab0000)
  to   space 21824K,   0% used [0x00000000e6ab0000, 0x00000000e6ab0000, 0x00000000e8000000)
 concurrent mark-sweep generation total 393216K, used 21433K [0x00000000e8000000, 0x0000000100000000, 0x0000000100000000)
 Metaspace       used 39869K, capacity 40882K, committed 41036K, reserved 1085440K
  class space    used 4575K, capacity 4833K, committed 4940K, reserved 1048576K
}
2017-10-31T06:44:44.601-0700: 7688.831: Total time for which application threads were stopped: 0.0078629 seconds, Stopping threads took: 0.0000278 seconds
2017-10-31T06:44:47.649-0700: 7691.880: Total time for which application threads were stopped: 0.0005195 seconds, Stopping threads took: 0.0000521 seconds
{Heap before GC invocations=126 (full 2):
 par new generation   total 109248K, used 92054K [0x00000000e0000000, 0x00000000e8000000, 0x00000000e8000000)
  eden space 87424K,  99% used [0x00000000e0000000, 0x00000000e54feb38, 0x00000000e5560000)
  from space 21824K,  23% used [0x00000000e5560000, 0x00000000e5a46fb0, 0x00000000e6ab0000)
  to   space 21824K,   0% used [0x00000000e6ab0000, 0x00000000e6ab0000, 0x00000000e8000000)
 concurrent mark-sweep generation total 393216K, used 21433K [0x00000000e8000000, 0x0000000100000000, 0x0000000100000000)
 Metaspace       used 39869K, capacity 40882K, committed 41036K, reserved 1085440K
  class space    used 4575K, capacity 4833K, committed 4940K, reserved 1048576K
2017-10-31T06:44:47.997-0700: 7692.228: [GC (Allocation Failure) 2017-10-31T06:44:47.997-0700: 7692.228: [ParNew
Desired survivor size 20112992 bytes, new threshold 8 (max 8)
- age   1:    2249952 bytes,    2249952 total
- age   2:      77792 bytes,    2327744 total
- age   3:       5568 bytes,    2333312 total
- age   4:     705088 bytes,    3038400 total
- age   5:      44128 bytes,    3082528 total
- age   6:       4800 bytes,    3087328 total
- age   7:      10624 bytes,    3097952 total
- age   8:       5784 bytes,    3103736 total
: 92054K->4124K(109248K), 0.0055582 secs] 113488K->25563K(502464K), 0.0056320 secs] [Times: user=0.00 sys=0.00, real=0.01 secs] 
Heap after GC invocations=127 (full 2):
 par new generation   total 109248K, used 4124K [0x00000000e0000000, 0x00000000e8000000, 0x00000000e8000000)
  eden space 87424K,   0% used [0x00000000e0000000, 0x00000000e0000000, 0x00000000e5560000)
  from space 21824K,  18% used [0x00000000e6ab0000, 0x00000000e6eb7130, 0x00000000e8000000)
  to   space 21824K,   0% used [0x00000000e5560000, 0x00000000e5560000, 0x00000000e6ab0000)
 concurrent mark-sweep generation total 393216K, used 21439K [0x00000000e8000000, 0x0000000100000000, 0x0000000100000000)
 Metaspace       used 39869K, capacity 40882K, committed 41036K, reserved 1085440K
  class space    used 4575K, capacity 4833K, committed 4940K, reserved 1048576K
}
2017-10-31T06:44:48.003-0700: 7692.234: Total time for which application threads were stopped: 0.0058697 seconds, Stopping threads took: 0.0000223 seconds
2017-10-31T06:44:50.005-0700: 7694.235: Total time for which application threads were stopped: 0.0001625 seconds, Stopping threads took: 0.0000352 seconds
2017-10-31T06:44:50.413-0700: 7694.644: Total time for which application threads were stopped: 0.0002804 seconds, Stopping threads took: 0.0000400 seconds
{Heap before GC invocations=127 (full 2):
 par new generation   total 109248K, used 91497K [0x00000000e0000000, 0x00000000e8000000, 0x00000000e8000000)
  eden space 87424K,  99% used [0x00000000e0000000, 0x00000000e55532e0, 0x00000000e5560000)
  from space 21824K,  18% used [0x00000000e6ab0000, 0x00000000e6eb7130, 0x00000000e8000000)
  to   space 21824K,   0% used [0x00000000e5560000, 0x00000000e5560000, 0x00000000e6ab0000)
 concurrent mark-sweep generation total 393216K, used 21439K [0x00000000e8000000, 0x0000000100000000, 0x0000000100000000)
 Metaspace       used 39869K, capacity 40882K, committed 41036K, reserved 1085440K
  class space    used 4575K, capacity 4833K, committed 4940K, reserved 1048576K
2017-10-31T06:44:51.570-0700: 7695.800: [GC (Allocation Failure) 2017-10-31T06:44:51.570-0700: 7695.800: [ParNew
Desired survivor size 20112992 bytes, new threshold 8 (max 8)
- age   1:    2173552 bytes,    2173552 total
- age   2:      74248 bytes,    2247800 total
- age   3:       5688 bytes,    2253488 total
- age   4:       5568 bytes,    2259056 total
- age   5:     699208 bytes,    2958264 total
- age   6:      43992 bytes,    3002256 total
- age   7:       4800 bytes,    3007056 total
- age   8:      10624 bytes,    3017680 total
: 91497K->3735K(109248K), 0.0060255 secs] 112936K->25180K(502464K), 0.0061176 secs] [Times: user=0.06 sys=0.00, real=0.01 secs] 
Heap after GC invocations=128 (full 2):
 par new generation   total 109248K, used 3735K [0x00000000e0000000, 0x00000000e8000000, 0x00000000e8000000)
  eden space 87424K,   0% used [0x00000000e0000000, 0x00000000e0000000, 0x00000000e5560000)
  from space 21824K,  17% used [0x00000000e5560000, 0x00000000e5905d68, 0x00000000e6ab0000)
  to   space 21824K,   0% used [0x00000000e6ab0000, 0x00000000e6ab0000, 0x00000000e8000000)
 concurrent mark-sweep generation total 393216K, used 21444K [0x00000000e8000000, 0x0000000100000000, 0x0000000100000000)
 Metaspace       used 39869K, capacity 40882K, committed 41036K, reserved 1085440K
  class space    used 4575K, capacity 4833K, committed 4940K, reserved 1048576K
}
2017-10-31T06:44:51.576-0700: 7695.806: Total time for which application threads were stopped: 0.0064880 seconds, Stopping threads took: 0.0000704 seconds
2017-10-31T06:44:53.305-0700: 7697.536: Total time for which application threads were stopped: 0.0005012 seconds, Stopping threads took: 0.0000569 seconds
{Heap before GC invocations=128 (full 2):
 par new generation   total 109248K, used 91159K [0x00000000e0000000, 0x00000000e8000000, 0x00000000e8000000)
  eden space 87424K, 100% used [0x00000000e0000000, 0x00000000e5560000, 0x00000000e5560000)
  from space 21824K,  17% used [0x00000000e5560000, 0x00000000e5905d68, 0x00000000e6ab0000)
  to   space 21824K,   0% used [0x00000000e6ab0000, 0x00000000e6ab0000, 0x00000000e8000000)
 concurrent mark-sweep generation total 393216K, used 21444K [0x00000000e8000000, 0x0000000100000000, 0x0000000100000000)
 Metaspace       used 39869K, capacity 40882K, committed 41036K, reserved 1085440K
  class space    used 4575K, capacity 4833K, committed 4940K, reserved 1048576K
2017-10-31T06:44:54.776-0700: 7699.007: [GC (Allocation Failure) 2017-10-31T06:44:54.776-0700: 7699.007: [ParNew
Desired survivor size 20112992 bytes, new threshold 8 (max 8)
- age   1:    1946768 bytes,    1946768 total
- age   2:      74040 bytes,    2020808 total
- age   3:       6256 bytes,    2027064 total
- age   4:       5688 bytes,    2032752 total
- age   5:       5352 bytes,    2038104 total
- age   6:     693376 bytes,    2731480 total
- age   7:      43992 bytes,    2775472 total
- age   8:       4800 bytes,    2780272 total
: 91159K->3258K(109248K), 0.0154765 secs] 112604K->24713K(502464K), 0.0157088 secs] [Times: user=0.02 sys=0.02, real=0.01 secs] 
Heap after GC invocations=129 (full 2):
 par new generation   total 109248K, used 3258K [0x00000000e0000000, 0x00000000e8000000, 0x00000000e8000000)
  eden space 87424K,   0% used [0x00000000e0000000, 0x00000000e0000000, 0x00000000e5560000)
  from space 21824K,  14% used [0x00000000e6ab0000, 0x00000000e6dde920, 0x00000000e8000000)
  to   space 21824K,   0% used [0x00000000e5560000, 0x00000000e5560000, 0x00000000e6ab0000)
 concurrent mark-sweep generation total 393216K, used 21455K [0x00000000e8000000, 0x0000000100000000, 0x0000000100000000)
 Metaspace       used 39869K, capacity 40882K, committed 41036K, reserved 1085440K
  class space    used 4575K, capacity 4833K, committed 4940K, reserved 1048576K
}
2017-10-31T06:44:54.792-0700: 7699.023: Total time for which application threads were stopped: 0.0164788 seconds, Stopping threads took: 0.0000711 seconds
2017-10-31T06:44:55.793-0700: 7700.024: Total time for which application threads were stopped: 0.0001646 seconds, Stopping threads took: 0.0000454 seconds
2017-10-31T06:44:56.068-0700: 7700.299: Total time for which application threads were stopped: 0.0004091 seconds, Stopping threads took: 0.0000312 seconds
{Heap before GC invocations=129 (full 2):
 par new generation   total 109248K, used 90628K [0x00000000e0000000, 0x00000000e8000000, 0x00000000e8000000)
  eden space 87424K,  99% used [0x00000000e0000000, 0x00000000e5552860, 0x00000000e5560000)
  from space 21824K,  14% used [0x00000000e6ab0000, 0x00000000e6dde920, 0x00000000e8000000)
  to   space 21824K,   0% used [0x00000000e5560000, 0x00000000e5560000, 0x00000000e6ab0000)
 concurrent mark-sweep generation total 393216K, used 21455K [0x00000000e8000000, 0x0000000100000000, 0x0000000100000000)
 Metaspace       used 39869K, capacity 40882K, committed 41036K, reserved 1085440K
  class space    used 4575K, capacity 4833K, committed 4940K, reserved 1048576K
2017-10-31T06:44:58.191-0700: 7702.422: [GC (Allocation Failure) 2017-10-31T06:44:58.191-0700: 7702.422: [ParNew
Desired survivor size 20112992 bytes, new threshold 8 (max 8)
- age   1:    2400888 bytes,    2400888 total
- age   2:       7368 bytes,    2408256 total
- age   3:       6048 bytes,    2414304 total
- age   4:       6256 bytes,    2420560 total
- age   5:       5400 bytes,    2425960 total
- age   6:       4920 bytes,    2430880 total
- age   7:     687304 bytes,    3118184 total
- age   8:      43992 bytes,    3162176 total
: 90628K->3663K(109248K), 0.0148961 secs] 112083K->25123K(502464K), 0.0151006 secs] [Times: user=0.06 sys=0.00, real=0.02 secs] 
Heap after GC invocations=130 (full 2):
 par new generation   total 109248K, used 3663K [0x00000000e0000000, 0x00000000e8000000, 0x00000000e8000000)
  eden space 87424K,   0% used [0x00000000e0000000, 0x00000000e0000000, 0x00000000e5560000)
  from space 21824K,  16% used [0x00000000e5560000, 0x00000000e58f3e20, 0x00000000e6ab0000)
  to   space 21824K,   0% used [0x00000000e6ab0000, 0x00000000e6ab0000, 0x00000000e8000000)
 concurrent mark-sweep generation total 393216K, used 21459K [0x00000000e8000000, 0x0000000100000000, 0x0000000100000000)
 Metaspace       used 39869K, capacity 40882K, committed 41036K, reserved 1085440K
  class space    used 4575K, capacity 4833K, committed 4940K, reserved 1048576K
}
2017-10-31T06:44:58.206-0700: 7702.437: Total time for which application threads were stopped: 0.0158002 seconds, Stopping threads took: 0.0000941 seconds
2017-10-31T06:44:59.507-0700: 7703.738: Total time for which application threads were stopped: 0.0002472 seconds, Stopping threads took: 0.0000312 seconds
2017-10-31T06:45:01.507-0700: 7705.738: Total time for which application threads were stopped: 0.0002492 seconds, Stopping threads took: 0.0000345 seconds
{Heap before GC invocations=130 (full 2):
 par new generation   total 109248K, used 90731K [0x00000000e0000000, 0x00000000e8000000, 0x00000000e8000000)
  eden space 87424K,  99% used [0x00000000e0000000, 0x00000000e5506f00, 0x00000000e5560000)
  from space 21824K,  16% used [0x00000000e5560000, 0x00000000e58f3e20, 0x00000000e6ab0000)
  to   space 21824K,   0% used [0x00000000e6ab0000, 0x00000000e6ab0000, 0x00000000e8000000)
 concurrent mark-sweep generation total 393216K, used 21459K [0x00000000e8000000, 0x0000000100000000, 0x0000000100000000)
 Metaspace       used 39869K, capacity 40882K, committed 41036K, reserved 1085440K
  class space    used 4575K, capacity 4833K, committed 4940K, reserved 1048576K
2017-10-31T06:45:01.636-0700: 7705.866: [GC (Allocation Failure) 2017-10-31T06:45:01.636-0700: 7705.866: [ParNew
Desired survivor size 20112992 bytes, new threshold 8 (max 8)
- age   1:    2123016 bytes,    2123016 total
- age   2:      74568 bytes,    2197584 total
- age   3:       6456 bytes,    2204040 total
- age   4:       6048 bytes,    2210088 total
- age   5:       5896 bytes,    2215984 total
- age   6:       5040 bytes,    2221024 total
- age   7:       4920 bytes,    2225944 total
- age   8:     681640 bytes,    2907584 total
: 90731K->3397K(109248K), 0.0056462 secs] 112191K->24900K(502464K), 0.0057234 secs] [Times: user=0.00 sys=0.00, real=0.01 secs] 
Heap after GC invocations=131 (full 2):
 par new generation   total 109248K, used 3397K [0x00000000e0000000, 0x00000000e8000000, 0x00000000e8000000)
  eden space 87424K,   0% used [0x00000000e0000000, 0x00000000e0000000, 0x00000000e5560000)
  from space 21824K,  15% used [0x00000000e6ab0000, 0x00000000e6e01600, 0x00000000e8000000)
  to   space 21824K,   0% used [0x00000000e5560000, 0x00000000e5560000, 0x00000000e6ab0000)
 concurrent mark-sweep generation total 393216K, used 21503K [0x00000000e8000000, 0x0000000100000000, 0x0000000100000000)
 Metaspace       used 39869K, capacity 40882K, committed 41036K, reserved 1085440K
  class space    used 4575K, capacity 4833K, committed 4940K, reserved 1048576K
}
2017-10-31T06:45:01.641-0700: 7705.872: Total time for which application threads were stopped: 0.0059991 seconds, Stopping threads took: 0.0000440 seconds
2017-10-31T06:45:02.491-0700: 7706.722: Total time for which application threads were stopped: 0.0009617 seconds, Stopping threads took: 0.0001212 seconds
2017-10-31T06:45:03.492-0700: 7707.723: Total time for which application threads were stopped: 0.0001456 seconds, Stopping threads took: 0.0000339 seconds
{Heap before GC invocations=131 (full 2):
 par new generation   total 109248K, used 90821K [0x00000000e0000000, 0x00000000e8000000, 0x00000000e8000000)
  eden space 87424K, 100% used [0x00000000e0000000, 0x00000000e5560000, 0x00000000e5560000)
  from space 21824K,  15% used [0x00000000e6ab0000, 0x00000000e6e01600, 0x00000000e8000000)
  to   space 21824K,   0% used [0x00000000e5560000, 0x00000000e5560000, 0x00000000e6ab0000)
 concurrent mark-sweep generation total 393216K, used 21503K [0x00000000e8000000, 0x0000000100000000, 0x0000000100000000)
 Metaspace       used 39872K, capacity 40882K, committed 41036K, reserved 1085440K
  class space    used 4575K, capacity 4833K, committed 4940K, reserved 1048576K
2017-10-31T06:45:04.937-0700: 7709.168: [GC (Allocation Failure) 2017-10-31T06:45:04.937-0700: 7709.168: [ParNew
Desired survivor size 20112992 bytes, new threshold 8 (max 8)
- age   1:    2401112 bytes,    2401112 total
- age   2:       8048 bytes,    2409160 total
- age   3:       6576 bytes,    2415736 total
- age   4:       6456 bytes,    2422192 total
- age   5:       5616 bytes,    2427808 total
- age   6:       5536 bytes,    2433344 total
- age   7:       5040 bytes,    2438384 total
- age   8:       4920 bytes,    2443304 total
: 90821K->3433K(109248K), 0.0124600 secs] 112324K->25595K(502464K), 0.0125664 secs] [Times: user=0.06 sys=0.00, real=0.01 secs] 
Heap after GC invocations=132 (full 2):
 par new generation   total 109248K, used 3433K [0x00000000e0000000, 0x00000000e8000000, 0x00000000e8000000)
  eden space 87424K,   0% used [0x00000000e0000000, 0x00000000e0000000, 0x00000000e5560000)
  from space 21824K,  15% used [0x00000000e5560000, 0x00000000e58ba498, 0x00000000e6ab0000)
  to   space 21824K,   0% used [0x00000000e6ab0000, 0x00000000e6ab0000, 0x00000000e8000000)
 concurrent mark-sweep generation total 393216K, used 22162K [0x00000000e8000000, 0x0000000100000000, 0x0000000100000000)
 Metaspace       used 39872K, capacity 40882K, committed 41036K, reserved 1085440K
  class space    used 4575K, capacity 4833K, committed 4940K, reserved 1048576K
}
2017-10-31T06:45:04.950-0700: 7709.180: Total time for which application threads were stopped: 0.0128894 seconds, Stopping threads took: 0.0000298 seconds
2017-10-31T06:45:05.221-0700: 7709.451: Total time for which application threads were stopped: 0.0003691 seconds, Stopping threads took: 0.0000582 seconds
2017-10-31T06:45:08.222-0700: 7712.452: Total time for which application threads were stopped: 0.0001673 seconds, Stopping threads took: 0.0000379 seconds
2017-10-31T06:45:08.244-0700: 7712.475: Total time for which application threads were stopped: 0.0002763 seconds, Stopping threads took: 0.0000596 seconds
{Heap before GC invocations=132 (full 2):
 par new generation   total 109248K, used 90764K [0x00000000e0000000, 0x00000000e8000000, 0x00000000e8000000)
  eden space 87424K,  99% used [0x00000000e0000000, 0x00000000e5548e00, 0x00000000e5560000)
  from space 21824K,  15% used [0x00000000e5560000, 0x00000000e58ba498, 0x00000000e6ab0000)
  to   space 21824K,   0% used [0x00000000e6ab0000, 0x00000000e6ab0000, 0x00000000e8000000)
 concurrent mark-sweep generation total 393216K, used 22162K [0x00000000e8000000, 0x0000000100000000, 0x0000000100000000)
 Metaspace       used 39872K, capacity 40882K, committed 41036K, reserved 1085440K
  class space    used 4575K, capacity 4833K, committed 4940K, reserved 1048576K
2017-10-31T06:45:08.271-0700: 7712.502: [GC (Allocation Failure) 2017-10-31T06:45:08.271-0700: 7712.502: [ParNew
Desired survivor size 20112992 bytes, new threshold 8 (max 8)
- age   1:    2900880 bytes,    2900880 total
- age   2:      75912 bytes,    2976792 total
- age   3:       7136 bytes,    2983928 total
- age   4:       6576 bytes,    2990504 total
- age   5:       6024 bytes,    2996528 total
- age   6:       5328 bytes,    3001856 total
- age   7:       5536 bytes,    3007392 total
- age   8:       5040 bytes,    3012432 total
: 90764K->3298K(109248K), 0.0072947 secs] 112927K->25465K(502464K), 0.0073786 secs] [Times: user=0.00 sys=0.00, real=0.01 secs] 
Heap after GC invocations=133 (full 2):
 par new generation   total 109248K, used 3298K [0x00000000e0000000, 0x00000000e8000000, 0x00000000e8000000)
  eden space 87424K,   0% used [0x00000000e0000000, 0x00000000e0000000, 0x00000000e5560000)
  from space 21824K,  15% used [0x00000000e6ab0000, 0x00000000e6de88d0, 0x00000000e8000000)
  to   space 21824K,   0% used [0x00000000e5560000, 0x00000000e5560000, 0x00000000e6ab0000)
 concurrent mark-sweep generation total 393216K, used 22167K [0x00000000e8000000, 0x0000000100000000, 0x0000000100000000)
 Metaspace       used 39872K, capacity 40882K, committed 41036K, reserved 1085440K
  class space    used 4575K, capacity 4833K, committed 4940K, reserved 1048576K
}
2017-10-31T06:45:08.278-0700: 7712.509: Total time for which application threads were stopped: 0.0077538 seconds, Stopping threads took: 0.0000454 seconds
2017-10-31T06:45:09.278-0700: 7713.509: Total time for which application threads were stopped: 0.0001910 seconds, Stopping threads took: 0.0000352 seconds
2017-10-31T06:45:11.106-0700: 7715.336: Total time for which application threads were stopped: 0.0002397 seconds, Stopping threads took: 0.0000325 seconds
{Heap before GC invocations=133 (full 2):
 par new generation   total 109248K, used 90722K [0x00000000e0000000, 0x00000000e8000000, 0x00000000e8000000)
  eden space 87424K, 100% used [0x00000000e0000000, 0x00000000e5560000, 0x00000000e5560000)
  from space 21824K,  15% used [0x00000000e6ab0000, 0x00000000e6de88d0, 0x00000000e8000000)
  to   space 21824K,   0% used [0x00000000e5560000, 0x00000000e5560000, 0x00000000e6ab0000)
 concurrent mark-sweep generation total 393216K, used 22167K [0x00000000e8000000, 0x0000000100000000, 0x0000000100000000)
 Metaspace       used 39872K, capacity 40882K, committed 41036K, reserved 1085440K
  class space    used 4575K, capacity 4833K, committed 4940K, reserved 1048576K
2017-10-31T06:45:11.152-0700: 7715.383: [GC (Allocation Failure) 2017-10-31T06:45:11.152-0700: 7715.383: [ParNew
Desired survivor size 20112992 bytes, new threshold 8 (max 8)
- age   1:    3028736 bytes,    3028736 total
- age   2:     534128 bytes,    3562864 total
- age   3:       7920 bytes,    3570784 total
- age   4:       7136 bytes,    3577920 total
- age   5:       6144 bytes,    3584064 total
- age   6:       5736 bytes,    3589800 total
- age   7:       5328 bytes,    3595128 total
- age   8:       5536 bytes,    3600664 total
: 90722K->4180K(109248K), 0.0043757 secs] 112889K->26353K(502464K), 0.0044746 secs] [Times: user=0.00 sys=0.00, real=0.00 secs] 
Heap after GC invocations=134 (full 2):
 par new generation   total 109248K, used 4180K [0x00000000e0000000, 0x00000000e8000000, 0x00000000e8000000)
  eden space 87424K,   0% used [0x00000000e0000000, 0x00000000e0000000, 0x00000000e5560000)
  from space 21824K,  19% used [0x00000000e5560000, 0x00000000e59752b0, 0x00000000e6ab0000)
  to   space 21824K,   0% used [0x00000000e6ab0000, 0x00000000e6ab0000, 0x00000000e8000000)
 concurrent mark-sweep generation total 393216K, used 22172K [0x00000000e8000000, 0x0000000100000000, 0x0000000100000000)
 Metaspace       used 39872K, capacity 40882K, committed 41036K, reserved 1085440K
  class space    used 4575K, capacity 4833K, committed 4940K, reserved 1048576K
}
2017-10-31T06:45:11.156-0700: 7715.387: Total time for which application threads were stopped: 0.0052812 seconds, Stopping threads took: 0.0000515 seconds
2017-10-31T06:45:12.157-0700: 7716.387: Total time for which application threads were stopped: 0.0001463 seconds, Stopping threads took: 0.0000427 seconds
2017-10-31T06:45:13.899-0700: 7718.129: Total time for which application threads were stopped: 0.0002885 seconds, Stopping threads took: 0.0000562 seconds
{Heap before GC invocations=134 (full 2):
 par new generation   total 109248K, used 91604K [0x00000000e0000000, 0x00000000e8000000, 0x00000000e8000000)
  eden space 87424K, 100% used [0x00000000e0000000, 0x00000000e5560000, 0x00000000e5560000)
  from space 21824K,  19% used [0x00000000e5560000, 0x00000000e59752b0, 0x00000000e6ab0000)
  to   space 21824K,   0% used [0x00000000e6ab0000, 0x00000000e6ab0000, 0x00000000e8000000)
 concurrent mark-sweep generation total 393216K, used 22172K [0x00000000e8000000, 0x0000000100000000, 0x0000000100000000)
 Metaspace       used 39872K, capacity 40882K, committed 41036K, reserved 1085440K
  class space    used 4575K, capacity 4833K, committed 4940K, reserved 1048576K
2017-10-31T06:45:13.964-0700: 7718.195: [GC (Allocation Failure) 2017-10-31T06:45:13.964-0700: 7718.195: [ParNew
Desired survivor size 20112992 bytes, new threshold 8 (max 8)
- age   1:    2461568 bytes,    2461568 total
- age   2:     816480 bytes,    3278048 total
- age   3:       9232 bytes,    3287280 total
- age   4:       7920 bytes,    3295200 total
- age   5:       6992 bytes,    3302192 total
- age   6:       5784 bytes,    3307976 total
- age   7:       5736 bytes,    3313712 total
- age   8:       5328 bytes,    3319040 total
: 91604K->5560K(109248K), 0.0049331 secs] 113777K->27738K(502464K), 0.0050320 secs] [Times: user=0.00 sys=0.00, real=0.01 secs] 
Heap after GC invocations=135 (full 2):
 par new generation   total 109248K, used 5560K [0x00000000e0000000, 0x00000000e8000000, 0x00000000e8000000)
  eden space 87424K,   0% used [0x00000000e0000000, 0x00000000e0000000, 0x00000000e5560000)
  from space 21824K,  25% used [0x00000000e6ab0000, 0x00000000e701e130, 0x00000000e8000000)
  to   space 21824K,   0% used [0x00000000e5560000, 0x00000000e5560000, 0x00000000e6ab0000)
 concurrent mark-sweep generation total 393216K, used 22177K [0x00000000e8000000, 0x0000000100000000, 0x0000000100000000)
 Metaspace       used 39872K, capacity 40882K, committed 41036K, reserved 1085440K
  class space    used 4575K, capacity 4833K, committed 4940K, reserved 1048576K
}
2017-10-31T06:45:13.969-0700: 7718.200: Total time for which application threads were stopped: 0.0054756 seconds, Stopping threads took: 0.0000433 seconds
2017-10-31T06:45:16.792-0700: 7721.022: Total time for which application threads were stopped: 0.0007247 seconds, Stopping threads took: 0.0002838 seconds
{Heap before GC invocations=135 (full 2):
 par new generation   total 109248K, used 92972K [0x00000000e0000000, 0x00000000e8000000, 0x00000000e8000000)
  eden space 87424K,  99% used [0x00000000e0000000, 0x00000000e555cfe8, 0x00000000e5560000)
  from space 21824K,  25% used [0x00000000e6ab0000, 0x00000000e701e130, 0x00000000e8000000)
  to   space 21824K,   0% used [0x00000000e5560000, 0x00000000e5560000, 0x00000000e6ab0000)
 concurrent mark-sweep generation total 393216K, used 22177K [0x00000000e8000000, 0x0000000100000000, 0x0000000100000000)
 Metaspace       used 39872K, capacity 40882K, committed 41036K, reserved 1085440K
  class space    used 4575K, capacity 4833K, committed 4940K, reserved 1048576K
2017-10-31T06:45:17.176-0700: 7721.406: [GC (Allocation Failure) 2017-10-31T06:45:17.176-0700: 7721.406: [ParNew
Desired survivor size 20112992 bytes, new threshold 8 (max 8)
- age   1:    2137448 bytes,    2137448 total
- age   2:      78840 bytes,    2216288 total
- age   3:       6696 bytes,    2222984 total
- age   4:       9232 bytes,    2232216 total
- age   5:       7776 bytes,    2239992 total
- age   6:       6416 bytes,    2246408 total
- age   7:       5784 bytes,    2252192 total
- age   8:       5736 bytes,    2257928 total
: 92972K->3064K(109248K), 0.0060702 secs] 115150K->25247K(502464K), 0.0061609 secs] [Times: user=0.01 sys=0.00, real=0.01 secs] 
Heap after GC invocations=136 (full 2):
 par new generation   total 109248K, used 3064K [0x00000000e0000000, 0x00000000e8000000, 0x00000000e8000000)
  eden space 87424K,   0% used [0x00000000e0000000, 0x00000000e0000000, 0x00000000e5560000)
  from space 21824K,  14% used [0x00000000e5560000, 0x00000000e585e0d8, 0x00000000e6ab0000)
  to   space 21824K,   0% used [0x00000000e6ab0000, 0x00000000e6ab0000, 0x00000000e8000000)
 concurrent mark-sweep generation total 393216K, used 22183K [0x00000000e8000000, 0x0000000100000000, 0x0000000100000000)
 Metaspace       used 39872K, capacity 40882K, committed 41036K, reserved 1085440K
  class space    used 4575K, capacity 4833K, committed 4940K, reserved 1048576K
}
2017-10-31T06:45:17.182-0700: 7721.412: Total time for which application threads were stopped: 0.0064698 seconds, Stopping threads took: 0.0000264 seconds
2017-10-31T06:45:19.594-0700: 7723.825: Total time for which application threads were stopped: 0.0002499 seconds, Stopping threads took: 0.0000325 seconds
{Heap before GC invocations=136 (full 2):
 par new generation   total 109248K, used 90488K [0x00000000e0000000, 0x00000000e8000000, 0x00000000e8000000)
  eden space 87424K, 100% used [0x00000000e0000000, 0x00000000e5560000, 0x00000000e5560000)
  from space 21824K,  14% used [0x00000000e5560000, 0x00000000e585e0d8, 0x00000000e6ab0000)
  to   space 21824K,   0% used [0x00000000e6ab0000, 0x00000000e6ab0000, 0x00000000e8000000)
 concurrent mark-sweep generation total 393216K, used 22183K [0x00000000e8000000, 0x0000000100000000, 0x0000000100000000)
 Metaspace       used 39872K, capacity 40882K, committed 41036K, reserved 1085440K
  class space    used 4575K, capacity 4833K, committed 4940K, reserved 1048576K
2017-10-31T06:45:20.638-0700: 7724.870: [GC (Allocation Failure) 2017-10-31T06:45:20.639-0700: 7724.870: [ParNew
Desired survivor size 20112992 bytes, new threshold 8 (max 8)
- age   1:    1836032 bytes,    1836032 total
- age   2:      75696 bytes,    1911728 total
- age   3:       6736 bytes,    1918464 total
- age   4:       6696 bytes,    1925160 total
- age   5:       9088 bytes,    1934248 total
- age   6:       7128 bytes,    1941376 total
- age   7:       6416 bytes,    1947792 total
- age   8:       5784 bytes,    1953576 total
: 90488K->2280K(109248K), 0.0037486 secs] 112671K->24468K(502464K), 0.0038481 secs] [Times: user=0.00 sys=0.00, real=0.00 secs] 
Heap after GC invocations=137 (full 2):
 par new generation   total 109248K, used 2280K [0x00000000e0000000, 0x00000000e8000000, 0x00000000e8000000)
  eden space 87424K,   0% used [0x00000000e0000000, 0x00000000e0000000, 0x00000000e5560000)
  from space 21824K,  10% used [0x00000000e6ab0000, 0x00000000e6cea050, 0x00000000e8000000)
  to   space 21824K,   0% used [0x00000000e5560000, 0x00000000e5560000, 0x00000000e6ab0000)
 concurrent mark-sweep generation total 393216K, used 22188K [0x00000000e8000000, 0x0000000100000000, 0x0000000100000000)
 Metaspace       used 39872K, capacity 40882K, committed 41036K, reserved 1085440K
  class space    used 4575K, capacity 4833K, committed 4940K, reserved 1048576K
}
2017-10-31T06:45:20.642-0700: 7724.874: Total time for which application threads were stopped: 0.0043019 seconds, Stopping threads took: 0.0000291 seconds
2017-10-31T06:45:22.484-0700: 7726.715: Total time for which application threads were stopped: 0.0003468 seconds, Stopping threads took: 0.0000271 seconds
2017-10-31T06:45:23.484-0700: 7727.715: Total time for which application threads were stopped: 0.0001646 seconds, Stopping threads took: 0.0000345 seconds
{Heap before GC invocations=137 (full 2):
 par new generation   total 109248K, used 89608K [0x00000000e0000000, 0x00000000e8000000, 0x00000000e8000000)
  eden space 87424K,  99% used [0x00000000e0000000, 0x00000000e5548320, 0x00000000e5560000)
  from space 21824K,  10% used [0x00000000e6ab0000, 0x00000000e6cea050, 0x00000000e8000000)
  to   space 21824K,   0% used [0x00000000e5560000, 0x00000000e5560000, 0x00000000e6ab0000)
 concurrent mark-sweep generation total 393216K, used 22188K [0x00000000e8000000, 0x0000000100000000, 0x0000000100000000)
 Metaspace       used 39872K, capacity 40882K, committed 41036K, reserved 1085440K
  class space    used 4575K, capacity 4833K, committed 4940K, reserved 1048576K
2017-10-31T06:45:24.081-0700: 7728.312: [GC (Allocation Failure) 2017-10-31T06:45:24.081-0700: 7728.312: [ParNew
Desired survivor size 20112992 bytes, new threshold 8 (max 8)
- age   1:    2162952 bytes,    2162952 total
- age   2:       8424 bytes,    2171376 total
- age   3:       7704 bytes,    2179080 total
- age   4:       6736 bytes,    2185816 total
- age   5:       6624 bytes,    2192440 total
- age   6:       8512 bytes,    2200952 total
- age   7:       7128 bytes,    2208080 total
- age   8:       6416 bytes,    2214496 total
: 89608K->3261K(109248K), 0.0074619 secs] 111797K->25456K(502464K), 0.0075791 secs] [Times: user=0.02 sys=0.00, real=0.01 secs] 
Heap after GC invocations=138 (full 2):
 par new generation   total 109248K, used 3261K [0x00000000e0000000, 0x00000000e8000000, 0x00000000e8000000)
  eden space 87424K,   0% used [0x00000000e0000000, 0x00000000e0000000, 0x00000000e5560000)
  from space 21824K,  14% used [0x00000000e5560000, 0x00000000e588f6d0, 0x00000000e6ab0000)
  to   space 21824K,   0% used [0x00000000e6ab0000, 0x00000000e6ab0000, 0x00000000e8000000)
 concurrent mark-sweep generation total 393216K, used 22194K [0x00000000e8000000, 0x0000000100000000, 0x0000000100000000)
 Metaspace       used 39872K, capacity 40882K, committed 41036K, reserved 1085440K
  class space    used 4575K, capacity 4833K, committed 4940K, reserved 1048576K
}
2017-10-31T06:45:24.088-0700: 7728.320: Total time for which application threads were stopped: 0.0079455 seconds, Stopping threads took: 0.0000657 seconds
2017-10-31T06:45:25.631-0700: 7729.861: Total time for which application threads were stopped: 0.0002743 seconds, Stopping threads took: 0.0000555 seconds
2017-10-31T06:45:26.631-0700: 7730.861: Total time for which application threads were stopped: 0.0001646 seconds, Stopping threads took: 0.0000332 seconds
{Heap before GC invocations=138 (full 2):
 par new generation   total 109248K, used 90685K [0x00000000e0000000, 0x00000000e8000000, 0x00000000e8000000)
  eden space 87424K, 100% used [0x00000000e0000000, 0x00000000e5560000, 0x00000000e5560000)
  from space 21824K,  14% used [0x00000000e5560000, 0x00000000e588f6d0, 0x00000000e6ab0000)
  to   space 21824K,   0% used [0x00000000e6ab0000, 0x00000000e6ab0000, 0x00000000e8000000)
 concurrent mark-sweep generation total 393216K, used 22194K [0x00000000e8000000, 0x0000000100000000, 0x0000000100000000)
 Metaspace       used 39872K, capacity 40882K, committed 41036K, reserved 1085440K
  class space    used 4575K, capacity 4833K, committed 4940K, reserved 1048576K
2017-10-31T06:45:27.986-0700: 7732.217: [GC (Allocation Failure) 2017-10-31T06:45:27.986-0700: 7732.217: [ParNew
Desired survivor size 20112992 bytes, new threshold 8 (max 8)
- age   1:    2279704 bytes,    2279704 total
- age   2:       9384 bytes,    2289088 total
- age   3:       7512 bytes,    2296600 total
- age   4:       7704 bytes,    2304304 total
- age   5:       6304 bytes,    2310608 total
- age   6:       6120 bytes,    2316728 total
- age   7:       8512 bytes,    2325240 total
- age   8:       7128 bytes,    2332368 total
: 90685K->2551K(109248K), 0.0042023 secs] 112880K->24751K(502464K), 0.0042863 secs] [Times: user=0.00 sys=0.00, real=0.00 secs] 
Heap after GC invocations=139 (full 2):
 par new generation   total 109248K, used 2551K [0x00000000e0000000, 0x00000000e8000000, 0x00000000e8000000)
  eden space 87424K,   0% used [0x00000000e0000000, 0x00000000e0000000, 0x00000000e5560000)
  from space 21824K,  11% used [0x00000000e6ab0000, 0x00000000e6d2dc00, 0x00000000e8000000)
  to   space 21824K,   0% used [0x00000000e5560000, 0x00000000e5560000, 0x00000000e6ab0000)
 concurrent mark-sweep generation total 393216K, used 22200K [0x00000000e8000000, 0x0000000100000000, 0x0000000100000000)
 Metaspace       used 39872K, capacity 40882K, committed 41036K, reserved 1085440K
  class space    used 4575K, capacity 4833K, committed 4940K, reserved 1048576K
}
2017-10-31T06:45:27.991-0700: 7732.221: Total time for which application threads were stopped: 0.0045647 seconds, Stopping threads took: 0.0000251 seconds
2017-10-31T06:45:28.789-0700: 7733.020: Total time for which application threads were stopped: 0.0003488 seconds, Stopping threads took: 0.0000481 seconds
{Heap before GC invocations=139 (full 2):
 par new generation   total 109248K, used 89595K [0x00000000e0000000, 0x00000000e8000000, 0x00000000e8000000)
  eden space 87424K,  99% used [0x00000000e0000000, 0x00000000e5501190, 0x00000000e5560000)
  from space 21824K,  11% used [0x00000000e6ab0000, 0x00000000e6d2dc00, 0x00000000e8000000)
  to   space 21824K,   0% used [0x00000000e5560000, 0x00000000e5560000, 0x00000000e6ab0000)
 concurrent mark-sweep generation total 393216K, used 22200K [0x00000000e8000000, 0x0000000100000000, 0x0000000100000000)
 Metaspace       used 39872K, capacity 40882K, committed 41036K, reserved 1085440K
  class space    used 4575K, capacity 4833K, committed 4940K, reserved 1048576K
2017-10-31T06:45:31.395-0700: 7735.625: [GC (Allocation Failure) 2017-10-31T06:45:31.395-0700: 7735.625: [ParNew
Desired survivor size 20112992 bytes, new threshold 8 (max 8)
- age   1:    2270560 bytes,    2270560 total
- age   2:       9208 bytes,    2279768 total
- age   3:       8472 bytes,    2288240 total
- age   4:       7512 bytes,    2295752 total
- age   5:       7200 bytes,    2302952 total
- age   6:       6016 bytes,    2308968 total
- age   7:       6120 bytes,    2315088 total
- age   8:       8512 bytes,    2323600 total
: 89595K->3105K(109248K), 0.0046392 secs] 111796K->25313K(502464K), 0.0047340 secs] [Times: user=0.00 sys=0.00, real=0.00 secs] 
Heap after GC invocations=140 (full 2):
 par new generation   total 109248K, used 3105K [0x00000000e0000000, 0x00000000e8000000, 0x00000000e8000000)
  eden space 87424K,   0% used [0x00000000e0000000, 0x00000000e0000000, 0x00000000e5560000)
  from space 21824K,  14% used [0x00000000e5560000, 0x00000000e5868758, 0x00000000e6ab0000)
  to   space 21824K,   0% used [0x00000000e6ab0000, 0x00000000e6ab0000, 0x00000000e8000000)
 concurrent mark-sweep generation total 393216K, used 22207K [0x00000000e8000000, 0x0000000100000000, 0x0000000100000000)
 Metaspace       used 39872K, capacity 40882K, committed 41036K, reserved 1085440K
  class space    used 4575K, capacity 4833K, committed 4940K, reserved 1048576K
}
2017-10-31T06:45:31.399-0700: 7735.630: Total time for which application threads were stopped: 0.0050056 seconds, Stopping threads took: 0.0000257 seconds
2017-10-31T06:45:31.936-0700: 7736.167: Total time for which application threads were stopped: 0.0002384 seconds, Stopping threads took: 0.0000291 seconds
2017-10-31T06:45:33.936-0700: 7738.167: Total time for which application threads were stopped: 0.0001801 seconds, Stopping threads took: 0.0000393 seconds
2017-10-31T06:45:34.848-0700: 7739.079: Total time for which application threads were stopped: 0.0002397 seconds, Stopping threads took: 0.0000305 seconds
{Heap before GC invocations=140 (full 2):
 par new generation   total 109248K, used 90529K [0x00000000e0000000, 0x00000000e8000000, 0x00000000e8000000)
  eden space 87424K, 100% used [0x00000000e0000000, 0x00000000e5560000, 0x00000000e5560000)
  from space 21824K,  14% used [0x00000000e5560000, 0x00000000e5868758, 0x00000000e6ab0000)
  to   space 21824K,   0% used [0x00000000e6ab0000, 0x00000000e6ab0000, 0x00000000e8000000)
 concurrent mark-sweep generation total 393216K, used 22207K [0x00000000e8000000, 0x0000000100000000, 0x0000000100000000)
 Metaspace       used 39872K, capacity 40882K, committed 41036K, reserved 1085440K
  class space    used 4575K, capacity 4833K, committed 4940K, reserved 1048576K
2017-10-31T06:45:34.863-0700: 7739.094: [GC (Allocation Failure) 2017-10-31T06:45:34.863-0700: 7739.094: [ParNew
Desired survivor size 20112992 bytes, new threshold 8 (max 8)
- age   1:    2383216 bytes,    2383216 total
- age   2:      75888 bytes,    2459104 total
- age   3:       8040 bytes,    2467144 total
- age   4:       8472 bytes,    2475616 total
- age   5:       6936 bytes,    2482552 total
- age   6:       6984 bytes,    2489536 total
- age   7:       6016 bytes,    2495552 total
- age   8:       6120 bytes,    2501672 total
: 90529K->2795K(109248K), 0.0047414 secs] 112737K->25011K(502464K), 0.0048715 secs] [Times: user=0.00 sys=0.00, real=0.01 secs] 
Heap after GC invocations=141 (full 2):
 par new generation   total 109248K, used 2795K [0x00000000e0000000, 0x00000000e8000000, 0x00000000e8000000)
  eden space 87424K,   0% used [0x00000000e0000000, 0x00000000e0000000, 0x00000000e5560000)
  from space 21824K,  12% used [0x00000000e6ab0000, 0x00000000e6d6add8, 0x00000000e8000000)
  to   space 21824K,   0% used [0x00000000e5560000, 0x00000000e5560000, 0x00000000e6ab0000)
 concurrent mark-sweep generation total 393216K, used 22215K [0x00000000e8000000, 0x0000000100000000, 0x0000000100000000)
 Metaspace       used 39872K, capacity 40882K, committed 41036K, reserved 1085440K
  class space    used 4575K, capacity 4833K, committed 4940K, reserved 1048576K
}
2017-10-31T06:45:34.868-0700: 7739.099: Total time for which application threads were stopped: 0.0052920 seconds, Stopping threads took: 0.0000298 seconds
2017-10-31T06:45:37.983-0700: 7742.213: Total time for which application threads were stopped: 0.0005432 seconds, Stopping threads took: 0.0000765 seconds
{Heap before GC invocations=141 (full 2):
 par new generation   total 109248K, used 90219K [0x00000000e0000000, 0x00000000e8000000, 0x00000000e8000000)
  eden space 87424K, 100% used [0x00000000e0000000, 0x00000000e5560000, 0x00000000e5560000)
  from space 21824K,  12% used [0x00000000e6ab0000, 0x00000000e6d6add8, 0x00000000e8000000)
  to   space 21824K,   0% used [0x00000000e5560000, 0x00000000e5560000, 0x00000000e6ab0000)
 concurrent mark-sweep generation total 393216K, used 22215K [0x00000000e8000000, 0x0000000100000000, 0x0000000100000000)
 Metaspace       used 39872K, capacity 40882K, committed 41036K, reserved 1085440K
  class space    used 4575K, capacity 4833K, committed 4940K, reserved 1048576K
2017-10-31T06:45:38.023-0700: 7742.254: [GC (Allocation Failure) 2017-10-31T06:45:38.023-0700: 7742.254: [ParNew
Desired survivor size 20112992 bytes, new threshold 8 (max 8)
- age   1:    2705288 bytes,    2705288 total
- age   2:     254968 bytes,    2960256 total
- age   3:       7896 bytes,    2968152 total
- age   4:       8040 bytes,    2976192 total
- age   5:       7896 bytes,    2984088 total
- age   6:       6792 bytes,    2990880 total
- age   7:       6984 bytes,    2997864 total
- age   8:       6016 bytes,    3003880 total
: 90219K->3299K(109248K), 0.0044536 secs] 112435K->25521K(502464K), 0.0045362 secs] [Times: user=0.06 sys=0.00, real=0.01 secs] 
Heap after GC invocations=142 (full 2):
 par new generation   total 109248K, used 3299K [0x00000000e0000000, 0x00000000e8000000, 0x00000000e8000000)
  eden space 87424K,   0% used [0x00000000e0000000, 0x00000000e0000000, 0x00000000e5560000)
  from space 21824K,  15% used [0x00000000e5560000, 0x00000000e5898d38, 0x00000000e6ab0000)
  to   space 21824K,   0% used [0x00000000e6ab0000, 0x00000000e6ab0000, 0x00000000e8000000)
 concurrent mark-sweep generation total 393216K, used 22221K [0x00000000e8000000, 0x0000000100000000, 0x0000000100000000)
 Metaspace       used 39872K, capacity 40882K, committed 41036K, reserved 1085440K
  class space    used 4575K, capacity 4833K, committed 4940K, reserved 1048576K
}
2017-10-31T06:45:38.028-0700: 7742.258: Total time for which application threads were stopped: 0.0047970 seconds, Stopping threads took: 0.0000251 seconds
2017-10-31T06:45:41.048-0700: 7745.280: Total time for which application threads were stopped: 0.0005303 seconds, Stopping threads took: 0.0001341 seconds
{Heap before GC invocations=142 (full 2):
 par new generation   total 109248K, used 90723K [0x00000000e0000000, 0x00000000e8000000, 0x00000000e8000000)
  eden space 87424K, 100% used [0x00000000e0000000, 0x00000000e5560000, 0x00000000e5560000)
  from space 21824K,  15% used [0x00000000e5560000, 0x00000000e5898d38, 0x00000000e6ab0000)
  to   space 21824K,   0% used [0x00000000e6ab0000, 0x00000000e6ab0000, 0x00000000e8000000)
 concurrent mark-sweep generation total 393216K, used 22221K [0x00000000e8000000, 0x0000000100000000, 0x0000000100000000)
 Metaspace       used 39872K, capacity 40882K, committed 41036K, reserved 1085440K
  class space    used 4575K, capacity 4833K, committed 4940K, reserved 1048576K
2017-10-31T06:45:41.138-0700: 7745.369: [GC (Allocation Failure) 2017-10-31T06:45:41.139-0700: 7745.369: [ParNew
Desired survivor size 20112992 bytes, new threshold 8 (max 8)
- age   1:    2817224 bytes,    2817224 total
- age   2:     691048 bytes,    3508272 total
- age   3:       7696 bytes,    3515968 total
- age   4:       7896 bytes,    3523864 total
- age   5:       7608 bytes,    3531472 total
- age   6:       7680 bytes,    3539152 total
- age   7:       6792 bytes,    3545944 total
- age   8:       6984 bytes,    3552928 total
: 90723K->4283K(109248K), 0.0045267 secs] 112945K->26511K(502464K), 0.0046297 secs] [Times: user=0.00 sys=0.00, real=0.00 secs] 
Heap after GC invocations=143 (full 2):
 par new generation   total 109248K, used 4283K [0x00000000e0000000, 0x00000000e8000000, 0x00000000e8000000)
  eden space 87424K,   0% used [0x00000000e0000000, 0x00000000e0000000, 0x00000000e5560000)
  from space 21824K,  19% used [0x00000000e6ab0000, 0x00000000e6edef60, 0x00000000e8000000)
  to   space 21824K,   0% used [0x00000000e5560000, 0x00000000e5560000, 0x00000000e6ab0000)
 concurrent mark-sweep generation total 393216K, used 22227K [0x00000000e8000000, 0x0000000100000000, 0x0000000100000000)
 Metaspace       used 39872K, capacity 40882K, committed 41036K, reserved 1085440K
  class space    used 4575K, capacity 4833K, committed 4940K, reserved 1048576K
}
2017-10-31T06:45:41.143-0700: 7745.374: Total time for which application threads were stopped: 0.0049710 seconds, Stopping threads took: 0.0000406 seconds
2017-10-31T06:45:44.144-0700: 7748.374: Total time for which application threads were stopped: 0.0001327 seconds, Stopping threads took: 0.0000291 seconds
2017-10-31T06:45:44.443-0700: 7748.674: Total time for which application threads were stopped: 0.0004998 seconds, Stopping threads took: 0.0001138 seconds
{Heap before GC invocations=143 (full 2):
 par new generation   total 109248K, used 91707K [0x00000000e0000000, 0x00000000e8000000, 0x00000000e8000000)
  eden space 87424K, 100% used [0x00000000e0000000, 0x00000000e5560000, 0x00000000e5560000)
  from space 21824K,  19% used [0x00000000e6ab0000, 0x00000000e6edef60, 0x00000000e8000000)
  to   space 21824K,   0% used [0x00000000e5560000, 0x00000000e5560000, 0x00000000e6ab0000)
 concurrent mark-sweep generation total 393216K, used 22227K [0x00000000e8000000, 0x0000000100000000, 0x0000000100000000)
 Metaspace       used 39873K, capacity 40882K, committed 41036K, reserved 1085440K
  class space    used 4575K, capacity 4833K, committed 4940K, reserved 1048576K
2017-10-31T06:45:44.751-0700: 7748.982: [GC (Allocation Failure) 2017-10-31T06:45:44.751-0700: 7748.982: [ParNew
Desired survivor size 20112992 bytes, new threshold 8 (max 8)
- age   1:    1887288 bytes,    1887288 total
- age   2:      79608 bytes,    1966896 total
- age   3:       9144 bytes,    1976040 total
- age   4:       7696 bytes,    1983736 total
- age   5:       7536 bytes,    1991272 total
- age   6:       7320 bytes,    1998592 total
- age   7:       7680 bytes,    2006272 total
- age   8:       6792 bytes,    2013064 total
: 91707K->2586K(109248K), 0.0064474 secs] 113935K->24821K(502464K), 0.0065273 secs] [Times: user=0.00 sys=0.00, real=0.01 secs] 
Heap after GC invocations=144 (full 2):
 par new generation   total 109248K, used 2586K [0x00000000e0000000, 0x00000000e8000000, 0x00000000e8000000)
  eden space 87424K,   0% used [0x00000000e0000000, 0x00000000e0000000, 0x00000000e5560000)
  from space 21824K,  11% used [0x00000000e5560000, 0x00000000e57e6a40, 0x00000000e6ab0000)
  to   space 21824K,   0% used [0x00000000e6ab0000, 0x00000000e6ab0000, 0x00000000e8000000)
 concurrent mark-sweep generation total 393216K, used 22234K [0x00000000e8000000, 0x0000000100000000, 0x0000000100000000)
 Metaspace       used 39873K, capacity 40882K, committed 41036K, reserved 1085440K
  class space    used 4575K, capacity 4833K, committed 4940K, reserved 1048576K
}
2017-10-31T06:45:44.757-0700: 7748.988: Total time for which application threads were stopped: 0.0067732 seconds, Stopping threads took: 0.0000230 seconds
2017-10-31T06:45:47.531-0700: 7751.762: Total time for which application threads were stopped: 0.0002628 seconds, Stopping threads took: 0.0000291 seconds
{Heap before GC invocations=144 (full 2):
 par new generation   total 109248K, used 89861K [0x00000000e0000000, 0x00000000e8000000, 0x00000000e8000000)
  eden space 87424K,  99% used [0x00000000e0000000, 0x00000000e553ad10, 0x00000000e5560000)
  from space 21824K,  11% used [0x00000000e5560000, 0x00000000e57e6a40, 0x00000000e6ab0000)
  to   space 21824K,   0% used [0x00000000e6ab0000, 0x00000000e6ab0000, 0x00000000e8000000)
 concurrent mark-sweep generation total 393216K, used 22234K [0x00000000e8000000, 0x0000000100000000, 0x0000000100000000)
 Metaspace       used 39873K, capacity 40882K, committed 41036K, reserved 1085440K
  class space    used 4575K, capacity 4833K, committed 4940K, reserved 1048576K
2017-10-31T06:45:48.639-0700: 7752.870: [GC (Allocation Failure) 2017-10-31T06:45:48.639-0700: 7752.870: [ParNew
Desired survivor size 20112992 bytes, new threshold 8 (max 8)
- age   1:    2188256 bytes,    2188256 total
- age   2:       8560 bytes,    2196816 total
- age   3:       7504 bytes,    2204320 total
- age   4:       9144 bytes,    2213464 total
- age   5:       7264 bytes,    2220728 total
- age   6:       7104 bytes,    2227832 total
- age   7:       7320 bytes,    2235152 total
- age   8:       7680 bytes,    2242832 total
: 89861K->2640K(109248K), 0.0042538 secs] 112096K->24881K(502464K), 0.0043439 secs] [Times: user=0.00 sys=0.00, real=0.01 secs] 
Heap after GC invocations=145 (full 2):
 par new generation   total 109248K, used 2640K [0x00000000e0000000, 0x00000000e8000000, 0x00000000e8000000)
  eden space 87424K,   0% used [0x00000000e0000000, 0x00000000e0000000, 0x00000000e5560000)
  from space 21824K,  12% used [0x00000000e6ab0000, 0x00000000e6d442a0, 0x00000000e8000000)
  to   space 21824K,   0% used [0x00000000e5560000, 0x00000000e5560000, 0x00000000e6ab0000)
 concurrent mark-sweep generation total 393216K, used 22241K [0x00000000e8000000, 0x0000000100000000, 0x0000000100000000)
 Metaspace       used 39873K, capacity 40882K, committed 41036K, reserved 1085440K
  class space    used 4575K, capacity 4833K, committed 4940K, reserved 1048576K
}
2017-10-31T06:45:48.644-0700: 7752.874: Total time for which application threads were stopped: 0.0046398 seconds, Stopping threads took: 0.0000230 seconds
2017-10-31T06:45:50.452-0700: 7754.682: Total time for which application threads were stopped: 0.0002973 seconds, Stopping threads took: 0.0000901 seconds
{Heap before GC invocations=145 (full 2):
 par new generation   total 109248K, used 89661K [0x00000000e0000000, 0x00000000e8000000, 0x00000000e8000000)
  eden space 87424K,  99% used [0x00000000e0000000, 0x00000000e54fb238, 0x00000000e5560000)
  from space 21824K,  12% used [0x00000000e6ab0000, 0x00000000e6d442a0, 0x00000000e8000000)
  to   space 21824K,   0% used [0x00000000e5560000, 0x00000000e5560000, 0x00000000e6ab0000)
 concurrent mark-sweep generation total 393216K, used 22241K [0x00000000e8000000, 0x0000000100000000, 0x0000000100000000)
 Metaspace       used 39873K, capacity 40882K, committed 41036K, reserved 1085440K
  class space    used 4575K, capacity 4833K, committed 4940K, reserved 1048576K
2017-10-31T06:45:51.798-0700: 7756.029: [GC (Allocation Failure) 2017-10-31T06:45:51.798-0700: 7756.029: [ParNew
Desired survivor size 20112992 bytes, new threshold 8 (max 8)
- age   1:    2184584 bytes,    2184584 total
- age   2:      75720 bytes,    2260304 total
- age   3:       7392 bytes,    2267696 total
- age   4:       7504 bytes,    2275200 total
- age   5:       8712 bytes,    2283912 total
- age   6:       6976 bytes,    2290888 total
- age   7:       7104 bytes,    2297992 total
- age   8:       7320 bytes,    2305312 total
: 89661K->3169K(109248K), 0.0041542 secs] 111902K->25418K(502464K), 0.0043642 secs] [Times: user=0.00 sys=0.00, real=0.00 secs] 
Heap after GC invocations=146 (full 2):
 par new generation   total 109248K, used 3169K [0x00000000e0000000, 0x00000000e8000000, 0x00000000e8000000)
  eden space 87424K,   0% used [0x00000000e0000000, 0x00000000e0000000, 0x00000000e5560000)
  from space 21824K,  14% used [0x00000000e5560000, 0x00000000e5878548, 0x00000000e6ab0000)
  to   space 21824K,   0% used [0x00000000e6ab0000, 0x00000000e6ab0000, 0x00000000e8000000)
 concurrent mark-sweep generation total 393216K, used 22248K [0x00000000e8000000, 0x0000000100000000, 0x0000000100000000)
 Metaspace       used 39873K, capacity 40882K, committed 41036K, reserved 1085440K
  class space    used 4575K, capacity 4833K, committed 4940K, reserved 1048576K
}
2017-10-31T06:45:51.802-0700: 7756.033: Total time for which application threads were stopped: 0.0047577 seconds, Stopping threads took: 0.0001016 seconds
2017-10-31T06:45:52.802-0700: 7757.033: Total time for which application threads were stopped: 0.0002472 seconds, Stopping threads took: 0.0000400 seconds
2017-10-31T06:45:53.359-0700: 7757.590: Total time for which application threads were stopped: 0.0003881 seconds, Stopping threads took: 0.0000528 seconds
{Heap before GC invocations=146 (full 2):
 par new generation   total 109248K, used 90593K [0x00000000e0000000, 0x00000000e8000000, 0x00000000e8000000)
  eden space 87424K, 100% used [0x00000000e0000000, 0x00000000e5560000, 0x00000000e5560000)
  from space 21824K,  14% used [0x00000000e5560000, 0x00000000e5878548, 0x00000000e6ab0000)
  to   space 21824K,   0% used [0x00000000e6ab0000, 0x00000000e6ab0000, 0x00000000e8000000)
 concurrent mark-sweep generation total 393216K, used 22248K [0x00000000e8000000, 0x0000000100000000, 0x0000000100000000)
 Metaspace       used 39873K, capacity 40882K, committed 41036K, reserved 1085440K
  class space    used 4575K, capacity 4833K, committed 4940K, reserved 1048576K
2017-10-31T06:45:54.954-0700: 7759.185: [GC (Allocation Failure) 2017-10-31T06:45:54.954-0700: 7759.185: [ParNew
Desired survivor size 20112992 bytes, new threshold 8 (max 8)
- age   1:    1881440 bytes,    1881440 total
- age   2:      75840 bytes,    1957280 total
- age   3:       7728 bytes,    1965008 total
- age   4:       7392 bytes,    1972400 total
- age   5:       7008 bytes,    1979408 total
- age   6:       8424 bytes,    1987832 total
- age   7:       6976 bytes,    1994808 total
- age   8:       7104 bytes,    2001912 total
: 90593K->2560K(109248K), 0.0039470 secs] 112842K->24816K(502464K), 0.0040262 secs] [Times: user=0.00 sys=0.00, real=0.00 secs] 
Heap after GC invocations=147 (full 2):
 par new generation   total 109248K, used 2560K [0x00000000e0000000, 0x00000000e8000000, 0x00000000e8000000)
  eden space 87424K,   0% used [0x00000000e0000000, 0x00000000e0000000, 0x00000000e5560000)
  from space 21824K,  11% used [0x00000000e6ab0000, 0x00000000e6d30340, 0x00000000e8000000)
  to   space 21824K,   0% used [0x00000000e5560000, 0x00000000e5560000, 0x00000000e6ab0000)
 concurrent mark-sweep generation total 393216K, used 22255K [0x00000000e8000000, 0x0000000100000000, 0x0000000100000000)
 Metaspace       used 39873K, capacity 40882K, committed 41036K, reserved 1085440K
  class space    used 4575K, capacity 4833K, committed 4940K, reserved 1048576K
}
2017-10-31T06:45:54.958-0700: 7759.189: Total time for which application threads were stopped: 0.0045322 seconds, Stopping threads took: 0.0000542 seconds
2017-10-31T06:45:56.067-0700: 7760.299: Total time for which application threads were stopped: 0.0002993 seconds, Stopping threads took: 0.0000427 seconds
{Heap before GC invocations=147 (full 2):
 par new generation   total 109248K, used 89537K [0x00000000e0000000, 0x00000000e8000000, 0x00000000e8000000)
  eden space 87424K,  99% used [0x00000000e0000000, 0x00000000e54f0150, 0x00000000e5560000)
  from space 21824K,  11% used [0x00000000e6ab0000, 0x00000000e6d30340, 0x00000000e8000000)
  to   space 21824K,   0% used [0x00000000e5560000, 0x00000000e5560000, 0x00000000e6ab0000)
 concurrent mark-sweep generation total 393216K, used 22255K [0x00000000e8000000, 0x0000000100000000, 0x0000000100000000)
 Metaspace       used 39873K, capacity 40882K, committed 41036K, reserved 1085440K
  class space    used 4575K, capacity 4833K, committed 4940K, reserved 1048576K
2017-10-31T06:45:58.734-0700: 7762.964: [GC (Allocation Failure) 2017-10-31T06:45:58.734-0700: 7762.964: [ParNew
Desired survivor size 20112992 bytes, new threshold 8 (max 8)
- age   1:    2336608 bytes,    2336608 total
- age   2:       9328 bytes,    2345936 total
- age   3:       7848 bytes,    2353784 total
- age   4:       7728 bytes,    2361512 total
- age   5:       6960 bytes,    2368472 total
- age   6:       6720 bytes,    2375192 total
- age   7:       8424 bytes,    2383616 total
- age   8:       6976 bytes,    2390592 total
: 89537K->2657K(109248K), 0.0041373 secs] 111792K->24920K(502464K), 0.0042883 secs] [Times: user=0.00 sys=0.00, real=0.00 secs] 
Heap after GC invocations=148 (full 2):
 par new generation   total 109248K, used 2657K [0x00000000e0000000, 0x00000000e8000000, 0x00000000e8000000)
  eden space 87424K,   0% used [0x00000000e0000000, 0x00000000e0000000, 0x00000000e5560000)
  from space 21824K,  12% used [0x00000000e5560000, 0x00000000e57f8740, 0x00000000e6ab0000)
  to   space 21824K,   0% used [0x00000000e6ab0000, 0x00000000e6ab0000, 0x00000000e8000000)
 concurrent mark-sweep generation total 393216K, used 22262K [0x00000000e8000000, 0x0000000100000000, 0x0000000100000000)
 Metaspace       used 39873K, capacity 40882K, committed 41036K, reserved 1085440K
  class space    used 4575K, capacity 4833K, committed 4940K, reserved 1048576K
}
2017-10-31T06:45:58.738-0700: 7762.969: Total time for which application threads were stopped: 0.0045829 seconds, Stopping threads took: 0.0000305 seconds
2017-10-31T06:45:59.648-0700: 7763.879: Total time for which application threads were stopped: 0.0003163 seconds, Stopping threads took: 0.0000318 seconds
{Heap before GC invocations=148 (full 2):
 par new generation   total 109248K, used 90081K [0x00000000e0000000, 0x00000000e8000000, 0x00000000e8000000)
  eden space 87424K, 100% used [0x00000000e0000000, 0x00000000e5560000, 0x00000000e5560000)
  from space 21824K,  12% used [0x00000000e5560000, 0x00000000e57f8740, 0x00000000e6ab0000)
  to   space 21824K,   0% used [0x00000000e6ab0000, 0x00000000e6ab0000, 0x00000000e8000000)
 concurrent mark-sweep generation total 393216K, used 22262K [0x00000000e8000000, 0x0000000100000000, 0x0000000100000000)
 Metaspace       used 39875K, capacity 40882K, committed 41036K, reserved 1085440K
  class space    used 4575K, capacity 4833K, committed 4940K, reserved 1048576K
2017-10-31T06:46:02.209-0700: 7766.440: [GC (Allocation Failure) 2017-10-31T06:46:02.209-0700: 7766.440: [ParNew
Desired survivor size 20112992 bytes, new threshold 8 (max 8)
- age   1:    2118384 bytes,    2118384 total
- age   2:      76664 bytes,    2195048 total
- age   3:       8416 bytes,    2203464 total
- age   4:       7848 bytes,    2211312 total
- age   5:       7224 bytes,    2218536 total
- age   6:       6744 bytes,    2225280 total
- age   7:       6720 bytes,    2232000 total
- age   8:       8424 bytes,    2240424 total
: 90081K->3160K(109248K), 0.0045281 secs] 112344K->25430K(502464K), 0.0046114 secs] [Times: user=0.03 sys=0.00, real=0.00 secs] 
Heap after GC invocations=149 (full 2):
 par new generation   total 109248K, used 3160K [0x00000000e0000000, 0x00000000e8000000, 0x00000000e8000000)
  eden space 87424K,   0% used [0x00000000e0000000, 0x00000000e0000000, 0x00000000e5560000)
  from space 21824K,  14% used [0x00000000e6ab0000, 0x00000000e6dc6350, 0x00000000e8000000)
  to   space 21824K,   0% used [0x00000000e5560000, 0x00000000e5560000, 0x00000000e6ab0000)
 concurrent mark-sweep generation total 393216K, used 22269K [0x00000000e8000000, 0x0000000100000000, 0x0000000100000000)
 Metaspace       used 39875K, capacity 40882K, committed 41036K, reserved 1085440K
  class space    used 4575K, capacity 4833K, committed 4940K, reserved 1048576K
}
2017-10-31T06:46:02.214-0700: 7766.445: Total time for which application threads were stopped: 0.0050360 seconds, Stopping threads took: 0.0001558 seconds
2017-10-31T06:46:02.763-0700: 7766.994: Total time for which application threads were stopped: 0.0002662 seconds, Stopping threads took: 0.0000603 seconds
2017-10-31T06:46:05.819-0700: 7770.049: Total time for which application threads were stopped: 0.0003576 seconds, Stopping threads took: 0.0000535 seconds
{Heap before GC invocations=149 (full 2):
 par new generation   total 109248K, used 90584K [0x00000000e0000000, 0x00000000e8000000, 0x00000000e8000000)
  eden space 87424K, 100% used [0x00000000e0000000, 0x00000000e5560000, 0x00000000e5560000)
  from space 21824K,  14% used [0x00000000e6ab0000, 0x00000000e6dc6350, 0x00000000e8000000)
  to   space 21824K,   0% used [0x00000000e5560000, 0x00000000e5560000, 0x00000000e6ab0000)
 concurrent mark-sweep generation total 393216K, used 22269K [0x00000000e8000000, 0x0000000100000000, 0x0000000100000000)
 Metaspace       used 39876K, capacity 40882K, committed 41036K, reserved 1085440K
  class space    used 4575K, capacity 4833K, committed 4940K, reserved 1048576K
2017-10-31T06:46:05.853-0700: 7770.084: [GC (Allocation Failure) 2017-10-31T06:46:05.853-0700: 7770.084: [ParNew
Desired survivor size 20112992 bytes, new threshold 8 (max 8)
- age   1:    2701592 bytes,    2701592 total
- age   2:       9184 bytes,    2710776 total
- age   3:       8672 bytes,    2719448 total
- age   4:       8416 bytes,    2727864 total
- age   5:       7272 bytes,    2735136 total
- age   6:       6936 bytes,    2742072 total
- age   7:       6744 bytes,    2748816 total
- age   8:       6720 bytes,    2755536 total
: 90584K->3121K(109248K), 0.0053523 secs] 112854K->25398K(502464K), 0.0054999 secs] [Times: user=0.00 sys=0.01, real=0.01 secs] 
Heap after GC invocations=150 (full 2):
 par new generation   total 109248K, used 3121K [0x00000000e0000000, 0x00000000e8000000, 0x00000000e8000000)
  eden space 87424K,   0% used [0x00000000e0000000, 0x00000000e0000000, 0x00000000e5560000)
  from space 21824K,  14% used [0x00000000e5560000, 0x00000000e586c420, 0x00000000e6ab0000)
  to   space 21824K,   0% used [0x00000000e6ab0000, 0x00000000e6ab0000, 0x00000000e8000000)
 concurrent mark-sweep generation total 393216K, used 22277K [0x00000000e8000000, 0x0000000100000000, 0x0000000100000000)
 Metaspace       used 39876K, capacity 40882K, committed 41036K, reserved 1085440K
  class space    used 4575K, capacity 4833K, committed 4940K, reserved 1048576K
}
2017-10-31T06:46:05.859-0700: 7770.089: Total time for which application threads were stopped: 0.0057675 seconds, Stopping threads took: 0.0000298 seconds
2017-10-31T06:46:08.798-0700: 7773.028: Total time for which application threads were stopped: 0.0010254 seconds, Stopping threads took: 0.0001578 seconds
{Heap before GC invocations=150 (full 2):
 par new generation   total 109248K, used 90545K [0x00000000e0000000, 0x00000000e8000000, 0x00000000e8000000)
  eden space 87424K, 100% used [0x00000000e0000000, 0x00000000e5560000, 0x00000000e5560000)
  from space 21824K,  14% used [0x00000000e5560000, 0x00000000e586c420, 0x00000000e6ab0000)
  to   space 21824K,   0% used [0x00000000e6ab0000, 0x00000000e6ab0000, 0x00000000e8000000)
 concurrent mark-sweep generation total 393216K, used 22277K [0x00000000e8000000, 0x0000000100000000, 0x0000000100000000)
 Metaspace       used 39876K, capacity 40882K, committed 41036K, reserved 1085440K
  class space    used 4575K, capacity 4833K, committed 4940K, reserved 1048576K
2017-10-31T06:46:08.876-0700: 7773.107: [GC (Allocation Failure) 2017-10-31T06:46:08.876-0700: 7773.107: [ParNew
Desired survivor size 20112992 bytes, new threshold 8 (max 8)
- age   1:    2433112 bytes,    2433112 total
- age   2:     527208 bytes,    2960320 total
- age   3:       8272 bytes,    2968592 total
- age   4:       8672 bytes,    2977264 total
- age   5:       7912 bytes,    2985176 total
- age   6:       7128 bytes,    2992304 total
- age   7:       6936 bytes,    2999240 total
- age   8:       6744 bytes,    3005984 total
: 90545K->3903K(109248K), 0.0043412 secs] 112822K->26187K(502464K), 0.0045024 secs] [Times: user=0.00 sys=0.00, real=0.01 secs] 
Heap after GC invocations=151 (full 2):
 par new generation   total 109248K, used 3903K [0x00000000e0000000, 0x00000000e8000000, 0x00000000e8000000)
  eden space 87424K,   0% used [0x00000000e0000000, 0x00000000e0000000, 0x00000000e5560000)
  from space 21824K,  17% used [0x00000000e6ab0000, 0x00000000e6e7fe60, 0x00000000e8000000)
  to   space 21824K,   0% used [0x00000000e5560000, 0x00000000e5560000, 0x00000000e6ab0000)
 concurrent mark-sweep generation total 393216K, used 22284K [0x00000000e8000000, 0x0000000100000000, 0x0000000100000000)
 Metaspace       used 39876K, capacity 40882K, committed 41036K, reserved 1085440K
  class space    used 4575K, capacity 4833K, committed 4940K, reserved 1048576K
}
2017-10-31T06:46:08.881-0700: 7773.111: Total time for which application threads were stopped: 0.0048681 seconds, Stopping threads took: 0.0000379 seconds
2017-10-31T06:46:11.792-0700: 7776.023: Total time for which application threads were stopped: 0.0002817 seconds, Stopping threads took: 0.0000366 seconds
{Heap before GC invocations=151 (full 2):
 par new generation   total 109248K, used 91327K [0x00000000e0000000, 0x00000000e8000000, 0x00000000e8000000)
  eden space 87424K, 100% used [0x00000000e0000000, 0x00000000e5560000, 0x00000000e5560000)
  from space 21824K,  17% used [0x00000000e6ab0000, 0x00000000e6e7fe60, 0x00000000e8000000)
  to   space 21824K,   0% used [0x00000000e5560000, 0x00000000e5560000, 0x00000000e6ab0000)
 concurrent mark-sweep generation total 393216K, used 22284K [0x00000000e8000000, 0x0000000100000000, 0x0000000100000000)
 Metaspace       used 39876K, capacity 40882K, committed 41036K, reserved 1085440K
  class space    used 4575K, capacity 4833K, committed 4940K, reserved 1048576K
2017-10-31T06:46:11.860-0700: 7776.091: [GC (Allocation Failure) 2017-10-31T06:46:11.860-0700: 7776.091: [ParNew
Desired survivor size 20112992 bytes, new threshold 8 (max 8)
- age   1:    2588480 bytes,    2588480 total
- age   2:     683336 bytes,    3271816 total
- age   3:       9184 bytes,    3281000 total
- age   4:       8272 bytes,    3289272 total
- age   5:       8240 bytes,    3297512 total
- age   6:       7696 bytes,    3305208 total
- age   7:       7128 bytes,    3312336 total
- age   8:       6936 bytes,    3319272 total
: 91327K->4260K(109248K), 0.0045410 secs] 113611K->26551K(502464K), 0.0046283 secs] [Times: user=0.00 sys=0.00, real=0.01 secs] 
Heap after GC invocations=152 (full 2):
 par new generation   total 109248K, used 4260K [0x00000000e0000000, 0x00000000e8000000, 0x00000000e8000000)
  eden space 87424K,   0% used [0x00000000e0000000, 0x00000000e0000000, 0x00000000e5560000)
  from space 21824K,  19% used [0x00000000e5560000, 0x00000000e5989040, 0x00000000e6ab0000)
  to   space 21824K,   0% used [0x00000000e6ab0000, 0x00000000e6ab0000, 0x00000000e8000000)
 concurrent mark-sweep generation total 393216K, used 22290K [0x00000000e8000000, 0x0000000100000000, 0x0000000100000000)
 Metaspace       used 39876K, capacity 40882K, committed 41036K, reserved 1085440K
  class space    used 4575K, capacity 4833K, committed 4940K, reserved 1048576K
}
2017-10-31T06:46:11.865-0700: 7776.096: Total time for which application threads were stopped: 0.0049277 seconds, Stopping threads took: 0.0000251 seconds
2017-10-31T06:46:14.792-0700: 7779.022: Total time for which application threads were stopped: 0.0002662 seconds, Stopping threads took: 0.0000352 seconds
{Heap before GC invocations=152 (full 2):
 par new generation   total 109248K, used 91593K [0x00000000e0000000, 0x00000000e8000000, 0x00000000e8000000)
  eden space 87424K,  99% used [0x00000000e0000000, 0x00000000e55496a8, 0x00000000e5560000)
  from space 21824K,  19% used [0x00000000e5560000, 0x00000000e5989040, 0x00000000e6ab0000)
  to   space 21824K,   0% used [0x00000000e6ab0000, 0x00000000e6ab0000, 0x00000000e8000000)
 concurrent mark-sweep generation total 393216K, used 22290K [0x00000000e8000000, 0x0000000100000000, 0x0000000100000000)
 Metaspace       used 39876K, capacity 40882K, committed 41036K, reserved 1085440K
  class space    used 4575K, capacity 4833K, committed 4940K, reserved 1048576K
2017-10-31T06:46:15.192-0700: 7779.423: [GC (Allocation Failure) 2017-10-31T06:46:15.192-0700: 7779.423: [ParNew
Desired survivor size 20112992 bytes, new threshold 8 (max 8)
- age   1:    2079752 bytes,    2079752 total
- age   2:      79064 bytes,    2158816 total
- age   3:       8656 bytes,    2167472 total
- age   4:       9184 bytes,    2176656 total
- age   5:       7984 bytes,    2184640 total
- age   6:       7880 bytes,    2192520 total
- age   7:       7696 bytes,    2200216 total
- age   8:       7128 bytes,    2207344 total
: 91593K->2500K(109248K), 0.0111042 secs] 113884K->24797K(502464K), 0.0113900 secs] [Times: user=0.06 sys=0.00, real=0.01 secs] 
Heap after GC invocations=153 (full 2):
 par new generation   total 109248K, used 2500K [0x00000000e0000000, 0x00000000e8000000, 0x00000000e8000000)
  eden space 87424K,   0% used [0x00000000e0000000, 0x00000000e0000000, 0x00000000e5560000)
  from space 21824K,  11% used [0x00000000e6ab0000, 0x00000000e6d210d0, 0x00000000e8000000)
  to   space 21824K,   0% used [0x00000000e5560000, 0x00000000e5560000, 0x00000000e6ab0000)
 concurrent mark-sweep generation total 393216K, used 22297K [0x00000000e8000000, 0x0000000100000000, 0x0000000100000000)
 Metaspace       used 39876K, capacity 40882K, committed 41036K, reserved 1085440K
  class space    used 4575K, capacity 4833K, committed 4940K, reserved 1048576K
}
2017-10-31T06:46:15.204-0700: 7779.434: Total time for which application threads were stopped: 0.0119460 seconds, Stopping threads took: 0.0000454 seconds
2017-10-31T06:46:17.725-0700: 7781.956: Total time for which application threads were stopped: 0.0002912 seconds, Stopping threads took: 0.0000555 seconds
{Heap before GC invocations=153 (full 2):
 par new generation   total 109248K, used 89843K [0x00000000e0000000, 0x00000000e8000000, 0x00000000e8000000)
  eden space 87424K,  99% used [0x00000000e0000000, 0x00000000e554beb8, 0x00000000e5560000)
  from space 21824K,  11% used [0x00000000e6ab0000, 0x00000000e6d210d0, 0x00000000e8000000)
  to   space 21824K,   0% used [0x00000000e5560000, 0x00000000e5560000, 0x00000000e6ab0000)
 concurrent mark-sweep generation total 393216K, used 22297K [0x00000000e8000000, 0x0000000100000000, 0x0000000100000000)
 Metaspace       used 39876K, capacity 40882K, committed 41036K, reserved 1085440K
  class space    used 4575K, capacity 4833K, committed 4940K, reserved 1048576K
2017-10-31T06:46:19.038-0700: 7783.268: [GC (Allocation Failure) 2017-10-31T06:46:19.038-0700: 7783.268: [ParNew
Desired survivor size 20112992 bytes, new threshold 8 (max 8)
- age   1:    2249664 bytes,    2249664 total
- age   2:       8856 bytes,    2258520 total
- age   3:       6960 bytes,    2265480 total
- age   4:       8656 bytes,    2274136 total
- age   5:       8896 bytes,    2283032 total
- age   6:       7552 bytes,    2290584 total
- age   7:       7880 bytes,    2298464 total
- age   8:       7696 bytes,    2306160 total
: 89843K->3434K(109248K), 0.0042375 secs] 112141K->25739K(502464K), 0.0043127 secs] [Times: user=0.00 sys=0.02, real=0.00 secs] 
Heap after GC invocations=154 (full 2):
 par new generation   total 109248K, used 3434K [0x00000000e0000000, 0x00000000e8000000, 0x00000000e8000000)
  eden space 87424K,   0% used [0x00000000e0000000, 0x00000000e0000000, 0x00000000e5560000)
  from space 21824K,  15% used [0x00000000e5560000, 0x00000000e58ba968, 0x00000000e6ab0000)
  to   space 21824K,   0% used [0x00000000e6ab0000, 0x00000000e6ab0000, 0x00000000e8000000)
 concurrent mark-sweep generation total 393216K, used 22304K [0x00000000e8000000, 0x0000000100000000, 0x0000000100000000)
 Metaspace       used 39876K, capacity 40882K, committed 41036K, reserved 1085440K
  class space    used 4575K, capacity 4833K, committed 4940K, reserved 1048576K
}
2017-10-31T06:46:19.042-0700: 7783.272: Total time for which application threads were stopped: 0.0045884 seconds, Stopping threads took: 0.0000603 seconds
2017-10-31T06:46:20.042-0700: 7784.272: Total time for which application threads were stopped: 0.0001747 seconds, Stopping threads took: 0.0000400 seconds
2017-10-31T06:46:20.640-0700: 7784.871: Total time for which application threads were stopped: 0.0002750 seconds, Stopping threads took: 0.0000555 seconds
{Heap before GC invocations=154 (full 2):
 par new generation   total 109248K, used 90616K [0x00000000e0000000, 0x00000000e8000000, 0x00000000e8000000)
  eden space 87424K,  99% used [0x00000000e0000000, 0x00000000e5523928, 0x00000000e5560000)
  from space 21824K,  15% used [0x00000000e5560000, 0x00000000e58ba968, 0x00000000e6ab0000)
  to   space 21824K,   0% used [0x00000000e6ab0000, 0x00000000e6ab0000, 0x00000000e8000000)
 concurrent mark-sweep generation total 393216K, used 22304K [0x00000000e8000000, 0x0000000100000000, 0x0000000100000000)
 Metaspace       used 39876K, capacity 40882K, committed 41036K, reserved 1085440K
  class space    used 4575K, capacity 4833K, committed 4940K, reserved 1048576K
2017-10-31T06:46:22.252-0700: 7786.482: [GC (Allocation Failure) 2017-10-31T06:46:22.252-0700: 7786.482: [ParNew
Desired survivor size 20112992 bytes, new threshold 8 (max 8)
- age   1:    2058072 bytes,    2058072 total
- age   2:      76128 bytes,    2134200 total
- age   3:       7944 bytes,    2142144 total
- age   4:       6960 bytes,    2149104 total
- age   5:       8368 bytes,    2157472 total
- age   6:       8464 bytes,    2165936 total
- age   7:       7552 bytes,    2173488 total
- age   8:       7880 bytes,    2181368 total
: 90616K->2569K(109248K), 0.0041603 secs] 112921K->24881K(502464K), 0.0042978 secs] [Times: user=0.00 sys=0.00, real=0.00 secs] 
Heap after GC invocations=155 (full 2):
 par new generation   total 109248K, used 2569K [0x00000000e0000000, 0x00000000e8000000, 0x00000000e8000000)
  eden space 87424K,   0% used [0x00000000e0000000, 0x00000000e0000000, 0x00000000e5560000)
  from space 21824K,  11% used [0x00000000e6ab0000, 0x00000000e6d32480, 0x00000000e8000000)
  to   space 21824K,   0% used [0x00000000e5560000, 0x00000000e5560000, 0x00000000e6ab0000)
 concurrent mark-sweep generation total 393216K, used 22312K [0x00000000e8000000, 0x0000000100000000, 0x0000000100000000)
 Metaspace       used 39876K, capacity 40882K, committed 41036K, reserved 1085440K
  class space    used 4575K, capacity 4833K, committed 4940K, reserved 1048576K
}
2017-10-31T06:46:22.256-0700: 7786.487: Total time for which application threads were stopped: 0.0045789 seconds, Stopping threads took: 0.0000230 seconds
2017-10-31T06:46:23.530-0700: 7787.761: Total time for which application threads were stopped: 0.0003319 seconds, Stopping threads took: 0.0001172 seconds
2017-10-31T06:46:24.530-0700: 7788.761: Total time for which application threads were stopped: 0.0001483 seconds, Stopping threads took: 0.0000440 seconds
{Heap before GC invocations=155 (full 2):
 par new generation   total 109248K, used 89993K [0x00000000e0000000, 0x00000000e8000000, 0x00000000e8000000)
  eden space 87424K, 100% used [0x00000000e0000000, 0x00000000e5560000, 0x00000000e5560000)
  from space 21824K,  11% used [0x00000000e6ab0000, 0x00000000e6d32480, 0x00000000e8000000)
  to   space 21824K,   0% used [0x00000000e5560000, 0x00000000e5560000, 0x00000000e6ab0000)
 concurrent mark-sweep generation total 393216K, used 22312K [0x00000000e8000000, 0x0000000100000000, 0x0000000100000000)
 Metaspace       used 39876K, capacity 40882K, committed 41036K, reserved 1085440K
  class space    used 4575K, capacity 4833K, committed 4940K, reserved 1048576K
2017-10-31T06:46:25.504-0700: 7789.735: [GC (Allocation Failure) 2017-10-31T06:46:25.504-0700: 7789.735: [ParNew
Desired survivor size 20112992 bytes, new threshold 8 (max 8)
- age   1:    2056296 bytes,    2056296 total
- age   2:      75528 bytes,    2131824 total
- age   3:       8136 bytes,    2139960 total
- age   4:       7944 bytes,    2147904 total
- age   5:       6744 bytes,    2154648 total
- age   6:       7936 bytes,    2162584 total
- age   7:       8464 bytes,    2171048 total
- age   8:       7552 bytes,    2178600 total
: 89993K->2829K(109248K), 0.0055548 secs] 112305K->25149K(502464K), 0.0057106 secs] [Times: user=0.00 sys=0.00, real=0.01 secs] 
Heap after GC invocations=156 (full 2):
 par new generation   total 109248K, used 2829K [0x00000000e0000000, 0x00000000e8000000, 0x00000000e8000000)
  eden space 87424K,   0% used [0x00000000e0000000, 0x00000000e0000000, 0x00000000e5560000)
  from space 21824K,  12% used [0x00000000e5560000, 0x00000000e5823748, 0x00000000e6ab0000)
  to   space 21824K,   0% used [0x00000000e6ab0000, 0x00000000e6ab0000, 0x00000000e8000000)
 concurrent mark-sweep generation total 393216K, used 22319K [0x00000000e8000000, 0x0000000100000000, 0x0000000100000000)
 Metaspace       used 39876K, capacity 40882K, committed 41036K, reserved 1085440K
  class space    used 4575K, capacity 4833K, committed 4940K, reserved 1048576K
}
2017-10-31T06:46:25.511-0700: 7789.741: Total time for which application threads were stopped: 0.0059862 seconds, Stopping threads took: 0.0000230 seconds
2017-10-31T06:46:26.646-0700: 7790.877: Total time for which application threads were stopped: 0.0002641 seconds, Stopping threads took: 0.0000325 seconds
2017-10-31T06:46:28.647-0700: 7792.878: Total time for which application threads were stopped: 0.0001808 seconds, Stopping threads took: 0.0000339 seconds
{Heap before GC invocations=156 (full 2):
 par new generation   total 109248K, used 90253K [0x00000000e0000000, 0x00000000e8000000, 0x00000000e8000000)
  eden space 87424K, 100% used [0x00000000e0000000, 0x00000000e5560000, 0x00000000e5560000)
  from space 21824K,  12% used [0x00000000e5560000, 0x00000000e5823748, 0x00000000e6ab0000)
  to   space 21824K,   0% used [0x00000000e6ab0000, 0x00000000e6ab0000, 0x00000000e8000000)
 concurrent mark-sweep generation total 393216K, used 22319K [0x00000000e8000000, 0x0000000100000000, 0x0000000100000000)
 Metaspace       used 39876K, capacity 40882K, committed 41036K, reserved 1085440K
  class space    used 4575K, capacity 4833K, committed 4940K, reserved 1048576K
2017-10-31T06:46:29.203-0700: 7793.433: [GC (Allocation Failure) 2017-10-31T06:46:29.203-0700: 7793.433: [ParNew
Desired survivor size 20112992 bytes, new threshold 8 (max 8)
- age   1:    1933296 bytes,    1933296 total
- age   2:      75696 bytes,    2008992 total
- age   3:       7536 bytes,    2016528 total
- age   4:       8136 bytes,    2024664 total
- age   5:       7512 bytes,    2032176 total
- age   6:       6312 bytes,    2038488 total
- age   7:       7936 bytes,    2046424 total
- age   8:       8464 bytes,    2054888 total
: 90253K->2918K(109248K), 0.0065057 secs] 112573K->25245K(502464K), 0.0066316 secs] [Times: user=0.00 sys=0.00, real=0.01 secs] 
Heap after GC invocations=157 (full 2):
 par new generation   total 109248K, used 2918K [0x00000000e0000000, 0x00000000e8000000, 0x00000000e8000000)
  eden space 87424K,   0% used [0x00000000e0000000, 0x00000000e0000000, 0x00000000e5560000)
  from space 21824K,  13% used [0x00000000e6ab0000, 0x00000000e6d899b8, 0x00000000e8000000)
  to   space 21824K,   0% used [0x00000000e5560000, 0x00000000e5560000, 0x00000000e6ab0000)
 concurrent mark-sweep generation total 393216K, used 22327K [0x00000000e8000000, 0x0000000100000000, 0x0000000100000000)
 Metaspace       used 39876K, capacity 40882K, committed 41036K, reserved 1085440K
  class space    used 4575K, capacity 4833K, committed 4940K, reserved 1048576K
}
2017-10-31T06:46:29.209-0700: 7793.440: Total time for which application threads were stopped: 0.0072032 seconds, Stopping threads took: 0.0000393 seconds
2017-10-31T06:46:29.779-0700: 7794.009: Total time for which application threads were stopped: 0.0002418 seconds, Stopping threads took: 0.0000576 seconds
{Heap before GC invocations=157 (full 2):
 par new generation   total 109248K, used 90205K [0x00000000e0000000, 0x00000000e8000000, 0x00000000e8000000)
  eden space 87424K,  99% used [0x00000000e0000000, 0x00000000e553de18, 0x00000000e5560000)
  from space 21824K,  13% used [0x00000000e6ab0000, 0x00000000e6d899b8, 0x00000000e8000000)
  to   space 21824K,   0% used [0x00000000e5560000, 0x00000000e5560000, 0x00000000e6ab0000)
 concurrent mark-sweep generation total 393216K, used 22327K [0x00000000e8000000, 0x0000000100000000, 0x0000000100000000)
 Metaspace       used 39876K, capacity 40882K, committed 41036K, reserved 1085440K
  class space    used 4575K, capacity 4833K, committed 4940K, reserved 1048576K
2017-10-31T06:46:33.002-0700: 7797.233: [GC (Allocation Failure) 2017-10-31T06:46:33.002-0700: 7797.233: [ParNew
Desired survivor size 20112992 bytes, new threshold 8 (max 8)
- age   1:    2422760 bytes,    2422760 total
- age   2:       8872 bytes,    2431632 total
- age   3:       7656 bytes,    2439288 total
- age   4:       7536 bytes,    2446824 total
- age   5:       7560 bytes,    2454384 total
- age   6:       7224 bytes,    2461608 total
- age   7:       6312 bytes,    2467920 total
- age   8:       7936 bytes,    2475856 total
: 90205K->2595K(109248K), 0.0044604 secs] 112533K->24931K(502464K), 0.0045897 secs] [Times: user=0.00 sys=0.00, real=0.00 secs] 
Heap after GC invocations=158 (full 2):
 par new generation   total 109248K, used 2595K [0x00000000e0000000, 0x00000000e8000000, 0x00000000e8000000)
  eden space 87424K,   0% used [0x00000000e0000000, 0x00000000e0000000, 0x00000000e5560000)
  from space 21824K,  11% used [0x00000000e5560000, 0x00000000e57e8de8, 0x00000000e6ab0000)
  to   space 21824K,   0% used [0x00000000e6ab0000, 0x00000000e6ab0000, 0x00000000e8000000)
 concurrent mark-sweep generation total 393216K, used 22335K [0x00000000e8000000, 0x0000000100000000, 0x0000000100000000)
 Metaspace       used 39876K, capacity 40882K, committed 41036K, reserved 1085440K
  class space    used 4575K, capacity 4833K, committed 4940K, reserved 1048576K
}
2017-10-31T06:46:33.007-0700: 7797.237: Total time for which application threads were stopped: 0.0048660 seconds, Stopping threads took: 0.0000257 seconds
2017-10-31T06:46:33.285-0700: 7797.516: Total time for which application threads were stopped: 0.0011269 seconds, Stopping threads took: 0.0008696 seconds
2017-10-31T06:46:34.286-0700: 7798.516: Total time for which application threads were stopped: 0.0001720 seconds, Stopping threads took: 0.0000406 seconds
2017-10-31T06:46:35.286-0700: 7799.517: Total time for which application threads were stopped: 0.0004206 seconds, Stopping threads took: 0.0000325 seconds
2017-10-31T06:46:37.295-0700: 7801.525: Total time for which application threads were stopped: 0.0041868 seconds, Stopping threads took: 0.0000386 seconds
2017-10-31T06:46:37.923-0700: 7802.154: Total time for which application threads were stopped: 0.0003258 seconds, Stopping threads took: 0.0000616 seconds
{Heap before GC invocations=158 (full 2):
 par new generation   total 109248K, used 89606K [0x00000000e0000000, 0x00000000e8000000, 0x00000000e8000000)
  eden space 87424K,  99% used [0x00000000e0000000, 0x00000000e54f8b38, 0x00000000e5560000)
  from space 21824K,  11% used [0x00000000e5560000, 0x00000000e57e8de8, 0x00000000e6ab0000)
  to   space 21824K,   0% used [0x00000000e6ab0000, 0x00000000e6ab0000, 0x00000000e8000000)
 concurrent mark-sweep generation total 393216K, used 22335K [0x00000000e8000000, 0x0000000100000000, 0x0000000100000000)
 Metaspace       used 39876K, capacity 40882K, committed 41036K, reserved 1085440K
  class space    used 4575K, capacity 4833K, committed 4940K, reserved 1048576K
2017-10-31T06:46:37.942-0700: 7802.173: [GC (Allocation Failure) 2017-10-31T06:46:37.942-0700: 7802.173: [ParNew
Desired survivor size 20112992 bytes, new threshold 8 (max 8)
- age   1:    2873432 bytes,    2873432 total
- age   2:      76960 bytes,    2950392 total
- age   3:       7960 bytes,    2958352 total
- age   4:       7512 bytes,    2965864 total
- age   5:       6816 bytes,    2972680 total
- age   6:       7344 bytes,    2980024 total
- age   7:       7224 bytes,    2987248 total
- age   8:       6312 bytes,    2993560 total
: 89606K->3275K(109248K), 0.0042247 secs] 111941K->25617K(502464K), 0.0043960 secs] [Times: user=0.00 sys=0.00, real=0.00 secs] 
Heap after GC invocations=159 (full 2):
 par new generation   total 109248K, used 3275K [0x00000000e0000000, 0x00000000e8000000, 0x00000000e8000000)
  eden space 87424K,   0% used [0x00000000e0000000, 0x00000000e0000000, 0x00000000e5560000)
  from space 21824K,  15% used [0x00000000e6ab0000, 0x00000000e6de2cb0, 0x00000000e8000000)
  to   space 21824K,   0% used [0x00000000e5560000, 0x00000000e5560000, 0x00000000e6ab0000)
 concurrent mark-sweep generation total 393216K, used 22341K [0x00000000e8000000, 0x0000000100000000, 0x0000000100000000)
 Metaspace       used 39876K, capacity 40882K, committed 41036K, reserved 1085440K
  class space    used 4575K, capacity 4833K, committed 4940K, reserved 1048576K
}
2017-10-31T06:46:37.946-0700: 7802.177: Total time for which application threads were stopped: 0.0048789 seconds, Stopping threads took: 0.0000731 seconds
2017-10-31T06:46:40.743-0700: 7804.973: Total time for which application threads were stopped: 0.0002296 seconds, Stopping threads took: 0.0000284 seconds
{Heap before GC invocations=159 (full 2):
 par new generation   total 109248K, used 90699K [0x00000000e0000000, 0x00000000e8000000, 0x00000000e8000000)
  eden space 87424K, 100% used [0x00000000e0000000, 0x00000000e5560000, 0x00000000e5560000)
  from space 21824K,  15% used [0x00000000e6ab0000, 0x00000000e6de2cb0, 0x00000000e8000000)
  to   space 21824K,   0% used [0x00000000e5560000, 0x00000000e5560000, 0x00000000e6ab0000)
 concurrent mark-sweep generation total 393216K, used 22341K [0x00000000e8000000, 0x0000000100000000, 0x0000000100000000)
 Metaspace       used 39876K, capacity 40882K, committed 41036K, reserved 1085440K
  class space    used 4575K, capacity 4833K, committed 4940K, reserved 1048576K
2017-10-31T06:46:40.793-0700: 7805.023: [GC (Allocation Failure) 2017-10-31T06:46:40.793-0700: 7805.024: [ParNew
Desired survivor size 20112992 bytes, new threshold 8 (max 8)
- age   1:    2739760 bytes,    2739760 total
- age   2:     406048 bytes,    3145808 total
- age   3:       8920 bytes,    3154728 total
- age   4:       7888 bytes,    3162616 total
- age   5:       6936 bytes,    3169552 total
- age   6:       6816 bytes,    3176368 total
- age   7:       7344 bytes,    3183712 total
- age   8:       7224 bytes,    3190936 total
: 90699K->4899K(109248K), 0.0044929 secs] 113041K->27247K(502464K), 0.0046053 secs] [Times: user=0.00 sys=0.00, real=0.01 secs] 
Heap after GC invocations=160 (full 2):
 par new generation   total 109248K, used 4899K [0x00000000e0000000, 0x00000000e8000000, 0x00000000e8000000)
  eden space 87424K,   0% used [0x00000000e0000000, 0x00000000e0000000, 0x00000000e5560000)
  from space 21824K,  22% used [0x00000000e5560000, 0x00000000e5a28f50, 0x00000000e6ab0000)
  to   space 21824K,   0% used [0x00000000e6ab0000, 0x00000000e6ab0000, 0x00000000e8000000)
 concurrent mark-sweep generation total 393216K, used 22348K [0x00000000e8000000, 0x0000000100000000, 0x0000000100000000)
 Metaspace       used 39876K, capacity 40882K, committed 41036K, reserved 1085440K
  class space    used 4575K, capacity 4833K, committed 4940K, reserved 1048576K
}
2017-10-31T06:46:40.798-0700: 7805.028: Total time for which application threads were stopped: 0.0050293 seconds, Stopping threads took: 0.0000312 seconds
2017-10-31T06:46:43.607-0700: 7807.838: Total time for which application threads were stopped: 0.0008784 seconds, Stopping threads took: 0.0001598 seconds
{Heap before GC invocations=160 (full 2):
 par new generation   total 109248K, used 91958K [0x00000000e0000000, 0x00000000e8000000, 0x00000000e8000000)
  eden space 87424K,  99% used [0x00000000e0000000, 0x00000000e55049f0, 0x00000000e5560000)
  from space 21824K,  22% used [0x00000000e5560000, 0x00000000e5a28f50, 0x00000000e6ab0000)
  to   space 21824K,   0% used [0x00000000e6ab0000, 0x00000000e6ab0000, 0x00000000e8000000)
 concurrent mark-sweep generation total 393216K, used 22348K [0x00000000e8000000, 0x0000000100000000, 0x0000000100000000)
 Metaspace       used 39876K, capacity 40882K, committed 41036K, reserved 1085440K
  class space    used 4575K, capacity 4833K, committed 4940K, reserved 1048576K
2017-10-31T06:46:43.756-0700: 7807.986: [GC (Allocation Failure) 2017-10-31T06:46:43.756-0700: 7807.986: [ParNew
Desired survivor size 20112992 bytes, new threshold 8 (max 8)
- age   1:    2414864 bytes,    2414864 total
- age   2:     874784 bytes,    3289648 total
- age   3:       9208 bytes,    3298856 total
- age   4:       8920 bytes,    3307776 total
- age   5:       7312 bytes,    3315088 total
- age   6:       6936 bytes,    3322024 total
- age   7:       6816 bytes,    3328840 total
- age   8:       7344 bytes,    3336184 total
: 91958K->3690K(109248K), 0.0044739 secs] 114306K->26045K(502464K), 0.0046344 secs] [Times: user=0.05 sys=0.00, real=0.00 secs] 
Heap after GC invocations=161 (full 2):
 par new generation   total 109248K, used 3690K [0x00000000e0000000, 0x00000000e8000000, 0x00000000e8000000)
  eden space 87424K,   0% used [0x00000000e0000000, 0x00000000e0000000, 0x00000000e5560000)
  from space 21824K,  16% used [0x00000000e6ab0000, 0x00000000e6e4ab30, 0x00000000e8000000)
  to   space 21824K,   0% used [0x00000000e5560000, 0x00000000e5560000, 0x00000000e6ab0000)
 concurrent mark-sweep generation total 393216K, used 22355K [0x00000000e8000000, 0x0000000100000000, 0x0000000100000000)
 Metaspace       used 39876K, capacity 40882K, committed 41036K, reserved 1085440K
  class space    used 4575K, capacity 4833K, committed 4940K, reserved 1048576K
}
2017-10-31T06:46:43.760-0700: 7807.991: Total time for which application threads were stopped: 0.0049595 seconds, Stopping threads took: 0.0000440 seconds
2017-10-31T06:46:46.846-0700: 7811.077: Total time for which application threads were stopped: 0.0003766 seconds, Stopping threads took: 0.0000704 seconds
{Heap before GC invocations=161 (full 2):
 par new generation   total 109248K, used 91104K [0x00000000e0000000, 0x00000000e8000000, 0x00000000e8000000)
  eden space 87424K,  99% used [0x00000000e0000000, 0x00000000e555d800, 0x00000000e5560000)
  from space 21824K,  16% used [0x00000000e6ab0000, 0x00000000e6e4ab30, 0x00000000e8000000)
  to   space 21824K,   0% used [0x00000000e5560000, 0x00000000e5560000, 0x00000000e6ab0000)
 concurrent mark-sweep generation total 393216K, used 22355K [0x00000000e8000000, 0x0000000100000000, 0x0000000100000000)
 Metaspace       used 39876K, capacity 40882K, committed 41036K, reserved 1085440K
  class space    used 4575K, capacity 4833K, committed 4940K, reserved 1048576K
2017-10-31T06:46:47.280-0700: 7811.510: [GC (Allocation Failure) 2017-10-31T06:46:47.280-0700: 7811.510: [ParNew
Desired survivor size 20112992 bytes, new threshold 8 (max 8)
- age   1:    1986976 bytes,    1986976 total
- age   2:      79664 bytes,    2066640 total
- age   3:       7760 bytes,    2074400 total
- age   4:       9208 bytes,    2083608 total
- age   5:       8344 bytes,    2091952 total
- age   6:       7200 bytes,    2099152 total
- age   7:       6936 bytes,    2106088 total
- age   8:       6816 bytes,    2112904 total
: 91104K->3099K(109248K), 0.0037980 secs] 113459K->25461K(502464K), 0.0038861 secs] [Times: user=0.00 sys=0.00, real=0.00 secs] 
Heap after GC invocations=162 (full 2):
 par new generation   total 109248K, used 3099K [0x00000000e0000000, 0x00000000e8000000, 0x00000000e8000000)
  eden space 87424K,   0% used [0x00000000e0000000, 0x00000000e0000000, 0x00000000e5560000)
  from space 21824K,  14% used [0x00000000e5560000, 0x00000000e5866e88, 0x00000000e6ab0000)
  to   space 21824K,   0% used [0x00000000e6ab0000, 0x00000000e6ab0000, 0x00000000e8000000)
 concurrent mark-sweep generation total 393216K, used 22362K [0x00000000e8000000, 0x0000000100000000, 0x0000000100000000)
 Metaspace       used 39876K, capacity 40882K, committed 41036K, reserved 1085440K
  class space    used 4575K, capacity 4833K, committed 4940K, reserved 1048576K
}
2017-10-31T06:46:47.284-0700: 7811.514: Total time for which application threads were stopped: 0.0041949 seconds, Stopping threads took: 0.0000305 seconds
2017-10-31T06:46:48.285-0700: 7812.515: Total time for which application threads were stopped: 0.0001564 seconds, Stopping threads took: 0.0000312 seconds
2017-10-31T06:46:49.574-0700: 7813.806: Total time for which application threads were stopped: 0.0003048 seconds, Stopping threads took: 0.0000847 seconds
2017-10-31T06:46:50.576-0700: 7814.806: Total time for which application threads were stopped: 0.0001774 seconds, Stopping threads took: 0.0000339 seconds
{Heap before GC invocations=162 (full 2):
 par new generation   total 109248K, used 90087K [0x00000000e0000000, 0x00000000e8000000, 0x00000000e8000000)
  eden space 87424K,  99% used [0x00000000e0000000, 0x00000000e54f2de8, 0x00000000e5560000)
  from space 21824K,  14% used [0x00000000e5560000, 0x00000000e5866e88, 0x00000000e6ab0000)
  to   space 21824K,   0% used [0x00000000e6ab0000, 0x00000000e6ab0000, 0x00000000e8000000)
 concurrent mark-sweep generation total 393216K, used 22362K [0x00000000e8000000, 0x0000000100000000, 0x0000000100000000)
 Metaspace       used 39876K, capacity 40882K, committed 41036K, reserved 1085440K
  class space    used 4575K, capacity 4833K, committed 4940K, reserved 1048576K
2017-10-31T06:46:51.165-0700: 7815.395: [GC (Allocation Failure) 2017-10-31T06:46:51.165-0700: 7815.396: [ParNew
Desired survivor size 20112992 bytes, new threshold 8 (max 8)
- age   1:    2371072 bytes,    2371072 total
- age   2:      10320 bytes,    2381392 total
- age   3:       7560 bytes,    2388952 total
- age   4:       7760 bytes,    2396712 total
- age   5:       8848 bytes,    2405560 total
- age   6:       8128 bytes,    2413688 total
- age   7:       7200 bytes,    2420888 total
- age   8:       6936 bytes,    2427824 total
: 90087K->2709K(109248K), 0.0039727 secs] 112449K->25078K(502464K), 0.0041400 secs] [Times: user=0.06 sys=0.00, real=0.00 secs] 
Heap after GC invocations=163 (full 2):
 par new generation   total 109248K, used 2709K [0x00000000e0000000, 0x00000000e8000000, 0x00000000e8000000)
  eden space 87424K,   0% used [0x00000000e0000000, 0x00000000e0000000, 0x00000000e5560000)
  from space 21824K,  12% used [0x00000000e6ab0000, 0x00000000e6d557b8, 0x00000000e8000000)
  to   space 21824K,   0% used [0x00000000e5560000, 0x00000000e5560000, 0x00000000e6ab0000)
 concurrent mark-sweep generation total 393216K, used 22368K [0x00000000e8000000, 0x0000000100000000, 0x0000000100000000)
 Metaspace       used 39876K, capacity 40882K, committed 41036K, reserved 1085440K
  class space    used 4575K, capacity 4833K, committed 4940K, reserved 1048576K
}
2017-10-31T06:46:51.169-0700: 7815.400: Total time for which application threads were stopped: 0.0044692 seconds, Stopping threads took: 0.0000312 seconds
2017-10-31T06:46:52.695-0700: 7816.926: Total time for which application threads were stopped: 0.0002926 seconds, Stopping threads took: 0.0000549 seconds
{Heap before GC invocations=163 (full 2):
 par new generation   total 109248K, used 89901K [0x00000000e0000000, 0x00000000e8000000, 0x00000000e8000000)
  eden space 87424K,  99% used [0x00000000e0000000, 0x00000000e5525c98, 0x00000000e5560000)
  from space 21824K,  12% used [0x00000000e6ab0000, 0x00000000e6d557b8, 0x00000000e8000000)
  to   space 21824K,   0% used [0x00000000e5560000, 0x00000000e5560000, 0x00000000e6ab0000)
 concurrent mark-sweep generation total 393216K, used 22368K [0x00000000e8000000, 0x0000000100000000, 0x0000000100000000)
 Metaspace       used 39877K, capacity 40882K, committed 41036K, reserved 1085440K
  class space    used 4576K, capacity 4833K, committed 4940K, reserved 1048576K
2017-10-31T06:46:54.479-0700: 7818.710: [GC (Allocation Failure) 2017-10-31T06:46:54.479-0700: 7818.710: [ParNew
Desired survivor size 20112992 bytes, new threshold 8 (max 8)
- age   1:    2402456 bytes,    2402456 total
- age   2:      79032 bytes,    2481488 total
- age   3:       9360 bytes,    2490848 total
- age   4:       7560 bytes,    2498408 total
- age   5:       7544 bytes,    2505952 total
- age   6:       8488 bytes,    2514440 total
- age   7:       8128 bytes,    2522568 total
- age   8:       7200 bytes,    2529768 total
: 89901K->3249K(109248K), 0.0039477 secs] 112270K->25625K(502464K), 0.0040764 secs] [Times: user=0.00 sys=0.00, real=0.00 secs] 
Heap after GC invocations=164 (full 2):
 par new generation   total 109248K, used 3249K [0x00000000e0000000, 0x00000000e8000000, 0x00000000e8000000)
  eden space 87424K,   0% used [0x00000000e0000000, 0x00000000e0000000, 0x00000000e5560000)
  from space 21824K,  14% used [0x00000000e5560000, 0x00000000e588c7a0, 0x00000000e6ab0000)
  to   space 21824K,   0% used [0x00000000e6ab0000, 0x00000000e6ab0000, 0x00000000e8000000)
 concurrent mark-sweep generation total 393216K, used 22375K [0x00000000e8000000, 0x0000000100000000, 0x0000000100000000)
 Metaspace       used 39877K, capacity 40882K, committed 41036K, reserved 1085440K
  class space    used 4576K, capacity 4833K, committed 4940K, reserved 1048576K
}
2017-10-31T06:46:54.483-0700: 7818.714: Total time for which application threads were stopped: 0.0043195 seconds, Stopping threads took: 0.0000230 seconds
2017-10-31T06:55:23.974-0700: 8328.204: Total time for which application threads were stopped: 0.0002276 seconds, Stopping threads took: 0.0000406 seconds
{Heap before GC invocations=164 (full 2):
 par new generation   total 109248K, used 90472K [0x00000000e0000000, 0x00000000e8000000, 0x00000000e8000000)
  eden space 87424K,  99% used [0x00000000e0000000, 0x00000000e552d990, 0x00000000e5560000)
  from space 21824K,  14% used [0x00000000e5560000, 0x00000000e588c7a0, 0x00000000e6ab0000)
  to   space 21824K,   0% used [0x00000000e6ab0000, 0x00000000e6ab0000, 0x00000000e8000000)
 concurrent mark-sweep generation total 393216K, used 22375K [0x00000000e8000000, 0x0000000100000000, 0x0000000100000000)
 Metaspace       used 39877K, capacity 40882K, committed 41036K, reserved 1085440K
  class space    used 4576K, capacity 4833K, committed 4940K, reserved 1048576K
2017-10-31T06:55:25.560-0700: 8329.791: [GC (Allocation Failure) 2017-10-31T06:55:25.560-0700: 8329.791: [ParNew
Desired survivor size 20112992 bytes, new threshold 8 (max 8)
- age   1:    2122080 bytes,    2122080 total
- age   2:     207064 bytes,    2329144 total
- age   3:      10248 bytes,    2339392 total
- age   4:       8640 bytes,    2348032 total
- age   5:       6912 bytes,    2354944 total
- age   6:       7112 bytes,    2362056 total
- age   7:       6840 bytes,    2368896 total
- age   8:       8128 bytes,    2377024 total
: 90472K->2615K(109248K), 0.0062138 secs] 112848K->24997K(502464K), 0.0062930 secs] [Times: user=0.00 sys=0.00, real=0.01 secs] 
Heap after GC invocations=165 (full 2):
 par new generation   total 109248K, used 2615K [0x00000000e0000000, 0x00000000e8000000, 0x00000000e8000000)
  eden space 87424K,   0% used [0x00000000e0000000, 0x00000000e0000000, 0x00000000e5560000)
  from space 21824K,  11% used [0x00000000e6ab0000, 0x00000000e6d3dc10, 0x00000000e8000000)
  to   space 21824K,   0% used [0x00000000e5560000, 0x00000000e5560000, 0x00000000e6ab0000)
 concurrent mark-sweep generation total 393216K, used 22382K [0x00000000e8000000, 0x0000000100000000, 0x0000000100000000)
 Metaspace       used 39877K, capacity 40882K, committed 41036K, reserved 1085440K
  class space    used 4576K, capacity 4833K, committed 4940K, reserved 1048576K
}
2017-10-31T06:55:25.566-0700: 8329.797: Total time for which application threads were stopped: 0.0065436 seconds, Stopping threads took: 0.0000237 seconds
2017-10-31T06:55:26.606-0700: 8330.837: Total time for which application threads were stopped: 0.0002811 seconds, Stopping threads took: 0.0000582 seconds
2017-10-31T06:55:27.607-0700: 8331.837: Total time for which application threads were stopped: 0.0001707 seconds, Stopping threads took: 0.0000298 seconds
{Heap before GC invocations=165 (full 2):
 par new generation   total 109248K, used 90039K [0x00000000e0000000, 0x00000000e8000000, 0x00000000e8000000)
  eden space 87424K, 100% used [0x00000000e0000000, 0x00000000e5560000, 0x00000000e5560000)
  from space 21824K,  11% used [0x00000000e6ab0000, 0x00000000e6d3dc10, 0x00000000e8000000)
  to   space 21824K,   0% used [0x00000000e5560000, 0x00000000e5560000, 0x00000000e6ab0000)
 concurrent mark-sweep generation total 393216K, used 22382K [0x00000000e8000000, 0x0000000100000000, 0x0000000100000000)
 Metaspace       used 39878K, capacity 40882K, committed 41036K, reserved 1085440K
  class space    used 4576K, capacity 4833K, committed 4940K, reserved 1048576K
2017-10-31T06:55:28.708-0700: 8332.938: [GC (Allocation Failure) 2017-10-31T06:55:28.708-0700: 8332.938: [ParNew
Desired survivor size 20112992 bytes, new threshold 8 (max 8)
- age   1:    2096936 bytes,    2096936 total
- age   2:      90128 bytes,    2187064 total
- age   3:       7968 bytes,    2195032 total
- age   4:      10208 bytes,    2205240 total
- age   5:       8640 bytes,    2213880 total
- age   6:       6912 bytes,    2220792 total
- age   7:       7112 bytes,    2227904 total
- age   8:       6840 bytes,    2234744 total
: 90039K->2577K(109248K), 0.0041800 secs] 112421K->24968K(502464K), 0.0043459 secs] [Times: user=0.00 sys=0.00, real=0.00 secs] 
Heap after GC invocations=166 (full 2):
 par new generation   total 109248K, used 2577K [0x00000000e0000000, 0x00000000e8000000, 0x00000000e8000000)
  eden space 87424K,   0% used [0x00000000e0000000, 0x00000000e0000000, 0x00000000e5560000)
  from space 21824K,  11% used [0x00000000e5560000, 0x00000000e57e45d0, 0x00000000e6ab0000)
  to   space 21824K,   0% used [0x00000000e6ab0000, 0x00000000e6ab0000, 0x00000000e8000000)
 concurrent mark-sweep generation total 393216K, used 22390K [0x00000000e8000000, 0x0000000100000000, 0x0000000100000000)
 Metaspace       used 39878K, capacity 40882K, committed 41036K, reserved 1085440K
  class space    used 4576K, capacity 4833K, committed 4940K, reserved 1048576K
}
2017-10-31T06:55:28.712-0700: 8332.942: Total time for which application threads were stopped: 0.0046751 seconds, Stopping threads took: 0.0000298 seconds
2017-10-31T06:55:30.176-0700: 8334.406: Total time for which application threads were stopped: 0.0002905 seconds, Stopping threads took: 0.0000521 seconds
2017-10-31T06:55:31.176-0700: 8335.406: Total time for which application threads were stopped: 0.0001666 seconds, Stopping threads took: 0.0000271 seconds
{Heap before GC invocations=166 (full 2):
 par new generation   total 109248K, used 89539K [0x00000000e0000000, 0x00000000e8000000, 0x00000000e8000000)
  eden space 87424K,  99% used [0x00000000e0000000, 0x00000000e54ec9e0, 0x00000000e5560000)
  from space 21824K,  11% used [0x00000000e5560000, 0x00000000e57e45d0, 0x00000000e6ab0000)
  to   space 21824K,   0% used [0x00000000e6ab0000, 0x00000000e6ab0000, 0x00000000e8000000)
 concurrent mark-sweep generation total 393216K, used 22390K [0x00000000e8000000, 0x0000000100000000, 0x0000000100000000)
 Metaspace       used 39880K, capacity 40882K, committed 41036K, reserved 1085440K
  class space    used 4576K, capacity 4833K, committed 4940K, reserved 1048576K
2017-10-31T06:55:32.751-0700: 8336.981: [GC (Allocation Failure) 2017-10-31T06:55:32.751-0700: 8336.981: [ParNew
Desired survivor size 20112992 bytes, new threshold 8 (max 8)
- age   1:    2447344 bytes,    2447344 total
- age   2:       8632 bytes,    2455976 total
- age   3:      22136 bytes,    2478112 total
- age   4:       7968 bytes,    2486080 total
- age   5:      10208 bytes,    2496288 total
- age   6:       8640 bytes,    2504928 total
- age   7:       6912 bytes,    2511840 total
- age   8:       7112 bytes,    2518952 total
: 89539K->3641K(109248K), 0.0053476 secs] 111930K->26038K(502464K), 0.0054898 secs] [Times: user=0.00 sys=0.00, real=0.01 secs] 
Heap after GC invocations=167 (full 2):
 par new generation   total 109248K, used 3641K [0x00000000e0000000, 0x00000000e8000000, 0x00000000e8000000)
  eden space 87424K,   0% used [0x00000000e0000000, 0x00000000e0000000, 0x00000000e5560000)
  from space 21824K,  16% used [0x00000000e6ab0000, 0x00000000e6e3e5f0, 0x00000000e8000000)
  to   space 21824K,   0% used [0x00000000e5560000, 0x00000000e5560000, 0x00000000e6ab0000)
 concurrent mark-sweep generation total 393216K, used 22397K [0x00000000e8000000, 0x0000000100000000, 0x0000000100000000)
 Metaspace       used 39880K, capacity 40882K, committed 41036K, reserved 1085440K
  class space    used 4576K, capacity 4833K, committed 4940K, reserved 1048576K
}
2017-10-31T06:55:32.756-0700: 8336.987: Total time for which application threads were stopped: 0.0057356 seconds, Stopping threads took: 0.0000223 seconds
2017-10-31T06:55:33.007-0700: 8337.238: Total time for which application threads were stopped: 0.0002228 seconds, Stopping threads took: 0.0000298 seconds
2017-10-31T06:55:34.008-0700: 8338.238: Total time for which application threads were stopped: 0.0002574 seconds, Stopping threads took: 0.0000535 seconds
2017-10-31T06:55:35.667-0700: 8339.897: Total time for which application threads were stopped: 0.0002689 seconds, Stopping threads took: 0.0000393 seconds
{Heap before GC invocations=167 (full 2):
 par new generation   total 109248K, used 91065K [0x00000000e0000000, 0x00000000e8000000, 0x00000000e8000000)
  eden space 87424K, 100% used [0x00000000e0000000, 0x00000000e5560000, 0x00000000e5560000)
  from space 21824K,  16% used [0x00000000e6ab0000, 0x00000000e6e3e5f0, 0x00000000e8000000)
  to   space 21824K,   0% used [0x00000000e5560000, 0x00000000e5560000, 0x00000000e6ab0000)
 concurrent mark-sweep generation total 393216K, used 22397K [0x00000000e8000000, 0x0000000100000000, 0x0000000100000000)
 Metaspace       used 39880K, capacity 40882K, committed 41036K, reserved 1085440K
  class space    used 4576K, capacity 4833K, committed 4940K, reserved 1048576K
2017-10-31T06:55:35.698-0700: 8339.929: [GC (Allocation Failure) 2017-10-31T06:55:35.698-0700: 8339.929: [ParNew
Desired survivor size 20112992 bytes, new threshold 8 (max 8)
- age   1:    3103136 bytes,    3103136 total
- age   2:      77736 bytes,    3180872 total
- age   3:       7720 bytes,    3188592 total
- age   4:      22136 bytes,    3210728 total
- age   5:       7968 bytes,    3218696 total
- age   6:      10208 bytes,    3228904 total
- age   7:       8640 bytes,    3237544 total
- age   8:       6912 bytes,    3244456 total
: 91065K->3846K(109248K), 0.0047225 secs] 113462K->26251K(502464K), 0.0048010 secs] [Times: user=0.00 sys=0.00, real=0.01 secs] 
Heap after GC invocations=168 (full 2):
 par new generation   total 109248K, used 3846K [0x00000000e0000000, 0x00000000e8000000, 0x00000000e8000000)
  eden space 87424K,   0% used [0x00000000e0000000, 0x00000000e0000000, 0x00000000e5560000)
  from space 21824K,  17% used [0x00000000e5560000, 0x00000000e5921b30, 0x00000000e6ab0000)
  to   space 21824K,   0% used [0x00000000e6ab0000, 0x00000000e6ab0000, 0x00000000e8000000)
 concurrent mark-sweep generation total 393216K, used 22404K [0x00000000e8000000, 0x0000000100000000, 0x0000000100000000)
 Metaspace       used 39880K, capacity 40882K, committed 41036K, reserved 1085440K
  class space    used 4576K, capacity 4833K, committed 4940K, reserved 1048576K
}
2017-10-31T06:55:35.703-0700: 8339.934: Total time for which application threads were stopped: 0.0052094 seconds, Stopping threads took: 0.0000359 seconds
2017-10-31T06:55:38.543-0700: 8342.775: Total time for which application threads were stopped: 0.0002262 seconds, Stopping threads took: 0.0000312 seconds
{Heap before GC invocations=168 (full 2):
 par new generation   total 109248K, used 91270K [0x00000000e0000000, 0x00000000e8000000, 0x00000000e8000000)
  eden space 87424K, 100% used [0x00000000e0000000, 0x00000000e5560000, 0x00000000e5560000)
  from space 21824K,  17% used [0x00000000e5560000, 0x00000000e5921b30, 0x00000000e6ab0000)
  to   space 21824K,   0% used [0x00000000e6ab0000, 0x00000000e6ab0000, 0x00000000e8000000)
 concurrent mark-sweep generation total 393216K, used 22404K [0x00000000e8000000, 0x0000000100000000, 0x0000000100000000)
 Metaspace       used 39880K, capacity 40882K, committed 41036K, reserved 1085440K
  class space    used 4576K, capacity 4833K, committed 4940K, reserved 1048576K
2017-10-31T06:55:38.585-0700: 8342.815: [GC (Allocation Failure) 2017-10-31T06:55:38.585-0700: 8342.815: [ParNew
Desired survivor size 20112992 bytes, new threshold 8 (max 8)
- age   1:    2486176 bytes,    2486176 total
- age   2:     555208 bytes,    3041384 total
- age   3:       9744 bytes,    3051128 total
- age   4:       7720 bytes,    3058848 total
- age   5:      21992 bytes,    3080840 total
- age   6:       7968 bytes,    3088808 total
- age   7:      10208 bytes,    3099016 total
- age   8:       8640 bytes,    3107656 total
: 91270K->3785K(109248K), 0.0042558 secs] 113675K->26197K(502464K), 0.0044157 secs] [Times: user=0.06 sys=0.00, real=0.00 secs] 
Heap after GC invocations=169 (full 2):
 par new generation   total 109248K, used 3785K [0x00000000e0000000, 0x00000000e8000000, 0x00000000e8000000)
  eden space 87424K,   0% used [0x00000000e0000000, 0x00000000e0000000, 0x00000000e5560000)
  from space 21824K,  17% used [0x00000000e6ab0000, 0x00000000e6e627d8, 0x00000000e8000000)
  to   space 21824K,   0% used [0x00000000e5560000, 0x00000000e5560000, 0x00000000e6ab0000)
 concurrent mark-sweep generation total 393216K, used 22411K [0x00000000e8000000, 0x0000000100000000, 0x0000000100000000)
 Metaspace       used 39880K, capacity 40882K, committed 41036K, reserved 1085440K
  class space    used 4576K, capacity 4833K, committed 4940K, reserved 1048576K
}
2017-10-31T06:55:38.590-0700: 8342.820: Total time for which application threads were stopped: 0.0047584 seconds, Stopping threads took: 0.0000352 seconds
2017-10-31T06:55:40.590-0700: 8344.820: Total time for which application threads were stopped: 0.0001443 seconds, Stopping threads took: 0.0000291 seconds
2017-10-31T06:55:41.480-0700: 8345.710: Total time for which application threads were stopped: 0.0002675 seconds, Stopping threads took: 0.0000582 seconds
{Heap before GC invocations=169 (full 2):
 par new generation   total 109248K, used 90838K [0x00000000e0000000, 0x00000000e8000000, 0x00000000e8000000)
  eden space 87424K,  99% used [0x00000000e0000000, 0x00000000e55030e8, 0x00000000e5560000)
  from space 21824K,  17% used [0x00000000e6ab0000, 0x00000000e6e627d8, 0x00000000e8000000)
  to   space 21824K,   0% used [0x00000000e5560000, 0x00000000e5560000, 0x00000000e6ab0000)
 concurrent mark-sweep generation total 393216K, used 22411K [0x00000000e8000000, 0x0000000100000000, 0x0000000100000000)
 Metaspace       used 39880K, capacity 40882K, committed 41036K, reserved 1085440K
  class space    used 4576K, capacity 4833K, committed 4940K, reserved 1048576K
2017-10-31T06:55:41.557-0700: 8345.788: [GC (Allocation Failure) 2017-10-31T06:55:41.557-0700: 8345.788: [ParNew
Desired survivor size 20112992 bytes, new threshold 8 (max 8)
- age   1:    2495112 bytes,    2495112 total
- age   2:     772848 bytes,    3267960 total
- age   3:       7896 bytes,    3275856 total
- age   4:       9744 bytes,    3285600 total
- age   5:       7504 bytes,    3293104 total
- age   6:      21424 bytes,    3314528 total
- age   7:       7968 bytes,    3322496 total
- age   8:      10208 bytes,    3332704 total
: 90838K->4225K(109248K), 0.0046046 secs] 113249K->26645K(502464K), 0.0046960 secs] [Times: user=0.06 sys=0.00, real=0.01 secs] 
Heap after GC invocations=170 (full 2):
 par new generation   total 109248K, used 4225K [0x00000000e0000000, 0x00000000e8000000, 0x00000000e8000000)
  eden space 87424K,   0% used [0x00000000e0000000, 0x00000000e0000000, 0x00000000e5560000)
  from space 21824K,  19% used [0x00000000e5560000, 0x00000000e5980600, 0x00000000e6ab0000)
  to   space 21824K,   0% used [0x00000000e6ab0000, 0x00000000e6ab0000, 0x00000000e8000000)
 concurrent mark-sweep generation total 393216K, used 22419K [0x00000000e8000000, 0x0000000100000000, 0x0000000100000000)
 Metaspace       used 39880K, capacity 40882K, committed 41036K, reserved 1085440K
  class space    used 4576K, capacity 4833K, committed 4940K, reserved 1048576K
}
2017-10-31T06:55:41.562-0700: 8345.792: Total time for which application threads were stopped: 0.0049947 seconds, Stopping threads took: 0.0000237 seconds
2017-10-31T06:55:42.562-0700: 8346.792: Total time for which application threads were stopped: 0.0001639 seconds, Stopping threads took: 0.0000359 seconds
2017-10-31T06:55:44.278-0700: 8348.510: Total time for which application threads were stopped: 0.0002872 seconds, Stopping threads took: 0.0000582 seconds
{Heap before GC invocations=170 (full 2):
 par new generation   total 109248K, used 91273K [0x00000000e0000000, 0x00000000e8000000, 0x00000000e8000000)
  eden space 87424K,  99% used [0x00000000e0000000, 0x00000000e5501ee0, 0x00000000e5560000)
  from space 21824K,  19% used [0x00000000e5560000, 0x00000000e5980600, 0x00000000e6ab0000)
  to   space 21824K,   0% used [0x00000000e6ab0000, 0x00000000e6ab0000, 0x00000000e8000000)
 concurrent mark-sweep generation total 393216K, used 22419K [0x00000000e8000000, 0x0000000100000000, 0x0000000100000000)
 Metaspace       used 39880K, capacity 40882K, committed 41036K, reserved 1085440K
  class space    used 4576K, capacity 4833K, committed 4940K, reserved 1048576K
2017-10-31T06:55:44.598-0700: 8348.828: [GC (Allocation Failure) 2017-10-31T06:55:44.598-0700: 8348.828: [ParNew
Desired survivor size 20112992 bytes, new threshold 8 (max 8)
- age   1:    2115696 bytes,    2115696 total
- age   2:      80304 bytes,    2196000 total
- age   3:       7744 bytes,    2203744 total
- age   4:       7896 bytes,    2211640 total
- age   5:       9672 bytes,    2221312 total
- age   6:       7000 bytes,    2228312 total
- age   7:      21424 bytes,    2249736 total
- age   8:       7968 bytes,    2257704 total
: 91273K->4717K(109248K), 0.0063228 secs] 113692K->27147K(502464K), 0.0064000 secs] [Times: user=0.00 sys=0.00, real=0.01 secs] 
Heap after GC invocations=171 (full 2):
 par new generation   total 109248K, used 4717K [0x00000000e0000000, 0x00000000e8000000, 0x00000000e8000000)
  eden space 87424K,   0% used [0x00000000e0000000, 0x00000000e0000000, 0x00000000e5560000)
  from space 21824K,  21% used [0x00000000e6ab0000, 0x00000000e6f4b750, 0x00000000e8000000)
  to   space 21824K,   0% used [0x00000000e5560000, 0x00000000e5560000, 0x00000000e6ab0000)
 concurrent mark-sweep generation total 393216K, used 22429K [0x00000000e8000000, 0x0000000100000000, 0x0000000100000000)
 Metaspace       used 39880K, capacity 40882K, committed 41036K, reserved 1085440K
  class space    used 4576K, capacity 4833K, committed 4940K, reserved 1048576K
}
2017-10-31T06:55:44.604-0700: 8348.835: Total time for which application threads were stopped: 0.0066411 seconds, Stopping threads took: 0.0000223 seconds
2017-10-31T06:55:46.605-0700: 8350.836: Total time for which application threads were stopped: 0.0001463 seconds, Stopping threads took: 0.0000278 seconds
2017-10-31T06:55:47.231-0700: 8351.462: Total time for which application threads were stopped: 0.0003359 seconds, Stopping threads took: 0.0000779 seconds
{Heap before GC invocations=171 (full 2):
 par new generation   total 109248K, used 92141K [0x00000000e0000000, 0x00000000e8000000, 0x00000000e8000000)
  eden space 87424K, 100% used [0x00000000e0000000, 0x00000000e5560000, 0x00000000e5560000)
  from space 21824K,  21% used [0x00000000e6ab0000, 0x00000000e6f4b750, 0x00000000e8000000)
  to   space 21824K,   0% used [0x00000000e5560000, 0x00000000e5560000, 0x00000000e6ab0000)
 concurrent mark-sweep generation total 393216K, used 22429K [0x00000000e8000000, 0x0000000100000000, 0x0000000100000000)
 Metaspace       used 39881K, capacity 40882K, committed 41036K, reserved 1085440K
  class space    used 4576K, capacity 4833K, committed 4940K, reserved 1048576K
2017-10-31T06:55:48.262-0700: 8352.492: [GC (Allocation Failure) 2017-10-31T06:55:48.262-0700: 8352.492: [ParNew
Desired survivor size 20112992 bytes, new threshold 8 (max 8)
- age   1:    1992872 bytes,    1992872 total
- age   2:      75936 bytes,    2068808 total
- age   3:       8200 bytes,    2077008 total
- age   4:       7744 bytes,    2084752 total
- age   5:       7824 bytes,    2092576 total
- age   6:       8952 bytes,    2101528 total
- age   7:       7000 bytes,    2108528 total
- age   8:      21424 bytes,    2129952 total
: 92141K->2611K(109248K), 0.0038265 secs] 114571K->25048K(502464K), 0.0038996 secs] [Times: user=0.00 sys=0.00, real=0.00 secs] 
Heap after GC invocations=172 (full 2):
 par new generation   total 109248K, used 2611K [0x00000000e0000000, 0x00000000e8000000, 0x00000000e8000000)
  eden space 87424K,   0% used [0x00000000e0000000, 0x00000000e0000000, 0x00000000e5560000)
  from space 21824K,  11% used [0x00000000e5560000, 0x00000000e57ece50, 0x00000000e6ab0000)
  to   space 21824K,   0% used [0x00000000e6ab0000, 0x00000000e6ab0000, 0x00000000e8000000)
 concurrent mark-sweep generation total 393216K, used 22437K [0x00000000e8000000, 0x0000000100000000, 0x0000000100000000)
 Metaspace       used 39881K, capacity 40882K, committed 41036K, reserved 1085440K
  class space    used 4576K, capacity 4833K, committed 4940K, reserved 1048576K
}
2017-10-31T06:55:48.265-0700: 8352.496: Total time for which application threads were stopped: 0.0042247 seconds, Stopping threads took: 0.0000251 seconds
2017-10-31T06:55:50.266-0700: 8354.497: Total time for which application threads were stopped: 0.0002174 seconds, Stopping threads took: 0.0000359 seconds
{Heap before GC invocations=172 (full 2):
 par new generation   total 109248K, used 89700K [0x00000000e0000000, 0x00000000e8000000, 0x00000000e8000000)
  eden space 87424K,  99% used [0x00000000e0000000, 0x00000000e550c4f8, 0x00000000e5560000)
  from space 21824K,  11% used [0x00000000e5560000, 0x00000000e57ece50, 0x00000000e6ab0000)
  to   space 21824K,   0% used [0x00000000e6ab0000, 0x00000000e6ab0000, 0x00000000e8000000)
 concurrent mark-sweep generation total 393216K, used 22437K [0x00000000e8000000, 0x0000000100000000, 0x0000000100000000)
 Metaspace       used 39881K, capacity 40882K, committed 41036K, reserved 1085440K
  class space    used 4576K, capacity 4833K, committed 4940K, reserved 1048576K
2017-10-31T06:55:51.668-0700: 8355.898: [GC (Allocation Failure) 2017-10-31T06:55:51.668-0700: 8355.898: [ParNew
Desired survivor size 20112992 bytes, new threshold 8 (max 8)
- age   1:    2284680 bytes,    2284680 total
- age   2:      12416 bytes,    2297096 total
- age   3:       7944 bytes,    2305040 total
- age   4:       8200 bytes,    2313240 total
- age   5:       7600 bytes,    2320840 total
- age   6:       7248 bytes,    2328088 total
- age   7:       8952 bytes,    2337040 total
- age   8:       7000 bytes,    2344040 total
: 89700K->2825K(109248K), 0.0047550 secs] 112138K->25284K(502464K), 0.0048322 secs] [Times: user=0.00 sys=0.00, real=0.00 secs] 
Heap after GC invocations=173 (full 2):
 par new generation   total 109248K, used 2825K [0x00000000e0000000, 0x00000000e8000000, 0x00000000e8000000)
  eden space 87424K,   0% used [0x00000000e0000000, 0x00000000e0000000, 0x00000000e5560000)
  from space 21824K,  12% used [0x00000000e6ab0000, 0x00000000e6d72710, 0x00000000e8000000)
  to   space 21824K,   0% used [0x00000000e5560000, 0x00000000e5560000, 0x00000000e6ab0000)
 concurrent mark-sweep generation total 393216K, used 22458K [0x00000000e8000000, 0x0000000100000000, 0x0000000100000000)
 Metaspace       used 39881K, capacity 40882K, committed 41036K, reserved 1085440K
  class space    used 4576K, capacity 4833K, committed 4940K, reserved 1048576K
}
2017-10-31T06:55:51.672-0700: 8355.903: Total time for which application threads were stopped: 0.0050740 seconds, Stopping threads took: 0.0000251 seconds
2017-10-31T06:55:52.952-0700: 8357.183: Total time for which application threads were stopped: 0.0002648 seconds, Stopping threads took: 0.0000339 seconds
{Heap before GC invocations=173 (full 2):
 par new generation   total 109248K, used 90175K [0x00000000e0000000, 0x00000000e8000000, 0x00000000e8000000)
  eden space 87424K,  99% used [0x00000000e0000000, 0x00000000e554d600, 0x00000000e5560000)
  from space 21824K,  12% used [0x00000000e6ab0000, 0x00000000e6d72710, 0x00000000e8000000)
  to   space 21824K,   0% used [0x00000000e5560000, 0x00000000e5560000, 0x00000000e6ab0000)
 concurrent mark-sweep generation total 393216K, used 22458K [0x00000000e8000000, 0x0000000100000000, 0x0000000100000000)
 Metaspace       used 39881K, capacity 40882K, committed 41036K, reserved 1085440K
  class space    used 4576K, capacity 4833K, committed 4940K, reserved 1048576K
2017-10-31T06:55:54.793-0700: 8359.024: [GC (Allocation Failure) 2017-10-31T06:55:54.793-0700: 8359.024: [ParNew
Desired survivor size 20112992 bytes, new threshold 8 (max 8)
- age   1:    2392504 bytes,    2392504 total
- age   2:      76344 bytes,    2468848 total
- age   3:      11504 bytes,    2480352 total
- age   4:       7944 bytes,    2488296 total
- age   5:       8056 bytes,    2496352 total
- age   6:       7024 bytes,    2503376 total
- age   7:       7248 bytes,    2510624 total
- age   8:       8952 bytes,    2519576 total
: 90175K->3080K(109248K), 0.0040113 secs] 112633K->25546K(502464K), 0.0040831 secs] [Times: user=0.00 sys=0.00, real=0.00 secs] 
Heap after GC invocations=174 (full 2):
 par new generation   total 109248K, used 3080K [0x00000000e0000000, 0x00000000e8000000, 0x00000000e8000000)
  eden space 87424K,   0% used [0x00000000e0000000, 0x00000000e0000000, 0x00000000e5560000)
  from space 21824K,  14% used [0x00000000e5560000, 0x00000000e5862338, 0x00000000e6ab0000)
  to   space 21824K,   0% used [0x00000000e6ab0000, 0x00000000e6ab0000, 0x00000000e8000000)
 concurrent mark-sweep generation total 393216K, used 22465K [0x00000000e8000000, 0x0000000100000000, 0x0000000100000000)
 Metaspace       used 39881K, capacity 40882K, committed 41036K, reserved 1085440K
  class space    used 4576K, capacity 4833K, committed 4940K, reserved 1048576K
}
2017-10-31T06:55:54.797-0700: 8359.028: Total time for which application threads were stopped: 0.0043249 seconds, Stopping threads took: 0.0000230 seconds
2017-10-31T06:55:55.845-0700: 8360.076: Total time for which application threads were stopped: 0.0002736 seconds, Stopping threads took: 0.0000542 seconds
{Heap before GC invocations=174 (full 2):
 par new generation   total 109248K, used 90504K [0x00000000e0000000, 0x00000000e8000000, 0x00000000e8000000)
  eden space 87424K, 100% used [0x00000000e0000000, 0x00000000e5560000, 0x00000000e5560000)
  from space 21824K,  14% used [0x00000000e5560000, 0x00000000e5862338, 0x00000000e6ab0000)
  to   space 21824K,   0% used [0x00000000e6ab0000, 0x00000000e6ab0000, 0x00000000e8000000)
 concurrent mark-sweep generation total 393216K, used 22465K [0x00000000e8000000, 0x0000000100000000, 0x0000000100000000)
 Metaspace       used 39881K, capacity 40882K, committed 41036K, reserved 1085440K
  class space    used 4576K, capacity 4833K, committed 4940K, reserved 1048576K
2017-10-31T06:55:58.211-0700: 8362.442: [GC (Allocation Failure) 2017-10-31T06:55:58.211-0700: 8362.442: [ParNew
Desired survivor size 20112992 bytes, new threshold 8 (max 8)
- age   1:    1937584 bytes,    1937584 total
- age   2:      77008 bytes,    2014592 total
- age   3:       8352 bytes,    2022944 total
- age   4:      11504 bytes,    2034448 total
- age   5:       7584 bytes,    2042032 total
- age   6:       7552 bytes,    2049584 total
- age   7:       7024 bytes,    2056608 total
- age   8:       7248 bytes,    2063856 total
: 90504K->2424K(109248K), 0.0047455 secs] 112970K->24899K(502464K), 0.0048396 secs] [Times: user=0.06 sys=0.00, real=0.01 secs] 
Heap after GC invocations=175 (full 2):
 par new generation   total 109248K, used 2424K [0x00000000e0000000, 0x00000000e8000000, 0x00000000e8000000)
  eden space 87424K,   0% used [0x00000000e0000000, 0x00000000e0000000, 0x00000000e5560000)
  from space 21824K,  11% used [0x00000000e6ab0000, 0x00000000e6d0e3a8, 0x00000000e8000000)
  to   space 21824K,   0% used [0x00000000e5560000, 0x00000000e5560000, 0x00000000e6ab0000)
 concurrent mark-sweep generation total 393216K, used 22474K [0x00000000e8000000, 0x0000000100000000, 0x0000000100000000)
 Metaspace       used 39881K, capacity 40882K, committed 41036K, reserved 1085440K
  class space    used 4576K, capacity 4833K, committed 4940K, reserved 1048576K
}
2017-10-31T06:55:58.216-0700: 8362.447: Total time for which application threads were stopped: 0.0051071 seconds, Stopping threads took: 0.0000257 seconds
2017-10-31T06:55:58.839-0700: 8363.070: Total time for which application threads were stopped: 0.0002472 seconds, Stopping threads took: 0.0000474 seconds
{Heap before GC invocations=175 (full 2):
 par new generation   total 109248K, used 89848K [0x00000000e0000000, 0x00000000e8000000, 0x00000000e8000000)
  eden space 87424K, 100% used [0x00000000e0000000, 0x00000000e5560000, 0x00000000e5560000)
  from space 21824K,  11% used [0x00000000e6ab0000, 0x00000000e6d0e3a8, 0x00000000e8000000)
  to   space 21824K,   0% used [0x00000000e5560000, 0x00000000e5560000, 0x00000000e6ab0000)
 concurrent mark-sweep generation total 393216K, used 22474K [0x00000000e8000000, 0x0000000100000000, 0x0000000100000000)
 Metaspace       used 39881K, capacity 40882K, committed 41036K, reserved 1085440K
  class space    used 4576K, capacity 4833K, committed 4940K, reserved 1048576K
2017-10-31T06:56:01.480-0700: 8365.710: [GC (Allocation Failure) 2017-10-31T06:56:01.480-0700: 8365.710: [ParNew
Desired survivor size 20112992 bytes, new threshold 8 (max 8)
- age   1:    2097440 bytes,    2097440 total
- age   2:      75672 bytes,    2173112 total
- age   3:       9016 bytes,    2182128 total
- age   4:       8352 bytes,    2190480 total
- age   5:      11144 bytes,    2201624 total
- age   6:       7224 bytes,    2208848 total
- age   7:       7552 bytes,    2216400 total
- age   8:       7024 bytes,    2223424 total
: 89848K->3171K(109248K), 0.0044245 secs] 112323K->25652K(502464K), 0.0045017 secs] [Times: user=0.00 sys=0.00, real=0.00 secs] 
Heap after GC invocations=176 (full 2):
 par new generation   total 109248K, used 3171K [0x00000000e0000000, 0x00000000e8000000, 0x00000000e8000000)
  eden space 87424K,   0% used [0x00000000e0000000, 0x00000000e0000000, 0x00000000e5560000)
  from space 21824K,  14% used [0x00000000e5560000, 0x00000000e5878e60, 0x00000000e6ab0000)
  to   space 21824K,   0% used [0x00000000e6ab0000, 0x00000000e6ab0000, 0x00000000e8000000)
 concurrent mark-sweep generation total 393216K, used 22481K [0x00000000e8000000, 0x0000000100000000, 0x0000000100000000)
 Metaspace       used 39881K, capacity 40882K, committed 41036K, reserved 1085440K
  class space    used 4576K, capacity 4833K, committed 4940K, reserved 1048576K
}
2017-10-31T06:56:01.484-0700: 8365.715: Total time for which application threads were stopped: 0.0047807 seconds, Stopping threads took: 0.0000278 seconds
2017-10-31T06:56:01.810-0700: 8366.041: Total time for which application threads were stopped: 0.0002465 seconds, Stopping threads took: 0.0000494 seconds
2017-10-31T06:56:04.739-0700: 8368.970: Total time for which application threads were stopped: 0.0002350 seconds, Stopping threads took: 0.0000305 seconds
{Heap before GC invocations=176 (full 2):
 par new generation   total 109248K, used 90595K [0x00000000e0000000, 0x00000000e8000000, 0x00000000e8000000)
  eden space 87424K, 100% used [0x00000000e0000000, 0x00000000e5560000, 0x00000000e5560000)
  from space 21824K,  14% used [0x00000000e5560000, 0x00000000e5878e60, 0x00000000e6ab0000)
  to   space 21824K,   0% used [0x00000000e6ab0000, 0x00000000e6ab0000, 0x00000000e8000000)
 concurrent mark-sweep generation total 393216K, used 22481K [0x00000000e8000000, 0x0000000100000000, 0x0000000100000000)
 Metaspace       used 39881K, capacity 40882K, committed 41036K, reserved 1085440K
  class space    used 4576K, capacity 4833K, committed 4940K, reserved 1048576K
2017-10-31T06:56:04.770-0700: 8369.001: [GC (Allocation Failure) 2017-10-31T06:56:04.770-0700: 8369.001: [ParNew
Desired survivor size 20112992 bytes, new threshold 8 (max 8)
- age   1:    3056912 bytes,    3056912 total
- age   2:       8776 bytes,    3065688 total
- age   3:       7680 bytes,    3073368 total
- age   4:       9016 bytes,    3082384 total
- age   5:       7992 bytes,    3090376 total
- age   6:      10784 bytes,    3101160 total
- age   7:       7224 bytes,    3108384 total
- age   8:       7552 bytes,    3115936 total
: 90595K->3416K(109248K), 0.0044231 secs] 113076K->25904K(502464K), 0.0045254 secs] [Times: user=0.00 sys=0.00, real=0.01 secs] 
Heap after GC invocations=177 (full 2):
 par new generation   total 109248K, used 3416K [0x00000000e0000000, 0x00000000e8000000, 0x00000000e8000000)
  eden space 87424K,   0% used [0x00000000e0000000, 0x00000000e0000000, 0x00000000e5560000)
  from space 21824K,  15% used [0x00000000e6ab0000, 0x00000000e6e060b8, 0x00000000e8000000)
  to   space 21824K,   0% used [0x00000000e5560000, 0x00000000e5560000, 0x00000000e6ab0000)
 concurrent mark-sweep generation total 393216K, used 22488K [0x00000000e8000000, 0x0000000100000000, 0x0000000100000000)
 Metaspace       used 39881K, capacity 40882K, committed 41036K, reserved 1085440K
  class space    used 4576K, capacity 4833K, committed 4940K, reserved 1048576K
}
2017-10-31T06:56:04.775-0700: 8369.006: Total time for which application threads were stopped: 0.0048864 seconds, Stopping threads took: 0.0000515 seconds
2017-10-31T06:56:07.696-0700: 8371.928: Total time for which application threads were stopped: 0.0002418 seconds, Stopping threads took: 0.0000318 seconds
{Heap before GC invocations=177 (full 2):
 par new generation   total 109248K, used 90840K [0x00000000e0000000, 0x00000000e8000000, 0x00000000e8000000)
  eden space 87424K, 100% used [0x00000000e0000000, 0x00000000e5560000, 0x00000000e5560000)
  from space 21824K,  15% used [0x00000000e6ab0000, 0x00000000e6e060b8, 0x00000000e8000000)
  to   space 21824K,   0% used [0x00000000e5560000, 0x00000000e5560000, 0x00000000e6ab0000)
 concurrent mark-sweep generation total 393216K, used 22488K [0x00000000e8000000, 0x0000000100000000, 0x0000000100000000)
 Metaspace       used 39885K, capacity 40882K, committed 41036K, reserved 1085440K
  class space    used 4576K, capacity 4833K, committed 4940K, reserved 1048576K
2017-10-31T06:56:07.746-0700: 8371.977: [GC (Allocation Failure) 2017-10-31T06:56:07.746-0700: 8371.977: [ParNew
Desired survivor size 20112992 bytes, new threshold 8 (max 8)
- age   1:    2506168 bytes,    2506168 total
- age   2:     566928 bytes,    3073096 total
- age   3:       7864 bytes,    3080960 total
- age   4:       7680 bytes,    3088640 total
- age   5:       8728 bytes,    3097368 total
- age   6:       7560 bytes,    3104928 total
- age   7:      10784 bytes,    3115712 total
- age   8:       7224 bytes,    3122936 total
: 90840K->4159K(109248K), 0.0042795 secs] 113328K->26654K(502464K), 0.0043906 secs] [Times: user=0.00 sys=0.00, real=0.00 secs] 
Heap after GC invocations=178 (full 2):
 par new generation   total 109248K, used 4159K [0x00000000e0000000, 0x00000000e8000000, 0x00000000e8000000)
  eden space 87424K,   0% used [0x00000000e0000000, 0x00000000e0000000, 0x00000000e5560000)
  from space 21824K,  19% used [0x00000000e5560000, 0x00000000e596fd20, 0x00000000e6ab0000)
  to   space 21824K,   0% used [0x00000000e6ab0000, 0x00000000e6ab0000, 0x00000000e8000000)
 concurrent mark-sweep generation total 393216K, used 22495K [0x00000000e8000000, 0x0000000100000000, 0x0000000100000000)
 Metaspace       used 39885K, capacity 40882K, committed 41036K, reserved 1085440K
  class space    used 4576K, capacity 4833K, committed 4940K, reserved 1048576K
}
2017-10-31T06:56:07.751-0700: 8371.982: Total time for which application threads were stopped: 0.0047401 seconds, Stopping threads took: 0.0000325 seconds
2017-10-31T06:56:11.084-0700: 8375.314: Total time for which application threads were stopped: 0.0002377 seconds, Stopping threads took: 0.0000291 seconds
{Heap before GC invocations=178 (full 2):
 par new generation   total 109248K, used 91459K [0x00000000e0000000, 0x00000000e8000000, 0x00000000e8000000)
  eden space 87424K,  99% used [0x00000000e0000000, 0x00000000e5541090, 0x00000000e5560000)
  from space 21824K,  19% used [0x00000000e5560000, 0x00000000e596fd20, 0x00000000e6ab0000)
  to   space 21824K,   0% used [0x00000000e6ab0000, 0x00000000e6ab0000, 0x00000000e8000000)
 concurrent mark-sweep generation total 393216K, used 22495K [0x00000000e8000000, 0x0000000100000000, 0x0000000100000000)
 Metaspace       used 39889K, capacity 40882K, committed 41036K, reserved 1085440K
  class space    used 4576K, capacity 4833K, committed 4940K, reserved 1048576K
2017-10-31T06:56:11.290-0700: 8375.520: [GC (Allocation Failure) 2017-10-31T06:56:11.290-0700: 8375.521: [ParNew
Desired survivor size 20112992 bytes, new threshold 8 (max 8)
- age   1:    2450056 bytes,    2450056 total
- age   2:     798304 bytes,    3248360 total
- age   3:       9600 bytes,    3257960 total
- age   4:       7864 bytes,    3265824 total
- age   5:       7320 bytes,    3273144 total
- age   6:       8296 bytes,    3281440 total
- age   7:       7560 bytes,    3289000 total
- age   8:      10784 bytes,    3299784 total
: 91459K->3855K(109248K), 0.0044394 secs] 113954K->26357K(502464K), 0.0045647 secs] [Times: user=0.06 sys=0.00, real=0.01 secs] 
Heap after GC invocations=179 (full 2):
 par new generation   total 109248K, used 3855K [0x00000000e0000000, 0x00000000e8000000, 0x00000000e8000000)
  eden space 87424K,   0% used [0x00000000e0000000, 0x00000000e0000000, 0x00000000e5560000)
  from space 21824K,  17% used [0x00000000e6ab0000, 0x00000000e6e73c50, 0x00000000e8000000)
  to   space 21824K,   0% used [0x00000000e5560000, 0x00000000e5560000, 0x00000000e6ab0000)
 concurrent mark-sweep generation total 393216K, used 22502K [0x00000000e8000000, 0x0000000100000000, 0x0000000100000000)
 Metaspace       used 39889K, capacity 40882K, committed 41036K, reserved 1085440K
  class space    used 4576K, capacity 4833K, committed 4940K, reserved 1048576K
}
2017-10-31T06:56:11.295-0700: 8375.525: Total time for which application threads were stopped: 0.0048884 seconds, Stopping threads took: 0.0000312 seconds
2017-10-31T06:56:14.211-0700: 8378.441: Total time for which application threads were stopped: 0.0004910 seconds, Stopping threads took: 0.0000637 seconds
2017-10-31T06:56:15.211-0700: 8379.441: Total time for which application threads were stopped: 0.0001673 seconds, Stopping threads took: 0.0000325 seconds
{Heap before GC invocations=179 (full 2):
 par new generation   total 109248K, used 91279K [0x00000000e0000000, 0x00000000e8000000, 0x00000000e8000000)
  eden space 87424K, 100% used [0x00000000e0000000, 0x00000000e5560000, 0x00000000e5560000)
  from space 21824K,  17% used [0x00000000e6ab0000, 0x00000000e6e73c50, 0x00000000e8000000)
  to   space 21824K,   0% used [0x00000000e5560000, 0x00000000e5560000, 0x00000000e6ab0000)
 concurrent mark-sweep generation total 393216K, used 22502K [0x00000000e8000000, 0x0000000100000000, 0x0000000100000000)
 Metaspace       used 39890K, capacity 40882K, committed 41036K, reserved 1085440K
  class space    used 4576K, capacity 4833K, committed 4940K, reserved 1048576K
2017-10-31T06:56:15.254-0700: 8379.484: [GC (Allocation Failure) 2017-10-31T06:56:15.254-0700: 8379.484: [ParNew
Desired survivor size 20112992 bytes, new threshold 8 (max 8)
- age   1:    1799000 bytes,    1799000 total
- age   2:     206328 bytes,    2005328 total
- age   3:       7200 bytes,    2012528 total
- age   4:       9600 bytes,    2022128 total
- age   5:       7504 bytes,    2029632 total
- age   6:       6960 bytes,    2036592 total
- age   7:       8296 bytes,    2044888 total
- age   8:       7560 bytes,    2052448 total
: 91279K->3937K(109248K), 0.0035522 secs] 113781K->26450K(502464K), 0.0036368 secs] [Times: user=0.00 sys=0.00, real=0.00 secs] 
Heap after GC invocations=180 (full 2):
 par new generation   total 109248K, used 3937K [0x00000000e0000000, 0x00000000e8000000, 0x00000000e8000000)
  eden space 87424K,   0% used [0x00000000e0000000, 0x00000000e0000000, 0x00000000e5560000)
  from space 21824K,  18% used [0x00000000e5560000, 0x00000000e5938450, 0x00000000e6ab0000)
  to   space 21824K,   0% used [0x00000000e6ab0000, 0x00000000e6ab0000, 0x00000000e8000000)
 concurrent mark-sweep generation total 393216K, used 22513K [0x00000000e8000000, 0x0000000100000000, 0x0000000100000000)
 Metaspace       used 39890K, capacity 40882K, committed 41036K, reserved 1085440K
  class space    used 4576K, capacity 4833K, committed 4940K, reserved 1048576K
}
2017-10-31T06:56:15.258-0700: 8379.488: Total time for which application threads were stopped: 0.0039964 seconds, Stopping threads took: 0.0000386 seconds
2017-10-31T06:56:17.160-0700: 8381.390: Total time for which application threads were stopped: 0.0002296 seconds, Stopping threads took: 0.0000305 seconds
{Heap before GC invocations=180 (full 2):
 par new generation   total 109248K, used 91293K [0x00000000e0000000, 0x00000000e8000000, 0x00000000e8000000)
  eden space 87424K,  99% used [0x00000000e0000000, 0x00000000e554f320, 0x00000000e5560000)
  from space 21824K,  18% used [0x00000000e5560000, 0x00000000e5938450, 0x00000000e6ab0000)
  to   space 21824K,   0% used [0x00000000e6ab0000, 0x00000000e6ab0000, 0x00000000e8000000)
 concurrent mark-sweep generation total 393216K, used 22513K [0x00000000e8000000, 0x0000000100000000, 0x0000000100000000)
 Metaspace       used 39890K, capacity 40882K, committed 41036K, reserved 1085440K
  class space    used 4576K, capacity 4833K, committed 4940K, reserved 1048576K
2017-10-31T06:56:18.357-0700: 8382.588: [GC (Allocation Failure) 2017-10-31T06:56:18.357-0700: 8382.588: [ParNew
Desired survivor size 20112992 bytes, new threshold 8 (max 8)
- age   1:    2159224 bytes,    2159224 total
- age   2:       8280 bytes,    2167504 total
- age   3:       7104 bytes,    2174608 total
- age   4:       7200 bytes,    2181808 total
- age   5:       9240 bytes,    2191048 total
- age   6:       7144 bytes,    2198192 total
- age   7:       6960 bytes,    2205152 total
- age   8:       8296 bytes,    2213448 total
: 91293K->2556K(109248K), 0.0036226 secs] 113806K->25076K(502464K), 0.0037127 secs] [Times: user=0.00 sys=0.00, real=0.00 secs] 
Heap after GC invocations=181 (full 2):
 par new generation   total 109248K, used 2556K [0x00000000e0000000, 0x00000000e8000000, 0x00000000e8000000)
  eden space 87424K,   0% used [0x00000000e0000000, 0x00000000e0000000, 0x00000000e5560000)
  from space 21824K,  11% used [0x00000000e6ab0000, 0x00000000e6d2f050, 0x00000000e8000000)
  to   space 21824K,   0% used [0x00000000e5560000, 0x00000000e5560000, 0x00000000e6ab0000)
 concurrent mark-sweep generation total 393216K, used 22520K [0x00000000e8000000, 0x0000000100000000, 0x0000000100000000)
 Metaspace       used 39890K, capacity 40882K, committed 41036K, reserved 1085440K
  class space    used 4576K, capacity 4833K, committed 4940K, reserved 1048576K
}
2017-10-31T06:56:18.360-0700: 8382.592: Total time for which application threads were stopped: 0.0040418 seconds, Stopping threads took: 0.0000339 seconds
2017-10-31T06:56:20.049-0700: 8384.280: Total time for which application threads were stopped: 0.0004138 seconds, Stopping threads took: 0.0000359 seconds
{Heap before GC invocations=181 (full 2):
 par new generation   total 109248K, used 89857K [0x00000000e0000000, 0x00000000e8000000, 0x00000000e8000000)
  eden space 87424K,  99% used [0x00000000e0000000, 0x00000000e5541680, 0x00000000e5560000)
  from space 21824K,  11% used [0x00000000e6ab0000, 0x00000000e6d2f050, 0x00000000e8000000)
  to   space 21824K,   0% used [0x00000000e5560000, 0x00000000e5560000, 0x00000000e6ab0000)
 concurrent mark-sweep generation total 393216K, used 22520K [0x00000000e8000000, 0x0000000100000000, 0x0000000100000000)
 Metaspace       used 39890K, capacity 40882K, committed 41036K, reserved 1085440K
  class space    used 4576K, capacity 4833K, committed 4940K, reserved 1048576K
2017-10-31T06:56:21.762-0700: 8385.992: [GC (Allocation Failure) 2017-10-31T06:56:21.762-0700: 8385.992: [ParNew
Desired survivor size 20112992 bytes, new threshold 8 (max 8)
- age   1:    2298528 bytes,    2298528 total
- age   2:       9480 bytes,    2308008 total
- age   3:       7368 bytes,    2315376 total
- age   4:       7104 bytes,    2322480 total
- age   5:       6840 bytes,    2329320 total
- age   6:       8808 bytes,    2338128 total
- age   7:       7144 bytes,    2345272 total
- age   8:       6960 bytes,    2352232 total
: 89857K->3506K(109248K), 0.0046297 secs] 112378K->26034K(502464K), 0.0047258 secs] [Times: user=0.00 sys=0.00, real=0.00 secs] 
Heap after GC invocations=182 (full 2):
 par new generation   total 109248K, used 3506K [0x00000000e0000000, 0x00000000e8000000, 0x00000000e8000000)
  eden space 87424K,   0% used [0x00000000e0000000, 0x00000000e0000000, 0x00000000e5560000)
  from space 21824K,  16% used [0x00000000e5560000, 0x00000000e58cc930, 0x00000000e6ab0000)
  to   space 21824K,   0% used [0x00000000e6ab0000, 0x00000000e6ab0000, 0x00000000e8000000)
 concurrent mark-sweep generation total 393216K, used 22528K [0x00000000e8000000, 0x0000000100000000, 0x0000000100000000)
 Metaspace       used 39890K, capacity 40882K, committed 41036K, reserved 1085440K
  class space    used 4576K, capacity 4833K, committed 4940K, reserved 1048576K
}
2017-10-31T06:56:21.766-0700: 8385.997: Total time for which application threads were stopped: 0.0050584 seconds, Stopping threads took: 0.0000291 seconds
2017-10-31T06:56:22.797-0700: 8387.028: Total time for which application threads were stopped: 0.0002208 seconds, Stopping threads took: 0.0000501 seconds
{Heap before GC invocations=182 (full 2):
 par new generation   total 109248K, used 90662K [0x00000000e0000000, 0x00000000e8000000, 0x00000000e8000000)
  eden space 87424K,  99% used [0x00000000e0000000, 0x00000000e551d018, 0x00000000e5560000)
  from space 21824K,  16% used [0x00000000e5560000, 0x00000000e58cc930, 0x00000000e6ab0000)
  to   space 21824K,   0% used [0x00000000e6ab0000, 0x00000000e6ab0000, 0x00000000e8000000)
 concurrent mark-sweep generation total 393216K, used 22528K [0x00000000e8000000, 0x0000000100000000, 0x0000000100000000)
 Metaspace       used 39890K, capacity 40882K, committed 41036K, reserved 1085440K
  class space    used 4576K, capacity 4833K, committed 4940K, reserved 1048576K
2017-10-31T06:56:24.786-0700: 8389.017: [GC (Allocation Failure) 2017-10-31T06:56:24.786-0700: 8389.017: [ParNew
Desired survivor size 20112992 bytes, new threshold 8 (max 8)
- age   1:    2117440 bytes,    2117440 total
- age   2:      76608 bytes,    2194048 total
- age   3:       8568 bytes,    2202616 total
- age   4:       7368 bytes,    2209984 total
- age   5:       6744 bytes,    2216728 total
- age   6:       6552 bytes,    2223280 total
- age   7:       8808 bytes,    2232088 total
- age   8:       7144 bytes,    2239232 total
: 90662K->2799K(109248K), 0.0045145 secs] 113190K->25334K(502464K), 0.0045978 secs] [Times: user=0.02 sys=0.02, real=0.00 secs] 
Heap after GC invocations=183 (full 2):
 par new generation   total 109248K, used 2799K [0x00000000e0000000, 0x00000000e8000000, 0x00000000e8000000)
  eden space 87424K,   0% used [0x00000000e0000000, 0x00000000e0000000, 0x00000000e5560000)
  from space 21824K,  12% used [0x00000000e6ab0000, 0x00000000e6d6bdc0, 0x00000000e8000000)
  to   space 21824K,   0% used [0x00000000e5560000, 0x00000000e5560000, 0x00000000e6ab0000)
 concurrent mark-sweep generation total 393216K, used 22535K [0x00000000e8000000, 0x0000000100000000, 0x0000000100000000)
 Metaspace       used 39890K, capacity 40882K, committed 41036K, reserved 1085440K
  class space    used 4576K, capacity 4833K, committed 4940K, reserved 1048576K
}
2017-10-31T06:56:24.791-0700: 8389.022: Total time for which application threads were stopped: 0.0048566 seconds, Stopping threads took: 0.0000223 seconds
2017-10-31T06:56:25.816-0700: 8390.047: Total time for which application threads were stopped: 0.0002309 seconds, Stopping threads took: 0.0000339 seconds
{Heap before GC invocations=183 (full 2):
 par new generation   total 109248K, used 90223K [0x00000000e0000000, 0x00000000e8000000, 0x00000000e8000000)
  eden space 87424K, 100% used [0x00000000e0000000, 0x00000000e5560000, 0x00000000e5560000)
  from space 21824K,  12% used [0x00000000e6ab0000, 0x00000000e6d6bdc0, 0x00000000e8000000)
  to   space 21824K,   0% used [0x00000000e5560000, 0x00000000e5560000, 0x00000000e6ab0000)
 concurrent mark-sweep generation total 393216K, used 22535K [0x00000000e8000000, 0x0000000100000000, 0x0000000100000000)
 Metaspace       used 39890K, capacity 40882K, committed 41036K, reserved 1085440K
  class space    used 4576K, capacity 4833K, committed 4940K, reserved 1048576K
2017-10-31T06:56:28.548-0700: 8392.779: [GC (Allocation Failure) 2017-10-31T06:56:28.549-0700: 8392.779: [ParNew
Desired survivor size 20112992 bytes, new threshold 8 (max 8)
- age   1:    2016216 bytes,    2016216 total
- age   2:      77296 bytes,    2093512 total
- age   3:       8616 bytes,    2102128 total
- age   4:       8568 bytes,    2110696 total
- age   5:       6936 bytes,    2117632 total
- age   6:       6456 bytes,    2124088 total
- age   7:       6552 bytes,    2130640 total
- age   8:       8808 bytes,    2139448 total
: 90223K->2665K(109248K), 0.0091740 secs] 112758K->25208K(502464K), 0.0094063 secs] [Times: user=0.02 sys=0.00, real=0.01 secs] 
Heap after GC invocations=184 (full 2):
 par new generation   total 109248K, used 2665K [0x00000000e0000000, 0x00000000e8000000, 0x00000000e8000000)
  eden space 87424K,   0% used [0x00000000e0000000, 0x00000000e0000000, 0x00000000e5560000)
  from space 21824K,  12% used [0x00000000e5560000, 0x00000000e57fa7b0, 0x00000000e6ab0000)
  to   space 21824K,   0% used [0x00000000e6ab0000, 0x00000000e6ab0000, 0x00000000e8000000)
 concurrent mark-sweep generation total 393216K, used 22542K [0x00000000e8000000, 0x0000000100000000, 0x0000000100000000)
 Metaspace       used 39890K, capacity 40882K, committed 41036K, reserved 1085440K
  class space    used 4576K, capacity 4833K, committed 4940K, reserved 1048576K
}
2017-10-31T06:56:28.558-0700: 8392.788: Total time for which application threads were stopped: 0.0107080 seconds, Stopping threads took: 0.0000867 seconds
2017-10-31T06:56:28.849-0700: 8393.080: Total time for which application threads were stopped: 0.0002960 seconds, Stopping threads took: 0.0000386 seconds
2017-10-31T06:56:31.937-0700: 8396.168: Total time for which application threads were stopped: 0.0001829 seconds, Stopping threads took: 0.0000264 seconds
{Heap before GC invocations=184 (full 2):
 par new generation   total 109248K, used 90089K [0x00000000e0000000, 0x00000000e8000000, 0x00000000e8000000)
  eden space 87424K, 100% used [0x00000000e0000000, 0x00000000e5560000, 0x00000000e5560000)
  from space 21824K,  12% used [0x00000000e5560000, 0x00000000e57fa7b0, 0x00000000e6ab0000)
  to   space 21824K,   0% used [0x00000000e6ab0000, 0x00000000e6ab0000, 0x00000000e8000000)
 concurrent mark-sweep generation total 393216K, used 22542K [0x00000000e8000000, 0x0000000100000000, 0x0000000100000000)
 Metaspace       used 39890K, capacity 40882K, committed 41036K, reserved 1085440K
  class space    used 4576K, capacity 4833K, committed 4940K, reserved 1048576K
2017-10-31T06:56:31.964-0700: 8396.194: [GC (Allocation Failure) 2017-10-31T06:56:31.964-0700: 8396.194: [ParNew
Desired survivor size 20112992 bytes, new threshold 8 (max 8)
- age   1:    2987384 bytes,    2987384 total
- age   2:       9736 bytes,    2997120 total
- age   3:       9304 bytes,    3006424 total
- age   4:       8616 bytes,    3015040 total
- age   5:       8064 bytes,    3023104 total
- age   6:       6648 bytes,    3029752 total
- age   7:       6456 bytes,    3036208 total
- age   8:       6552 bytes,    3042760 total
: 90089K->3410K(109248K), 0.0066513 secs] 112632K->25961K(502464K), 0.0067468 secs] [Times: user=0.00 sys=0.00, real=0.01 secs] 
Heap after GC invocations=185 (full 2):
 par new generation   total 109248K, used 3410K [0x00000000e0000000, 0x00000000e8000000, 0x00000000e8000000)
  eden space 87424K,   0% used [0x00000000e0000000, 0x00000000e0000000, 0x00000000e5560000)
  from space 21824K,  15% used [0x00000000e6ab0000, 0x00000000e6e04a10, 0x00000000e8000000)
  to   space 21824K,   0% used [0x00000000e5560000, 0x00000000e5560000, 0x00000000e6ab0000)
 concurrent mark-sweep generation total 393216K, used 22550K [0x00000000e8000000, 0x0000000100000000, 0x0000000100000000)
 Metaspace       used 39890K, capacity 40882K, committed 41036K, reserved 1085440K
  class space    used 4576K, capacity 4833K, committed 4940K, reserved 1048576K
}
2017-10-31T06:56:31.970-0700: 8396.201: Total time for which application threads were stopped: 0.0071220 seconds, Stopping threads took: 0.0000711 seconds
2017-10-31T06:56:35.108-0700: 8399.338: Total time for which application threads were stopped: 0.0002011 seconds, Stopping threads took: 0.0000433 seconds
{Heap before GC invocations=185 (full 2):
 par new generation   total 109248K, used 90834K [0x00000000e0000000, 0x00000000e8000000, 0x00000000e8000000)
  eden space 87424K, 100% used [0x00000000e0000000, 0x00000000e5560000, 0x00000000e5560000)
  from space 21824K,  15% used [0x00000000e6ab0000, 0x00000000e6e04a10, 0x00000000e8000000)
  to   space 21824K,   0% used [0x00000000e5560000, 0x00000000e5560000, 0x00000000e6ab0000)
 concurrent mark-sweep generation total 393216K, used 22550K [0x00000000e8000000, 0x0000000100000000, 0x0000000100000000)
 Metaspace       used 39891K, capacity 40882K, committed 41036K, reserved 1085440K
  class space    used 4576K, capacity 4833K, committed 4940K, reserved 1048576K
2017-10-31T06:56:35.147-0700: 8399.378: [GC (Allocation Failure) 2017-10-31T06:56:35.147-0700: 8399.378: [ParNew
Desired survivor size 20112992 bytes, new threshold 8 (max 8)
- age   1:    2431328 bytes,    2431328 total
- age   2:     546920 bytes,    2978248 total
- age   3:       7912 bytes,    2986160 total
- age   4:       9304 bytes,    2995464 total
- age   5:       8184 bytes,    3003648 total
- age   6:       7776 bytes,    3011424 total
- age   7:       6648 bytes,    3018072 total
- age   8:       6456 bytes,    3024528 total
: 90834K->3828K(109248K), 0.0045890 secs] 113385K->26385K(502464K), 0.0046757 secs] [Times: user=0.05 sys=0.00, real=0.00 secs] 
Heap after GC invocations=186 (full 2):
 par new generation   total 109248K, used 3828K [0x00000000e0000000, 0x00000000e8000000, 0x00000000e8000000)
  eden space 87424K,   0% used [0x00000000e0000000, 0x00000000e0000000, 0x00000000e5560000)
  from space 21824K,  17% used [0x00000000e5560000, 0x00000000e591d0e0, 0x00000000e6ab0000)
  to   space 21824K,   0% used [0x00000000e6ab0000, 0x00000000e6ab0000, 0x00000000e8000000)
 concurrent mark-sweep generation total 393216K, used 22557K [0x00000000e8000000, 0x0000000100000000, 0x0000000100000000)
 Metaspace       used 39891K, capacity 40882K, committed 41036K, reserved 1085440K
  class space    used 4576K, capacity 4833K, committed 4940K, reserved 1048576K
}
2017-10-31T06:56:35.152-0700: 8399.383: Total time for which application threads were stopped: 0.0050374 seconds, Stopping threads took: 0.0000386 seconds
2017-10-31T06:56:37.153-0700: 8401.383: Total time for which application threads were stopped: 0.0001612 seconds, Stopping threads took: 0.0000339 seconds
2017-10-31T06:56:38.132-0700: 8402.363: Total time for which application threads were stopped: 0.0002960 seconds, Stopping threads took: 0.0000549 seconds
{Heap before GC invocations=186 (full 2):
 par new generation   total 109248K, used 91252K [0x00000000e0000000, 0x00000000e8000000, 0x00000000e8000000)
  eden space 87424K, 100% used [0x00000000e0000000, 0x00000000e5560000, 0x00000000e5560000)
  from space 21824K,  17% used [0x00000000e5560000, 0x00000000e591d0e0, 0x00000000e6ab0000)
  to   space 21824K,   0% used [0x00000000e6ab0000, 0x00000000e6ab0000, 0x00000000e8000000)
 concurrent mark-sweep generation total 393216K, used 22557K [0x00000000e8000000, 0x0000000100000000, 0x0000000100000000)
 Metaspace       used 39891K, capacity 40882K, committed 41036K, reserved 1085440K
  class space    used 4576K, capacity 4833K, committed 4940K, reserved 1048576K
2017-10-31T06:56:38.209-0700: 8402.441: [GC (Allocation Failure) 2017-10-31T06:56:38.209-0700: 8402.441: [ParNew
Desired survivor size 20112992 bytes, new threshold 8 (max 8)
- age   1:    2632848 bytes,    2632848 total
- age   2:     707464 bytes,    3340312 total
- age   3:       8504 bytes,    3348816 total
- age   4:       7912 bytes,    3356728 total
- age   5:       8944 bytes,    3365672 total
- age   6:       7824 bytes,    3373496 total
- age   7:       7776 bytes,    3381272 total
- age   8:       6648 bytes,    3387920 total
: 91252K->4015K(109248K), 0.0047787 secs] 113809K->26579K(502464K), 0.0048952 secs] [Times: user=0.06 sys=0.00, real=0.00 secs] 
Heap after GC invocations=187 (full 2):
 par new generation   total 109248K, used 4015K [0x00000000e0000000, 0x00000000e8000000, 0x00000000e8000000)
  eden space 87424K,   0% used [0x00000000e0000000, 0x00000000e0000000, 0x00000000e5560000)
  from space 21824K,  18% used [0x00000000e6ab0000, 0x00000000e6e9bec0, 0x00000000e8000000)
  to   space 21824K,   0% used [0x00000000e5560000, 0x00000000e5560000, 0x00000000e6ab0000)
 concurrent mark-sweep generation total 393216K, used 22563K [0x00000000e8000000, 0x0000000100000000, 0x0000000100000000)
 Metaspace       used 39891K, capacity 40882K, committed 41036K, reserved 1085440K
  class space    used 4576K, capacity 4833K, committed 4940K, reserved 1048576K
}
2017-10-31T06:56:38.214-0700: 8402.446: Total time for which application threads were stopped: 0.0052805 seconds, Stopping threads took: 0.0000555 seconds
2017-10-31T06:56:39.215-0700: 8403.446: Total time for which application threads were stopped: 0.0002567 seconds, Stopping threads took: 0.0000406 seconds
2017-10-31T06:56:41.222-0700: 8405.453: Total time for which application threads were stopped: 0.0002993 seconds, Stopping threads took: 0.0000610 seconds
{Heap before GC invocations=187 (full 2):
 par new generation   total 109248K, used 91439K [0x00000000e0000000, 0x00000000e8000000, 0x00000000e8000000)
  eden space 87424K, 100% used [0x00000000e0000000, 0x00000000e5560000, 0x00000000e5560000)
  from space 21824K,  18% used [0x00000000e6ab0000, 0x00000000e6e9bec0, 0x00000000e8000000)
  to   space 21824K,   0% used [0x00000000e5560000, 0x00000000e5560000, 0x00000000e6ab0000)
 concurrent mark-sweep generation total 393216K, used 22563K [0x00000000e8000000, 0x0000000100000000, 0x0000000100000000)
 Metaspace       used 39893K, capacity 40882K, committed 41036K, reserved 1085440K
  class space    used 4576K, capacity 4833K, committed 4940K, reserved 1048576K
2017-10-31T06:56:41.617-0700: 8405.848: [GC (Allocation Failure) 2017-10-31T06:56:41.617-0700: 8405.848: [ParNew
Desired survivor size 20112992 bytes, new threshold 8 (max 8)
- age   1:    2134752 bytes,    2134752 total
- age   2:      79184 bytes,    2213936 total
- age   3:       6840 bytes,    2220776 total
- age   4:       8504 bytes,    2229280 total
- age   5:       7624 bytes,    2236904 total
- age   6:       8584 bytes,    2245488 total
- age   7:       7824 bytes,    2253312 total
- age   8:       7776 bytes,    2261088 total
: 91439K->3467K(109248K), 0.0107425 secs] 114003K->26037K(502464K), 0.0109118 secs] [Times: user=0.06 sys=0.00, real=0.01 secs] 
Heap after GC invocations=188 (full 2):
 par new generation   total 109248K, used 3467K [0x00000000e0000000, 0x00000000e8000000, 0x00000000e8000000)
  eden space 87424K,   0% used [0x00000000e0000000, 0x00000000e0000000, 0x00000000e5560000)
  from space 21824K,  15% used [0x00000000e5560000, 0x00000000e58c2ec8, 0x00000000e6ab0000)
  to   space 21824K,   0% used [0x00000000e6ab0000, 0x00000000e6ab0000, 0x00000000e8000000)
 concurrent mark-sweep generation total 393216K, used 22569K [0x00000000e8000000, 0x0000000100000000, 0x0000000100000000)
 Metaspace       used 39893K, capacity 40882K, committed 41036K, reserved 1085440K
  class space    used 4576K, capacity 4833K, committed 4940K, reserved 1048576K
}
2017-10-31T06:56:41.628-0700: 8405.859: Total time for which application threads were stopped: 0.0114821 seconds, Stopping threads took: 0.0000447 seconds
2017-10-31T06:56:42.628-0700: 8406.859: Total time for which application threads were stopped: 0.0001524 seconds, Stopping threads took: 0.0000298 seconds
2017-10-31T06:56:44.331-0700: 8408.562: Total time for which application threads were stopped: 0.0002418 seconds, Stopping threads took: 0.0000555 seconds
{Heap before GC invocations=188 (full 2):
 par new generation   total 109248K, used 90464K [0x00000000e0000000, 0x00000000e8000000, 0x00000000e8000000)
  eden space 87424K,  99% used [0x00000000e0000000, 0x00000000e54f52e8, 0x00000000e5560000)
  from space 21824K,  15% used [0x00000000e5560000, 0x00000000e58c2ec8, 0x00000000e6ab0000)
  to   space 21824K,   0% used [0x00000000e6ab0000, 0x00000000e6ab0000, 0x00000000e8000000)
 concurrent mark-sweep generation total 393216K, used 22569K [0x00000000e8000000, 0x0000000100000000, 0x0000000100000000)
 Metaspace       used 39893K, capacity 40882K, committed 41036K, reserved 1085440K
  class space    used 4576K, capacity 4833K, committed 4940K, reserved 1048576K
2017-10-31T06:56:45.372-0700: 8409.603: [GC (Allocation Failure) 2017-10-31T06:56:45.372-0700: 8409.603: [ParNew
Desired survivor size 20112992 bytes, new threshold 8 (max 8)
- age   1:    2164200 bytes,    2164200 total
- age   2:       8728 bytes,    2172928 total
- age   3:       7080 bytes,    2180008 total
- age   4:       6840 bytes,    2186848 total
- age   5:       8144 bytes,    2194992 total
- age   6:       7192 bytes,    2202184 total
- age   7:       8584 bytes,    2210768 total
- age   8:       7824 bytes,    2218592 total
: 90464K->2499K(109248K), 0.0039924 secs] 113034K->25077K(502464K), 0.0040662 secs] [Times: user=0.00 sys=0.00, real=0.00 secs] 
Heap after GC invocations=189 (full 2):
 par new generation   total 109248K, used 2499K [0x00000000e0000000, 0x00000000e8000000, 0x00000000e8000000)
  eden space 87424K,   0% used [0x00000000e0000000, 0x00000000e0000000, 0x00000000e5560000)
  from space 21824K,  11% used [0x00000000e6ab0000, 0x00000000e6d20f40, 0x00000000e8000000)
  to   space 21824K,   0% used [0x00000000e5560000, 0x00000000e5560000, 0x00000000e6ab0000)
 concurrent mark-sweep generation total 393216K, used 22577K [0x00000000e8000000, 0x0000000100000000, 0x0000000100000000)
 Metaspace       used 39893K, capacity 40882K, committed 41036K, reserved 1085440K
  class space    used 4576K, capacity 4833K, committed 4940K, reserved 1048576K
}
2017-10-31T06:56:45.376-0700: 8409.607: Total time for which application threads were stopped: 0.0043066 seconds, Stopping threads took: 0.0000230 seconds
2017-10-31T06:56:47.243-0700: 8411.475: Total time for which application threads were stopped: 0.0002560 seconds, Stopping threads took: 0.0000305 seconds
{Heap before GC invocations=189 (full 2):
 par new generation   total 109248K, used 89923K [0x00000000e0000000, 0x00000000e8000000, 0x00000000e8000000)
  eden space 87424K, 100% used [0x00000000e0000000, 0x00000000e5560000, 0x00000000e5560000)
  from space 21824K,  11% used [0x00000000e6ab0000, 0x00000000e6d20f40, 0x00000000e8000000)
  to   space 21824K,   0% used [0x00000000e5560000, 0x00000000e5560000, 0x00000000e6ab0000)
 concurrent mark-sweep generation total 393216K, used 22577K [0x00000000e8000000, 0x0000000100000000, 0x0000000100000000)
 Metaspace       used 39893K, capacity 40882K, committed 41036K, reserved 1085440K
  class space    used 4576K, capacity 4833K, committed 4940K, reserved 1048576K
2017-10-31T06:56:48.445-0700: 8412.675: [GC (Allocation Failure) 2017-10-31T06:56:48.445-0700: 8412.676: [ParNew
Desired survivor size 20112992 bytes, new threshold 8 (max 8)
- age   1:    1876320 bytes,    1876320 total
- age   2:      75584 bytes,    1951904 total
- age   3:       7560 bytes,    1959464 total
- age   4:       7080 bytes,    1966544 total
- age   5:       6624 bytes,    1973168 total
- age   6:       7712 bytes,    1980880 total
- age   7:       7192 bytes,    1988072 total
- age   8:       8608 bytes,    1996680 total
: 89923K->3416K(109248K), 0.0039050 secs] 112501K->26001K(502464K), 0.0040161 secs] [Times: user=0.05 sys=0.00, real=0.00 secs] 
Heap after GC invocations=190 (full 2):
 par new generation   total 109248K, used 3416K [0x00000000e0000000, 0x00000000e8000000, 0x00000000e8000000)
  eden space 87424K,   0% used [0x00000000e0000000, 0x00000000e0000000, 0x00000000e5560000)
  from space 21824K,  15% used [0x00000000e5560000, 0x00000000e58b62a0, 0x00000000e6ab0000)
  to   space 21824K,   0% used [0x00000000e6ab0000, 0x00000000e6ab0000, 0x00000000e8000000)
 concurrent mark-sweep generation total 393216K, used 22585K [0x00000000e8000000, 0x0000000100000000, 0x0000000100000000)
 Metaspace       used 39893K, capacity 40882K, committed 41036K, reserved 1085440K
  class space    used 4576K, capacity 4833K, committed 4940K, reserved 1048576K
}
2017-10-31T06:56:48.449-0700: 8412.680: Total time for which application threads were stopped: 0.0043547 seconds, Stopping threads took: 0.0000312 seconds
2017-10-31T06:56:50.203-0700: 8414.433: Total time for which application threads were stopped: 0.0002716 seconds, Stopping threads took: 0.0000420 seconds
{Heap before GC invocations=190 (full 2):
 par new generation   total 109248K, used 90739K [0x00000000e0000000, 0x00000000e8000000, 0x00000000e8000000)
  eden space 87424K,  99% used [0x00000000e0000000, 0x00000000e5546d10, 0x00000000e5560000)
  from space 21824K,  15% used [0x00000000e5560000, 0x00000000e58b62a0, 0x00000000e6ab0000)
  to   space 21824K,   0% used [0x00000000e6ab0000, 0x00000000e6ab0000, 0x00000000e8000000)
 concurrent mark-sweep generation total 393216K, used 22585K [0x00000000e8000000, 0x0000000100000000, 0x0000000100000000)
 Metaspace       used 39899K, capacity 40882K, committed 41036K, reserved 1085440K
  class space    used 4576K, capacity 4833K, committed 4940K, reserved 1048576K
2017-10-31T06:56:53.922-0700: 8418.153: [GC (Allocation Failure) 2017-10-31T06:56:53.922-0700: 8418.153: [ParNew
Desired survivor size 20112992 bytes, new threshold 8 (max 8)
- age   1:    2196968 bytes,    2196968 total
- age   2:       8616 bytes,    2205584 total
- age   3:       7592 bytes,    2213176 total
- age   4:       7488 bytes,    2220664 total
- age   5:       6432 bytes,    2227096 total
- age   6:       6192 bytes,    2233288 total
- age   7:       7712 bytes,    2241000 total
- age   8:       7192 bytes,    2248192 total
: 90739K->2437K(109248K), 0.0043398 secs] 113325K->25030K(502464K), 0.0044116 secs] [Times: user=0.00 sys=0.00, real=0.00 secs] 
Heap after GC invocations=191 (full 2):
 par new generation   total 109248K, used 2437K [0x00000000e0000000, 0x00000000e8000000, 0x00000000e8000000)
  eden space 87424K,   0% used [0x00000000e0000000, 0x00000000e0000000, 0x00000000e5560000)
  from space 21824K,  11% used [0x00000000e6ab0000, 0x00000000e6d11430, 0x00000000e8000000)
  to   space 21824K,   0% used [0x00000000e5560000, 0x00000000e5560000, 0x00000000e6ab0000)
 concurrent mark-sweep generation total 393216K, used 22593K [0x00000000e8000000, 0x0000000100000000, 0x0000000100000000)
 Metaspace       used 39899K, capacity 40882K, committed 41036K, reserved 1085440K
  class space    used 4576K, capacity 4833K, committed 4940K, reserved 1048576K
}
2017-10-31T06:56:53.926-0700: 8418.157: Total time for which application threads were stopped: 0.0046635 seconds, Stopping threads took: 0.0000244 seconds
2017-10-31T06:56:55.092-0700: 8419.322: Total time for which application threads were stopped: 0.0005757 seconds, Stopping threads took: 0.0001097 seconds
{Heap before GC invocations=191 (full 2):
 par new generation   total 109248K, used 89861K [0x00000000e0000000, 0x00000000e8000000, 0x00000000e8000000)
  eden space 87424K, 100% used [0x00000000e0000000, 0x00000000e5560000, 0x00000000e5560000)
  from space 21824K,  11% used [0x00000000e6ab0000, 0x00000000e6d11430, 0x00000000e8000000)
  to   space 21824K,   0% used [0x00000000e5560000, 0x00000000e5560000, 0x00000000e6ab0000)
 concurrent mark-sweep generation total 393216K, used 22593K [0x00000000e8000000, 0x0000000100000000, 0x0000000100000000)
 Metaspace       used 39899K, capacity 40882K, committed 41036K, reserved 1085440K
  class space    used 4576K, capacity 4833K, committed 4940K, reserved 1048576K
2017-10-31T06:56:57.248-0700: 8421.479: [GC (Allocation Failure) 2017-10-31T06:56:57.248-0700: 8421.479: [ParNew
Desired survivor size 20112992 bytes, new threshold 8 (max 8)
- age   1:    1949376 bytes,    1949376 total
- age   2:      76368 bytes,    2025744 total
- age   3:       7704 bytes,    2033448 total
- age   4:       7488 bytes,    2040936 total
- age   5:       6912 bytes,    2047848 total
- age   6:       6432 bytes,    2054280 total
- age   7:       6192 bytes,    2060472 total
- age   8:       7712 bytes,    2068184 total
: 89861K->2502K(109248K), 0.0100876 secs] 112454K->25103K(502464K), 0.0102569 secs] [Times: user=0.00 sys=0.00, real=0.01 secs] 
Heap after GC invocations=192 (full 2):
 par new generation   total 109248K, used 2502K [0x00000000e0000000, 0x00000000e8000000, 0x00000000e8000000)
  eden space 87424K,   0% used [0x00000000e0000000, 0x00000000e0000000, 0x00000000e5560000)
  from space 21824K,  11% used [0x00000000e5560000, 0x00000000e57d19c0, 0x00000000e6ab0000)
  to   space 21824K,   0% used [0x00000000e6ab0000, 0x00000000e6ab0000, 0x00000000e8000000)
 concurrent mark-sweep generation total 393216K, used 22600K [0x00000000e8000000, 0x0000000100000000, 0x0000000100000000)
 Metaspace       used 39899K, capacity 40882K, committed 41036K, reserved 1085440K
  class space    used 4576K, capacity 4833K, committed 4940K, reserved 1048576K
}
2017-10-31T06:56:57.258-0700: 8421.490: Total time for which application threads were stopped: 0.0107737 seconds, Stopping threads took: 0.0000454 seconds
2017-10-31T06:56:58.067-0700: 8422.298: Total time for which application threads were stopped: 0.0004226 seconds, Stopping threads took: 0.0000928 seconds
{Heap before GC invocations=192 (full 2):
 par new generation   total 109248K, used 89580K [0x00000000e0000000, 0x00000000e8000000, 0x00000000e8000000)
  eden space 87424K,  99% used [0x00000000e0000000, 0x00000000e5509950, 0x00000000e5560000)
  from space 21824K,  11% used [0x00000000e5560000, 0x00000000e57d19c0, 0x00000000e6ab0000)
  to   space 21824K,   0% used [0x00000000e6ab0000, 0x00000000e6ab0000, 0x00000000e8000000)
 concurrent mark-sweep generation total 393216K, used 22600K [0x00000000e8000000, 0x0000000100000000, 0x0000000100000000)
 Metaspace       used 39899K, capacity 40882K, committed 41036K, reserved 1085440K
  class space    used 4576K, capacity 4833K, committed 4940K, reserved 1048576K
2017-10-31T06:57:00.711-0700: 8424.942: [GC (Allocation Failure) 2017-10-31T06:57:00.711-0700: 8424.942: [ParNew
Desired survivor size 20112992 bytes, new threshold 8 (max 8)
- age   1:    2380184 bytes,    2380184 total
- age   2:       9736 bytes,    2389920 total
- age   3:       8376 bytes,    2398296 total
- age   4:       7656 bytes,    2405952 total
- age   5:       6768 bytes,    2412720 total
- age   6:       6912 bytes,    2419632 total
- age   7:       6432 bytes,    2426064 total
- age   8:       6192 bytes,    2432256 total
: 89580K->2849K(109248K), 0.0103971 secs] 112181K->25457K(502464K), 0.0105522 secs] [Times: user=0.05 sys=0.00, real=0.01 secs] 
Heap after GC invocations=193 (full 2):
 par new generation   total 109248K, used 2849K [0x00000000e0000000, 0x00000000e8000000, 0x00000000e8000000)
  eden space 87424K,   0% used [0x00000000e0000000, 0x00000000e0000000, 0x00000000e5560000)
  from space 21824K,  13% used [0x00000000e6ab0000, 0x00000000e6d78720, 0x00000000e8000000)
  to   space 21824K,   0% used [0x00000000e5560000, 0x00000000e5560000, 0x00000000e6ab0000)
 concurrent mark-sweep generation total 393216K, used 22608K [0x00000000e8000000, 0x0000000100000000, 0x0000000100000000)
 Metaspace       used 39899K, capacity 40882K, committed 41036K, reserved 1085440K
  class space    used 4576K, capacity 4833K, committed 4940K, reserved 1048576K
}
2017-10-31T06:57:00.722-0700: 8424.952: Total time for which application threads were stopped: 0.0110784 seconds, Stopping threads took: 0.0000440 seconds
2017-10-31T06:57:01.030-0700: 8425.261: Total time for which application threads were stopped: 0.0003061 seconds, Stopping threads took: 0.0000481 seconds
2017-10-31T06:57:03.996-0700: 8428.227: Total time for which application threads were stopped: 0.0007849 seconds, Stopping threads took: 0.0005730 seconds
{Heap before GC invocations=193 (full 2):
 par new generation   total 109248K, used 89763K [0x00000000e0000000, 0x00000000e8000000, 0x00000000e8000000)
  eden space 87424K,  99% used [0x00000000e0000000, 0x00000000e54e0600, 0x00000000e5560000)
  from space 21824K,  13% used [0x00000000e6ab0000, 0x00000000e6d78720, 0x00000000e8000000)
  to   space 21824K,   0% used [0x00000000e5560000, 0x00000000e5560000, 0x00000000e6ab0000)
 concurrent mark-sweep generation total 393216K, used 22608K [0x00000000e8000000, 0x0000000100000000, 0x0000000100000000)
 Metaspace       used 39899K, capacity 40882K, committed 41036K, reserved 1085440K
  class space    used 4576K, capacity 4833K, committed 4940K, reserved 1048576K
2017-10-31T06:57:04.061-0700: 8428.291: [GC (Allocation Failure) 2017-10-31T06:57:04.061-0700: 8428.291: [ParNew
Desired survivor size 20112992 bytes, new threshold 8 (max 8)
- age   1:    2677416 bytes,    2677416 total
- age   2:      76960 bytes,    2754376 total
- age   3:       8824 bytes,    2763200 total
- age   4:       8232 bytes,    2771432 total
- age   5:       6984 bytes,    2778416 total
- age   6:       6768 bytes,    2785184 total
- age   7:       6912 bytes,    2792096 total
- age   8:       6432 bytes,    2798528 total
: 89763K->4406K(109248K), 0.0060675 secs] 112371K->27020K(502464K), 0.0061833 secs] [Times: user=0.00 sys=0.00, real=0.01 secs] 
Heap after GC invocations=194 (full 2):
 par new generation   total 109248K, used 4406K [0x00000000e0000000, 0x00000000e8000000, 0x00000000e8000000)
  eden space 87424K,   0% used [0x00000000e0000000, 0x00000000e0000000, 0x00000000e5560000)
  from space 21824K,  20% used [0x00000000e5560000, 0x00000000e59ad8a0, 0x00000000e6ab0000)
  to   space 21824K,   0% used [0x00000000e6ab0000, 0x00000000e6ab0000, 0x00000000e8000000)
 concurrent mark-sweep generation total 393216K, used 22614K [0x00000000e8000000, 0x0000000100000000, 0x0000000100000000)
 Metaspace       used 39899K, capacity 40882K, committed 41036K, reserved 1085440K
  class space    used 4576K, capacity 4833K, committed 4940K, reserved 1048576K
}
2017-10-31T06:57:04.067-0700: 8428.298: Total time for which application threads were stopped: 0.0066154 seconds, Stopping threads took: 0.0000535 seconds
2017-10-31T06:57:07.069-0700: 8431.299: Total time for which application threads were stopped: 0.0001693 seconds, Stopping threads took: 0.0000359 seconds
2017-10-31T06:57:07.300-0700: 8431.531: Total time for which application threads were stopped: 0.0002404 seconds, Stopping threads took: 0.0000325 seconds
{Heap before GC invocations=194 (full 2):
 par new generation   total 109248K, used 91804K [0x00000000e0000000, 0x00000000e8000000, 0x00000000e8000000)
  eden space 87424K,  99% used [0x00000000e0000000, 0x00000000e5559820, 0x00000000e5560000)
  from space 21824K,  20% used [0x00000000e5560000, 0x00000000e59ad8a0, 0x00000000e6ab0000)
  to   space 21824K,   0% used [0x00000000e6ab0000, 0x00000000e6ab0000, 0x00000000e8000000)
 concurrent mark-sweep generation total 393216K, used 22614K [0x00000000e8000000, 0x0000000100000000, 0x0000000100000000)
 Metaspace       used 39899K, capacity 40882K, committed 41036K, reserved 1085440K
  class space    used 4576K, capacity 4833K, committed 4940K, reserved 1048576K
2017-10-31T06:57:07.353-0700: 8431.584: [GC (Allocation Failure) 2017-10-31T06:57:07.353-0700: 8431.584: [ParNew
Desired survivor size 20112992 bytes, new threshold 8 (max 8)
- age   1:    2720584 bytes,    2720584 total
- age   2:     378568 bytes,    3099152 total
- age   3:       8968 bytes,    3108120 total
- age   4:       8824 bytes,    3116944 total
- age   5:       7800 bytes,    3124744 total
- age   6:       6984 bytes,    3131728 total
- age   7:       6768 bytes,    3138496 total
- age   8:       6912 bytes,    3145408 total
: 91804K->3581K(109248K), 0.0047631 secs] 114418K->26202K(502464K), 0.0048593 secs] [Times: user=0.05 sys=0.00, real=0.01 secs] 
Heap after GC invocations=195 (full 2):
 par new generation   total 109248K, used 3581K [0x00000000e0000000, 0x00000000e8000000, 0x00000000e8000000)
  eden space 87424K,   0% used [0x00000000e0000000, 0x00000000e0000000, 0x00000000e5560000)
  from space 21824K,  16% used [0x00000000e6ab0000, 0x00000000e6e2f650, 0x00000000e8000000)
  to   space 21824K,   0% used [0x00000000e5560000, 0x00000000e5560000, 0x00000000e6ab0000)
 concurrent mark-sweep generation total 393216K, used 22620K [0x00000000e8000000, 0x0000000100000000, 0x0000000100000000)
 Metaspace       used 39899K, capacity 40882K, committed 41036K, reserved 1085440K
  class space    used 4576K, capacity 4833K, committed 4940K, reserved 1048576K
}
2017-10-31T06:57:07.358-0700: 8431.589: Total time for which application threads were stopped: 0.0051532 seconds, Stopping threads took: 0.0000271 seconds
2017-10-31T06:57:09.991-0700: 8434.221: Total time for which application threads were stopped: 0.0003034 seconds, Stopping threads took: 0.0000555 seconds
{Heap before GC invocations=195 (full 2):
 par new generation   total 109248K, used 90811K [0x00000000e0000000, 0x00000000e8000000, 0x00000000e8000000)
  eden space 87424K,  99% used [0x00000000e0000000, 0x00000000e552f818, 0x00000000e5560000)
  from space 21824K,  16% used [0x00000000e6ab0000, 0x00000000e6e2f650, 0x00000000e8000000)
  to   space 21824K,   0% used [0x00000000e5560000, 0x00000000e5560000, 0x00000000e6ab0000)
 concurrent mark-sweep generation total 393216K, used 22620K [0x00000000e8000000, 0x0000000100000000, 0x0000000100000000)
 Metaspace       used 39899K, capacity 40882K, committed 41036K, reserved 1085440K
  class space    used 4576K, capacity 4833K, committed 4940K, reserved 1048576K
2017-10-31T06:57:10.076-0700: 8434.306: [GC (Allocation Failure) 2017-10-31T06:57:10.076-0700: 8434.306: [ParNew
Desired survivor size 20112992 bytes, new threshold 8 (max 8)
- age   1:    2458040 bytes,    2458040 total
- age   2:     848128 bytes,    3306168 total
- age   3:       7728 bytes,    3313896 total
- age   4:       8968 bytes,    3322864 total
- age   5:       8608 bytes,    3331472 total
- age   6:       7584 bytes,    3339056 total
- age   7:       6984 bytes,    3346040 total
- age   8:       6768 bytes,    3352808 total
: 90811K->4784K(109248K), 0.0051302 secs] 113432K->27411K(502464K), 0.0052385 secs] [Times: user=0.00 sys=0.00, real=0.01 secs] 
Heap after GC invocations=196 (full 2):
 par new generation   total 109248K, used 4784K [0x00000000e0000000, 0x00000000e8000000, 0x00000000e8000000)
  eden space 87424K,   0% used [0x00000000e0000000, 0x00000000e0000000, 0x00000000e5560000)
  from space 21824K,  21% used [0x00000000e5560000, 0x00000000e5a0c1d0, 0x00000000e6ab0000)
  to   space 21824K,   0% used [0x00000000e6ab0000, 0x00000000e6ab0000, 0x00000000e8000000)
 concurrent mark-sweep generation total 393216K, used 22627K [0x00000000e8000000, 0x0000000100000000, 0x0000000100000000)
 Metaspace       used 39899K, capacity 40882K, committed 41036K, reserved 1085440K
  class space    used 4576K, capacity 4833K, committed 4940K, reserved 1048576K
}
2017-10-31T06:57:10.081-0700: 8434.312: Total time for which application threads were stopped: 0.0056259 seconds, Stopping threads took: 0.0000379 seconds
2017-10-31T06:57:12.758-0700: 8436.988: Total time for which application threads were stopped: 0.0003163 seconds, Stopping threads took: 0.0000610 seconds
{Heap before GC invocations=196 (full 2):
 par new generation   total 109248K, used 92208K [0x00000000e0000000, 0x00000000e8000000, 0x00000000e8000000)
  eden space 87424K, 100% used [0x00000000e0000000, 0x00000000e5560000, 0x00000000e5560000)
  from space 21824K,  21% used [0x00000000e5560000, 0x00000000e5a0c1d0, 0x00000000e6ab0000)
  to   space 21824K,   0% used [0x00000000e6ab0000, 0x00000000e6ab0000, 0x00000000e8000000)
 concurrent mark-sweep generation total 393216K, used 22627K [0x00000000e8000000, 0x0000000100000000, 0x0000000100000000)
 Metaspace       used 39900K, capacity 40882K, committed 41036K, reserved 1085440K
  class space    used 4576K, capacity 4833K, committed 4940K, reserved 1048576K
2017-10-31T06:57:13.270-0700: 8437.501: [GC (Allocation Failure) 2017-10-31T06:57:13.270-0700: 8437.501: [ParNew
Desired survivor size 20112992 bytes, new threshold 8 (max 8)
- age   1:    1838104 bytes,    1838104 total
- age   2:      79448 bytes,    1917552 total
- age   3:       7104 bytes,    1924656 total
- age   4:       7728 bytes,    1932384 total
- age   5:       8752 bytes,    1941136 total
- age   6:       8128 bytes,    1949264 total
- age   7:       7584 bytes,    1956848 total
- age   8:       6984 bytes,    1963832 total
: 92208K->3331K(109248K), 0.0041129 secs] 114835K->25965K(502464K), 0.0042111 secs] [Times: user=0.00 sys=0.00, real=0.00 secs] 
Heap after GC invocations=197 (full 2):
 par new generation   total 109248K, used 3331K [0x00000000e0000000, 0x00000000e8000000, 0x00000000e8000000)
  eden space 87424K,   0% used [0x00000000e0000000, 0x00000000e0000000, 0x00000000e5560000)
  from space 21824K,  15% used [0x00000000e6ab0000, 0x00000000e6df0d50, 0x00000000e8000000)
  to   space 21824K,   0% used [0x00000000e5560000, 0x00000000e5560000, 0x00000000e6ab0000)
 concurrent mark-sweep generation total 393216K, used 22633K [0x00000000e8000000, 0x0000000100000000, 0x0000000100000000)
 Metaspace       used 39900K, capacity 40882K, committed 41036K, reserved 1085440K
  class space    used 4576K, capacity 4833K, committed 4940K, reserved 1048576K
}
2017-10-31T06:57:13.274-0700: 8437.505: Total time for which application threads were stopped: 0.0045701 seconds, Stopping threads took: 0.0000569 seconds
2017-10-31T06:57:15.637-0700: 8439.868: Total time for which application threads were stopped: 0.0002066 seconds, Stopping threads took: 0.0000454 seconds
{Heap before GC invocations=197 (full 2):
 par new generation   total 109248K, used 90755K [0x00000000e0000000, 0x00000000e8000000, 0x00000000e8000000)
  eden space 87424K, 100% used [0x00000000e0000000, 0x00000000e5560000, 0x00000000e5560000)
  from space 21824K,  15% used [0x00000000e6ab0000, 0x00000000e6df0d50, 0x00000000e8000000)
  to   space 21824K,   0% used [0x00000000e5560000, 0x00000000e5560000, 0x00000000e6ab0000)
 concurrent mark-sweep generation total 393216K, used 22633K [0x00000000e8000000, 0x0000000100000000, 0x0000000100000000)
 Metaspace       used 39900K, capacity 40882K, committed 41036K, reserved 1085440K
  class space    used 4576K, capacity 4833K, committed 4940K, reserved 1048576K
2017-10-31T06:57:16.850-0700: 8441.081: [GC (Allocation Failure) 2017-10-31T06:57:16.850-0700: 8441.081: [ParNew
Desired survivor size 20112992 bytes, new threshold 8 (max 8)
- age   1:    1926816 bytes,    1926816 total
- age   2:      75864 bytes,    2002680 total
- age   3:       7344 bytes,    2010024 total
- age   4:       7104 bytes,    2017128 total
- age   5:       7584 bytes,    2024712 total
- age   6:       8176 bytes,    2032888 total
- age   7:       8104 bytes,    2040992 total
- age   8:       7584 bytes,    2048576 total
: 90755K->2635K(109248K), 0.0049805 secs] 113389K->25275K(502464K), 0.0050848 secs] [Times: user=0.05 sys=0.00, real=0.01 secs] 
Heap after GC invocations=198 (full 2):
 par new generation   total 109248K, used 2635K [0x00000000e0000000, 0x00000000e8000000, 0x00000000e8000000)
  eden space 87424K,   0% used [0x00000000e0000000, 0x00000000e0000000, 0x00000000e5560000)
  from space 21824K,  12% used [0x00000000e5560000, 0x00000000e57f2cd8, 0x00000000e6ab0000)
  to   space 21824K,   0% used [0x00000000e6ab0000, 0x00000000e6ab0000, 0x00000000e8000000)
 concurrent mark-sweep generation total 393216K, used 22640K [0x00000000e8000000, 0x0000000100000000, 0x0000000100000000)
 Metaspace       used 39900K, capacity 40882K, committed 41036K, reserved 1085440K
  class space    used 4576K, capacity 4833K, committed 4940K, reserved 1048576K
}
2017-10-31T06:57:16.855-0700: 8441.087: Total time for which application threads were stopped: 0.0055683 seconds, Stopping threads took: 0.0000305 seconds
2017-10-31T06:57:18.852-0700: 8443.083: Total time for which application threads were stopped: 0.0002377 seconds, Stopping threads took: 0.0000352 seconds
{Heap before GC invocations=198 (full 2):
 par new generation   total 109248K, used 89595K [0x00000000e0000000, 0x00000000e8000000, 0x00000000e8000000)
  eden space 87424K,  99% used [0x00000000e0000000, 0x00000000e54ec2f8, 0x00000000e5560000)
  from space 21824K,  12% used [0x00000000e5560000, 0x00000000e57f2cd8, 0x00000000e6ab0000)
  to   space 21824K,   0% used [0x00000000e6ab0000, 0x00000000e6ab0000, 0x00000000e8000000)
 concurrent mark-sweep generation total 393216K, used 22640K [0x00000000e8000000, 0x0000000100000000, 0x0000000100000000)
 Metaspace       used 39900K, capacity 40882K, committed 41036K, reserved 1085440K
  class space    used 4576K, capacity 4833K, committed 4940K, reserved 1048576K
2017-10-31T06:57:20.242-0700: 8444.473: [GC (Allocation Failure) 2017-10-31T06:57:20.242-0700: 8444.473: [ParNew
Desired survivor size 20112992 bytes, new threshold 8 (max 8)
- age   1:    2219272 bytes,    2219272 total
- age   2:       8376 bytes,    2227648 total
- age   3:       7872 bytes,    2235520 total
- age   4:       7344 bytes,    2242864 total
- age   5:       7032 bytes,    2249896 total
- age   6:       7008 bytes,    2256904 total
- age   7:       8176 bytes,    2265080 total
- age   8:       8104 bytes,    2273184 total
: 89595K->2545K(109248K), 0.0065714 secs] 112236K->25193K(502464K), 0.0066540 secs] [Times: user=0.06 sys=0.00, real=0.01 secs] 
Heap after GC invocations=199 (full 2):
 par new generation   total 109248K, used 2545K [0x00000000e0000000, 0x00000000e8000000, 0x00000000e8000000)
  eden space 87424K,   0% used [0x00000000e0000000, 0x00000000e0000000, 0x00000000e5560000)
  from space 21824K,  11% used [0x00000000e6ab0000, 0x00000000e6d2c790, 0x00000000e8000000)
  to   space 21824K,   0% used [0x00000000e5560000, 0x00000000e5560000, 0x00000000e6ab0000)
 concurrent mark-sweep generation total 393216K, used 22648K [0x00000000e8000000, 0x0000000100000000, 0x0000000100000000)
 Metaspace       used 39900K, capacity 40882K, committed 41036K, reserved 1085440K
  class space    used 4576K, capacity 4833K, committed 4940K, reserved 1048576K
}
2017-10-31T06:57:20.250-0700: 8444.480: Total time for which application threads were stopped: 0.0069113 seconds, Stopping threads took: 0.0000223 seconds
2017-10-31T06:57:21.792-0700: 8446.023: Total time for which application threads were stopped: 0.0004775 seconds, Stopping threads took: 0.0001294 seconds
{Heap before GC invocations=199 (full 2):
 par new generation   total 109248K, used 89916K [0x00000000e0000000, 0x00000000e8000000, 0x00000000e8000000)
  eden space 87424K,  99% used [0x00000000e0000000, 0x00000000e5552a20, 0x00000000e5560000)
  from space 21824K,  11% used [0x00000000e6ab0000, 0x00000000e6d2c790, 0x00000000e8000000)
  to   space 21824K,   0% used [0x00000000e5560000, 0x00000000e5560000, 0x00000000e6ab0000)
 concurrent mark-sweep generation total 393216K, used 22648K [0x00000000e8000000, 0x0000000100000000, 0x0000000100000000)
 Metaspace       used 39900K, capacity 40882K, committed 41036K, reserved 1085440K
  class space    used 4576K, capacity 4833K, committed 4940K, reserved 1048576K
2017-10-31T06:57:23.655-0700: 8447.885: [GC (Allocation Failure) 2017-10-31T06:57:23.655-0700: 8447.885: [ParNew
Desired survivor size 20112992 bytes, new threshold 8 (max 8)
- age   1:    2217312 bytes,    2217312 total
- age   2:      76552 bytes,    2293864 total
- age   3:       7464 bytes,    2301328 total
- age   4:       7872 bytes,    2309200 total
- age   5:       7128 bytes,    2316328 total
- age   6:       6456 bytes,    2322784 total
- age   7:       7008 bytes,    2329792 total
- age   8:       8176 bytes,    2337968 total
: 89916K->2676K(109248K), 0.0053963 secs] 112564K->25332K(502464K), 0.0054695 secs] [Times: user=0.00 sys=0.00, real=0.01 secs] 
Heap after GC invocations=200 (full 2):
 par new generation   total 109248K, used 2676K [0x00000000e0000000, 0x00000000e8000000, 0x00000000e8000000)
  eden space 87424K,   0% used [0x00000000e0000000, 0x00000000e0000000, 0x00000000e5560000)
  from space 21824K,  12% used [0x00000000e5560000, 0x00000000e57fd0a8, 0x00000000e6ab0000)
  to   space 21824K,   0% used [0x00000000e6ab0000, 0x00000000e6ab0000, 0x00000000e8000000)
 concurrent mark-sweep generation total 393216K, used 22655K [0x00000000e8000000, 0x0000000100000000, 0x0000000100000000)
 Metaspace       used 39900K, capacity 40882K, committed 41036K, reserved 1085440K
  class space    used 4576K, capacity 4833K, committed 4940K, reserved 1048576K
}
2017-10-31T06:57:23.660-0700: 8447.891: Total time for which application threads were stopped: 0.0057106 seconds, Stopping threads took: 0.0000210 seconds
2017-10-31T06:57:24.789-0700: 8449.019: Total time for which application threads were stopped: 0.0003454 seconds, Stopping threads took: 0.0000474 seconds
{Heap before GC invocations=200 (full 2):
 par new generation   total 109248K, used 89752K [0x00000000e0000000, 0x00000000e8000000, 0x00000000e8000000)
  eden space 87424K,  99% used [0x00000000e0000000, 0x00000000e5509240, 0x00000000e5560000)
  from space 21824K,  12% used [0x00000000e5560000, 0x00000000e57fd0a8, 0x00000000e6ab0000)
  to   space 21824K,   0% used [0x00000000e6ab0000, 0x00000000e6ab0000, 0x00000000e8000000)
 concurrent mark-sweep generation total 393216K, used 22655K [0x00000000e8000000, 0x0000000100000000, 0x0000000100000000)
 Metaspace       used 39900K, capacity 40882K, committed 41036K, reserved 1085440K
  class space    used 4576K, capacity 4833K, committed 4940K, reserved 1048576K
2017-10-31T06:57:27.961-0700: 8452.191: [GC (Allocation Failure) 2017-10-31T06:57:27.961-0700: 8452.191: [ParNew
Desired survivor size 20112992 bytes, new threshold 8 (max 8)
- age   1:    2360176 bytes,    2360176 total
- age   2:       8736 bytes,    2368912 total
- age   3:       8584 bytes,    2377496 total
- age   4:       7464 bytes,    2384960 total
- age   5:       7224 bytes,    2392184 total
- age   6:       6696 bytes,    2398880 total
- age   7:       6456 bytes,    2405336 total
- age   8:       7008 bytes,    2412344 total
: 89752K->3609K(109248K), 0.0043872 secs] 112408K->26273K(502464K), 0.0044766 secs] [Times: user=0.06 sys=0.00, real=0.00 secs] 
Heap after GC invocations=201 (full 2):
 par new generation   total 109248K, used 3609K [0x00000000e0000000, 0x00000000e8000000, 0x00000000e8000000)
  eden space 87424K,   0% used [0x00000000e0000000, 0x00000000e0000000, 0x00000000e5560000)
  from space 21824K,  16% used [0x00000000e6ab0000, 0x00000000e6e366d8, 0x00000000e8000000)
  to   space 21824K,   0% used [0x00000000e5560000, 0x00000000e5560000, 0x00000000e6ab0000)
 concurrent mark-sweep generation total 393216K, used 22663K [0x00000000e8000000, 0x0000000100000000, 0x0000000100000000)
 Metaspace       used 39900K, capacity 40882K, committed 41036K, reserved 1085440K
  class space    used 4576K, capacity 4833K, committed 4940K, reserved 1048576K
}
2017-10-31T06:57:27.965-0700: 8452.196: Total time for which application threads were stopped: 0.0047970 seconds, Stopping threads took: 0.0000332 seconds
2017-10-31T06:57:28.501-0700: 8452.732: Total time for which application threads were stopped: 0.0004348 seconds, Stopping threads took: 0.0000860 seconds
{Heap before GC invocations=201 (full 2):
 par new generation   total 109248K, used 90794K [0x00000000e0000000, 0x00000000e8000000, 0x00000000e8000000)
  eden space 87424K,  99% used [0x00000000e0000000, 0x00000000e55244c0, 0x00000000e5560000)
  from space 21824K,  16% used [0x00000000e6ab0000, 0x00000000e6e366d8, 0x00000000e8000000)
  to   space 21824K,   0% used [0x00000000e5560000, 0x00000000e5560000, 0x00000000e6ab0000)
 concurrent mark-sweep generation total 393216K, used 22663K [0x00000000e8000000, 0x0000000100000000, 0x0000000100000000)
 Metaspace       used 39906K, capacity 40882K, committed 41036K, reserved 1085440K
  class space    used 4576K, capacity 4833K, committed 4940K, reserved 1048576K
2017-10-31T06:57:31.076-0700: 8455.306: [GC (Allocation Failure) 2017-10-31T06:57:31.076-0700: 8455.306: [ParNew
Desired survivor size 20112992 bytes, new threshold 8 (max 8)
- age   1:    2211920 bytes,    2211920 total
- age   2:      78352 bytes,    2290272 total
- age   3:       7824 bytes,    2298096 total
- age   4:       8520 bytes,    2306616 total
- age   5:       6816 bytes,    2313432 total
- age   6:       7152 bytes,    2320584 total
- age   7:       6696 bytes,    2327280 total
- age   8:       6456 bytes,    2333736 total
: 90794K->2716K(109248K), 0.0042416 secs] 113458K->25387K(502464K), 0.0043385 secs] [Times: user=0.00 sys=0.00, real=0.00 secs] 
Heap after GC invocations=202 (full 2):
 par new generation   total 109248K, used 2716K [0x00000000e0000000, 0x00000000e8000000, 0x00000000e8000000)
  eden space 87424K,   0% used [0x00000000e0000000, 0x00000000e0000000, 0x00000000e5560000)
  from space 21824K,  12% used [0x00000000e5560000, 0x00000000e5807330, 0x00000000e6ab0000)
  to   space 21824K,   0% used [0x00000000e6ab0000, 0x00000000e6ab0000, 0x00000000e8000000)
 concurrent mark-sweep generation total 393216K, used 22670K [0x00000000e8000000, 0x0000000100000000, 0x0000000100000000)
 Metaspace       used 39906K, capacity 40882K, committed 41036K, reserved 1085440K
  class space    used 4576K, capacity 4833K, committed 4940K, reserved 1048576K
}
2017-10-31T06:57:31.080-0700: 8455.310: Total time for which application threads were stopped: 0.0046635 seconds, Stopping threads took: 0.0000278 seconds
2017-10-31T06:57:31.342-0700: 8455.572: Total time for which application threads were stopped: 0.0003291 seconds, Stopping threads took: 0.0001212 seconds
2017-10-31T06:57:34.415-0700: 8458.646: Total time for which application threads were stopped: 0.0001978 seconds, Stopping threads took: 0.0000305 seconds
{Heap before GC invocations=202 (full 2):
 par new generation   total 109248K, used 89832K [0x00000000e0000000, 0x00000000e8000000, 0x00000000e8000000)
  eden space 87424K,  99% used [0x00000000e0000000, 0x00000000e5512d80, 0x00000000e5560000)
  from space 21824K,  12% used [0x00000000e5560000, 0x00000000e5807330, 0x00000000e6ab0000)
  to   space 21824K,   0% used [0x00000000e6ab0000, 0x00000000e6ab0000, 0x00000000e8000000)
 concurrent mark-sweep generation total 393216K, used 22670K [0x00000000e8000000, 0x0000000100000000, 0x0000000100000000)
 Metaspace       used 39908K, capacity 40882K, committed 41036K, reserved 1085440K
  class space    used 4576K, capacity 4833K, committed 4940K, reserved 1048576K
2017-10-31T06:57:34.444-0700: 8458.674: [GC (Allocation Failure) 2017-10-31T06:57:34.444-0700: 8458.674: [ParNew
Desired survivor size 20112992 bytes, new threshold 8 (max 8)
- age   1:    2882512 bytes,    2882512 total
- age   2:      77344 bytes,    2959856 total
- age   3:      10360 bytes,    2970216 total
- age   4:       7848 bytes,    2978064 total
- age   5:       7944 bytes,    2986008 total
- age   6:       6744 bytes,    2992752 total
- age   7:       7152 bytes,    2999904 total
- age   8:       6696 bytes,    3006600 total
: 89832K->3793K(109248K), 0.0046175 secs] 112502K->26471K(502464K), 0.0047001 secs] [Times: user=0.05 sys=0.00, real=0.00 secs] 
Heap after GC invocations=203 (full 2):
 par new generation   total 109248K, used 3793K [0x00000000e0000000, 0x00000000e8000000, 0x00000000e8000000)
  eden space 87424K,   0% used [0x00000000e0000000, 0x00000000e0000000, 0x00000000e5560000)
  from space 21824K,  17% used [0x00000000e6ab0000, 0x00000000e6e647b0, 0x00000000e8000000)
  to   space 21824K,   0% used [0x00000000e5560000, 0x00000000e5560000, 0x00000000e6ab0000)
 concurrent mark-sweep generation total 393216K, used 22677K [0x00000000e8000000, 0x0000000100000000, 0x0000000100000000)
 Metaspace       used 39908K, capacity 40882K, committed 41036K, reserved 1085440K
  class space    used 4576K, capacity 4833K, committed 4940K, reserved 1048576K
}
2017-10-31T06:57:34.449-0700: 8458.679: Total time for which application threads were stopped: 0.0050394 seconds, Stopping threads took: 0.0000508 seconds
2017-10-31T06:57:37.667-0700: 8461.898: Total time for which application threads were stopped: 0.0002601 seconds, Stopping threads took: 0.0000366 seconds
{Heap before GC invocations=203 (full 2):
 par new generation   total 109248K, used 91217K [0x00000000e0000000, 0x00000000e8000000, 0x00000000e8000000)
  eden space 87424K, 100% used [0x00000000e0000000, 0x00000000e5560000, 0x00000000e5560000)
  from space 21824K,  17% used [0x00000000e6ab0000, 0x00000000e6e647b0, 0x00000000e8000000)
  to   space 21824K,   0% used [0x00000000e5560000, 0x00000000e5560000, 0x00000000e6ab0000)
 concurrent mark-sweep generation total 393216K, used 22677K [0x00000000e8000000, 0x0000000100000000, 0x0000000100000000)
 Metaspace       used 39908K, capacity 40882K, committed 41036K, reserved 1085440K
  class space    used 4576K, capacity 4833K, committed 4940K, reserved 1048576K
2017-10-31T06:57:37.717-0700: 8461.948: [GC (Allocation Failure) 2017-10-31T06:57:37.717-0700: 8461.948: [ParNew
Desired survivor size 20112992 bytes, new threshold 8 (max 8)
- age   1:    2578560 bytes,    2578560 total
- age   2:     554200 bytes,    3132760 total
- age   3:       9352 bytes,    3142112 total
- age   4:      10360 bytes,    3152472 total
- age   5:       7392 bytes,    3159864 total
- age   6:       7728 bytes,    3167592 total
- age   7:       6744 bytes,    3174336 total
- age   8:       7152 bytes,    3181488 total
: 91217K->3855K(109248K), 0.0047313 secs] 113895K->26538K(502464K), 0.0048193 secs] [Times: user=0.00 sys=0.00, real=0.00 secs] 
Heap after GC invocations=204 (full 2):
 par new generation   total 109248K, used 3855K [0x00000000e0000000, 0x00000000e8000000, 0x00000000e8000000)
  eden space 87424K,   0% used [0x00000000e0000000, 0x00000000e0000000, 0x00000000e5560000)
  from space 21824K,  17% used [0x00000000e5560000, 0x00000000e5923d50, 0x00000000e6ab0000)
  to   space 21824K,   0% used [0x00000000e6ab0000, 0x00000000e6ab0000, 0x00000000e8000000)
 concurrent mark-sweep generation total 393216K, used 22683K [0x00000000e8000000, 0x0000000100000000, 0x0000000100000000)
 Metaspace       used 39908K, capacity 40882K, committed 41036K, reserved 1085440K
  class space    used 4576K, capacity 4833K, committed 4940K, reserved 1048576K
}
2017-10-31T06:57:37.722-0700: 8461.953: Total time for which application threads were stopped: 0.0051484 seconds, Stopping threads took: 0.0000339 seconds
2017-10-31T06:57:40.616-0700: 8464.847: Total time for which application threads were stopped: 0.0004836 seconds, Stopping threads took: 0.0000515 seconds
{Heap before GC invocations=204 (full 2):
 par new generation   total 109248K, used 90935K [0x00000000e0000000, 0x00000000e8000000, 0x00000000e8000000)
  eden space 87424K,  99% used [0x00000000e0000000, 0x00000000e5509ef8, 0x00000000e5560000)
  from space 21824K,  17% used [0x00000000e5560000, 0x00000000e5923d50, 0x00000000e6ab0000)
  to   space 21824K,   0% used [0x00000000e6ab0000, 0x00000000e6ab0000, 0x00000000e8000000)
 concurrent mark-sweep generation total 393216K, used 22683K [0x00000000e8000000, 0x0000000100000000, 0x0000000100000000)
 Metaspace       used 39908K, capacity 40882K, committed 41036K, reserved 1085440K
  class space    used 4576K, capacity 4833K, committed 4940K, reserved 1048576K
2017-10-31T06:57:40.686-0700: 8464.917: [GC (Allocation Failure) 2017-10-31T06:57:40.686-0700: 8464.917: [ParNew
Desired survivor size 20112992 bytes, new threshold 8 (max 8)
- age   1:    2410200 bytes,    2410200 total
- age   2:     904200 bytes,    3314400 total
- age   3:       9304 bytes,    3323704 total
- age   4:       9352 bytes,    3333056 total
- age   5:      10000 bytes,    3343056 total
- age   6:       7104 bytes,    3350160 total
- age   7:       7728 bytes,    3357888 total
- age   8:       6744 bytes,    3364632 total
: 90935K->3844K(109248K), 0.0043771 secs] 113618K->26535K(502464K), 0.0044875 secs] [Times: user=0.00 sys=0.00, real=0.00 secs] 
Heap after GC invocations=205 (full 2):
 par new generation   total 109248K, used 3844K [0x00000000e0000000, 0x00000000e8000000, 0x00000000e8000000)
  eden space 87424K,   0% used [0x00000000e0000000, 0x00000000e0000000, 0x00000000e5560000)
  from space 21824K,  17% used [0x00000000e6ab0000, 0x00000000e6e71250, 0x00000000e8000000)
  to   space 21824K,   0% used [0x00000000e5560000, 0x00000000e5560000, 0x00000000e6ab0000)
 concurrent mark-sweep generation total 393216K, used 22690K [0x00000000e8000000, 0x0000000100000000, 0x0000000100000000)
 Metaspace       used 39908K, capacity 40882K, committed 41036K, reserved 1085440K
  class space    used 4576K, capacity 4833K, committed 4940K, reserved 1048576K
}
2017-10-31T06:57:40.691-0700: 8464.921: Total time for which application threads were stopped: 0.0048511 seconds, Stopping threads took: 0.0000345 seconds
2017-10-31T07:07:12.583-0700: 9036.813: Total time for which application threads were stopped: 0.0002533 seconds, Stopping threads took: 0.0000379 seconds
{Heap before GC invocations=205 (full 2):
 par new generation   total 109248K, used 90872K [0x00000000e0000000, 0x00000000e8000000, 0x00000000e8000000)
  eden space 87424K,  99% used [0x00000000e0000000, 0x00000000e54fcf48, 0x00000000e5560000)
  from space 21824K,  17% used [0x00000000e6ab0000, 0x00000000e6e71250, 0x00000000e8000000)
  to   space 21824K,   0% used [0x00000000e5560000, 0x00000000e5560000, 0x00000000e6ab0000)
 concurrent mark-sweep generation total 393216K, used 22690K [0x00000000e8000000, 0x0000000100000000, 0x0000000100000000)
 Metaspace       used 39908K, capacity 40882K, committed 41036K, reserved 1085440K
  class space    used 4576K, capacity 4833K, committed 4940K, reserved 1048576K
2017-10-31T07:07:12.909-0700: 9037.139: [GC (Allocation Failure) 2017-10-31T07:07:12.909-0700: 9037.139: [ParNew
Desired survivor size 20112992 bytes, new threshold 8 (max 8)
- age   1:    2030464 bytes,    2030464 total
- age   2:      78336 bytes,    2108800 total
- age   3:       8448 bytes,    2117248 total
- age   4:       8584 bytes,    2125832 total
- age   5:       8632 bytes,    2134464 total
- age   6:       8064 bytes,    2142528 total
- age   7:       7104 bytes,    2149632 total
- age   8:       7728 bytes,    2157360 total
: 90872K->3012K(109248K), 0.0096637 secs] 113563K->25710K(502464K), 0.0097971 secs] [Times: user=0.02 sys=0.00, real=0.01 secs] 
Heap after GC invocations=206 (full 2):
 par new generation   total 109248K, used 3012K [0x00000000e0000000, 0x00000000e8000000, 0x00000000e8000000)
  eden space 87424K,   0% used [0x00000000e0000000, 0x00000000e0000000, 0x00000000e5560000)
  from space 21824K,  13% used [0x00000000e5560000, 0x00000000e5851388, 0x00000000e6ab0000)
  to   space 21824K,   0% used [0x00000000e6ab0000, 0x00000000e6ab0000, 0x00000000e8000000)
 concurrent mark-sweep generation total 393216K, used 22697K [0x00000000e8000000, 0x0000000100000000, 0x0000000100000000)
 Metaspace       used 39908K, capacity 40882K, committed 41036K, reserved 1085440K
  class space    used 4576K, capacity 4833K, committed 4940K, reserved 1048576K
}
2017-10-31T07:07:12.919-0700: 9037.149: Total time for which application threads were stopped: 0.0102204 seconds, Stopping threads took: 0.0000339 seconds
2017-10-31T07:07:14.920-0700: 9039.150: Total time for which application threads were stopped: 0.0001409 seconds, Stopping threads took: 0.0000278 seconds
2017-10-31T07:07:15.177-0700: 9039.408: Total time for which application threads were stopped: 0.0004856 seconds, Stopping threads took: 0.0000339 seconds
2017-10-31T07:07:15.454-0700: 9039.684: Total time for which application threads were stopped: 0.0004030 seconds, Stopping threads took: 0.0000643 seconds
{Heap before GC invocations=206 (full 2):
 par new generation   total 109248K, used 90436K [0x00000000e0000000, 0x00000000e8000000, 0x00000000e8000000)
  eden space 87424K, 100% used [0x00000000e0000000, 0x00000000e5560000, 0x00000000e5560000)
  from space 21824K,  13% used [0x00000000e5560000, 0x00000000e5851388, 0x00000000e6ab0000)
  to   space 21824K,   0% used [0x00000000e6ab0000, 0x00000000e6ab0000, 0x00000000e8000000)
 concurrent mark-sweep generation total 393216K, used 22697K [0x00000000e8000000, 0x0000000100000000, 0x0000000100000000)
 Metaspace       used 39908K, capacity 40882K, committed 41036K, reserved 1085440K
  class space    used 4576K, capacity 4833K, committed 4940K, reserved 1048576K
2017-10-31T07:07:16.492-0700: 9040.723: [GC (Allocation Failure) 2017-10-31T07:07:16.492-0700: 9040.723: [ParNew
Desired survivor size 20112992 bytes, new threshold 8 (max 8)
- age   1:    1858640 bytes,    1858640 total
- age   2:      89368 bytes,    1948008 total
- age   3:       6000 bytes,    1954008 total
- age   4:       8448 bytes,    1962456 total
- age   5:       8584 bytes,    1971040 total
- age   6:       8632 bytes,    1979672 total
- age   7:       8064 bytes,    1987736 total
- age   8:       7104 bytes,    1994840 total
: 90436K->3159K(109248K), 0.0044035 secs] 113134K->25864K(502464K), 0.0044949 secs] [Times: user=0.05 sys=0.00, real=0.00 secs] 
Heap after GC invocations=207 (full 2):
 par new generation   total 109248K, used 3159K [0x00000000e0000000, 0x00000000e8000000, 0x00000000e8000000)
  eden space 87424K,   0% used [0x00000000e0000000, 0x00000000e0000000, 0x00000000e5560000)
  from space 21824K,  14% used [0x00000000e6ab0000, 0x00000000e6dc5ef0, 0x00000000e8000000)
  to   space 21824K,   0% used [0x00000000e5560000, 0x00000000e5560000, 0x00000000e6ab0000)
 concurrent mark-sweep generation total 393216K, used 22704K [0x00000000e8000000, 0x0000000100000000, 0x0000000100000000)
 Metaspace       used 39908K, capacity 40882K, committed 41036K, reserved 1085440K
  class space    used 4576K, capacity 4833K, committed 4940K, reserved 1048576K
}
2017-10-31T07:07:16.496-0700: 9040.728: Total time for which application threads were stopped: 0.0048010 seconds, Stopping threads took: 0.0000372 seconds
2017-10-31T07:07:18.271-0700: 9042.502: Total time for which application threads were stopped: 0.0002594 seconds, Stopping threads took: 0.0000454 seconds
{Heap before GC invocations=207 (full 2):
 par new generation   total 109248K, used 90583K [0x00000000e0000000, 0x00000000e8000000, 0x00000000e8000000)
  eden space 87424K, 100% used [0x00000000e0000000, 0x00000000e5560000, 0x00000000e5560000)
  from space 21824K,  14% used [0x00000000e6ab0000, 0x00000000e6dc5ef0, 0x00000000e8000000)
  to   space 21824K,   0% used [0x00000000e5560000, 0x00000000e5560000, 0x00000000e6ab0000)
 concurrent mark-sweep generation total 393216K, used 22704K [0x00000000e8000000, 0x0000000100000000, 0x0000000100000000)
 Metaspace       used 39909K, capacity 40882K, committed 41036K, reserved 1085440K
  class space    used 4576K, capacity 4833K, committed 4940K, reserved 1048576K
2017-10-31T07:08:48.772-0700: 9133.002: [GC (Allocation Failure) 2017-10-31T07:08:48.772-0700: 9133.002: [ParNew
Desired survivor size 20112992 bytes, new threshold 8 (max 8)
- age   1:    1900208 bytes,    1900208 total
- age   2:      84504 bytes,    1984712 total
- age   3:       8112 bytes,    1992824 total
- age   4:       6000 bytes,    1998824 total
- age   5:       8448 bytes,    2007272 total
- age   6:       8584 bytes,    2015856 total
- age   7:       8632 bytes,    2024488 total
- age   8:       8064 bytes,    2032552 total
: 90583K->2217K(109248K), 0.0043019 secs] 113288K->24929K(502464K), 0.0043879 secs] [Times: user=0.00 sys=0.00, real=0.00 secs] 
Heap after GC invocations=208 (full 2):
 par new generation   total 109248K, used 2217K [0x00000000e0000000, 0x00000000e8000000, 0x00000000e8000000)
  eden space 87424K,   0% used [0x00000000e0000000, 0x00000000e0000000, 0x00000000e5560000)
  from space 21824K,  10% used [0x00000000e5560000, 0x00000000e578a690, 0x00000000e6ab0000)
  to   space 21824K,   0% used [0x00000000e6ab0000, 0x00000000e6ab0000, 0x00000000e8000000)
 concurrent mark-sweep generation total 393216K, used 22711K [0x00000000e8000000, 0x0000000100000000, 0x0000000100000000)
 Metaspace       used 39909K, capacity 40882K, committed 41036K, reserved 1085440K
  class space    used 4576K, capacity 4833K, committed 4940K, reserved 1048576K
}
2017-10-31T07:08:48.776-0700: 9133.006: Total time for which application threads were stopped: 0.0046459 seconds, Stopping threads took: 0.0000223 seconds
2017-10-31T07:08:50.127-0700: 9134.358: Total time for which application threads were stopped: 0.0003048 seconds, Stopping threads took: 0.0000420 seconds
{Heap before GC invocations=208 (full 2):
 par new generation   total 109248K, used 89562K [0x00000000e0000000, 0x00000000e8000000, 0x00000000e8000000)
  eden space 87424K,  99% used [0x00000000e0000000, 0x00000000e554c368, 0x00000000e5560000)
  from space 21824K,  10% used [0x00000000e5560000, 0x00000000e578a690, 0x00000000e6ab0000)
  to   space 21824K,   0% used [0x00000000e6ab0000, 0x00000000e6ab0000, 0x00000000e8000000)
 concurrent mark-sweep generation total 393216K, used 22711K [0x00000000e8000000, 0x0000000100000000, 0x0000000100000000)
 Metaspace       used 39909K, capacity 40882K, committed 41036K, reserved 1085440K
  class space    used 4576K, capacity 4833K, committed 4940K, reserved 1048576K
2017-10-31T07:08:51.836-0700: 9136.067: [GC (Allocation Failure) 2017-10-31T07:08:51.836-0700: 9136.067: [ParNew
Desired survivor size 20112992 bytes, new threshold 8 (max 8)
- age   1:    2311824 bytes,    2311824 total
- age   2:      23256 bytes,    2335080 total
- age   3:      16512 bytes,    2351592 total
- age   4:       7256 bytes,    2358848 total
- age   5:       6000 bytes,    2364848 total
- age   6:       8448 bytes,    2373296 total
- age   7:       8584 bytes,    2381880 total
- age   8:       8632 bytes,    2390512 total
: 89562K->3090K(109248K), 0.0074376 secs] 112274K->25809K(502464K), 0.0075710 secs] [Times: user=0.06 sys=0.00, real=0.01 secs] 
Heap after GC invocations=209 (full 2):
 par new generation   total 109248K, used 3090K [0x00000000e0000000, 0x00000000e8000000, 0x00000000e8000000)
  eden space 87424K,   0% used [0x00000000e0000000, 0x00000000e0000000, 0x00000000e5560000)
  from space 21824K,  14% used [0x00000000e6ab0000, 0x00000000e6db4928, 0x00000000e8000000)
  to   space 21824K,   0% used [0x00000000e5560000, 0x00000000e5560000, 0x00000000e6ab0000)
 concurrent mark-sweep generation total 393216K, used 22719K [0x00000000e8000000, 0x0000000100000000, 0x0000000100000000)
 Metaspace       used 39909K, capacity 40882K, committed 41036K, reserved 1085440K
  class space    used 4576K, capacity 4833K, committed 4940K, reserved 1048576K
}
2017-10-31T07:08:51.844-0700: 9136.075: Total time for which application threads were stopped: 0.0080281 seconds, Stopping threads took: 0.0000372 seconds
2017-10-31T07:08:52.883-0700: 9137.114: Total time for which application threads were stopped: 0.0002587 seconds, Stopping threads took: 0.0000359 seconds
2017-10-31T07:08:53.883-0700: 9138.114: Total time for which application threads were stopped: 0.0002276 seconds, Stopping threads took: 0.0000359 seconds
{Heap before GC invocations=209 (full 2):
 par new generation   total 109248K, used 90042K [0x00000000e0000000, 0x00000000e8000000, 0x00000000e8000000)
  eden space 87424K,  99% used [0x00000000e0000000, 0x00000000e54ea2a0, 0x00000000e5560000)
  from space 21824K,  14% used [0x00000000e6ab0000, 0x00000000e6db4928, 0x00000000e8000000)
  to   space 21824K,   0% used [0x00000000e5560000, 0x00000000e5560000, 0x00000000e6ab0000)
 concurrent mark-sweep generation total 393216K, used 22719K [0x00000000e8000000, 0x0000000100000000, 0x0000000100000000)
 Metaspace       used 39910K, capacity 40882K, committed 41036K, reserved 1085440K
  class space    used 4576K, capacity 4833K, committed 4940K, reserved 1048576K
2017-10-31T07:08:54.800-0700: 9139.030: [GC (Allocation Failure) 2017-10-31T07:08:54.800-0700: 9139.030: [ParNew
Desired survivor size 20112992 bytes, new threshold 8 (max 8)
- age   1:    2257024 bytes,    2257024 total
- age   2:      76608 bytes,    2333632 total
- age   3:      22344 bytes,    2355976 total
- age   4:      16512 bytes,    2372488 total
- age   5:       7256 bytes,    2379744 total
- age   6:       6000 bytes,    2385744 total
- age   7:       8448 bytes,    2394192 total
- age   8:       8584 bytes,    2402776 total
: 90042K->2814K(109248K), 0.0064549 secs] 112762K->25542K(502464K), 0.0065327 secs] [Times: user=0.00 sys=0.00, real=0.01 secs] 
Heap after GC invocations=210 (full 2):
 par new generation   total 109248K, used 2814K [0x00000000e0000000, 0x00000000e8000000, 0x00000000e8000000)
  eden space 87424K,   0% used [0x00000000e0000000, 0x00000000e0000000, 0x00000000e5560000)
  from space 21824K,  12% used [0x00000000e5560000, 0x00000000e581f930, 0x00000000e6ab0000)
  to   space 21824K,   0% used [0x00000000e6ab0000, 0x00000000e6ab0000, 0x00000000e8000000)
 concurrent mark-sweep generation total 393216K, used 22727K [0x00000000e8000000, 0x0000000100000000, 0x0000000100000000)
 Metaspace       used 39910K, capacity 40882K, committed 41036K, reserved 1085440K
  class space    used 4576K, capacity 4833K, committed 4940K, reserved 1048576K
}
2017-10-31T07:08:54.806-0700: 9139.037: Total time for which application threads were stopped: 0.0067827 seconds, Stopping threads took: 0.0000230 seconds
2017-10-31T07:08:55.661-0700: 9139.892: Total time for which application threads were stopped: 0.0002716 seconds, Stopping threads took: 0.0000786 seconds
{Heap before GC invocations=210 (full 2):
 par new generation   total 109248K, used 89888K [0x00000000e0000000, 0x00000000e8000000, 0x00000000e8000000)
  eden space 87424K,  99% used [0x00000000e0000000, 0x00000000e55088f0, 0x00000000e5560000)
  from space 21824K,  12% used [0x00000000e5560000, 0x00000000e581f930, 0x00000000e6ab0000)
  to   space 21824K,   0% used [0x00000000e6ab0000, 0x00000000e6ab0000, 0x00000000e8000000)
 concurrent mark-sweep generation total 393216K, used 22727K [0x00000000e8000000, 0x0000000100000000, 0x0000000100000000)
 Metaspace       used 39910K, capacity 40882K, committed 41036K, reserved 1085440K
  class space    used 4576K, capacity 4833K, committed 4940K, reserved 1048576K
2017-10-31T07:08:58.082-0700: 9142.312: [GC (Allocation Failure) 2017-10-31T07:08:58.082-0700: 9142.312: [ParNew
Desired survivor size 20112992 bytes, new threshold 8 (max 8)
- age   1:    2200280 bytes,    2200280 total
- age   2:      75640 bytes,    2275920 total
- age   3:       8616 bytes,    2284536 total
- age   4:      22344 bytes,    2306880 total
- age   5:      16512 bytes,    2323392 total
- age   6:       7256 bytes,    2330648 total
- age   7:       6000 bytes,    2336648 total
- age   8:       8448 bytes,    2345096 total
: 89888K->3166K(109248K), 0.0048152 secs] 112616K->25902K(502464K), 0.0048958 secs] [Times: user=0.00 sys=0.00, real=0.00 secs] 
Heap after GC invocations=211 (full 2):
 par new generation   total 109248K, used 3166K [0x00000000e0000000, 0x00000000e8000000, 0x00000000e8000000)
  eden space 87424K,   0% used [0x00000000e0000000, 0x00000000e0000000, 0x00000000e5560000)
  from space 21824K,  14% used [0x00000000e6ab0000, 0x00000000e6dc78c0, 0x00000000e8000000)
  to   space 21824K,   0% used [0x00000000e5560000, 0x00000000e5560000, 0x00000000e6ab0000)
 concurrent mark-sweep generation total 393216K, used 22736K [0x00000000e8000000, 0x0000000100000000, 0x0000000100000000)
 Metaspace       used 39910K, capacity 40882K, committed 41036K, reserved 1085440K
  class space    used 4576K, capacity 4833K, committed 4940K, reserved 1048576K
}
2017-10-31T07:08:58.087-0700: 9142.317: Total time for which application threads were stopped: 0.0051437 seconds, Stopping threads took: 0.0000366 seconds
2017-10-31T07:08:58.619-0700: 9142.849: Total time for which application threads were stopped: 0.0002574 seconds, Stopping threads took: 0.0000528 seconds
2017-10-31T07:09:01.725-0700: 9145.956: Total time for which application threads were stopped: 0.0002926 seconds, Stopping threads took: 0.0000623 seconds
{Heap before GC invocations=211 (full 2):
 par new generation   total 109248K, used 90547K [0x00000000e0000000, 0x00000000e8000000, 0x00000000e8000000)
  eden space 87424K,  99% used [0x00000000e0000000, 0x00000000e5555470, 0x00000000e5560000)
  from space 21824K,  14% used [0x00000000e6ab0000, 0x00000000e6dc78c0, 0x00000000e8000000)
  to   space 21824K,   0% used [0x00000000e5560000, 0x00000000e5560000, 0x00000000e6ab0000)
 concurrent mark-sweep generation total 393216K, used 22736K [0x00000000e8000000, 0x0000000100000000, 0x0000000100000000)
 Metaspace       used 39910K, capacity 40882K, committed 41036K, reserved 1085440K
  class space    used 4576K, capacity 4833K, committed 4940K, reserved 1048576K
2017-10-31T07:09:01.731-0700: 9145.962: [GC (Allocation Failure) 2017-10-31T07:09:01.731-0700: 9145.962: [ParNew
Desired survivor size 20112992 bytes, new threshold 8 (max 8)
- age   1:    2229304 bytes,    2229304 total
- age   2:      75360 bytes,    2304664 total
- age   3:       7648 bytes,    2312312 total
- age   4:       8616 bytes,    2320928 total
- age   5:      22344 bytes,    2343272 total
- age   6:      16512 bytes,    2359784 total
- age   7:       7256 bytes,    2367040 total
- age   8:       6000 bytes,    2373040 total
: 90547K->2815K(109248K), 0.0042484 secs] 113283K->25560K(502464K), 0.0043540 secs] [Times: user=0.00 sys=0.00, real=0.01 secs] 
Heap after GC invocations=212 (full 2):
 par new generation   total 109248K, used 2815K [0x00000000e0000000, 0x00000000e8000000, 0x00000000e8000000)
  eden space 87424K,   0% used [0x00000000e0000000, 0x00000000e0000000, 0x00000000e5560000)
  from space 21824K,  12% used [0x00000000e5560000, 0x00000000e581fe28, 0x00000000e6ab0000)
  to   space 21824K,   0% used [0x00000000e6ab0000, 0x00000000e6ab0000, 0x00000000e8000000)
 concurrent mark-sweep generation total 393216K, used 22744K [0x00000000e8000000, 0x0000000100000000, 0x0000000100000000)
 Metaspace       used 39910K, capacity 40882K, committed 41036K, reserved 1085440K
  class space    used 4576K, capacity 4833K, committed 4940K, reserved 1048576K
}
2017-10-31T07:09:01.736-0700: 9145.966: Total time for which application threads were stopped: 0.0046669 seconds, Stopping threads took: 0.0000278 seconds
2017-10-31T07:09:04.660-0700: 9148.891: Total time for which application threads were stopped: 0.0002458 seconds, Stopping threads took: 0.0000352 seconds
{Heap before GC invocations=212 (full 2):
 par new generation   total 109248K, used 90239K [0x00000000e0000000, 0x00000000e8000000, 0x00000000e8000000)
  eden space 87424K, 100% used [0x00000000e0000000, 0x00000000e5560000, 0x00000000e5560000)
  from space 21824K,  12% used [0x00000000e5560000, 0x00000000e581fe28, 0x00000000e6ab0000)
  to   space 21824K,   0% used [0x00000000e6ab0000, 0x00000000e6ab0000, 0x00000000e8000000)
 concurrent mark-sweep generation total 393216K, used 22744K [0x00000000e8000000, 0x0000000100000000, 0x0000000100000000)
 Metaspace       used 39910K, capacity 40882K, committed 41036K, reserved 1085440K
  class space    used 4576K, capacity 4833K, committed 4940K, reserved 1048576K
2017-10-31T07:09:04.698-0700: 9148.929: [GC (Allocation Failure) 2017-10-31T07:09:04.698-0700: 9148.929: [ParNew
Desired survivor size 20112992 bytes, new threshold 8 (max 8)
- age   1:    2795776 bytes,    2795776 total
- age   2:     142912 bytes,    2938688 total
- age   3:       7368 bytes,    2946056 total
- age   4:       7648 bytes,    2953704 total
- age   5:       8328 bytes,    2962032 total
- age   6:      22208 bytes,    2984240 total
- age   7:      16512 bytes,    3000752 total
- age   8:       7256 bytes,    3008008 total
: 90239K->4126K(109248K), 0.0043256 secs] 112984K->26877K(502464K), 0.0044197 secs] [Times: user=0.00 sys=0.00, real=0.01 secs] 
Heap after GC invocations=213 (full 2):
 par new generation   total 109248K, used 4126K [0x00000000e0000000, 0x00000000e8000000, 0x00000000e8000000)
  eden space 87424K,   0% used [0x00000000e0000000, 0x00000000e0000000, 0x00000000e5560000)
  from space 21824K,  18% used [0x00000000e6ab0000, 0x00000000e6eb7b10, 0x00000000e8000000)
  to   space 21824K,   0% used [0x00000000e5560000, 0x00000000e5560000, 0x00000000e6ab0000)
 concurrent mark-sweep generation total 393216K, used 22750K [0x00000000e8000000, 0x0000000100000000, 0x0000000100000000)
 Metaspace       used 39910K, capacity 40882K, committed 41036K, reserved 1085440K
  class space    used 4576K, capacity 4833K, committed 4940K, reserved 1048576K
}
2017-10-31T07:09:04.703-0700: 9148.933: Total time for which application threads were stopped: 0.0047597 seconds, Stopping threads took: 0.0000332 seconds
2017-10-31T07:09:07.579-0700: 9151.810: Total time for which application threads were stopped: 0.0002364 seconds, Stopping threads took: 0.0000332 seconds
{Heap before GC invocations=213 (full 2):
 par new generation   total 109248K, used 91550K [0x00000000e0000000, 0x00000000e8000000, 0x00000000e8000000)
  eden space 87424K, 100% used [0x00000000e0000000, 0x00000000e5560000, 0x00000000e5560000)
  from space 21824K,  18% used [0x00000000e6ab0000, 0x00000000e6eb7b10, 0x00000000e8000000)
  to   space 21824K,   0% used [0x00000000e5560000, 0x00000000e5560000, 0x00000000e6ab0000)
 concurrent mark-sweep generation total 393216K, used 22750K [0x00000000e8000000, 0x0000000100000000, 0x0000000100000000)
 Metaspace       used 39910K, capacity 40882K, committed 41036K, reserved 1085440K
  class space    used 4576K, capacity 4833K, committed 4940K, reserved 1048576K
2017-10-31T07:09:07.642-0700: 9151.873: [GC (Allocation Failure) 2017-10-31T07:09:07.642-0700: 9151.873: [ParNew
Desired survivor size 20112992 bytes, new threshold 8 (max 8)
- age   1:    2640568 bytes,    2640568 total
- age   2:     654280 bytes,    3294848 total
- age   3:       7960 bytes,    3302808 total
- age   4:       7368 bytes,    3310176 total
- age   5:       7432 bytes,    3317608 total
- age   6:       7824 bytes,    3325432 total
- age   7:      22208 bytes,    3347640 total
- age   8:      16512 bytes,    3364152 total
: 91550K->4003K(109248K), 0.0044577 secs] 114301K->26761K(502464K), 0.0045653 secs] [Times: user=0.00 sys=0.00, real=0.01 secs] 
Heap after GC invocations=214 (full 2):
 par new generation   total 109248K, used 4003K [0x00000000e0000000, 0x00000000e8000000, 0x00000000e8000000)
  eden space 87424K,   0% used [0x00000000e0000000, 0x00000000e0000000, 0x00000000e5560000)
  from space 21824K,  18% used [0x00000000e5560000, 0x00000000e5948e90, 0x00000000e6ab0000)
  to   space 21824K,   0% used [0x00000000e6ab0000, 0x00000000e6ab0000, 0x00000000e8000000)
 concurrent mark-sweep generation total 393216K, used 22757K [0x00000000e8000000, 0x0000000100000000, 0x0000000100000000)
 Metaspace       used 39910K, capacity 40882K, committed 41036K, reserved 1085440K
  class space    used 4576K, capacity 4833K, committed 4940K, reserved 1048576K
}
2017-10-31T07:09:07.647-0700: 9151.877: Total time for which application threads were stopped: 0.0048748 seconds, Stopping threads took: 0.0000312 seconds
2017-10-31T07:09:10.311-0700: 9154.541: Total time for which application threads were stopped: 0.0002350 seconds, Stopping threads took: 0.0000345 seconds
{Heap before GC invocations=214 (full 2):
 par new generation   total 109248K, used 91427K [0x00000000e0000000, 0x00000000e8000000, 0x00000000e8000000)
  eden space 87424K, 100% used [0x00000000e0000000, 0x00000000e5560000, 0x00000000e5560000)
  from space 21824K,  18% used [0x00000000e5560000, 0x00000000e5948e90, 0x00000000e6ab0000)
  to   space 21824K,   0% used [0x00000000e6ab0000, 0x00000000e6ab0000, 0x00000000e8000000)
 concurrent mark-sweep generation total 393216K, used 22757K [0x00000000e8000000, 0x0000000100000000, 0x0000000100000000)
 Metaspace       used 39910K, capacity 40882K, committed 41036K, reserved 1085440K
  class space    used 4576K, capacity 4833K, committed 4940K, reserved 1048576K
2017-10-31T07:09:10.656-0700: 9154.887: [GC (Allocation Failure) 2017-10-31T07:09:10.657-0700: 9154.887: [ParNew
Desired survivor size 20112992 bytes, new threshold 8 (max 8)
- age   1:    2194160 bytes,    2194160 total
- age   2:      78776 bytes,    2272936 total
- age   3:       7736 bytes,    2280672 total
- age   4:       7960 bytes,    2288632 total
- age   5:       7224 bytes,    2295856 total
- age   6:       6928 bytes,    2302784 total
- age   7:       7824 bytes,    2310608 total
- age   8:      22064 bytes,    2332672 total
: 91427K->3715K(109248K), 0.0087636 secs] 114185K->26489K(502464K), 0.0089072 secs] [Times: user=0.00 sys=0.00, real=0.01 secs] 
Heap after GC invocations=215 (full 2):
 par new generation   total 109248K, used 3715K [0x00000000e0000000, 0x00000000e8000000, 0x00000000e8000000)
  eden space 87424K,   0% used [0x00000000e0000000, 0x00000000e0000000, 0x00000000e5560000)
  from space 21824K,  17% used [0x00000000e6ab0000, 0x00000000e6e50ee0, 0x00000000e8000000)
  to   space 21824K,   0% used [0x00000000e5560000, 0x00000000e5560000, 0x00000000e6ab0000)
 concurrent mark-sweep generation total 393216K, used 22773K [0x00000000e8000000, 0x0000000100000000, 0x0000000100000000)
 Metaspace       used 39910K, capacity 40882K, committed 41036K, reserved 1085440K
  class space    used 4576K, capacity 4833K, committed 4940K, reserved 1048576K
}
2017-10-31T07:09:10.666-0700: 9154.896: Total time for which application threads were stopped: 0.0093149 seconds, Stopping threads took: 0.0000345 seconds
2017-10-31T07:09:13.280-0700: 9157.511: Total time for which application threads were stopped: 0.0001903 seconds, Stopping threads took: 0.0000271 seconds
{Heap before GC invocations=215 (full 2):
 par new generation   total 109248K, used 90832K [0x00000000e0000000, 0x00000000e8000000, 0x00000000e8000000)
  eden space 87424K,  99% used [0x00000000e0000000, 0x00000000e5513500, 0x00000000e5560000)
  from space 21824K,  17% used [0x00000000e6ab0000, 0x00000000e6e50ee0, 0x00000000e8000000)
  to   space 21824K,   0% used [0x00000000e5560000, 0x00000000e5560000, 0x00000000e6ab0000)
 concurrent mark-sweep generation total 393216K, used 22773K [0x00000000e8000000, 0x0000000100000000, 0x0000000100000000)
 Metaspace       used 39910K, capacity 40882K, committed 41036K, reserved 1085440K
  class space    used 4576K, capacity 4833K, committed 4940K, reserved 1048576K
2017-10-31T07:09:14.240-0700: 9158.470: [GC (Allocation Failure) 2017-10-31T07:09:14.240-0700: 9158.470: [ParNew
Desired survivor size 20112992 bytes, new threshold 8 (max 8)
- age   1:    2162792 bytes,    2162792 total
- age   2:       8608 bytes,    2171400 total
- age   3:       6672 bytes,    2178072 total
- age   4:       7736 bytes,    2185808 total
- age   5:       7744 bytes,    2193552 total
- age   6:       6648 bytes,    2200200 total
- age   7:       6928 bytes,    2207128 total
- age   8:       7824 bytes,    2214952 total
: 90832K->2692K(109248K), 0.0039700 secs] 113606K->25487K(502464K), 0.0040581 secs] [Times: user=0.00 sys=0.00, real=0.00 secs] 
Heap after GC invocations=216 (full 2):
 par new generation   total 109248K, used 2692K [0x00000000e0000000, 0x00000000e8000000, 0x00000000e8000000)
  eden space 87424K,   0% used [0x00000000e0000000, 0x00000000e0000000, 0x00000000e5560000)
  from space 21824K,  12% used [0x00000000e5560000, 0x00000000e5801160, 0x00000000e6ab0000)
  to   space 21824K,   0% used [0x00000000e6ab0000, 0x00000000e6ab0000, 0x00000000e8000000)
 concurrent mark-sweep generation total 393216K, used 22795K [0x00000000e8000000, 0x0000000100000000, 0x0000000100000000)
 Metaspace       used 39910K, capacity 40882K, committed 41036K, reserved 1085440K
  class space    used 4576K, capacity 4833K, committed 4940K, reserved 1048576K
}
2017-10-31T07:09:14.244-0700: 9158.474: Total time for which application threads were stopped: 0.0043066 seconds, Stopping threads took: 0.0000251 seconds
2017-10-31T07:09:16.244-0700: 9160.475: Total time for which application threads were stopped: 0.0001368 seconds, Stopping threads took: 0.0000332 seconds
2017-10-31T07:09:16.398-0700: 9160.629: Total time for which application threads were stopped: 0.0003745 seconds, Stopping threads took: 0.0000901 seconds
{Heap before GC invocations=216 (full 2):
 par new generation   total 109248K, used 90116K [0x00000000e0000000, 0x00000000e8000000, 0x00000000e8000000)
  eden space 87424K, 100% used [0x00000000e0000000, 0x00000000e5560000, 0x00000000e5560000)
  from space 21824K,  12% used [0x00000000e5560000, 0x00000000e5801160, 0x00000000e6ab0000)
  to   space 21824K,   0% used [0x00000000e6ab0000, 0x00000000e6ab0000, 0x00000000e8000000)
 concurrent mark-sweep generation total 393216K, used 22795K [0x00000000e8000000, 0x0000000100000000, 0x0000000100000000)
 Metaspace       used 39910K, capacity 40882K, committed 41036K, reserved 1085440K
  class space    used 4576K, capacity 4833K, committed 4940K, reserved 1048576K
2017-10-31T07:09:17.765-0700: 9161.995: [GC (Allocation Failure) 2017-10-31T07:09:17.765-0700: 9161.995: [ParNew
Desired survivor size 20112992 bytes, new threshold 8 (max 8)
- age   1:    1986920 bytes,    1986920 total
- age   2:      75792 bytes,    2062712 total
- age   3:       7440 bytes,    2070152 total
- age   4:       6672 bytes,    2076824 total
- age   5:       7520 bytes,    2084344 total
- age   6:       7240 bytes,    2091584 total
- age   7:       6648 bytes,    2098232 total
- age   8:       6928 bytes,    2105160 total
: 90116K->2534K(109248K), 0.0056584 secs] 112911K->25337K(502464K), 0.0057431 secs] [Times: user=0.00 sys=0.00, real=0.01 secs] 
Heap after GC invocations=217 (full 2):
 par new generation   total 109248K, used 2534K [0x00000000e0000000, 0x00000000e8000000, 0x00000000e8000000)
  eden space 87424K,   0% used [0x00000000e0000000, 0x00000000e0000000, 0x00000000e5560000)
  from space 21824K,  11% used [0x00000000e6ab0000, 0x00000000e6d29900, 0x00000000e8000000)
  to   space 21824K,   0% used [0x00000000e5560000, 0x00000000e5560000, 0x00000000e6ab0000)
 concurrent mark-sweep generation total 393216K, used 22803K [0x00000000e8000000, 0x0000000100000000, 0x0000000100000000)
 Metaspace       used 39910K, capacity 40882K, committed 41036K, reserved 1085440K
  class space    used 4576K, capacity 4833K, committed 4940K, reserved 1048576K
}
2017-10-31T07:09:17.771-0700: 9162.001: Total time for which application threads were stopped: 0.0059842 seconds, Stopping threads took: 0.0000223 seconds
2017-10-31T07:09:19.433-0700: 9163.664: Total time for which application threads were stopped: 0.0006359 seconds, Stopping threads took: 0.0000759 seconds
{Heap before GC invocations=217 (full 2):
 par new generation   total 109248K, used 89652K [0x00000000e0000000, 0x00000000e8000000, 0x00000000e8000000)
  eden space 87424K,  99% used [0x00000000e0000000, 0x00000000e5513960, 0x00000000e5560000)
  from space 21824K,  11% used [0x00000000e6ab0000, 0x00000000e6d29900, 0x00000000e8000000)
  to   space 21824K,   0% used [0x00000000e5560000, 0x00000000e5560000, 0x00000000e6ab0000)
 concurrent mark-sweep generation total 393216K, used 22803K [0x00000000e8000000, 0x0000000100000000, 0x0000000100000000)
 Metaspace       used 39911K, capacity 40882K, committed 41036K, reserved 1085440K
  class space    used 4576K, capacity 4833K, committed 4940K, reserved 1048576K
2017-10-31T07:09:21.443-0700: 9165.673: [GC (Allocation Failure) 2017-10-31T07:09:21.443-0700: 9165.673: [ParNew
Desired survivor size 20112992 bytes, new threshold 8 (max 8)
- age   1:    2372648 bytes,    2372648 total
- age   2:       8712 bytes,    2381360 total
- age   3:       7800 bytes,    2389160 total
- age   4:       7440 bytes,    2396600 total
- age   5:       6384 bytes,    2402984 total
- age   6:       7016 bytes,    2410000 total
- age   7:       7240 bytes,    2417240 total
- age   8:       6648 bytes,    2423888 total
: 89652K->2996K(109248K), 0.0040303 secs] 112455K->25806K(502464K), 0.0041035 secs] [Times: user=0.00 sys=0.00, real=0.00 secs] 
Heap after GC invocations=218 (full 2):
 par new generation   total 109248K, used 2996K [0x00000000e0000000, 0x00000000e8000000, 0x00000000e8000000)
  eden space 87424K,   0% used [0x00000000e0000000, 0x00000000e0000000, 0x00000000e5560000)
  from space 21824K,  13% used [0x00000000e5560000, 0x00000000e584d168, 0x00000000e6ab0000)
  to   space 21824K,   0% used [0x00000000e6ab0000, 0x00000000e6ab0000, 0x00000000e8000000)
 concurrent mark-sweep generation total 393216K, used 22810K [0x00000000e8000000, 0x0000000100000000, 0x0000000100000000)
 Metaspace       used 39911K, capacity 40882K, committed 41036K, reserved 1085440K
  class space    used 4576K, capacity 4833K, committed 4940K, reserved 1048576K
}
2017-10-31T07:09:21.447-0700: 9165.677: Total time for which application threads were stopped: 0.0043452 seconds, Stopping threads took: 0.0000237 seconds
2017-10-31T07:09:22.651-0700: 9166.881: Total time for which application threads were stopped: 0.0006414 seconds, Stopping threads took: 0.0000833 seconds
2017-10-31T07:09:24.652-0700: 9168.882: Total time for which application threads were stopped: 0.0001842 seconds, Stopping threads took: 0.0000332 seconds
{Heap before GC invocations=218 (full 2):
 par new generation   total 109248K, used 90420K [0x00000000e0000000, 0x00000000e8000000, 0x00000000e8000000)
  eden space 87424K, 100% used [0x00000000e0000000, 0x00000000e5560000, 0x00000000e5560000)
  from space 21824K,  13% used [0x00000000e5560000, 0x00000000e584d168, 0x00000000e6ab0000)
  to   space 21824K,   0% used [0x00000000e6ab0000, 0x00000000e6ab0000, 0x00000000e8000000)
 concurrent mark-sweep generation total 393216K, used 22810K [0x00000000e8000000, 0x0000000100000000, 0x0000000100000000)
 Metaspace       used 39913K, capacity 40882K, committed 41036K, reserved 1085440K
  class space    used 4576K, capacity 4833K, committed 4940K, reserved 1048576K
2017-10-31T07:09:24.809-0700: 9169.040: [GC (Allocation Failure) 2017-10-31T07:09:24.809-0700: 9169.040: [ParNew
Desired survivor size 20112992 bytes, new threshold 8 (max 8)
- age   1:    2223120 bytes,    2223120 total
- age   2:      78320 bytes,    2301440 total
- age   3:       7800 bytes,    2309240 total
- age   4:       7800 bytes,    2317040 total
- age   5:       7008 bytes,    2324048 total
- age   6:       6024 bytes,    2330072 total
- age   7:       7016 bytes,    2337088 total
- age   8:       7240 bytes,    2344328 total
: 90420K->2984K(109248K), 0.0038468 secs] 113230K->25800K(502464K), 0.0039233 secs] [Times: user=0.00 sys=0.00, real=0.00 secs] 
Heap after GC invocations=219 (full 2):
 par new generation   total 109248K, used 2984K [0x00000000e0000000, 0x00000000e8000000, 0x00000000e8000000)
  eden space 87424K,   0% used [0x00000000e0000000, 0x00000000e0000000, 0x00000000e5560000)
  from space 21824K,  13% used [0x00000000e6ab0000, 0x00000000e6d9a000, 0x00000000e8000000)
  to   space 21824K,   0% used [0x00000000e5560000, 0x00000000e5560000, 0x00000000e6ab0000)
 concurrent mark-sweep generation total 393216K, used 22816K [0x00000000e8000000, 0x0000000100000000, 0x0000000100000000)
 Metaspace       used 39913K, capacity 40882K, committed 41036K, reserved 1085440K
  class space    used 4576K, capacity 4833K, committed 4940K, reserved 1048576K
}
2017-10-31T07:09:24.813-0700: 9169.044: Total time for which application threads were stopped: 0.0041942 seconds, Stopping threads took: 0.0000237 seconds
2017-10-31T07:09:25.716-0700: 9169.947: Total time for which application threads were stopped: 0.0004334 seconds, Stopping threads took: 0.0001212 seconds
{Heap before GC invocations=219 (full 2):
 par new generation   total 109248K, used 90016K [0x00000000e0000000, 0x00000000e8000000, 0x00000000e8000000)
  eden space 87424K,  99% used [0x00000000e0000000, 0x00000000e54fe1e8, 0x00000000e5560000)
  from space 21824K,  13% used [0x00000000e6ab0000, 0x00000000e6d9a000, 0x00000000e8000000)
  to   space 21824K,   0% used [0x00000000e5560000, 0x00000000e5560000, 0x00000000e6ab0000)
 concurrent mark-sweep generation total 393216K, used 22816K [0x00000000e8000000, 0x0000000100000000, 0x0000000100000000)
 Metaspace       used 39913K, capacity 40882K, committed 41036K, reserved 1085440K
  class space    used 4576K, capacity 4833K, committed 4940K, reserved 1048576K
2017-10-31T07:09:28.024-0700: 9172.255: [GC (Allocation Failure) 2017-10-31T07:09:28.024-0700: 9172.255: [ParNew
Desired survivor size 20112992 bytes, new threshold 8 (max 8)
- age   1:    2251808 bytes,    2251808 total
- age   2:       8720 bytes,    2260528 total
- age   3:      10328 bytes,    2270856 total
- age   4:       7800 bytes,    2278656 total
- age   5:       7224 bytes,    2285880 total
- age   6:       6792 bytes,    2292672 total
- age   7:       6024 bytes,    2298696 total
- age   8:       7016 bytes,    2305712 total
: 90016K->2973K(109248K), 0.0041509 secs] 112832K->25797K(502464K), 0.0042206 secs] [Times: user=0.06 sys=0.00, real=0.01 secs] 
Heap after GC invocations=220 (full 2):
 par new generation   total 109248K, used 2973K [0x00000000e0000000, 0x00000000e8000000, 0x00000000e8000000)
  eden space 87424K,   0% used [0x00000000e0000000, 0x00000000e0000000, 0x00000000e5560000)
  from space 21824K,  13% used [0x00000000e5560000, 0x00000000e58477c0, 0x00000000e6ab0000)
  to   space 21824K,   0% used [0x00000000e6ab0000, 0x00000000e6ab0000, 0x00000000e8000000)
 concurrent mark-sweep generation total 393216K, used 22823K [0x00000000e8000000, 0x0000000100000000, 0x0000000100000000)
 Metaspace       used 39913K, capacity 40882K, committed 41036K, reserved 1085440K
  class space    used 4576K, capacity 4833K, committed 4940K, reserved 1048576K
}
2017-10-31T07:09:28.029-0700: 9172.259: Total time for which application threads were stopped: 0.0044651 seconds, Stopping threads took: 0.0000223 seconds
2017-10-31T07:09:28.578-0700: 9172.809: Total time for which application threads were stopped: 0.0002411 seconds, Stopping threads took: 0.0000291 seconds
{Heap before GC invocations=220 (full 2):
 par new generation   total 109248K, used 90397K [0x00000000e0000000, 0x00000000e8000000, 0x00000000e8000000)
  eden space 87424K, 100% used [0x00000000e0000000, 0x00000000e5560000, 0x00000000e5560000)
  from space 21824K,  13% used [0x00000000e5560000, 0x00000000e58477c0, 0x00000000e6ab0000)
  to   space 21824K,   0% used [0x00000000e6ab0000, 0x00000000e6ab0000, 0x00000000e8000000)
 concurrent mark-sweep generation total 393216K, used 22823K [0x00000000e8000000, 0x0000000100000000, 0x0000000100000000)
 Metaspace       used 39914K, capacity 40882K, committed 41036K, reserved 1085440K
  class space    used 4576K, capacity 4833K, committed 4940K, reserved 1048576K
2017-10-31T07:09:31.313-0700: 9175.543: [GC (Allocation Failure) 2017-10-31T07:09:31.313-0700: 9175.543: [ParNew
Desired survivor size 20112992 bytes, new threshold 8 (max 8)
- age   1:    2012936 bytes,    2012936 total
- age   2:      75768 bytes,    2088704 total
- age   3:       7552 bytes,    2096256 total
- age   4:      10328 bytes,    2106584 total
- age   5:       7368 bytes,    2113952 total
- age   6:       7008 bytes,    2120960 total
- age   7:       6792 bytes,    2127752 total
- age   8:       6024 bytes,    2133776 total
: 90397K->2301K(109248K), 0.0039131 secs] 113221K->25132K(502464K), 0.0039971 secs] [Times: user=0.00 sys=0.00, real=0.00 secs] 
Heap after GC invocations=221 (full 2):
 par new generation   total 109248K, used 2301K [0x00000000e0000000, 0x00000000e8000000, 0x00000000e8000000)
  eden space 87424K,   0% used [0x00000000e0000000, 0x00000000e0000000, 0x00000000e5560000)
  from space 21824K,  10% used [0x00000000e6ab0000, 0x00000000e6cef680, 0x00000000e8000000)
  to   space 21824K,   0% used [0x00000000e5560000, 0x00000000e5560000, 0x00000000e6ab0000)
 concurrent mark-sweep generation total 393216K, used 22830K [0x00000000e8000000, 0x0000000100000000, 0x0000000100000000)
 Metaspace       used 39914K, capacity 40882K, committed 41036K, reserved 1085440K
  class space    used 4576K, capacity 4833K, committed 4940K, reserved 1048576K
}
2017-10-31T07:09:31.317-0700: 9175.547: Total time for which application threads were stopped: 0.0043066 seconds, Stopping threads took: 0.0000454 seconds
2017-10-31T07:09:31.317-0700: 9175.547: Total time for which application threads were stopped: 0.0002309 seconds, Stopping threads took: 0.0000278 seconds
2017-10-31T07:09:33.318-0700: 9177.548: Total time for which application threads were stopped: 0.0001612 seconds, Stopping threads took: 0.0000325 seconds
2017-10-31T07:09:34.234-0700: 9178.464: Total time for which application threads were stopped: 0.0002729 seconds, Stopping threads took: 0.0000501 seconds
{Heap before GC invocations=221 (full 2):
 par new generation   total 109248K, used 89725K [0x00000000e0000000, 0x00000000e8000000, 0x00000000e8000000)
  eden space 87424K, 100% used [0x00000000e0000000, 0x00000000e5560000, 0x00000000e5560000)
  from space 21824K,  10% used [0x00000000e6ab0000, 0x00000000e6cef680, 0x00000000e8000000)
  to   space 21824K,   0% used [0x00000000e5560000, 0x00000000e5560000, 0x00000000e6ab0000)
 concurrent mark-sweep generation total 393216K, used 22830K [0x00000000e8000000, 0x0000000100000000, 0x0000000100000000)
 Metaspace       used 39914K, capacity 40882K, committed 41036K, reserved 1085440K
  class space    used 4576K, capacity 4833K, committed 4940K, reserved 1048576K
2017-10-31T07:09:34.269-0700: 9178.500: [GC (Allocation Failure) 2017-10-31T07:09:34.269-0700: 9178.500: [ParNew
Desired survivor size 20112992 bytes, new threshold 8 (max 8)
- age   1:    2877272 bytes,    2877272 total
- age   2:      76664 bytes,    2953936 total
- age   3:       7776 bytes,    2961712 total
- age   4:       7552 bytes,    2969264 total
- age   5:       9968 bytes,    2979232 total
- age   6:       7080 bytes,    2986312 total
- age   7:       7008 bytes,    2993320 total
- age   8:       6792 bytes,    3000112 total
: 89725K->3603K(109248K), 0.0043418 secs] 112556K->26439K(502464K), 0.0044461 secs] [Times: user=0.00 sys=0.00, real=0.00 secs] 
Heap after GC invocations=222 (full 2):
 par new generation   total 109248K, used 3603K [0x00000000e0000000, 0x00000000e8000000, 0x00000000e8000000)
  eden space 87424K,   0% used [0x00000000e0000000, 0x00000000e0000000, 0x00000000e5560000)
  from space 21824K,  16% used [0x00000000e5560000, 0x00000000e58e4e60, 0x00000000e6ab0000)
  to   space 21824K,   0% used [0x00000000e6ab0000, 0x00000000e6ab0000, 0x00000000e8000000)
 concurrent mark-sweep generation total 393216K, used 22836K [0x00000000e8000000, 0x0000000100000000, 0x0000000100000000)
 Metaspace       used 39914K, capacity 40882K, committed 41036K, reserved 1085440K
  class space    used 4576K, capacity 4833K, committed 4940K, reserved 1048576K
}
2017-10-31T07:09:34.274-0700: 9178.505: Total time for which application threads were stopped: 0.0048877 seconds, Stopping threads took: 0.0000406 seconds
2017-10-31T07:09:36.275-0700: 9180.505: Total time for which application threads were stopped: 0.0001652 seconds, Stopping threads took: 0.0000352 seconds
2017-10-31T07:09:37.247-0700: 9181.477: Total time for which application threads were stopped: 0.0005310 seconds, Stopping threads took: 0.0000928 seconds
{Heap before GC invocations=222 (full 2):
 par new generation   total 109248K, used 90566K [0x00000000e0000000, 0x00000000e8000000, 0x00000000e8000000)
  eden space 87424K,  99% used [0x00000000e0000000, 0x00000000e54ecaa0, 0x00000000e5560000)
  from space 21824K,  16% used [0x00000000e5560000, 0x00000000e58e4e60, 0x00000000e6ab0000)
  to   space 21824K,   0% used [0x00000000e6ab0000, 0x00000000e6ab0000, 0x00000000e8000000)
 concurrent mark-sweep generation total 393216K, used 22836K [0x00000000e8000000, 0x0000000100000000, 0x0000000100000000)
 Metaspace       used 39914K, capacity 40882K, committed 41036K, reserved 1085440K
  class space    used 4576K, capacity 4833K, committed 4940K, reserved 1048576K
2017-10-31T07:09:37.352-0700: 9181.583: [GC (Allocation Failure) 2017-10-31T07:09:37.352-0700: 9181.583: [ParNew
Desired survivor size 20112992 bytes, new threshold 8 (max 8)
- age   1:    2549792 bytes,    2549792 total
- age   2:     697344 bytes,    3247136 total
- age   3:       7536 bytes,    3254672 total
- age   4:       7776 bytes,    3262448 total
- age   5:       7336 bytes,    3269784 total
- age   6:       9536 bytes,    3279320 total
- age   7:       7080 bytes,    3286400 total
- age   8:       7008 bytes,    3293408 total
: 90566K->3998K(109248K), 0.0043486 secs] 113402K->26841K(502464K), 0.0044536 secs] [Times: user=0.06 sys=0.00, real=0.01 secs] 
Heap after GC invocations=223 (full 2):
 par new generation   total 109248K, used 3998K [0x00000000e0000000, 0x00000000e8000000, 0x00000000e8000000)
  eden space 87424K,   0% used [0x00000000e0000000, 0x00000000e0000000, 0x00000000e5560000)
  from space 21824K,  18% used [0x00000000e6ab0000, 0x00000000e6e97b78, 0x00000000e8000000)
  to   space 21824K,   0% used [0x00000000e5560000, 0x00000000e5560000, 0x00000000e6ab0000)
 concurrent mark-sweep generation total 393216K, used 22842K [0x00000000e8000000, 0x0000000100000000, 0x0000000100000000)
 Metaspace       used 39914K, capacity 40882K, committed 41036K, reserved 1085440K
  class space    used 4576K, capacity 4833K, committed 4940K, reserved 1048576K
}
2017-10-31T07:09:37.357-0700: 9181.588: Total time for which application threads were stopped: 0.0047672 seconds, Stopping threads took: 0.0000305 seconds
2017-10-31T07:09:40.403-0700: 9184.634: Total time for which application threads were stopped: 0.0002438 seconds, Stopping threads took: 0.0000569 seconds
{Heap before GC invocations=223 (full 2):
 par new generation   total 109248K, used 91422K [0x00000000e0000000, 0x00000000e8000000, 0x00000000e8000000)
  eden space 87424K, 100% used [0x00000000e0000000, 0x00000000e5560000, 0x00000000e5560000)
  from space 21824K,  18% used [0x00000000e6ab0000, 0x00000000e6e97b78, 0x00000000e8000000)
  to   space 21824K,   0% used [0x00000000e5560000, 0x00000000e5560000, 0x00000000e6ab0000)
 concurrent mark-sweep generation total 393216K, used 22842K [0x00000000e8000000, 0x0000000100000000, 0x0000000100000000)
 Metaspace       used 39924K, capacity 40882K, committed 41036K, reserved 1085440K
  class space    used 4576K, capacity 4833K, committed 4940K, reserved 1048576K
2017-10-31T07:09:40.758-0700: 9184.989: [GC (Allocation Failure) 2017-10-31T07:09:40.758-0700: 9184.989: [ParNew
Desired survivor size 20112992 bytes, new threshold 8 (max 8)
- age   1:    2014952 bytes,    2014952 total
- age   2:      79112 bytes,    2094064 total
- age   3:       8160 bytes,    2102224 total
- age   4:       7536 bytes,    2109760 total
- age   5:       7488 bytes,    2117248 total
- age   6:       6904 bytes,    2124152 total
- age   7:       9536 bytes,    2133688 total
- age   8:       7080 bytes,    2140768 total
: 91422K->3586K(109248K), 0.0055622 secs] 114265K->26436K(502464K), 0.0056449 secs] [Times: user=0.06 sys=0.00, real=0.01 secs] 
Heap after GC invocations=224 (full 2):
 par new generation   total 109248K, used 3586K [0x00000000e0000000, 0x00000000e8000000, 0x00000000e8000000)
  eden space 87424K,   0% used [0x00000000e0000000, 0x00000000e0000000, 0x00000000e5560000)
  from space 21824K,  16% used [0x00000000e5560000, 0x00000000e58e09c8, 0x00000000e6ab0000)
  to   space 21824K,   0% used [0x00000000e6ab0000, 0x00000000e6ab0000, 0x00000000e8000000)
 concurrent mark-sweep generation total 393216K, used 22849K [0x00000000e8000000, 0x0000000100000000, 0x0000000100000000)
 Metaspace       used 39924K, capacity 40882K, committed 41036K, reserved 1085440K
  class space    used 4576K, capacity 4833K, committed 4940K, reserved 1048576K
}
2017-10-31T07:09:40.764-0700: 9184.995: Total time for which application threads were stopped: 0.0058826 seconds, Stopping threads took: 0.0000223 seconds
2017-10-31T07:09:42.766-0700: 9186.996: Total time for which application threads were stopped: 0.0001449 seconds, Stopping threads took: 0.0000271 seconds
2017-10-31T07:09:43.325-0700: 9187.556: Total time for which application threads were stopped: 0.0001910 seconds, Stopping threads took: 0.0000298 seconds
2017-10-31T07:09:44.326-0700: 9188.556: Total time for which application threads were stopped: 0.0001774 seconds, Stopping threads took: 0.0000325 seconds
{Heap before GC invocations=224 (full 2):
 par new generation   total 109248K, used 90923K [0x00000000e0000000, 0x00000000e8000000, 0x00000000e8000000)
  eden space 87424K,  99% used [0x00000000e0000000, 0x00000000e554a4a8, 0x00000000e5560000)
  from space 21824K,  16% used [0x00000000e5560000, 0x00000000e58e09c8, 0x00000000e6ab0000)
  to   space 21824K,   0% used [0x00000000e6ab0000, 0x00000000e6ab0000, 0x00000000e8000000)
 concurrent mark-sweep generation total 393216K, used 22849K [0x00000000e8000000, 0x0000000100000000, 0x0000000100000000)
 Metaspace       used 39924K, capacity 40882K, committed 41036K, reserved 1085440K
  class space    used 4576K, capacity 4833K, committed 4940K, reserved 1048576K
2017-10-31T07:09:44.454-0700: 9188.685: [GC (Allocation Failure) 2017-10-31T07:09:44.454-0700: 9188.685: [ParNew
Desired survivor size 20112992 bytes, new threshold 8 (max 8)
- age   1:    2253104 bytes,    2253104 total
- age   2:       9712 bytes,    2262816 total
- age   3:       7008 bytes,    2269824 total
- age   4:       8160 bytes,    2277984 total
- age   5:       7320 bytes,    2285304 total
- age   6:       6984 bytes,    2292288 total
- age   7:       6904 bytes,    2299192 total
- age   8:       9536 bytes,    2308728 total
: 90923K->2863K(109248K), 0.0040608 secs] 113773K->25720K(502464K), 0.0041834 secs] [Times: user=0.00 sys=0.00, real=0.01 secs] 
Heap after GC invocations=225 (full 2):
 par new generation   total 109248K, used 2863K [0x00000000e0000000, 0x00000000e8000000, 0x00000000e8000000)
  eden space 87424K,   0% used [0x00000000e0000000, 0x00000000e0000000, 0x00000000e5560000)
  from space 21824K,  13% used [0x00000000e6ab0000, 0x00000000e6d7bff0, 0x00000000e8000000)
  to   space 21824K,   0% used [0x00000000e5560000, 0x00000000e5560000, 0x00000000e6ab0000)
 concurrent mark-sweep generation total 393216K, used 22856K [0x00000000e8000000, 0x0000000100000000, 0x0000000100000000)
 Metaspace       used 39924K, capacity 40882K, committed 41036K, reserved 1085440K
  class space    used 4576K, capacity 4833K, committed 4940K, reserved 1048576K
}
2017-10-31T07:09:44.459-0700: 9188.689: Total time for which application threads were stopped: 0.0044231 seconds, Stopping threads took: 0.0000217 seconds
2017-10-31T07:09:45.459-0700: 9189.689: Total time for which application threads were stopped: 0.0001720 seconds, Stopping threads took: 0.0000372 seconds
2017-10-31T07:09:46.050-0700: 9190.280: Total time for which application threads were stopped: 0.0004172 seconds, Stopping threads took: 0.0000345 seconds
{Heap before GC invocations=225 (full 2):
 par new generation   total 109248K, used 90277K [0x00000000e0000000, 0x00000000e8000000, 0x00000000e8000000)
  eden space 87424K,  99% used [0x00000000e0000000, 0x00000000e555d7e8, 0x00000000e5560000)
  from space 21824K,  13% used [0x00000000e6ab0000, 0x00000000e6d7bff0, 0x00000000e8000000)
  to   space 21824K,   0% used [0x00000000e5560000, 0x00000000e5560000, 0x00000000e6ab0000)
 concurrent mark-sweep generation total 393216K, used 22856K [0x00000000e8000000, 0x0000000100000000, 0x0000000100000000)
 Metaspace       used 39924K, capacity 40882K, committed 41036K, reserved 1085440K
  class space    used 4576K, capacity 4833K, committed 4940K, reserved 1048576K
2017-10-31T07:09:47.519-0700: 9191.749: [GC (Allocation Failure) 2017-10-31T07:09:47.519-0700: 9191.749: [ParNew
Desired survivor size 20112992 bytes, new threshold 8 (max 8)
- age   1:    2124904 bytes,    2124904 total
- age   2:      76480 bytes,    2201384 total
- age   3:       8800 bytes,    2210184 total
- age   4:       7008 bytes,    2217192 total
- age   5:       7944 bytes,    2225136 total
- age   6:       6816 bytes,    2231952 total
- age   7:       6984 bytes,    2238936 total
- age   8:       6904 bytes,    2245840 total
: 90277K->2567K(109248K), 0.0060810 secs] 113134K->25433K(502464K), 0.0061643 secs] [Times: user=0.00 sys=0.00, real=0.01 secs] 
Heap after GC invocations=226 (full 2):
 par new generation   total 109248K, used 2567K [0x00000000e0000000, 0x00000000e8000000, 0x00000000e8000000)
  eden space 87424K,   0% used [0x00000000e0000000, 0x00000000e0000000, 0x00000000e5560000)
  from space 21824K,  11% used [0x00000000e5560000, 0x00000000e57e1c10, 0x00000000e6ab0000)
  to   space 21824K,   0% used [0x00000000e6ab0000, 0x00000000e6ab0000, 0x00000000e8000000)
 concurrent mark-sweep generation total 393216K, used 22866K [0x00000000e8000000, 0x0000000100000000, 0x0000000100000000)
 Metaspace       used 39924K, capacity 40882K, committed 41036K, reserved 1085440K
  class space    used 4576K, capacity 4833K, committed 4940K, reserved 1048576K
}
2017-10-31T07:09:47.525-0700: 9191.756: Total time for which application threads were stopped: 0.0064115 seconds, Stopping threads took: 0.0000230 seconds
2017-10-31T07:09:48.902-0700: 9193.133: Total time for which application threads were stopped: 0.0003495 seconds, Stopping threads took: 0.0000501 seconds
{Heap before GC invocations=226 (full 2):
 par new generation   total 109248K, used 89924K [0x00000000e0000000, 0x00000000e8000000, 0x00000000e8000000)
  eden space 87424K,  99% used [0x00000000e0000000, 0x00000000e554f538, 0x00000000e5560000)
  from space 21824K,  11% used [0x00000000e5560000, 0x00000000e57e1c10, 0x00000000e6ab0000)
  to   space 21824K,   0% used [0x00000000e6ab0000, 0x00000000e6ab0000, 0x00000000e8000000)
 concurrent mark-sweep generation total 393216K, used 22866K [0x00000000e8000000, 0x0000000100000000, 0x0000000100000000)
 Metaspace       used 39924K, capacity 40882K, committed 41036K, reserved 1085440K
  class space    used 4576K, capacity 4833K, committed 4940K, reserved 1048576K
2017-10-31T07:09:51.113-0700: 9195.344: [GC (Allocation Failure) 2017-10-31T07:09:51.113-0700: 9195.344: [ParNew
Desired survivor size 20112992 bytes, new threshold 8 (max 8)
- age   1:    2405496 bytes,    2405496 total
- age   2:       8496 bytes,    2413992 total
- age   3:       8488 bytes,    2422480 total
- age   4:       8800 bytes,    2431280 total
- age   5:       6648 bytes,    2437928 total
- age   6:       7440 bytes,    2445368 total
- age   7:       6816 bytes,    2452184 total
- age   8:       6984 bytes,    2459168 total
: 89924K->3099K(109248K), 0.0064528 secs] 112790K->25971K(502464K), 0.0065267 secs] [Times: user=0.00 sys=0.00, real=0.01 secs] 
Heap after GC invocations=227 (full 2):
 par new generation   total 109248K, used 3099K [0x00000000e0000000, 0x00000000e8000000, 0x00000000e8000000)
  eden space 87424K,   0% used [0x00000000e0000000, 0x00000000e0000000, 0x00000000e5560000)
  from space 21824K,  14% used [0x00000000e6ab0000, 0x00000000e6db6c28, 0x00000000e8000000)
  to   space 21824K,   0% used [0x00000000e5560000, 0x00000000e5560000, 0x00000000e6ab0000)
 concurrent mark-sweep generation total 393216K, used 22872K [0x00000000e8000000, 0x0000000100000000, 0x0000000100000000)
 Metaspace       used 39924K, capacity 40882K, committed 41036K, reserved 1085440K
  class space    used 4576K, capacity 4833K, committed 4940K, reserved 1048576K
}
2017-10-31T07:09:51.119-0700: 9195.350: Total time for which application threads were stopped: 0.0067867 seconds, Stopping threads took: 0.0000230 seconds
2017-10-31T07:09:51.874-0700: 9196.105: Total time for which application threads were stopped: 0.0002804 seconds, Stopping threads took: 0.0000569 seconds
{Heap before GC invocations=227 (full 2):
 par new generation   total 109248K, used 90080K [0x00000000e0000000, 0x00000000e8000000, 0x00000000e8000000)
  eden space 87424K,  99% used [0x00000000e0000000, 0x00000000e54f14e8, 0x00000000e5560000)
  from space 21824K,  14% used [0x00000000e6ab0000, 0x00000000e6db6c28, 0x00000000e8000000)
  to   space 21824K,   0% used [0x00000000e5560000, 0x00000000e5560000, 0x00000000e6ab0000)
 concurrent mark-sweep generation total 393216K, used 22872K [0x00000000e8000000, 0x0000000100000000, 0x0000000100000000)
 Metaspace       used 39924K, capacity 40882K, committed 41036K, reserved 1085440K
  class space    used 4576K, capacity 4833K, committed 4940K, reserved 1048576K
2017-10-31T07:09:54.359-0700: 9198.590: [GC (Allocation Failure) 2017-10-31T07:09:54.359-0700: 9198.590: [ParNew
Desired survivor size 20112992 bytes, new threshold 8 (max 8)
- age   1:    2183608 bytes,    2183608 total
- age   2:      78264 bytes,    2261872 total
- age   3:       7584 bytes,    2269456 total
- age   4:       8488 bytes,    2277944 total
- age   5:       8440 bytes,    2286384 total
- age   6:       6360 bytes,    2292744 total
- age   7:       7440 bytes,    2300184 total
- age   8:       6816 bytes,    2307000 total
: 90080K->2940K(109248K), 0.0066011 secs] 112953K->25819K(502464K), 0.0066790 secs] [Times: user=0.00 sys=0.00, real=0.01 secs] 
Heap after GC invocations=228 (full 2):
 par new generation   total 109248K, used 2940K [0x00000000e0000000, 0x00000000e8000000, 0x00000000e8000000)
  eden space 87424K,   0% used [0x00000000e0000000, 0x00000000e0000000, 0x00000000e5560000)
  from space 21824K,  13% used [0x00000000e5560000, 0x00000000e583f190, 0x00000000e6ab0000)
  to   space 21824K,   0% used [0x00000000e6ab0000, 0x00000000e6ab0000, 0x00000000e8000000)
 concurrent mark-sweep generation total 393216K, used 22879K [0x00000000e8000000, 0x0000000100000000, 0x0000000100000000)
 Metaspace       used 39924K, capacity 40882K, committed 41036K, reserved 1085440K
  class space    used 4576K, capacity 4833K, committed 4940K, reserved 1048576K
}
2017-10-31T07:09:54.366-0700: 9198.596: Total time for which application threads were stopped: 0.0069195 seconds, Stopping threads took: 0.0000237 seconds
2017-10-31T07:09:54.957-0700: 9199.188: Total time for which application threads were stopped: 0.0002932 seconds, Stopping threads took: 0.0000657 seconds
2017-10-31T07:09:57.465-0700: 9201.696: Total time for which application threads were stopped: 0.0005174 seconds, Stopping threads took: 0.0000474 seconds
2017-10-31T07:09:57.475-0700: 9201.705: Total time for which application threads were stopped: 0.0003224 seconds, Stopping threads took: 0.0000467 seconds
2017-10-31T07:09:57.475-0700: 9201.706: Total time for which application threads were stopped: 0.0001639 seconds, Stopping threads took: 0.0000190 seconds
2017-10-31T07:09:57.475-0700: 9201.706: Total time for which application threads were stopped: 0.0001327 seconds, Stopping threads took: 0.0000142 seconds
2017-10-31T07:09:57.476-0700: 9201.706: Total time for which application threads were stopped: 0.0001368 seconds, Stopping threads took: 0.0000135 seconds
2017-10-31T07:09:57.476-0700: 9201.706: Total time for which application threads were stopped: 0.0001260 seconds, Stopping threads took: 0.0000135 seconds
2017-10-31T07:09:57.484-0700: 9201.715: Total time for which application threads were stopped: 0.0002269 seconds, Stopping threads took: 0.0000386 seconds
2017-10-31T07:09:57.485-0700: 9201.715: Total time for which application threads were stopped: 0.0001700 seconds, Stopping threads took: 0.0000237 seconds
2017-10-31T07:09:57.485-0700: 9201.715: Total time for which application threads were stopped: 0.0001321 seconds, Stopping threads took: 0.0000169 seconds
2017-10-31T07:09:57.485-0700: 9201.715: Total time for which application threads were stopped: 0.0001226 seconds, Stopping threads took: 0.0000196 seconds
2017-10-31T07:09:57.485-0700: 9201.716: Total time for which application threads were stopped: 0.0001646 seconds, Stopping threads took: 0.0000298 seconds
2017-10-31T07:09:57.485-0700: 9201.716: Total time for which application threads were stopped: 0.0001368 seconds, Stopping threads took: 0.0000183 seconds
2017-10-31T07:09:57.485-0700: 9201.716: Total time for which application threads were stopped: 0.0001341 seconds, Stopping threads took: 0.0000230 seconds
2017-10-31T07:09:57.487-0700: 9201.717: Total time for which application threads were stopped: 0.0002533 seconds, Stopping threads took: 0.0000576 seconds
{Heap before GC invocations=228 (full 2):
 par new generation   total 109248K, used 90362K [0x00000000e0000000, 0x00000000e8000000, 0x00000000e8000000)
  eden space 87424K,  99% used [0x00000000e0000000, 0x00000000e555f7d0, 0x00000000e5560000)
  from space 21824K,  13% used [0x00000000e5560000, 0x00000000e583f190, 0x00000000e6ab0000)
  to   space 21824K,   0% used [0x00000000e6ab0000, 0x00000000e6ab0000, 0x00000000e8000000)
 concurrent mark-sweep generation total 393216K, used 22879K [0x00000000e8000000, 0x0000000100000000, 0x0000000100000000)
 Metaspace       used 39930K, capacity 40882K, committed 41036K, reserved 1085440K
  class space    used 4576K, capacity 4833K, committed 4940K, reserved 1048576K
2017-10-31T07:09:57.992-0700: 9202.223: [GC (Allocation Failure) 2017-10-31T07:09:57.992-0700: 9202.223: [ParNew
Desired survivor size 20112992 bytes, new threshold 8 (max 8)
- age   1:    2272376 bytes,    2272376 total
- age   2:      75744 bytes,    2348120 total
- age   3:      10272 bytes,    2358392 total
- age   4:       7584 bytes,    2365976 total
- age   5:       8056 bytes,    2374032 total
- age   6:       8080 bytes,    2382112 total
- age   7:       6360 bytes,    2388472 total
- age   8:       7440 bytes,    2395912 total
: 90362K->2802K(109248K), 0.0077220 secs] 113241K->25688K(502464K), 0.0078778 secs] [Times: user=0.06 sys=0.00, real=0.01 secs] 
Heap after GC invocations=229 (full 2):
 par new generation   total 109248K, used 2802K [0x00000000e0000000, 0x00000000e8000000, 0x00000000e8000000)
  eden space 87424K,   0% used [0x00000000e0000000, 0x00000000e0000000, 0x00000000e5560000)
  from space 21824K,  12% used [0x00000000e6ab0000, 0x00000000e6d6ca98, 0x00000000e8000000)
  to   space 21824K,   0% used [0x00000000e5560000, 0x00000000e5560000, 0x00000000e6ab0000)
 concurrent mark-sweep generation total 393216K, used 22886K [0x00000000e8000000, 0x0000000100000000, 0x0000000100000000)
 Metaspace       used 39930K, capacity 40882K, committed 41036K, reserved 1085440K
  class space    used 4576K, capacity 4833K, committed 4940K, reserved 1048576K
}
2017-10-31T07:09:58.000-0700: 9202.231: Total time for which application threads were stopped: 0.0083078 seconds, Stopping threads took: 0.0000366 seconds
2017-10-31T07:09:58.345-0700: 9202.576: Total time for which application threads were stopped: 0.0006569 seconds, Stopping threads took: 0.0001185 seconds
2017-10-31T07:09:59.346-0700: 9203.576: Total time for which application threads were stopped: 0.0001686 seconds, Stopping threads took: 0.0000352 seconds
2017-10-31T07:10:01.039-0700: 9205.270: Total time for which application threads were stopped: 0.0002384 seconds, Stopping threads took: 0.0000433 seconds
2017-10-31T07:10:01.040-0700: 9205.271: Total time for which application threads were stopped: 0.0002167 seconds, Stopping threads took: 0.0000298 seconds
2017-10-31T07:10:01.040-0700: 9205.271: Total time for which application threads were stopped: 0.0001619 seconds, Stopping threads took: 0.0000210 seconds
2017-10-31T07:10:01.041-0700: 9205.271: Total time for which application threads were stopped: 0.0001429 seconds, Stopping threads took: 0.0000169 seconds
2017-10-31T07:10:01.041-0700: 9205.272: Total time for which application threads were stopped: 0.0001585 seconds, Stopping threads took: 0.0000217 seconds
2017-10-31T07:10:01.045-0700: 9205.276: Total time for which application threads were stopped: 0.0002269 seconds, Stopping threads took: 0.0000366 seconds
2017-10-31T07:10:01.047-0700: 9205.277: Total time for which application threads were stopped: 0.0005039 seconds, Stopping threads took: 0.0000420 seconds
2017-10-31T07:10:01.594-0700: 9205.825: Total time for which application threads were stopped: 0.0001923 seconds, Stopping threads took: 0.0000291 seconds
{Heap before GC invocations=229 (full 2):
 par new generation   total 109248K, used 89870K [0x00000000e0000000, 0x00000000e8000000, 0x00000000e8000000)
  eden space 87424K,  99% used [0x00000000e0000000, 0x00000000e5507100, 0x00000000e5560000)
  from space 21824K,  12% used [0x00000000e6ab0000, 0x00000000e6d6ca98, 0x00000000e8000000)
  to   space 21824K,   0% used [0x00000000e5560000, 0x00000000e5560000, 0x00000000e6ab0000)
 concurrent mark-sweep generation total 393216K, used 22886K [0x00000000e8000000, 0x0000000100000000, 0x0000000100000000)
 Metaspace       used 39934K, capacity 40882K, committed 41036K, reserved 1085440K
  class space    used 4576K, capacity 4833K, committed 4940K, reserved 1048576K
2017-10-31T07:10:01.625-0700: 9205.855: [GC (Allocation Failure) 2017-10-31T07:10:01.625-0700: 9205.855: [ParNew
Desired survivor size 20112992 bytes, new threshold 8 (max 8)
- age   1:    3227832 bytes,    3227832 total
- age   2:     166488 bytes,    3394320 total
- age   3:       7752 bytes,    3402072 total
- age   4:      10272 bytes,    3412344 total
- age   5:       7080 bytes,    3419424 total
- age   6:       7696 bytes,    3427120 total
- age   7:       8080 bytes,    3435200 total
- age   8:       6360 bytes,    3441560 total
: 89870K->3844K(109248K), 0.0074653 secs] 112757K->26738K(502464K), 0.0075466 secs] [Times: user=0.00 sys=0.00, real=0.01 secs] 
Heap after GC invocations=230 (full 2):
 par new generation   total 109248K, used 3844K [0x00000000e0000000, 0x00000000e8000000, 0x00000000e8000000)
  eden space 87424K,   0% used [0x00000000e0000000, 0x00000000e0000000, 0x00000000e5560000)
  from space 21824K,  17% used [0x00000000e5560000, 0x00000000e59212c0, 0x00000000e6ab0000)
  to   space 21824K,   0% used [0x00000000e6ab0000, 0x00000000e6ab0000, 0x00000000e8000000)
 concurrent mark-sweep generation total 393216K, used 22893K [0x00000000e8000000, 0x0000000100000000, 0x0000000100000000)
 Metaspace       used 39934K, capacity 40882K, committed 41036K, reserved 1085440K
  class space    used 4576K, capacity 4833K, committed 4940K, reserved 1048576K
}
2017-10-31T07:10:01.632-0700: 9205.863: Total time for which application threads were stopped: 0.0079170 seconds, Stopping threads took: 0.0000955 seconds
2017-10-31T07:10:04.893-0700: 9209.124: Total time for which application threads were stopped: 0.0002526 seconds, Stopping threads took: 0.0000352 seconds
{Heap before GC invocations=230 (full 2):
 par new generation   total 109248K, used 91238K [0x00000000e0000000, 0x00000000e8000000, 0x00000000e8000000)
  eden space 87424K,  99% used [0x00000000e0000000, 0x00000000e5558890, 0x00000000e5560000)
  from space 21824K,  17% used [0x00000000e5560000, 0x00000000e59212c0, 0x00000000e6ab0000)
  to   space 21824K,   0% used [0x00000000e6ab0000, 0x00000000e6ab0000, 0x00000000e8000000)
 concurrent mark-sweep generation total 393216K, used 22893K [0x00000000e8000000, 0x0000000100000000, 0x0000000100000000)
 Metaspace       used 39934K, capacity 40882K, committed 41036K, reserved 1085440K
  class space    used 4576K, capacity 4833K, committed 4940K, reserved 1048576K
2017-10-31T07:10:04.941-0700: 9209.172: [GC (Allocation Failure) 2017-10-31T07:10:04.941-0700: 9209.172: [ParNew
Desired survivor size 20112992 bytes, new threshold 8 (max 8)
- age   1:    2431952 bytes,    2431952 total
- age   2:     625896 bytes,    3057848 total
- age   3:      98000 bytes,    3155848 total
- age   4:       7752 bytes,    3163600 total
- age   5:       9840 bytes,    3173440 total
- age   6:       6864 bytes,    3180304 total
- age   7:       7696 bytes,    3188000 total
- age   8:       8080 bytes,    3196080 total
: 91238K->4734K(109248K), 0.0048762 secs] 114132K->27633K(502464K), 0.0049690 secs] [Times: user=0.00 sys=0.00, real=0.01 secs] 
Heap after GC invocations=231 (full 2):
 par new generation   total 109248K, used 4734K [0x00000000e0000000, 0x00000000e8000000, 0x00000000e8000000)
  eden space 87424K,   0% used [0x00000000e0000000, 0x00000000e0000000, 0x00000000e5560000)
  from space 21824K,  21% used [0x00000000e6ab0000, 0x00000000e6f4f850, 0x00000000e8000000)
  to   space 21824K,   0% used [0x00000000e5560000, 0x00000000e5560000, 0x00000000e6ab0000)
 concurrent mark-sweep generation total 393216K, used 22899K [0x00000000e8000000, 0x0000000100000000, 0x0000000100000000)
 Metaspace       used 39934K, capacity 40882K, committed 41036K, reserved 1085440K
  class space    used 4576K, capacity 4833K, committed 4940K, reserved 1048576K
}
2017-10-31T07:10:04.946-0700: 9209.177: Total time for which application threads were stopped: 0.0053151 seconds, Stopping threads took: 0.0000318 seconds
2017-10-31T07:10:07.796-0700: 9212.027: Total time for which application threads were stopped: 0.0002357 seconds, Stopping threads took: 0.0000339 seconds
{Heap before GC invocations=231 (full 2):
 par new generation   total 109248K, used 91766K [0x00000000e0000000, 0x00000000e8000000, 0x00000000e8000000)
  eden space 87424K,  99% used [0x00000000e0000000, 0x00000000e54fe288, 0x00000000e5560000)
  from space 21824K,  21% used [0x00000000e6ab0000, 0x00000000e6f4f850, 0x00000000e8000000)
  to   space 21824K,   0% used [0x00000000e5560000, 0x00000000e5560000, 0x00000000e6ab0000)
 concurrent mark-sweep generation total 393216K, used 22899K [0x00000000e8000000, 0x0000000100000000, 0x0000000100000000)
 Metaspace       used 39934K, capacity 40882K, committed 41036K, reserved 1085440K
  class space    used 4576K, capacity 4833K, committed 4940K, reserved 1048576K
2017-10-31T07:10:07.867-0700: 9212.098: [GC (Allocation Failure) 2017-10-31T07:10:07.867-0700: 9212.098: [ParNew
Desired survivor size 20112992 bytes, new threshold 8 (max 8)
- age   1:    2489344 bytes,    2489344 total
- age   2:     772160 bytes,    3261504 total
- age   3:      22744 bytes,    3284248 total
- age   4:      98000 bytes,    3382248 total
- age   5:       7464 bytes,    3389712 total
- age   6:       9480 bytes,    3399192 total
- age   7:       6864 bytes,    3406056 total
- age   8:       7696 bytes,    3413752 total
: 91766K->4475K(109248K), 0.0047035 secs] 114666K->27382K(502464K), 0.0047997 secs] [Times: user=0.06 sys=0.00, real=0.00 secs] 
Heap after GC invocations=232 (full 2):
 par new generation   total 109248K, used 4475K [0x00000000e0000000, 0x00000000e8000000, 0x00000000e8000000)
  eden space 87424K,   0% used [0x00000000e0000000, 0x00000000e0000000, 0x00000000e5560000)
  from space 21824K,  20% used [0x00000000e5560000, 0x00000000e59becc8, 0x00000000e6ab0000)
  to   space 21824K,   0% used [0x00000000e6ab0000, 0x00000000e6ab0000, 0x00000000e8000000)
 concurrent mark-sweep generation total 393216K, used 22907K [0x00000000e8000000, 0x0000000100000000, 0x0000000100000000)
 Metaspace       used 39934K, capacity 40882K, committed 41036K, reserved 1085440K
  class space    used 4576K, capacity 4833K, committed 4940K, reserved 1048576K
}
2017-10-31T07:10:07.872-0700: 9212.102: Total time for which application threads were stopped: 0.0050882 seconds, Stopping threads took: 0.0000230 seconds
2017-10-31T07:10:10.695-0700: 9214.926: Total time for which application threads were stopped: 0.0002445 seconds, Stopping threads took: 0.0000339 seconds
{Heap before GC invocations=232 (full 2):
 par new generation   total 109248K, used 91486K [0x00000000e0000000, 0x00000000e8000000, 0x00000000e8000000)
  eden space 87424K,  99% used [0x00000000e0000000, 0x00000000e54f8b78, 0x00000000e5560000)
  from space 21824K,  20% used [0x00000000e5560000, 0x00000000e59becc8, 0x00000000e6ab0000)
  to   space 21824K,   0% used [0x00000000e6ab0000, 0x00000000e6ab0000, 0x00000000e8000000)
 concurrent mark-sweep generation total 393216K, used 22907K [0x00000000e8000000, 0x0000000100000000, 0x0000000100000000)
 Metaspace       used 39935K, capacity 40882K, committed 41036K, reserved 1085440K
  class space    used 4576K, capacity 4833K, committed 4940K, reserved 1048576K
2017-10-31T07:10:11.023-0700: 9215.253: [GC (Allocation Failure) 2017-10-31T07:10:11.023-0700: 9215.253: [ParNew
Desired survivor size 20112992 bytes, new threshold 8 (max 8)
- age   1:    2111488 bytes,    2111488 total
- age   2:      79280 bytes,    2190768 total
- age   3:       7056 bytes,    2197824 total
- age   4:      22744 bytes,    2220568 total
- age   5:      97784 bytes,    2318352 total
- age   6:       7032 bytes,    2325384 total
- age   7:       9480 bytes,    2334864 total
- age   8:       6864 bytes,    2341728 total
: 91486K->2771K(109248K), 0.0045606 secs] 114393K->25686K(502464K), 0.0046581 secs] [Times: user=0.06 sys=0.00, real=0.00 secs] 
Heap after GC invocations=233 (full 2):
 par new generation   total 109248K, used 2771K [0x00000000e0000000, 0x00000000e8000000, 0x00000000e8000000)
  eden space 87424K,   0% used [0x00000000e0000000, 0x00000000e0000000, 0x00000000e5560000)
  from space 21824K,  12% used [0x00000000e6ab0000, 0x00000000e6d64f40, 0x00000000e8000000)
  to   space 21824K,   0% used [0x00000000e5560000, 0x00000000e5560000, 0x00000000e6ab0000)
 concurrent mark-sweep generation total 393216K, used 22915K [0x00000000e8000000, 0x0000000100000000, 0x0000000100000000)
 Metaspace       used 39935K, capacity 40882K, committed 41036K, reserved 1085440K
  class space    used 4576K, capacity 4833K, committed 4940K, reserved 1048576K
}
2017-10-31T07:10:11.027-0700: 9215.258: Total time for which application threads were stopped: 0.0049426 seconds, Stopping threads took: 0.0000223 seconds
2017-10-31T07:10:13.723-0700: 9217.954: Total time for which application threads were stopped: 0.0003793 seconds, Stopping threads took: 0.0000718 seconds
{Heap before GC invocations=233 (full 2):
 par new generation   total 109248K, used 90195K [0x00000000e0000000, 0x00000000e8000000, 0x00000000e8000000)
  eden space 87424K, 100% used [0x00000000e0000000, 0x00000000e5560000, 0x00000000e5560000)
  from space 21824K,  12% used [0x00000000e6ab0000, 0x00000000e6d64f40, 0x00000000e8000000)
  to   space 21824K,   0% used [0x00000000e5560000, 0x00000000e5560000, 0x00000000e6ab0000)
 concurrent mark-sweep generation total 393216K, used 22915K [0x00000000e8000000, 0x0000000100000000, 0x0000000100000000)
 Metaspace       used 39935K, capacity 40882K, committed 41036K, reserved 1085440K
  class space    used 4576K, capacity 4833K, committed 4940K, reserved 1048576K
2017-10-31T07:10:14.843-0700: 9219.074: [GC (Allocation Failure) 2017-10-31T07:10:14.843-0700: 9219.074: [ParNew
Desired survivor size 20112992 bytes, new threshold 8 (max 8)
- age   1:    1844184 bytes,    1844184 total
- age   2:      75512 bytes,    1919696 total
- age   3:       7176 bytes,    1926872 total
- age   4:       7056 bytes,    1933928 total
- age   5:      22456 bytes,    1956384 total
- age   6:      97280 bytes,    2053664 total
- age   7:       7032 bytes,    2060696 total
- age   8:       9480 bytes,    2070176 total
: 90195K->3449K(109248K), 0.0038861 secs] 113110K->26371K(502464K), 0.0039815 secs] [Times: user=0.00 sys=0.00, real=0.00 secs] 
Heap after GC invocations=234 (full 2):
 par new generation   total 109248K, used 3449K [0x00000000e0000000, 0x00000000e8000000, 0x00000000e8000000)
  eden space 87424K,   0% used [0x00000000e0000000, 0x00000000e0000000, 0x00000000e5560000)
  from space 21824K,  15% used [0x00000000e5560000, 0x00000000e58be7b0, 0x00000000e6ab0000)
  to   space 21824K,   0% used [0x00000000e6ab0000, 0x00000000e6ab0000, 0x00000000e8000000)
 concurrent mark-sweep generation total 393216K, used 22921K [0x00000000e8000000, 0x0000000100000000, 0x0000000100000000)
 Metaspace       used 39935K, capacity 40882K, committed 41036K, reserved 1085440K
  class space    used 4576K, capacity 4833K, committed 4940K, reserved 1048576K
}
2017-10-31T07:10:14.848-0700: 9219.078: Total time for which application threads were stopped: 0.0043093 seconds, Stopping threads took: 0.0000305 seconds
2017-10-31T07:10:16.541-0700: 9220.772: Total time for which application threads were stopped: 0.0003136 seconds, Stopping threads took: 0.0000386 seconds
2017-10-31T07:10:17.541-0700: 9221.772: Total time for which application threads were stopped: 0.0001693 seconds, Stopping threads took: 0.0000325 seconds
{Heap before GC invocations=234 (full 2):
 par new generation   total 109248K, used 90873K [0x00000000e0000000, 0x00000000e8000000, 0x00000000e8000000)
  eden space 87424K, 100% used [0x00000000e0000000, 0x00000000e5560000, 0x00000000e5560000)
  from space 21824K,  15% used [0x00000000e5560000, 0x00000000e58be7b0, 0x00000000e6ab0000)
  to   space 21824K,   0% used [0x00000000e6ab0000, 0x00000000e6ab0000, 0x00000000e8000000)
 concurrent mark-sweep generation total 393216K, used 22921K [0x00000000e8000000, 0x0000000100000000, 0x0000000100000000)
 Metaspace       used 39935K, capacity 40882K, committed 41036K, reserved 1085440K
  class space    used 4576K, capacity 4833K, committed 4940K, reserved 1048576K
2017-10-31T07:10:18.017-0700: 9222.248: [GC (Allocation Failure) 2017-10-31T07:10:18.017-0700: 9222.248: [ParNew
Desired survivor size 20112992 bytes, new threshold 8 (max 8)
- age   1:    2210688 bytes,    2210688 total
- age   2:       8376 bytes,    2219064 total
- age   3:       7520 bytes,    2226584 total
- age   4:       7176 bytes,    2233760 total
- age   5:       6912 bytes,    2240672 total
- age   6:      22024 bytes,    2262696 total
- age   7:      97280 bytes,    2359976 total
- age   8:       7032 bytes,    2367008 total
: 90873K->2709K(109248K), 0.0073123 secs] 113795K->25640K(502464K), 0.0073996 secs] [Times: user=0.00 sys=0.00, real=0.01 secs] 
Heap after GC invocations=235 (full 2):
 par new generation   total 109248K, used 2709K [0x00000000e0000000, 0x00000000e8000000, 0x00000000e8000000)
  eden space 87424K,   0% used [0x00000000e0000000, 0x00000000e0000000, 0x00000000e5560000)
  from space 21824K,  12% used [0x00000000e6ab0000, 0x00000000e6d55500, 0x00000000e8000000)
  to   space 21824K,   0% used [0x00000000e5560000, 0x00000000e5560000, 0x00000000e6ab0000)
 concurrent mark-sweep generation total 393216K, used 22931K [0x00000000e8000000, 0x0000000100000000, 0x0000000100000000)
 Metaspace       used 39935K, capacity 40882K, committed 41036K, reserved 1085440K
  class space    used 4576K, capacity 4833K, committed 4940K, reserved 1048576K
}
2017-10-31T07:10:18.025-0700: 9222.256: Total time for which application threads were stopped: 0.0076448 seconds, Stopping threads took: 0.0000237 seconds
2017-10-31T07:10:19.411-0700: 9223.641: Total time for which application threads were stopped: 0.0002662 seconds, Stopping threads took: 0.0000318 seconds
2017-10-31T07:10:20.411-0700: 9224.641: Total time for which application threads were stopped: 0.0001388 seconds, Stopping threads took: 0.0000332 seconds
{Heap before GC invocations=235 (full 2):
 par new generation   total 109248K, used 89655K [0x00000000e0000000, 0x00000000e8000000, 0x00000000e8000000)
  eden space 87424K,  99% used [0x00000000e0000000, 0x00000000e54e8938, 0x00000000e5560000)
  from space 21824K,  12% used [0x00000000e6ab0000, 0x00000000e6d55500, 0x00000000e8000000)
  to   space 21824K,   0% used [0x00000000e5560000, 0x00000000e5560000, 0x00000000e6ab0000)
 concurrent mark-sweep generation total 393216K, used 22931K [0x00000000e8000000, 0x0000000100000000, 0x0000000100000000)
 Metaspace       used 39935K, capacity 40882K, committed 41036K, reserved 1085440K
  class space    used 4576K, capacity 4833K, committed 4940K, reserved 1048576K
2017-10-31T07:10:21.201-0700: 9225.432: [GC (Allocation Failure) 2017-10-31T07:10:21.201-0700: 9225.432: [ParNew
Desired survivor size 20112992 bytes, new threshold 8 (max 8)
- age   1:    2094472 bytes,    2094472 total
- age   2:      76480 bytes,    2170952 total
- age   3:       7464 bytes,    2178416 total
- age   4:       7520 bytes,    2185936 total
- age   5:       7032 bytes,    2192968 total
- age   6:       6408 bytes,    2199376 total
- age   7:      22024 bytes,    2221400 total
- age   8:      97280 bytes,    2318680 total
: 89655K->3364K(109248K), 0.0068118 secs] 112586K->26302K(502464K), 0.0068924 secs] [Times: user=0.00 sys=0.00, real=0.01 secs] 
Heap after GC invocations=236 (full 2):
 par new generation   total 109248K, used 3364K [0x00000000e0000000, 0x00000000e8000000, 0x00000000e8000000)
  eden space 87424K,   0% used [0x00000000e0000000, 0x00000000e0000000, 0x00000000e5560000)
  from space 21824K,  15% used [0x00000000e5560000, 0x00000000e58a9390, 0x00000000e6ab0000)
  to   space 21824K,   0% used [0x00000000e6ab0000, 0x00000000e6ab0000, 0x00000000e8000000)
 concurrent mark-sweep generation total 393216K, used 22937K [0x00000000e8000000, 0x0000000100000000, 0x0000000100000000)
 Metaspace       used 39935K, capacity 40882K, committed 41036K, reserved 1085440K
  class space    used 4576K, capacity 4833K, committed 4940K, reserved 1048576K
}
2017-10-31T07:10:21.208-0700: 9225.439: Total time for which application threads were stopped: 0.0071355 seconds, Stopping threads took: 0.0000230 seconds
2017-10-31T07:10:22.283-0700: 9226.513: Total time for which application threads were stopped: 0.0002763 seconds, Stopping threads took: 0.0000596 seconds
{Heap before GC invocations=236 (full 2):
 par new generation   total 109248K, used 90347K [0x00000000e0000000, 0x00000000e8000000, 0x00000000e8000000)
  eden space 87424K,  99% used [0x00000000e0000000, 0x00000000e54f1928, 0x00000000e5560000)
  from space 21824K,  15% used [0x00000000e5560000, 0x00000000e58a9390, 0x00000000e6ab0000)
  to   space 21824K,   0% used [0x00000000e6ab0000, 0x00000000e6ab0000, 0x00000000e8000000)
 concurrent mark-sweep generation total 393216K, used 22937K [0x00000000e8000000, 0x0000000100000000, 0x0000000100000000)
 Metaspace       used 39935K, capacity 40882K, committed 41036K, reserved 1085440K
  class space    used 4576K, capacity 4833K, committed 4940K, reserved 1048576K
2017-10-31T07:10:24.822-0700: 9229.052: [GC (Allocation Failure) 2017-10-31T07:10:24.822-0700: 9229.053: [ParNew
Desired survivor size 20112992 bytes, new threshold 8 (max 8)
- age   1:    2386600 bytes,    2386600 total
- age   2:       9696 bytes,    2396296 total
- age   3:       8488 bytes,    2404784 total
- age   4:       7464 bytes,    2412248 total
- age   5:       7160 bytes,    2419408 total
- age   6:       6528 bytes,    2425936 total
- age   7:       6408 bytes,    2432344 total
- age   8:      22024 bytes,    2454368 total
: 90347K->2646K(109248K), 0.0052900 secs] 113285K->25680K(502464K), 0.0053699 secs] [Times: user=0.06 sys=0.00, real=0.00 secs] 
Heap after GC invocations=237 (full 2):
 par new generation   total 109248K, used 2646K [0x00000000e0000000, 0x00000000e8000000, 0x00000000e8000000)
  eden space 87424K,   0% used [0x00000000e0000000, 0x00000000e0000000, 0x00000000e5560000)
  from space 21824K,  12% used [0x00000000e6ab0000, 0x00000000e6d45b10, 0x00000000e8000000)
  to   space 21824K,   0% used [0x00000000e5560000, 0x00000000e5560000, 0x00000000e6ab0000)
 concurrent mark-sweep generation total 393216K, used 23034K [0x00000000e8000000, 0x0000000100000000, 0x0000000100000000)
 Metaspace       used 39935K, capacity 40882K, committed 41036K, reserved 1085440K
  class space    used 4576K, capacity 4833K, committed 4940K, reserved 1048576K
}
2017-10-31T07:10:24.827-0700: 9229.058: Total time for which application threads were stopped: 0.0056483 seconds, Stopping threads took: 0.0000257 seconds
2017-10-31T07:10:25.391-0700: 9229.621: Total time for which application threads were stopped: 0.0003000 seconds, Stopping threads took: 0.0000650 seconds
{Heap before GC invocations=237 (full 2):
 par new generation   total 109248K, used 89678K [0x00000000e0000000, 0x00000000e8000000, 0x00000000e8000000)
  eden space 87424K,  99% used [0x00000000e0000000, 0x00000000e54fdf48, 0x00000000e5560000)
  from space 21824K,  12% used [0x00000000e6ab0000, 0x00000000e6d45b10, 0x00000000e8000000)
  to   space 21824K,   0% used [0x00000000e5560000, 0x00000000e5560000, 0x00000000e6ab0000)
 concurrent mark-sweep generation total 393216K, used 23034K [0x00000000e8000000, 0x0000000100000000, 0x0000000100000000)
 Metaspace       used 39935K, capacity 40882K, committed 41036K, reserved 1085440K
  class space    used 4576K, capacity 4833K, committed 4940K, reserved 1048576K
2017-10-31T07:10:28.001-0700: 9232.232: [GC (Allocation Failure) 2017-10-31T07:10:28.001-0700: 9232.232: [ParNew
Desired survivor size 20112992 bytes, new threshold 8 (max 8)
- age   1:    2176576 bytes,    2176576 total
- age   2:     207136 bytes,    2383712 total
- age   3:       8728 bytes,    2392440 total
- age   4:       8488 bytes,    2400928 total
- age   5:       7104 bytes,    2408032 total
- age   6:       6800 bytes,    2414832 total
- age   7:       6528 bytes,    2421360 total
- age   8:       6408 bytes,    2427768 total
: 89678K->3151K(109248K), 0.0068213 secs] 112712K->26207K(502464K), 0.0069005 secs] [Times: user=0.00 sys=0.00, real=0.01 secs] 
Heap after GC invocations=238 (full 2):
 par new generation   total 109248K, used 3151K [0x00000000e0000000, 0x00000000e8000000, 0x00000000e8000000)
  eden space 87424K,   0% used [0x00000000e0000000, 0x00000000e0000000, 0x00000000e5560000)
  from space 21824K,  14% used [0x00000000e5560000, 0x00000000e5873c00, 0x00000000e6ab0000)
  to   space 21824K,   0% used [0x00000000e6ab0000, 0x00000000e6ab0000, 0x00000000e8000000)
 concurrent mark-sweep generation total 393216K, used 23056K [0x00000000e8000000, 0x0000000100000000, 0x0000000100000000)
 Metaspace       used 39935K, capacity 40882K, committed 41036K, reserved 1085440K
  class space    used 4576K, capacity 4833K, committed 4940K, reserved 1048576K
}
2017-10-31T07:10:28.008-0700: 9232.239: Total time for which application threads were stopped: 0.0071457 seconds, Stopping threads took: 0.0000278 seconds
2017-10-31T07:10:28.285-0700: 9232.516: Total time for which application threads were stopped: 0.0002397 seconds, Stopping threads took: 0.0000325 seconds
2017-10-31T07:10:30.287-0700: 9234.518: Total time for which application threads were stopped: 0.0001558 seconds, Stopping threads took: 0.0000345 seconds
2017-10-31T07:10:31.281-0700: 9235.512: Total time for which application threads were stopped: 0.0001883 seconds, Stopping threads took: 0.0000257 seconds
{Heap before GC invocations=238 (full 2):
 par new generation   total 109248K, used 90575K [0x00000000e0000000, 0x00000000e8000000, 0x00000000e8000000)
  eden space 87424K, 100% used [0x00000000e0000000, 0x00000000e5560000, 0x00000000e5560000)
  from space 21824K,  14% used [0x00000000e5560000, 0x00000000e5873c00, 0x00000000e6ab0000)
  to   space 21824K,   0% used [0x00000000e6ab0000, 0x00000000e6ab0000, 0x00000000e8000000)
 concurrent mark-sweep generation total 393216K, used 23056K [0x00000000e8000000, 0x0000000100000000, 0x0000000100000000)
 Metaspace       used 39935K, capacity 40882K, committed 41036K, reserved 1085440K
  class space    used 4576K, capacity 4833K, committed 4940K, reserved 1048576K
2017-10-31T07:10:31.308-0700: 9235.539: [GC (Allocation Failure) 2017-10-31T07:10:31.309-0700: 9235.539: [ParNew
Desired survivor size 20112992 bytes, new threshold 8 (max 8)
- age   1:    2750504 bytes,    2750504 total
- age   2:      75432 bytes,    2825936 total
- age   3:       8040 bytes,    2833976 total
- age   4:       8728 bytes,    2842704 total
- age   5:       8056 bytes,    2850760 total
- age   6:       6744 bytes,    2857504 total
- age   7:       6800 bytes,    2864304 total
- age   8:       6528 bytes,    2870832 total
: 90575K->3408K(109248K), 0.0042565 secs] 113631K->26471K(502464K), 0.0043561 secs] [Times: user=0.00 sys=0.00, real=0.00 secs] 
Heap after GC invocations=239 (full 2):
 par new generation   total 109248K, used 3408K [0x00000000e0000000, 0x00000000e8000000, 0x00000000e8000000)
  eden space 87424K,   0% used [0x00000000e0000000, 0x00000000e0000000, 0x00000000e5560000)
  from space 21824K,  15% used [0x00000000e6ab0000, 0x00000000e6e04270, 0x00000000e8000000)
  to   space 21824K,   0% used [0x00000000e5560000, 0x00000000e5560000, 0x00000000e6ab0000)
 concurrent mark-sweep generation total 393216K, used 23062K [0x00000000e8000000, 0x0000000100000000, 0x0000000100000000)
 Metaspace       used 39935K, capacity 40882K, committed 41036K, reserved 1085440K
  class space    used 4576K, capacity 4833K, committed 4940K, reserved 1048576K
}
2017-10-31T07:10:31.313-0700: 9235.544: Total time for which application threads were stopped: 0.0047021 seconds, Stopping threads took: 0.0000312 seconds
2017-10-31T07:10:34.273-0700: 9238.504: Total time for which application threads were stopped: 0.0003109 seconds, Stopping threads took: 0.0000400 seconds
{Heap before GC invocations=239 (full 2):
 par new generation   total 109248K, used 90832K [0x00000000e0000000, 0x00000000e8000000, 0x00000000e8000000)
  eden space 87424K, 100% used [0x00000000e0000000, 0x00000000e5560000, 0x00000000e5560000)
  from space 21824K,  15% used [0x00000000e6ab0000, 0x00000000e6e04270, 0x00000000e8000000)
  to   space 21824K,   0% used [0x00000000e5560000, 0x00000000e5560000, 0x00000000e6ab0000)
 concurrent mark-sweep generation total 393216K, used 23062K [0x00000000e8000000, 0x0000000100000000, 0x0000000100000000)
 Metaspace       used 39935K, capacity 40882K, committed 41036K, reserved 1085440K
  class space    used 4576K, capacity 4833K, committed 4940K, reserved 1048576K
2017-10-31T07:10:34.363-0700: 9238.594: [GC (Allocation Failure) 2017-10-31T07:10:34.363-0700: 9238.594: [ParNew
Desired survivor size 20112992 bytes, new threshold 8 (max 8)
- age   1:    2672752 bytes,    2672752 total
- age   2:     608776 bytes,    3281528 total
- age   3:       7440 bytes,    3288968 total
- age   4:       8040 bytes,    3297008 total
- age   5:       8440 bytes,    3305448 total
- age   6:       7696 bytes,    3313144 total
- age   7:       6744 bytes,    3319888 total
- age   8:       6800 bytes,    3326688 total
: 90832K->4400K(109248K), 0.0057302 secs] 113895K->27469K(502464K), 0.0058636 secs] [Times: user=0.00 sys=0.02, real=0.01 secs] 
Heap after GC invocations=240 (full 2):
 par new generation   total 109248K, used 4400K [0x00000000e0000000, 0x00000000e8000000, 0x00000000e8000000)
  eden space 87424K,   0% used [0x00000000e0000000, 0x00000000e0000000, 0x00000000e5560000)
  from space 21824K,  20% used [0x00000000e5560000, 0x00000000e59ac220, 0x00000000e6ab0000)
  to   space 21824K,   0% used [0x00000000e6ab0000, 0x00000000e6ab0000, 0x00000000e8000000)
 concurrent mark-sweep generation total 393216K, used 23068K [0x00000000e8000000, 0x0000000100000000, 0x0000000100000000)
 Metaspace       used 39935K, capacity 40882K, committed 41036K, reserved 1085440K
  class space    used 4576K, capacity 4833K, committed 4940K, reserved 1048576K
}
2017-10-31T07:10:34.369-0700: 9238.600: Total time for which application threads were stopped: 0.0062795 seconds, Stopping threads took: 0.0000379 seconds
2017-10-31T07:10:37.693-0700: 9241.923: Total time for which application threads were stopped: 0.0006122 seconds, Stopping threads took: 0.0000840 seconds
{Heap before GC invocations=240 (full 2):
 par new generation   total 109248K, used 91824K [0x00000000e0000000, 0x00000000e8000000, 0x00000000e8000000)
  eden space 87424K, 100% used [0x00000000e0000000, 0x00000000e5560000, 0x00000000e5560000)
  from space 21824K,  20% used [0x00000000e5560000, 0x00000000e59ac220, 0x00000000e6ab0000)
  to   space 21824K,   0% used [0x00000000e6ab0000, 0x00000000e6ab0000, 0x00000000e8000000)
 concurrent mark-sweep generation total 393216K, used 23068K [0x00000000e8000000, 0x0000000100000000, 0x0000000100000000)
 Metaspace       used 39935K, capacity 40882K, committed 41036K, reserved 1085440K
  class space    used 4576K, capacity 4833K, committed 4940K, reserved 1048576K
2017-10-31T07:10:37.862-0700: 9242.093: [GC (Allocation Failure) 2017-10-31T07:10:37.862-0700: 9242.093: [ParNew
Desired survivor size 20112992 bytes, new threshold 8 (max 8)
- age   1:    2120112 bytes,    2120112 total
- age   2:    1006112 bytes,    3126224 total
- age   3:       7992 bytes,    3134216 total
- age   4:       7440 bytes,    3141656 total
- age   5:       7680 bytes,    3149336 total
- age   6:       8008 bytes,    3157344 total
- age   7:       7696 bytes,    3165040 total
- age   8:       6744 bytes,    3171784 total
: 91824K->4398K(109248K), 0.0041956 secs] 114893K->27474K(502464K), 0.0042870 secs] [Times: user=0.00 sys=0.00, real=0.01 secs] 
Heap after GC invocations=241 (full 2):
 par new generation   total 109248K, used 4398K [0x00000000e0000000, 0x00000000e8000000, 0x00000000e8000000)
  eden space 87424K,   0% used [0x00000000e0000000, 0x00000000e0000000, 0x00000000e5560000)
  from space 21824K,  20% used [0x00000000e6ab0000, 0x00000000e6efbb80, 0x00000000e8000000)
  to   space 21824K,   0% used [0x00000000e5560000, 0x00000000e5560000, 0x00000000e6ab0000)
 concurrent mark-sweep generation total 393216K, used 23075K [0x00000000e8000000, 0x0000000100000000, 0x0000000100000000)
 Metaspace       used 39935K, capacity 40882K, committed 41036K, reserved 1085440K
  class space    used 4576K, capacity 4833K, committed 4940K, reserved 1048576K
}
2017-10-31T07:10:37.867-0700: 9242.097: Total time for which application threads were stopped: 0.0046215 seconds, Stopping threads took: 0.0000312 seconds
2017-10-31T07:10:40.686-0700: 9244.917: Total time for which application threads were stopped: 0.0001890 seconds, Stopping threads took: 0.0000332 seconds
{Heap before GC invocations=241 (full 2):
 par new generation   total 109248K, used 91822K [0x00000000e0000000, 0x00000000e8000000, 0x00000000e8000000)
  eden space 87424K, 100% used [0x00000000e0000000, 0x00000000e5560000, 0x00000000e5560000)
  from space 21824K,  20% used [0x00000000e6ab0000, 0x00000000e6efbb80, 0x00000000e8000000)
  to   space 21824K,   0% used [0x00000000e5560000, 0x00000000e5560000, 0x00000000e6ab0000)
 concurrent mark-sweep generation total 393216K, used 23075K [0x00000000e8000000, 0x0000000100000000, 0x0000000100000000)
 Metaspace       used 39935K, capacity 40882K, committed 41036K, reserved 1085440K
  class space    used 4576K, capacity 4833K, committed 4940K, reserved 1048576K
2017-10-31T07:10:41.725-0700: 9245.957: [GC (Allocation Failure) 2017-10-31T07:10:41.725-0700: 9245.957: [ParNew
Desired survivor size 20112992 bytes, new threshold 8 (max 8)
- age   1:    1846384 bytes,    1846384 total
- age   2:       8160 bytes,    1854544 total
- age   3:       6600 bytes,    1861144 total
- age   4:       7992 bytes,    1869136 total
- age   5:       7080 bytes,    1876216 total
- age   6:       7248 bytes,    1883464 total
- age   7:       8008 bytes,    1891472 total
- age   8:       7696 bytes,    1899168 total
: 91822K->2681K(109248K), 0.0038624 secs] 114898K->25763K(502464K), 0.0039463 secs] [Times: user=0.01 sys=0.00, real=0.00 secs] 
Heap after GC invocations=242 (full 2):
 par new generation   total 109248K, used 2681K [0x00000000e0000000, 0x00000000e8000000, 0x00000000e8000000)
  eden space 87424K,   0% used [0x00000000e0000000, 0x00000000e0000000, 0x00000000e5560000)
  from space 21824K,  12% used [0x00000000e5560000, 0x00000000e57fe5f0, 0x00000000e6ab0000)
  to   space 21824K,   0% used [0x00000000e6ab0000, 0x00000000e6ab0000, 0x00000000e8000000)
 concurrent mark-sweep generation total 393216K, used 23082K [0x00000000e8000000, 0x0000000100000000, 0x0000000100000000)
 Metaspace       used 39935K, capacity 40882K, committed 41036K, reserved 1085440K
  class space    used 4576K, capacity 4833K, committed 4940K, reserved 1048576K
}
2017-10-31T07:10:41.729-0700: 9245.961: Total time for which application threads were stopped: 0.0042003 seconds, Stopping threads took: 0.0000251 seconds
2017-10-31T07:10:44.040-0700: 9248.271: Total time for which application threads were stopped: 0.0003901 seconds, Stopping threads took: 0.0001138 seconds
2017-10-31T07:10:45.040-0700: 9249.271: Total time for which application threads were stopped: 0.0001625 seconds, Stopping threads took: 0.0000318 seconds
{Heap before GC invocations=242 (full 2):
 par new generation   total 109248K, used 89709K [0x00000000e0000000, 0x00000000e8000000, 0x00000000e8000000)
  eden space 87424K,  99% used [0x00000000e0000000, 0x00000000e54fd080, 0x00000000e5560000)
  from space 21824K,  12% used [0x00000000e5560000, 0x00000000e57fe5f0, 0x00000000e6ab0000)
  to   space 21824K,   0% used [0x00000000e6ab0000, 0x00000000e6ab0000, 0x00000000e8000000)
 concurrent mark-sweep generation total 393216K, used 23082K [0x00000000e8000000, 0x0000000100000000, 0x0000000100000000)
 Metaspace       used 39935K, capacity 40882K, committed 41036K, reserved 1085440K
  class space    used 4576K, capacity 4833K, committed 4940K, reserved 1048576K
2017-10-31T07:10:45.297-0700: 9249.528: [GC (Allocation Failure) 2017-10-31T07:10:45.297-0700: 9249.528: [ParNew
Desired survivor size 20112992 bytes, new threshold 8 (max 8)
- age   1:    2154088 bytes,    2154088 total
- age   2:       9632 bytes,    2163720 total
- age   3:       7200 bytes,    2170920 total
- age   4:       6600 bytes,    2177520 total
- age   5:       7560 bytes,    2185080 total
- age   6:       6720 bytes,    2191800 total
- age   7:       7248 bytes,    2199048 total
- age   8:       8008 bytes,    2207056 total
: 89709K->2699K(109248K), 0.0039355 secs] 112791K->25789K(502464K), 0.0040120 secs] [Times: user=0.00 sys=0.00, real=0.00 secs] 
Heap after GC invocations=243 (full 2):
 par new generation   total 109248K, used 2699K [0x00000000e0000000, 0x00000000e8000000, 0x00000000e8000000)
  eden space 87424K,   0% used [0x00000000e0000000, 0x00000000e0000000, 0x00000000e5560000)
  from space 21824K,  12% used [0x00000000e6ab0000, 0x00000000e6d52ed0, 0x00000000e8000000)
  to   space 21824K,   0% used [0x00000000e5560000, 0x00000000e5560000, 0x00000000e6ab0000)
 concurrent mark-sweep generation total 393216K, used 23089K [0x00000000e8000000, 0x0000000100000000, 0x0000000100000000)
 Metaspace       used 39935K, capacity 40882K, committed 41036K, reserved 1085440K
  class space    used 4576K, capacity 4833K, committed 4940K, reserved 1048576K
}
2017-10-31T07:10:45.301-0700: 9249.532: Total time for which application threads were stopped: 0.0042552 seconds, Stopping threads took: 0.0000223 seconds
2017-10-31T07:10:46.829-0700: 9251.059: Total time for which application threads were stopped: 0.0002262 seconds, Stopping threads took: 0.0000325 seconds
{Heap before GC invocations=243 (full 2):
 par new generation   total 109248K, used 90123K [0x00000000e0000000, 0x00000000e8000000, 0x00000000e8000000)
  eden space 87424K, 100% used [0x00000000e0000000, 0x00000000e5560000, 0x00000000e5560000)
  from space 21824K,  12% used [0x00000000e6ab0000, 0x00000000e6d52ed0, 0x00000000e8000000)
  to   space 21824K,   0% used [0x00000000e5560000, 0x00000000e5560000, 0x00000000e6ab0000)
 concurrent mark-sweep generation total 393216K, used 23089K [0x00000000e8000000, 0x0000000100000000, 0x0000000100000000)
 Metaspace       used 39935K, capacity 40882K, committed 41036K, reserved 1085440K
  class space    used 4576K, capacity 4833K, committed 4940K, reserved 1048576K
2017-10-31T07:10:48.396-0700: 9252.627: [GC (Allocation Failure) 2017-10-31T07:10:48.396-0700: 9252.627: [ParNew
Desired survivor size 20112992 bytes, new threshold 8 (max 8)
- age   1:    1946624 bytes,    1946624 total
- age   2:      76096 bytes,    2022720 total
- age   3:       8464 bytes,    2031184 total
- age   4:       7200 bytes,    2038384 total
- age   5:       6240 bytes,    2044624 total
- age   6:       7272 bytes,    2051896 total
- age   7:       6720 bytes,    2058616 total
- age   8:       7248 bytes,    2065864 total
: 90123K->2502K(109248K), 0.0040256 secs] 113213K->25600K(502464K), 0.0041089 secs] [Times: user=0.00 sys=0.00, real=0.00 secs] 
Heap after GC invocations=244 (full 2):
 par new generation   total 109248K, used 2502K [0x00000000e0000000, 0x00000000e8000000, 0x00000000e8000000)
  eden space 87424K,   0% used [0x00000000e0000000, 0x00000000e0000000, 0x00000000e5560000)
  from space 21824K,  11% used [0x00000000e5560000, 0x00000000e57d1b38, 0x00000000e6ab0000)
  to   space 21824K,   0% used [0x00000000e6ab0000, 0x00000000e6ab0000, 0x00000000e8000000)
 concurrent mark-sweep generation total 393216K, used 23097K [0x00000000e8000000, 0x0000000100000000, 0x0000000100000000)
 Metaspace       used 39935K, capacity 40882K, committed 41036K, reserved 1085440K
  class space    used 4576K, capacity 4833K, committed 4940K, reserved 1048576K
}
2017-10-31T07:10:48.400-0700: 9252.631: Total time for which application threads were stopped: 0.0043696 seconds, Stopping threads took: 0.0000305 seconds
2017-10-31T07:10:49.655-0700: 9253.885: Total time for which application threads were stopped: 0.0002736 seconds, Stopping threads took: 0.0000474 seconds
{Heap before GC invocations=244 (full 2):
 par new generation   total 109248K, used 89715K [0x00000000e0000000, 0x00000000e8000000, 0x00000000e8000000)
  eden space 87424K,  99% used [0x00000000e0000000, 0x00000000e552b4b8, 0x00000000e5560000)
  from space 21824K,  11% used [0x00000000e5560000, 0x00000000e57d1b38, 0x00000000e6ab0000)
  to   space 21824K,   0% used [0x00000000e6ab0000, 0x00000000e6ab0000, 0x00000000e8000000)
 concurrent mark-sweep generation total 393216K, used 23097K [0x00000000e8000000, 0x0000000100000000, 0x0000000100000000)
 Metaspace       used 39935K, capacity 40882K, committed 41036K, reserved 1085440K
  class space    used 4576K, capacity 4833K, committed 4940K, reserved 1048576K
2017-10-31T07:10:51.867-0700: 9256.097: [GC (Allocation Failure) 2017-10-31T07:10:51.867-0700: 9256.097: [ParNew
Desired survivor size 20112992 bytes, new threshold 8 (max 8)
- age   1:    2304752 bytes,    2304752 total
- age   2:       8808 bytes,    2313560 total
- age   3:       8056 bytes,    2321616 total
- age   4:       8464 bytes,    2330080 total
- age   5:       6696 bytes,    2336776 total
- age   6:       5952 bytes,    2342728 total
- age   7:       7272 bytes,    2350000 total
- age   8:       6720 bytes,    2356720 total
: 89715K->2565K(109248K), 0.0044692 secs] 112813K->25670K(502464K), 0.0045647 secs] [Times: user=0.06 sys=0.00, real=0.00 secs] 
Heap after GC invocations=245 (full 2):
 par new generation   total 109248K, used 2565K [0x00000000e0000000, 0x00000000e8000000, 0x00000000e8000000)
  eden space 87424K,   0% used [0x00000000e0000000, 0x00000000e0000000, 0x00000000e5560000)
  from space 21824K,  11% used [0x00000000e6ab0000, 0x00000000e6d31660, 0x00000000e8000000)
  to   space 21824K,   0% used [0x00000000e5560000, 0x00000000e5560000, 0x00000000e6ab0000)
 concurrent mark-sweep generation total 393216K, used 23104K [0x00000000e8000000, 0x0000000100000000, 0x0000000100000000)
 Metaspace       used 39935K, capacity 40882K, committed 41036K, reserved 1085440K
  class space    used 4576K, capacity 4833K, committed 4940K, reserved 1048576K
}
2017-10-31T07:10:51.871-0700: 9256.102: Total time for which application threads were stopped: 0.0048830 seconds, Stopping threads took: 0.0000251 seconds
2017-10-31T07:10:52.814-0700: 9257.044: Total time for which application threads were stopped: 0.0002675 seconds, Stopping threads took: 0.0000481 seconds
{Heap before GC invocations=245 (full 2):
 par new generation   total 109248K, used 89678K [0x00000000e0000000, 0x00000000e8000000, 0x00000000e8000000)
  eden space 87424K,  99% used [0x00000000e0000000, 0x00000000e5512468, 0x00000000e5560000)
  from space 21824K,  11% used [0x00000000e6ab0000, 0x00000000e6d31660, 0x00000000e8000000)
  to   space 21824K,   0% used [0x00000000e5560000, 0x00000000e5560000, 0x00000000e6ab0000)
 concurrent mark-sweep generation total 393216K, used 23104K [0x00000000e8000000, 0x0000000100000000, 0x0000000100000000)
 Metaspace       used 39935K, capacity 40882K, committed 41036K, reserved 1085440K
  class space    used 4576K, capacity 4833K, committed 4940K, reserved 1048576K
2017-10-31T07:10:55.071-0700: 9259.302: [GC (Allocation Failure) 2017-10-31T07:10:55.071-0700: 9259.302: [ParNew
Desired survivor size 20112992 bytes, new threshold 8 (max 8)
- age   1:    2276392 bytes,    2276392 total
- age   2:      78040 bytes,    2354432 total
- age   3:       7896 bytes,    2362328 total
- age   4:       8056 bytes,    2370384 total
- age   5:       7992 bytes,    2378376 total
- age   6:       6552 bytes,    2384928 total
- age   7:       5952 bytes,    2390880 total
- age   8:       7272 bytes,    2398152 total
: 89678K->2709K(109248K), 0.0093562 secs] 112783K->25820K(502464K), 0.0095770 secs] [Times: user=0.06 sys=0.00, real=0.01 secs] 
Heap after GC invocations=246 (full 2):
 par new generation   total 109248K, used 2709K [0x00000000e0000000, 0x00000000e8000000, 0x00000000e8000000)
  eden space 87424K,   0% used [0x00000000e0000000, 0x00000000e0000000, 0x00000000e5560000)
  from space 21824K,  12% used [0x00000000e5560000, 0x00000000e5805478, 0x00000000e6ab0000)
  to   space 21824K,   0% used [0x00000000e6ab0000, 0x00000000e6ab0000, 0x00000000e8000000)
 concurrent mark-sweep generation total 393216K, used 23111K [0x00000000e8000000, 0x0000000100000000, 0x0000000100000000)
 Metaspace       used 39935K, capacity 40882K, committed 41036K, reserved 1085440K
  class space    used 4576K, capacity 4833K, committed 4940K, reserved 1048576K
}
2017-10-31T07:10:55.082-0700: 9259.312: Total time for which application threads were stopped: 0.0101879 seconds, Stopping threads took: 0.0000684 seconds
2017-10-31T07:10:55.678-0700: 9259.909: Total time for which application threads were stopped: 0.0003705 seconds, Stopping threads took: 0.0000501 seconds
2017-10-31T07:10:57.679-0700: 9261.909: Total time for which application threads were stopped: 0.0003271 seconds, Stopping threads took: 0.0000684 seconds
2017-10-31T07:10:58.769-0700: 9263.000: Total time for which application threads were stopped: 0.0003163 seconds, Stopping threads took: 0.0000379 seconds
{Heap before GC invocations=246 (full 2):
 par new generation   total 109248K, used 90133K [0x00000000e0000000, 0x00000000e8000000, 0x00000000e8000000)
  eden space 87424K, 100% used [0x00000000e0000000, 0x00000000e5560000, 0x00000000e5560000)
  from space 21824K,  12% used [0x00000000e5560000, 0x00000000e5805478, 0x00000000e6ab0000)
  to   space 21824K,   0% used [0x00000000e6ab0000, 0x00000000e6ab0000, 0x00000000e8000000)
 concurrent mark-sweep generation total 393216K, used 23111K [0x00000000e8000000, 0x0000000100000000, 0x0000000100000000)
 Metaspace       used 39941K, capacity 40946K, committed 41292K, reserved 1085440K
  class space    used 4576K, capacity 4833K, committed 4940K, reserved 1048576K
2017-10-31T07:10:58.798-0700: 9263.029: [GC (Allocation Failure) 2017-10-31T07:10:58.798-0700: 9263.029: [ParNew
Desired survivor size 20112992 bytes, new threshold 8 (max 8)
- age   1:    2841896 bytes,    2841896 total
- age   2:       9448 bytes,    2851344 total
- age   3:      10048 bytes,    2861392 total
- age   4:       7896 bytes,    2869288 total
- age   5:       7552 bytes,    2876840 total
- age   6:       7704 bytes,    2884544 total
- age   7:       6336 bytes,    2890880 total
- age   8:       5952 bytes,    2896832 total
: 90133K->3091K(109248K), 0.0093257 secs] 113244K->26210K(502464K), 0.0094395 secs] [Times: user=0.00 sys=0.01, real=0.01 secs] 
Heap after GC invocations=247 (full 2):
 par new generation   total 109248K, used 3091K [0x00000000e0000000, 0x00000000e8000000, 0x00000000e8000000)
  eden space 87424K,   0% used [0x00000000e0000000, 0x00000000e0000000, 0x00000000e5560000)
  from space 21824K,  14% used [0x00000000e6ab0000, 0x00000000e6db4f20, 0x00000000e8000000)
  to   space 21824K,   0% used [0x00000000e5560000, 0x00000000e5560000, 0x00000000e6ab0000)
 concurrent mark-sweep generation total 393216K, used 23118K [0x00000000e8000000, 0x0000000100000000, 0x0000000100000000)
 Metaspace       used 39941K, capacity 40946K, committed 41292K, reserved 1085440K
  class space    used 4576K, capacity 4833K, committed 4940K, reserved 1048576K
}
2017-10-31T07:10:58.808-0700: 9263.039: Total time for which application threads were stopped: 0.0098438 seconds, Stopping threads took: 0.0000643 seconds
2017-10-31T07:11:01.809-0700: 9266.040: Total time for which application threads were stopped: 0.0001700 seconds, Stopping threads took: 0.0000345 seconds
2017-10-31T07:11:01.961-0700: 9266.192: Total time for which application threads were stopped: 0.0002289 seconds, Stopping threads took: 0.0000278 seconds
{Heap before GC invocations=247 (full 2):
 par new generation   total 109248K, used 90487K [0x00000000e0000000, 0x00000000e8000000, 0x00000000e8000000)
  eden space 87424K,  99% used [0x00000000e0000000, 0x00000000e55590b0, 0x00000000e5560000)
  from space 21824K,  14% used [0x00000000e6ab0000, 0x00000000e6db4f20, 0x00000000e8000000)
  to   space 21824K,   0% used [0x00000000e5560000, 0x00000000e5560000, 0x00000000e6ab0000)
 concurrent mark-sweep generation total 393216K, used 23118K [0x00000000e8000000, 0x0000000100000000, 0x0000000100000000)
 Metaspace       used 39941K, capacity 40946K, committed 41292K, reserved 1085440K
  class space    used 4576K, capacity 4833K, committed 4940K, reserved 1048576K
2017-10-31T07:11:02.004-0700: 9266.235: [GC (Allocation Failure) 2017-10-31T07:11:02.004-0700: 9266.235: [ParNew
Desired survivor size 20112992 bytes, new threshold 8 (max 8)
- age   1:    2508304 bytes,    2508304 total
- age   2:     469032 bytes,    2977336 total
- age   3:       8536 bytes,    2985872 total
- age   4:      10048 bytes,    2995920 total
- age   5:       7464 bytes,    3003384 total
- age   6:       7264 bytes,    3010648 total
- age   7:       7704 bytes,    3018352 total
- age   8:       6336 bytes,    3024688 total
: 90487K->3691K(109248K), 0.0046026 secs] 113606K->26815K(502464K), 0.0047170 secs] [Times: user=0.00 sys=0.00, real=0.00 secs] 
Heap after GC invocations=248 (full 2):
 par new generation   total 109248K, used 3691K [0x00000000e0000000, 0x00000000e8000000, 0x00000000e8000000)
  eden space 87424K,   0% used [0x00000000e0000000, 0x00000000e0000000, 0x00000000e5560000)
  from space 21824K,  16% used [0x00000000e5560000, 0x00000000e58fadd0, 0x00000000e6ab0000)
  to   space 21824K,   0% used [0x00000000e6ab0000, 0x00000000e6ab0000, 0x00000000e8000000)
 concurrent mark-sweep generation total 393216K, used 23124K [0x00000000e8000000, 0x0000000100000000, 0x0000000100000000)
 Metaspace       used 39941K, capacity 40946K, committed 41292K, reserved 1085440K
  class space    used 4576K, capacity 4833K, committed 4940K, reserved 1048576K
}
2017-10-31T07:11:02.008-0700: 9266.240: Total time for which application threads were stopped: 0.0050232 seconds, Stopping threads took: 0.0000291 seconds
2017-10-31T07:11:05.011-0700: 9269.241: Total time for which application threads were stopped: 0.0001612 seconds, Stopping threads took: 0.0000325 seconds
2017-10-31T07:11:05.359-0700: 9269.590: Total time for which application threads were stopped: 0.0007660 seconds, Stopping threads took: 0.0001774 seconds
{Heap before GC invocations=248 (full 2):
 par new generation   total 109248K, used 91115K [0x00000000e0000000, 0x00000000e8000000, 0x00000000e8000000)
  eden space 87424K, 100% used [0x00000000e0000000, 0x00000000e5560000, 0x00000000e5560000)
  from space 21824K,  16% used [0x00000000e5560000, 0x00000000e58fadd0, 0x00000000e6ab0000)
  to   space 21824K,   0% used [0x00000000e6ab0000, 0x00000000e6ab0000, 0x00000000e8000000)
 concurrent mark-sweep generation total 393216K, used 23124K [0x00000000e8000000, 0x0000000100000000, 0x0000000100000000)
 Metaspace       used 39941K, capacity 40946K, committed 41292K, reserved 1085440K
  class space    used 4576K, capacity 4833K, committed 4940K, reserved 1048576K
2017-10-31T07:11:05.463-0700: 9269.694: [GC (Allocation Failure) 2017-10-31T07:11:05.463-0700: 9269.694: [ParNew
Desired survivor size 20112992 bytes, new threshold 8 (max 8)
- age   1:    2510640 bytes,    2510640 total
- age   2:     699168 bytes,    3209808 total
- age   3:      10912 bytes,    3220720 total
- age   4:       8536 bytes,    3229256 total
- age   5:       9616 bytes,    3238872 total
- age   6:       7176 bytes,    3246048 total
- age   7:       7264 bytes,    3253312 total
- age   8:       7704 bytes,    3261016 total
: 91115K->4245K(109248K), 0.0042911 secs] 114239K->27376K(502464K), 0.0045071 secs] [Times: user=0.06 sys=0.00, real=0.00 secs] 
Heap after GC invocations=249 (full 2):
 par new generation   total 109248K, used 4245K [0x00000000e0000000, 0x00000000e8000000, 0x00000000e8000000)
  eden space 87424K,   0% used [0x00000000e0000000, 0x00000000e0000000, 0x00000000e5560000)
  from space 21824K,  19% used [0x00000000e6ab0000, 0x00000000e6ed57c0, 0x00000000e8000000)
  to   space 21824K,   0% used [0x00000000e5560000, 0x00000000e5560000, 0x00000000e6ab0000)
 concurrent mark-sweep generation total 393216K, used 23130K [0x00000000e8000000, 0x0000000100000000, 0x0000000100000000)
 Metaspace       used 39941K, capacity 40946K, committed 41292K, reserved 1085440K
  class space    used 4576K, capacity 4833K, committed 4940K, reserved 1048576K
}
2017-10-31T07:11:05.468-0700: 9269.698: Total time for which application threads were stopped: 0.0048498 seconds, Stopping threads took: 0.0000312 seconds
2017-10-31T07:11:06.468-0700: 9270.698: Total time for which application threads were stopped: 0.0001124 seconds, Stopping threads took: 0.0000339 seconds
2017-10-31T07:14:03.556-0700: 9447.786: Total time for which application threads were stopped: 0.0002011 seconds, Stopping threads took: 0.0000379 seconds
2017-10-31T07:14:05.103-0700: 9449.334: Total time for which application threads were stopped: 0.0001774 seconds, Stopping threads took: 0.0000271 seconds
{Heap before GC invocations=249 (full 2):
 par new generation   total 109248K, used 91669K [0x00000000e0000000, 0x00000000e8000000, 0x00000000e8000000)
  eden space 87424K, 100% used [0x00000000e0000000, 0x00000000e5560000, 0x00000000e5560000)
  from space 21824K,  19% used [0x00000000e6ab0000, 0x00000000e6ed57c0, 0x00000000e8000000)
  to   space 21824K,   0% used [0x00000000e5560000, 0x00000000e5560000, 0x00000000e6ab0000)
 concurrent mark-sweep generation total 393216K, used 23130K [0x00000000e8000000, 0x0000000100000000, 0x0000000100000000)
 Metaspace       used 39941K, capacity 40946K, committed 41292K, reserved 1085440K
  class space    used 4576K, capacity 4833K, committed 4940K, reserved 1048576K
2017-10-31T07:14:05.415-0700: 9449.646: [GC (Allocation Failure) 2017-10-31T07:14:05.415-0700: 9449.646: [ParNew
Desired survivor size 20112992 bytes, new threshold 8 (max 8)
- age   1:    2187208 bytes,    2187208 total
- age   2:     981576 bytes,    3168784 total
- age   3:       6144 bytes,    3174928 total
- age   4:      10192 bytes,    3185120 total
- age   5:       7816 bytes,    3192936 total
- age   6:       7752 bytes,    3200688 total
- age   7:       7176 bytes,    3207864 total
- age   8:       7264 bytes,    3215128 total
: 91669K->4279K(109248K), 0.0067881 secs] 114800K->27416K(502464K), 0.0068869 secs] [Times: user=0.06 sys=0.00, real=0.01 secs] 
Heap after GC invocations=250 (full 2):
 par new generation   total 109248K, used 4279K [0x00000000e0000000, 0x00000000e8000000, 0x00000000e8000000)
  eden space 87424K,   0% used [0x00000000e0000000, 0x00000000e0000000, 0x00000000e5560000)
  from space 21824K,  19% used [0x00000000e5560000, 0x00000000e598dce0, 0x00000000e6ab0000)
  to   space 21824K,   0% used [0x00000000e6ab0000, 0x00000000e6ab0000, 0x00000000e8000000)
 concurrent mark-sweep generation total 393216K, used 23137K [0x00000000e8000000, 0x0000000100000000, 0x0000000100000000)
 Metaspace       used 39941K, capacity 40946K, committed 41292K, reserved 1085440K
  class space    used 4576K, capacity 4833K, committed 4940K, reserved 1048576K
}
2017-10-31T07:14:05.422-0700: 9449.653: Total time for which application threads were stopped: 0.0072296 seconds, Stopping threads took: 0.0000230 seconds
2017-10-31T07:14:06.422-0700: 9450.653: Total time for which application threads were stopped: 0.0002533 seconds, Stopping threads took: 0.0000494 seconds
2017-10-31T07:14:08.359-0700: 9452.590: Total time for which application threads were stopped: 0.0004097 seconds, Stopping threads took: 0.0000562 seconds
{Heap before GC invocations=250 (full 2):
 par new generation   total 109248K, used 91703K [0x00000000e0000000, 0x00000000e8000000, 0x00000000e8000000)
  eden space 87424K, 100% used [0x00000000e0000000, 0x00000000e5560000, 0x00000000e5560000)
  from space 21824K,  19% used [0x00000000e5560000, 0x00000000e598dce0, 0x00000000e6ab0000)
  to   space 21824K,   0% used [0x00000000e6ab0000, 0x00000000e6ab0000, 0x00000000e8000000)
 concurrent mark-sweep generation total 393216K, used 23137K [0x00000000e8000000, 0x0000000100000000, 0x0000000100000000)
 Metaspace       used 39941K, capacity 40946K, committed 41292K, reserved 1085440K
  class space    used 4576K, capacity 4833K, committed 4940K, reserved 1048576K
2017-10-31T07:14:08.809-0700: 9453.041: [GC (Allocation Failure) 2017-10-31T07:14:08.810-0700: 9453.041: [ParNew
Desired survivor size 20112992 bytes, new threshold 8 (max 8)
- age   1:    1846552 bytes,    1846552 total
- age   2:      95696 bytes,    1942248 total
- age   3:       7208 bytes,    1949456 total
- age   4:       6144 bytes,    1955600 total
- age   5:      10152 bytes,    1965752 total
- age   6:       7816 bytes,    1973568 total
- age   7:       7752 bytes,    1981320 total
- age   8:       7176 bytes,    1988496 total
: 91703K->3148K(109248K), 0.0047279 secs] 114840K->26293K(502464K), 0.0048193 secs] [Times: user=0.00 sys=0.00, real=0.00 secs] 
Heap after GC invocations=251 (full 2):
 par new generation   total 109248K, used 3148K [0x00000000e0000000, 0x00000000e8000000, 0x00000000e8000000)
  eden space 87424K,   0% used [0x00000000e0000000, 0x00000000e0000000, 0x00000000e5560000)
  from space 21824K,  14% used [0x00000000e6ab0000, 0x00000000e6dc3260, 0x00000000e8000000)
  to   space 21824K,   0% used [0x00000000e5560000, 0x00000000e5560000, 0x00000000e6ab0000)
 concurrent mark-sweep generation total 393216K, used 23144K [0x00000000e8000000, 0x0000000100000000, 0x0000000100000000)
 Metaspace       used 39941K, capacity 40946K, committed 41292K, reserved 1085440K
  class space    used 4576K, capacity 4833K, committed 4940K, reserved 1048576K
}
2017-10-31T07:14:08.814-0700: 9453.045: Total time for which application threads were stopped: 0.0051044 seconds, Stopping threads took: 0.0000305 seconds
2017-10-31T07:14:11.209-0700: 9455.440: Total time for which application threads were stopped: 0.0002316 seconds, Stopping threads took: 0.0000312 seconds
{Heap before GC invocations=251 (full 2):
 par new generation   total 109248K, used 90426K [0x00000000e0000000, 0x00000000e8000000, 0x00000000e8000000)
  eden space 87424K,  99% used [0x00000000e0000000, 0x00000000e553b880, 0x00000000e5560000)
  from space 21824K,  14% used [0x00000000e6ab0000, 0x00000000e6dc3260, 0x00000000e8000000)
  to   space 21824K,   0% used [0x00000000e5560000, 0x00000000e5560000, 0x00000000e6ab0000)
 concurrent mark-sweep generation total 393216K, used 23144K [0x00000000e8000000, 0x0000000100000000, 0x0000000100000000)
 Metaspace       used 39941K, capacity 40946K, committed 41292K, reserved 1085440K
  class space    used 4576K, capacity 4833K, committed 4940K, reserved 1048576K
2017-10-31T07:14:12.618-0700: 9456.849: [GC (Allocation Failure) 2017-10-31T07:14:12.618-0700: 9456.849: [ParNew
Desired survivor size 20112992 bytes, new threshold 8 (max 8)
- age   1:    2136416 bytes,    2136416 total
- age   2:       8896 bytes,    2145312 total
- age   3:      21656 bytes,    2166968 total
- age   4:       7208 bytes,    2174176 total
- age   5:       6144 bytes,    2180320 total
- age   6:      10152 bytes,    2190472 total
- age   7:       7816 bytes,    2198288 total
- age   8:       7752 bytes,    2206040 total
: 90426K->2662K(109248K), 0.0089031 secs] 113571K->25814K(502464K), 0.0090630 secs] [Times: user=0.06 sys=0.00, real=0.01 secs] 
Heap after GC invocations=252 (full 2):
 par new generation   total 109248K, used 2662K [0x00000000e0000000, 0x00000000e8000000, 0x00000000e8000000)
  eden space 87424K,   0% used [0x00000000e0000000, 0x00000000e0000000, 0x00000000e5560000)
  from space 21824K,  12% used [0x00000000e5560000, 0x00000000e57f9b40, 0x00000000e6ab0000)
  to   space 21824K,   0% used [0x00000000e6ab0000, 0x00000000e6ab0000, 0x00000000e8000000)
 concurrent mark-sweep generation total 393216K, used 23151K [0x00000000e8000000, 0x0000000100000000, 0x0000000100000000)
 Metaspace       used 39941K, capacity 40946K, committed 41292K, reserved 1085440K
  class space    used 4576K, capacity 4833K, committed 4940K, reserved 1048576K
}
2017-10-31T07:14:12.627-0700: 9456.858: Total time for which application threads were stopped: 0.0096190 seconds, Stopping threads took: 0.0000610 seconds
2017-10-31T07:14:14.291-0700: 9458.522: Total time for which application threads were stopped: 0.0003894 seconds, Stopping threads took: 0.0000549 seconds
{Heap before GC invocations=252 (full 2):
 par new generation   total 109248K, used 90086K [0x00000000e0000000, 0x00000000e8000000, 0x00000000e8000000)
  eden space 87424K, 100% used [0x00000000e0000000, 0x00000000e5560000, 0x00000000e5560000)
  from space 21824K,  12% used [0x00000000e5560000, 0x00000000e57f9b40, 0x00000000e6ab0000)
  to   space 21824K,   0% used [0x00000000e6ab0000, 0x00000000e6ab0000, 0x00000000e8000000)
 concurrent mark-sweep generation total 393216K, used 23151K [0x00000000e8000000, 0x0000000100000000, 0x0000000100000000)
 Metaspace       used 39941K, capacity 40946K, committed 41292K, reserved 1085440K
  class space    used 4576K, capacity 4833K, committed 4940K, reserved 1048576K
2017-10-31T07:14:16.036-0700: 9460.267: [GC (Allocation Failure) 2017-10-31T07:14:16.036-0700: 9460.267: [ParNew
Desired survivor size 20112992 bytes, new threshold 8 (max 8)
- age   1:    1910168 bytes,    1910168 total
- age   2:      76248 bytes,    1986416 total
- age   3:       7960 bytes,    1994376 total
- age   4:      21656 bytes,    2016032 total
- age   5:       7208 bytes,    2023240 total
- age   6:       6144 bytes,    2029384 total
- age   7:      10152 bytes,    2039536 total
- age   8:       7816 bytes,    2047352 total
: 90086K->2377K(109248K), 0.0041292 secs] 113238K->25536K(502464K), 0.0042348 secs] [Times: user=0.00 sys=0.00, real=0.00 secs] 
Heap after GC invocations=253 (full 2):
 par new generation   total 109248K, used 2377K [0x00000000e0000000, 0x00000000e8000000, 0x00000000e8000000)
  eden space 87424K,   0% used [0x00000000e0000000, 0x00000000e0000000, 0x00000000e5560000)
  from space 21824K,  10% used [0x00000000e6ab0000, 0x00000000e6d024c8, 0x00000000e8000000)
  to   space 21824K,   0% used [0x00000000e5560000, 0x00000000e5560000, 0x00000000e6ab0000)
 concurrent mark-sweep generation total 393216K, used 23159K [0x00000000e8000000, 0x0000000100000000, 0x0000000100000000)
 Metaspace       used 39941K, capacity 40946K, committed 41292K, reserved 1085440K
  class space    used 4576K, capacity 4833K, committed 4940K, reserved 1048576K
}
2017-10-31T07:14:16.041-0700: 9460.271: Total time for which application threads were stopped: 0.0044942 seconds, Stopping threads took: 0.0000271 seconds
2017-10-31T07:14:17.338-0700: 9461.568: Total time for which application threads were stopped: 0.0003677 seconds, Stopping threads took: 0.0001124 seconds
2017-10-31T07:14:18.338-0700: 9462.568: Total time for which application threads were stopped: 0.0001666 seconds, Stopping threads took: 0.0000352 seconds
2017-10-31T07:14:19.338-0700: 9463.569: Total time for which application threads were stopped: 0.0001524 seconds, Stopping threads took: 0.0000298 seconds
{Heap before GC invocations=253 (full 2):
 par new generation   total 109248K, used 89704K [0x00000000e0000000, 0x00000000e8000000, 0x00000000e8000000)
  eden space 87424K,  99% used [0x00000000e0000000, 0x00000000e5547b40, 0x00000000e5560000)
  from space 21824K,  10% used [0x00000000e6ab0000, 0x00000000e6d024c8, 0x00000000e8000000)
  to   space 21824K,   0% used [0x00000000e5560000, 0x00000000e5560000, 0x00000000e6ab0000)
 concurrent mark-sweep generation total 393216K, used 23159K [0x00000000e8000000, 0x0000000100000000, 0x0000000100000000)
 Metaspace       used 39941K, capacity 40946K, committed 41292K, reserved 1085440K
  class space    used 4576K, capacity 4833K, committed 4940K, reserved 1048576K
2017-10-31T07:14:19.419-0700: 9463.649: [GC (Allocation Failure) 2017-10-31T07:14:19.419-0700: 9463.649: [ParNew
Desired survivor size 20112992 bytes, new threshold 8 (max 8)
- age   1:    2275800 bytes,    2275800 total
- age   2:       8640 bytes,    2284440 total
- age   3:       8256 bytes,    2292696 total
- age   4:       7960 bytes,    2300656 total
- age   5:      21304 bytes,    2321960 total
- age   6:       7208 bytes,    2329168 total
- age   7:       6144 bytes,    2335312 total
- age   8:      10152 bytes,    2345464 total
: 89704K->2727K(109248K), 0.0043060 secs] 112863K->25894K(502464K), 0.0043940 secs] [Times: user=0.00 sys=0.00, real=0.00 secs] 
Heap after GC invocations=254 (full 2):
 par new generation   total 109248K, used 2727K [0x00000000e0000000, 0x00000000e8000000, 0x00000000e8000000)
  eden space 87424K,   0% used [0x00000000e0000000, 0x00000000e0000000, 0x00000000e5560000)
  from space 21824K,  12% used [0x00000000e5560000, 0x00000000e5809cb0, 0x00000000e6ab0000)
  to   space 21824K,   0% used [0x00000000e6ab0000, 0x00000000e6ab0000, 0x00000000e8000000)
 concurrent mark-sweep generation total 393216K, used 23166K [0x00000000e8000000, 0x0000000100000000, 0x0000000100000000)
 Metaspace       used 39941K, capacity 40946K, committed 41292K, reserved 1085440K
  class space    used 4576K, capacity 4833K, committed 4940K, reserved 1048576K
}
2017-10-31T07:14:19.423-0700: 9463.654: Total time for which application threads were stopped: 0.0046324 seconds, Stopping threads took: 0.0000217 seconds
2017-10-31T07:14:20.213-0700: 9464.444: Total time for which application threads were stopped: 0.0001984 seconds, Stopping threads took: 0.0000366 seconds
{Heap before GC invocations=254 (full 2):
 par new generation   total 109248K, used 89742K [0x00000000e0000000, 0x00000000e8000000, 0x00000000e8000000)
  eden space 87424K,  99% used [0x00000000e0000000, 0x00000000e54f9da8, 0x00000000e5560000)
  from space 21824K,  12% used [0x00000000e5560000, 0x00000000e5809cb0, 0x00000000e6ab0000)
  to   space 21824K,   0% used [0x00000000e6ab0000, 0x00000000e6ab0000, 0x00000000e8000000)
 concurrent mark-sweep generation total 393216K, used 23166K [0x00000000e8000000, 0x0000000100000000, 0x0000000100000000)
 Metaspace       used 39941K, capacity 40946K, committed 41292K, reserved 1085440K
  class space    used 4576K, capacity 4833K, committed 4940K, reserved 1048576K
2017-10-31T07:14:22.559-0700: 9466.790: [GC (Allocation Failure) 2017-10-31T07:14:22.559-0700: 9466.790: [ParNew
Desired survivor size 20112992 bytes, new threshold 8 (max 8)
- age   1:    2284744 bytes,    2284744 total
- age   2:      76584 bytes,    2361328 total
- age   3:       7728 bytes,    2369056 total
- age   4:       8256 bytes,    2377312 total
- age   5:       7528 bytes,    2384840 total
- age   6:      21088 bytes,    2405928 total
- age   7:       7208 bytes,    2413136 total
- age   8:       6144 bytes,    2419280 total
: 89742K->2900K(109248K), 0.0055636 secs] 112909K->26076K(502464K), 0.0056584 secs] [Times: user=0.00 sys=0.00, real=0.01 secs] 
Heap after GC invocations=255 (full 2):
 par new generation   total 109248K, used 2900K [0x00000000e0000000, 0x00000000e8000000, 0x00000000e8000000)
  eden space 87424K,   0% used [0x00000000e0000000, 0x00000000e0000000, 0x00000000e5560000)
  from space 21824K,  13% used [0x00000000e6ab0000, 0x00000000e6d85030, 0x00000000e8000000)
  to   space 21824K,   0% used [0x00000000e5560000, 0x00000000e5560000, 0x00000000e6ab0000)
 concurrent mark-sweep generation total 393216K, used 23176K [0x00000000e8000000, 0x0000000100000000, 0x0000000100000000)
 Metaspace       used 39941K, capacity 40946K, committed 41292K, reserved 1085440K
  class space    used 4576K, capacity 4833K, committed 4940K, reserved 1048576K
}
2017-10-31T07:14:22.565-0700: 9466.796: Total time for which application threads were stopped: 0.0059747 seconds, Stopping threads took: 0.0000284 seconds
2017-10-31T07:14:23.150-0700: 9467.381: Total time for which application threads were stopped: 0.0002215 seconds, Stopping threads took: 0.0000325 seconds
{Heap before GC invocations=255 (full 2):
 par new generation   total 109248K, used 90324K [0x00000000e0000000, 0x00000000e8000000, 0x00000000e8000000)
  eden space 87424K, 100% used [0x00000000e0000000, 0x00000000e5560000, 0x00000000e5560000)
  from space 21824K,  13% used [0x00000000e6ab0000, 0x00000000e6d85030, 0x00000000e8000000)
  to   space 21824K,   0% used [0x00000000e5560000, 0x00000000e5560000, 0x00000000e6ab0000)
 concurrent mark-sweep generation total 393216K, used 23176K [0x00000000e8000000, 0x0000000100000000, 0x0000000100000000)
 Metaspace       used 39941K, capacity 40946K, committed 41292K, reserved 1085440K
  class space    used 4576K, capacity 4833K, committed 4940K, reserved 1048576K
2017-10-31T07:14:26.170-0700: 9470.401: [GC (Allocation Failure) 2017-10-31T07:14:26.170-0700: 9470.401: [ParNew
Desired survivor size 20112992 bytes, new threshold 8 (max 8)
- age   1:    1986744 bytes,    1986744 total
- age   2:      75624 bytes,    2062368 total
- age   3:       8592 bytes,    2070960 total
- age   4:       7728 bytes,    2078688 total
- age   5:       7752 bytes,    2086440 total
- age   6:       7240 bytes,    2093680 total
- age   7:      21088 bytes,    2114768 total
- age   8:       7208 bytes,    2121976 total
: 90324K->3286K(109248K), 0.0141674 secs] 113500K->26469K(502464K), 0.0144688 secs] [Times: user=0.02 sys=0.00, real=0.01 secs] 
Heap after GC invocations=256 (full 2):
 par new generation   total 109248K, used 3286K [0x00000000e0000000, 0x00000000e8000000, 0x00000000e8000000)
  eden space 87424K,   0% used [0x00000000e0000000, 0x00000000e0000000, 0x00000000e5560000)
  from space 21824K,  15% used [0x00000000e5560000, 0x00000000e5895ba0, 0x00000000e6ab0000)
  to   space 21824K,   0% used [0x00000000e6ab0000, 0x00000000e6ab0000, 0x00000000e8000000)
 concurrent mark-sweep generation total 393216K, used 23182K [0x00000000e8000000, 0x0000000100000000, 0x0000000100000000)
 Metaspace       used 39941K, capacity 40946K, committed 41292K, reserved 1085440K
  class space    used 4576K, capacity 4833K, committed 4940K, reserved 1048576K
}
2017-10-31T07:14:26.185-0700: 9470.416: Total time for which application threads were stopped: 0.0158971 seconds, Stopping threads took: 0.0005039 seconds
2017-10-31T07:14:26.194-0700: 9470.425: Total time for which application threads were stopped: 0.0005696 seconds, Stopping threads took: 0.0000779 seconds
2017-10-31T07:14:28.194-0700: 9472.425: Total time for which application threads were stopped: 0.0001700 seconds, Stopping threads took: 0.0000440 seconds
2017-10-31T07:14:29.152-0700: 9473.383: Total time for which application threads were stopped: 0.0003170 seconds, Stopping threads took: 0.0000589 seconds
{Heap before GC invocations=256 (full 2):
 par new generation   total 109248K, used 90710K [0x00000000e0000000, 0x00000000e8000000, 0x00000000e8000000)
  eden space 87424K, 100% used [0x00000000e0000000, 0x00000000e5560000, 0x00000000e5560000)
  from space 21824K,  15% used [0x00000000e5560000, 0x00000000e5895ba0, 0x00000000e6ab0000)
  to   space 21824K,   0% used [0x00000000e6ab0000, 0x00000000e6ab0000, 0x00000000e8000000)
 concurrent mark-sweep generation total 393216K, used 23182K [0x00000000e8000000, 0x0000000100000000, 0x0000000100000000)
 Metaspace       used 39941K, capacity 40946K, committed 41292K, reserved 1085440K
  class space    used 4576K, capacity 4833K, committed 4940K, reserved 1048576K
2017-10-31T07:14:29.182-0700: 9473.413: [GC (Allocation Failure) 2017-10-31T07:14:29.182-0700: 9473.413: [ParNew
Desired survivor size 20112992 bytes, new threshold 8 (max 8)
- age   1:    2776752 bytes,    2776752 total
- age   2:      75888 bytes,    2852640 total
- age   3:       7632 bytes,    2860272 total
- age   4:       8592 bytes,    2868864 total
- age   5:       7368 bytes,    2876232 total
- age   6:       7464 bytes,    2883696 total
- age   7:       7240 bytes,    2890936 total
- age   8:      21088 bytes,    2912024 total
: 90710K->3373K(109248K), 0.0049311 secs] 113893K->26563K(502464K), 0.0050536 secs] [Times: user=0.00 sys=0.00, real=0.01 secs] 
Heap after GC invocations=257 (full 2):
 par new generation   total 109248K, used 3373K [0x00000000e0000000, 0x00000000e8000000, 0x00000000e8000000)
  eden space 87424K,   0% used [0x00000000e0000000, 0x00000000e0000000, 0x00000000e5560000)
  from space 21824K,  15% used [0x00000000e6ab0000, 0x00000000e6dfb680, 0x00000000e8000000)
  to   space 21824K,   0% used [0x00000000e5560000, 0x00000000e5560000, 0x00000000e6ab0000)
 concurrent mark-sweep generation total 393216K, used 23189K [0x00000000e8000000, 0x0000000100000000, 0x0000000100000000)
 Metaspace       used 39941K, capacity 40946K, committed 41292K, reserved 1085440K
  class space    used 4576K, capacity 4833K, committed 4940K, reserved 1048576K
}
2017-10-31T07:14:29.187-0700: 9473.419: Total time for which application threads were stopped: 0.0054390 seconds, Stopping threads took: 0.0000386 seconds
2017-10-31T07:14:32.091-0700: 9476.321: Total time for which application threads were stopped: 0.0006285 seconds, Stopping threads took: 0.0000894 seconds
{Heap before GC invocations=257 (full 2):
 par new generation   total 109248K, used 90797K [0x00000000e0000000, 0x00000000e8000000, 0x00000000e8000000)
  eden space 87424K, 100% used [0x00000000e0000000, 0x00000000e5560000, 0x00000000e5560000)
  from space 21824K,  15% used [0x00000000e6ab0000, 0x00000000e6dfb680, 0x00000000e8000000)
  to   space 21824K,   0% used [0x00000000e5560000, 0x00000000e5560000, 0x00000000e6ab0000)
 concurrent mark-sweep generation total 393216K, used 23189K [0x00000000e8000000, 0x0000000100000000, 0x0000000100000000)
 Metaspace       used 39941K, capacity 40946K, committed 41292K, reserved 1085440K
  class space    used 4576K, capacity 4833K, committed 4940K, reserved 1048576K
2017-10-31T07:14:32.172-0700: 9476.403: [GC (Allocation Failure) 2017-10-31T07:14:32.172-0700: 9476.403: [ParNew
Desired survivor size 20112992 bytes, new threshold 8 (max 8)
- age   1:    2637312 bytes,    2637312 total
- age   2:     598568 bytes,    3235880 total
- age   3:       7896 bytes,    3243776 total
- age   4:       7632 bytes,    3251408 total
- age   5:       8304 bytes,    3259712 total
- age   6:       7008 bytes,    3266720 total
- age   7:       7464 bytes,    3274184 total
- age   8:       7240 bytes,    3281424 total
: 90797K->4657K(109248K), 0.0042978 secs] 113987K->27868K(502464K), 0.0043913 secs] [Times: user=0.00 sys=0.00, real=0.01 secs] 
Heap after GC invocations=258 (full 2):
 par new generation   total 109248K, used 4657K [0x00000000e0000000, 0x00000000e8000000, 0x00000000e8000000)
  eden space 87424K,   0% used [0x00000000e0000000, 0x00000000e0000000, 0x00000000e5560000)
  from space 21824K,  21% used [0x00000000e5560000, 0x00000000e59ec500, 0x00000000e6ab0000)
  to   space 21824K,   0% used [0x00000000e6ab0000, 0x00000000e6ab0000, 0x00000000e8000000)
 concurrent mark-sweep generation total 393216K, used 23210K [0x00000000e8000000, 0x0000000100000000, 0x0000000100000000)
 Metaspace       used 39941K, capacity 40946K, committed 41292K, reserved 1085440K
  class space    used 4576K, capacity 4833K, committed 4940K, reserved 1048576K
}
2017-10-31T07:14:32.177-0700: 9476.407: Total time for which application threads were stopped: 0.0046960 seconds, Stopping threads took: 0.0000284 seconds
2017-10-31T07:14:35.083-0700: 9479.313: Total time for which application threads were stopped: 0.0002932 seconds, Stopping threads took: 0.0000569 seconds
{Heap before GC invocations=258 (full 2):
 par new generation   total 109248K, used 91894K [0x00000000e0000000, 0x00000000e8000000, 0x00000000e8000000)
  eden space 87424K,  99% used [0x00000000e0000000, 0x00000000e5531580, 0x00000000e5560000)
  from space 21824K,  21% used [0x00000000e5560000, 0x00000000e59ec500, 0x00000000e6ab0000)
  to   space 21824K,   0% used [0x00000000e6ab0000, 0x00000000e6ab0000, 0x00000000e8000000)
 concurrent mark-sweep generation total 393216K, used 23210K [0x00000000e8000000, 0x0000000100000000, 0x0000000100000000)
 Metaspace       used 39943K, capacity 40946K, committed 41292K, reserved 1085440K
  class space    used 4577K, capacity 4833K, committed 4940K, reserved 1048576K
2017-10-31T07:14:35.158-0700: 9479.389: [GC (Allocation Failure) 2017-10-31T07:14:35.159-0700: 9479.389: [ParNew
Desired survivor size 20112992 bytes, new threshold 8 (max 8)
- age   1:    2686152 bytes,    2686152 total
- age   2:     947992 bytes,    3634144 total
- age   3:       9224 bytes,    3643368 total
- age   4:       7896 bytes,    3651264 total
- age   5:       7488 bytes,    3658752 total
- age   6:       7800 bytes,    3666552 total
- age   7:       7008 bytes,    3673560 total
- age   8:       7464 bytes,    3681024 total
: 91894K->4267K(109248K), 0.0043716 secs] 115105K->27485K(502464K), 0.0044868 secs] [Times: user=0.00 sys=0.00, real=0.01 secs] 
Heap after GC invocations=259 (full 2):
 par new generation   total 109248K, used 4267K [0x00000000e0000000, 0x00000000e8000000, 0x00000000e8000000)
  eden space 87424K,   0% used [0x00000000e0000000, 0x00000000e0000000, 0x00000000e5560000)
  from space 21824K,  19% used [0x00000000e6ab0000, 0x00000000e6edae40, 0x00000000e8000000)
  to   space 21824K,   0% used [0x00000000e5560000, 0x00000000e5560000, 0x00000000e6ab0000)
 concurrent mark-sweep generation total 393216K, used 23217K [0x00000000e8000000, 0x0000000100000000, 0x0000000100000000)
 Metaspace       used 39943K, capacity 40946K, committed 41292K, reserved 1085440K
  class space    used 4577K, capacity 4833K, committed 4940K, reserved 1048576K
}
2017-10-31T07:14:35.164-0700: 9479.394: Total time for which application threads were stopped: 0.0048789 seconds, Stopping threads took: 0.0000352 seconds
2017-10-31T07:14:36.164-0700: 9480.394: Total time for which application threads were stopped: 0.0001388 seconds, Stopping threads took: 0.0000312 seconds
2017-10-31T07:14:37.164-0700: 9481.395: Total time for which application threads were stopped: 0.0001700 seconds, Stopping threads took: 0.0000366 seconds
2017-10-31T07:14:37.827-0700: 9482.058: Total time for which application threads were stopped: 0.0003894 seconds, Stopping threads took: 0.0000447 seconds
{Heap before GC invocations=259 (full 2):
 par new generation   total 109248K, used 91464K [0x00000000e0000000, 0x00000000e8000000, 0x00000000e8000000)
  eden space 87424K,  99% used [0x00000000e0000000, 0x00000000e5527318, 0x00000000e5560000)
  from space 21824K,  19% used [0x00000000e6ab0000, 0x00000000e6edae40, 0x00000000e8000000)
  to   space 21824K,   0% used [0x00000000e5560000, 0x00000000e5560000, 0x00000000e6ab0000)
 concurrent mark-sweep generation total 393216K, used 23217K [0x00000000e8000000, 0x0000000100000000, 0x0000000100000000)
 Metaspace       used 39943K, capacity 40946K, committed 41292K, reserved 1085440K
  class space    used 4577K, capacity 4833K, committed 4940K, reserved 1048576K
2017-10-31T07:14:38.776-0700: 9483.006: [GC (Allocation Failure) 2017-10-31T07:14:38.776-0700: 9483.007: [ParNew
Desired survivor size 20112992 bytes, new threshold 8 (max 8)
- age   1:    2247976 bytes,    2247976 total
- age   2:       9648 bytes,    2257624 total
- age   3:       6720 bytes,    2264344 total
- age   4:       9224 bytes,    2273568 total
- age   5:       7680 bytes,    2281248 total
- age   6:       6912 bytes,    2288160 total
- age   7:       7800 bytes,    2295960 total
- age   8:       7008 bytes,    2302968 total
: 91464K->4377K(109248K), 0.0037879 secs] 114682K->27602K(502464K), 0.0038725 secs] [Times: user=0.00 sys=0.00, real=0.00 secs] 
Heap after GC invocations=260 (full 2):
 par new generation   total 109248K, used 4377K [0x00000000e0000000, 0x00000000e8000000, 0x00000000e8000000)
  eden space 87424K,   0% used [0x00000000e0000000, 0x00000000e0000000, 0x00000000e5560000)
  from space 21824K,  20% used [0x00000000e5560000, 0x00000000e59a6400, 0x00000000e6ab0000)
  to   space 21824K,   0% used [0x00000000e6ab0000, 0x00000000e6ab0000, 0x00000000e8000000)
 concurrent mark-sweep generation total 393216K, used 23225K [0x00000000e8000000, 0x0000000100000000, 0x0000000100000000)
 Metaspace       used 39943K, capacity 40946K, committed 41292K, reserved 1085440K
  class space    used 4577K, capacity 4833K, committed 4940K, reserved 1048576K
}
2017-10-31T07:14:38.780-0700: 9483.010: Total time for which application threads were stopped: 0.0041143 seconds, Stopping threads took: 0.0000251 seconds
2017-10-31T07:14:39.780-0700: 9484.011: Total time for which application threads were stopped: 0.0001700 seconds, Stopping threads took: 0.0000352 seconds
2017-10-31T07:14:40.566-0700: 9484.797: Total time for which application threads were stopped: 0.0005046 seconds, Stopping threads took: 0.0000887 seconds
2017-10-31T07:14:41.567-0700: 9485.797: Total time for which application threads were stopped: 0.0001598 seconds, Stopping threads took: 0.0000345 seconds
{Heap before GC invocations=260 (full 2):
 par new generation   total 109248K, used 91801K [0x00000000e0000000, 0x00000000e8000000, 0x00000000e8000000)
  eden space 87424K, 100% used [0x00000000e0000000, 0x00000000e5560000, 0x00000000e5560000)
  from space 21824K,  20% used [0x00000000e5560000, 0x00000000e59a6400, 0x00000000e6ab0000)
  to   space 21824K,   0% used [0x00000000e6ab0000, 0x00000000e6ab0000, 0x00000000e8000000)
 concurrent mark-sweep generation total 393216K, used 23225K [0x00000000e8000000, 0x0000000100000000, 0x0000000100000000)
 Metaspace       used 39943K, capacity 40946K, committed 41292K, reserved 1085440K
  class space    used 4577K, capacity 4833K, committed 4940K, reserved 1048576K
2017-10-31T07:14:42.037-0700: 9486.268: [GC (Allocation Failure) 2017-10-31T07:14:42.037-0700: 9486.268: [ParNew
Desired survivor size 20112992 bytes, new threshold 8 (max 8)
- age   1:    2205032 bytes,    2205032 total
- age   2:      79152 bytes,    2284184 total
- age   3:       8608 bytes,    2292792 total
- age   4:       6720 bytes,    2299512 total
- age   5:       9080 bytes,    2308592 total
- age   6:       7176 bytes,    2315768 total
- age   7:       6912 bytes,    2322680 total
- age   8:       7800 bytes,    2330480 total
: 91801K->2750K(109248K), 0.0042667 secs] 115026K->25982K(502464K), 0.0043777 secs] [Times: user=0.03 sys=0.00, real=0.00 secs] 
Heap after GC invocations=261 (full 2):
 par new generation   total 109248K, used 2750K [0x00000000e0000000, 0x00000000e8000000, 0x00000000e8000000)
  eden space 87424K,   0% used [0x00000000e0000000, 0x00000000e0000000, 0x00000000e5560000)
  from space 21824K,  12% used [0x00000000e6ab0000, 0x00000000e6d5f9f0, 0x00000000e8000000)
  to   space 21824K,   0% used [0x00000000e5560000, 0x00000000e5560000, 0x00000000e6ab0000)
 concurrent mark-sweep generation total 393216K, used 23232K [0x00000000e8000000, 0x0000000100000000, 0x0000000100000000)
 Metaspace       used 39943K, capacity 40946K, committed 41292K, reserved 1085440K
  class space    used 4577K, capacity 4833K, committed 4940K, reserved 1048576K
}
2017-10-31T07:14:42.042-0700: 9486.272: Total time for which application threads were stopped: 0.0047340 seconds, Stopping threads took: 0.0000393 seconds
2017-10-31T07:14:43.043-0700: 9487.273: Total time for which application threads were stopped: 0.0001544 seconds, Stopping threads took: 0.0000312 seconds
2017-10-31T07:14:43.547-0700: 9487.778: Total time for which application threads were stopped: 0.0002309 seconds, Stopping threads took: 0.0000325 seconds
{Heap before GC invocations=261 (full 2):
 par new generation   total 109248K, used 89792K [0x00000000e0000000, 0x00000000e8000000, 0x00000000e8000000)
  eden space 87424K,  99% used [0x00000000e0000000, 0x00000000e55007e8, 0x00000000e5560000)
  from space 21824K,  12% used [0x00000000e6ab0000, 0x00000000e6d5f9f0, 0x00000000e8000000)
  to   space 21824K,   0% used [0x00000000e5560000, 0x00000000e5560000, 0x00000000e6ab0000)
 concurrent mark-sweep generation total 393216K, used 23232K [0x00000000e8000000, 0x0000000100000000, 0x0000000100000000)
 Metaspace       used 39943K, capacity 40946K, committed 41292K, reserved 1085440K
  class space    used 4577K, capacity 4833K, committed 4940K, reserved 1048576K
2017-10-31T07:14:45.088-0700: 9489.319: [GC (Allocation Failure) 2017-10-31T07:14:45.088-0700: 9489.319: [ParNew
Desired survivor size 20112992 bytes, new threshold 8 (max 8)
- age   1:    2191104 bytes,    2191104 total
- age   2:      76928 bytes,    2268032 total
- age   3:      11160 bytes,    2279192 total
- age   4:       8608 bytes,    2287800 total
- age   5:       6648 bytes,    2294448 total
- age   6:       8504 bytes,    2302952 total
- age   7:       7176 bytes,    2310128 total
- age   8:       6912 bytes,    2317040 total
: 89792K->3000K(109248K), 0.0039944 secs] 113024K->26239K(502464K), 0.0040865 secs] [Times: user=0.00 sys=0.00, real=0.00 secs] 
Heap after GC invocations=262 (full 2):
 par new generation   total 109248K, used 3000K [0x00000000e0000000, 0x00000000e8000000, 0x00000000e8000000)
  eden space 87424K,   0% used [0x00000000e0000000, 0x00000000e0000000, 0x00000000e5560000)
  from space 21824K,  13% used [0x00000000e5560000, 0x00000000e584e070, 0x00000000e6ab0000)
  to   space 21824K,   0% used [0x00000000e6ab0000, 0x00000000e6ab0000, 0x00000000e8000000)
 concurrent mark-sweep generation total 393216K, used 23239K [0x00000000e8000000, 0x0000000100000000, 0x0000000100000000)
 Metaspace       used 39943K, capacity 40946K, committed 41292K, reserved 1085440K
  class space    used 4577K, capacity 4833K, committed 4940K, reserved 1048576K
}
2017-10-31T07:14:45.093-0700: 9489.323: Total time for which application threads were stopped: 0.0043493 seconds, Stopping threads took: 0.0000230 seconds
2017-10-31T07:14:46.514-0700: 9490.744: Total time for which application threads were stopped: 0.0003589 seconds, Stopping threads took: 0.0000765 seconds
{Heap before GC invocations=262 (full 2):
 par new generation   total 109248K, used 90379K [0x00000000e0000000, 0x00000000e8000000, 0x00000000e8000000)
  eden space 87424K,  99% used [0x00000000e0000000, 0x00000000e5554e38, 0x00000000e5560000)
  from space 21824K,  13% used [0x00000000e5560000, 0x00000000e584e070, 0x00000000e6ab0000)
  to   space 21824K,   0% used [0x00000000e6ab0000, 0x00000000e6ab0000, 0x00000000e8000000)
 concurrent mark-sweep generation total 393216K, used 23239K [0x00000000e8000000, 0x0000000100000000, 0x0000000100000000)
 Metaspace       used 39943K, capacity 40946K, committed 41292K, reserved 1085440K
  class space    used 4577K, capacity 4833K, committed 4940K, reserved 1048576K
2017-10-31T07:14:48.565-0700: 9492.795: [GC (Allocation Failure) 2017-10-31T07:14:48.565-0700: 9492.795: [ParNew
Desired survivor size 20112992 bytes, new threshold 8 (max 8)
- age   1:    2330344 bytes,    2330344 total
- age   2:       8856 bytes,    2339200 total
- age   3:       8936 bytes,    2348136 total
- age   4:      11160 bytes,    2359296 total
- age   5:       8392 bytes,    2367688 total
- age   6:       6072 bytes,    2373760 total
- age   7:       8504 bytes,    2382264 total
- age   8:       7176 bytes,    2389440 total
: 90379K->3001K(109248K), 0.0041522 secs] 113619K->26248K(502464K), 0.0042233 secs] [Times: user=0.00 sys=0.00, real=0.00 secs] 
Heap after GC invocations=263 (full 2):
 par new generation   total 109248K, used 3001K [0x00000000e0000000, 0x00000000e8000000, 0x00000000e8000000)
  eden space 87424K,   0% used [0x00000000e0000000, 0x00000000e0000000, 0x00000000e5560000)
  from space 21824K,  13% used [0x00000000e6ab0000, 0x00000000e6d9e7b0, 0x00000000e8000000)
  to   space 21824K,   0% used [0x00000000e5560000, 0x00000000e5560000, 0x00000000e6ab0000)
 concurrent mark-sweep generation total 393216K, used 23246K [0x00000000e8000000, 0x0000000100000000, 0x0000000100000000)
 Metaspace       used 39943K, capacity 40946K, committed 41292K, reserved 1085440K
  class space    used 4577K, capacity 4833K, committed 4940K, reserved 1048576K
}
2017-10-31T07:14:48.569-0700: 9492.800: Total time for which application threads were stopped: 0.0044915 seconds, Stopping threads took: 0.0000230 seconds
2017-10-31T07:14:49.472-0700: 9493.703: Total time for which application threads were stopped: 0.0001937 seconds, Stopping threads took: 0.0000318 seconds
{Heap before GC invocations=263 (full 2):
 par new generation   total 109248K, used 90040K [0x00000000e0000000, 0x00000000e8000000, 0x00000000e8000000)
  eden space 87424K,  99% used [0x00000000e0000000, 0x00000000e54ff898, 0x00000000e5560000)
  from space 21824K,  13% used [0x00000000e6ab0000, 0x00000000e6d9e7b0, 0x00000000e8000000)
  to   space 21824K,   0% used [0x00000000e5560000, 0x00000000e5560000, 0x00000000e6ab0000)
 concurrent mark-sweep generation total 393216K, used 23246K [0x00000000e8000000, 0x0000000100000000, 0x0000000100000000)
 Metaspace       used 39943K, capacity 40946K, committed 41292K, reserved 1085440K
  class space    used 4577K, capacity 4833K, committed 4940K, reserved 1048576K
2017-10-31T07:14:51.734-0700: 9495.965: [GC (Allocation Failure) 2017-10-31T07:14:51.734-0700: 9495.965: [ParNew
Desired survivor size 20112992 bytes, new threshold 8 (max 8)
- age   1:    2154672 bytes,    2154672 total
- age   2:      76792 bytes,    2231464 total
- age   3:       7944 bytes,    2239408 total
- age   4:       8936 bytes,    2248344 total
- age   5:      10872 bytes,    2259216 total
- age   6:       7960 bytes,    2267176 total
- age   7:       6072 bytes,    2273248 total
- age   8:       8504 bytes,    2281752 total
: 90040K->2681K(109248K), 0.0042362 secs] 113286K->25935K(502464K), 0.0043215 secs] [Times: user=0.00 sys=0.00, real=0.00 secs] 
Heap after GC invocations=264 (full 2):
 par new generation   total 109248K, used 2681K [0x00000000e0000000, 0x00000000e8000000, 0x00000000e8000000)
  eden space 87424K,   0% used [0x00000000e0000000, 0x00000000e0000000, 0x00000000e5560000)
  from space 21824K,  12% used [0x00000000e5560000, 0x00000000e57fe778, 0x00000000e6ab0000)
  to   space 21824K,   0% used [0x00000000e6ab0000, 0x00000000e6ab0000, 0x00000000e8000000)
 concurrent mark-sweep generation total 393216K, used 23253K [0x00000000e8000000, 0x0000000100000000, 0x0000000100000000)
 Metaspace       used 39943K, capacity 40946K, committed 41292K, reserved 1085440K
  class space    used 4577K, capacity 4833K, committed 4940K, reserved 1048576K
}
2017-10-31T07:14:51.738-0700: 9495.969: Total time for which application threads were stopped: 0.0045897 seconds, Stopping threads took: 0.0000257 seconds
2017-10-31T07:14:52.298-0700: 9496.529: Total time for which application threads were stopped: 0.0002770 seconds, Stopping threads took: 0.0000630 seconds
2017-10-31T07:14:54.986-0700: 9499.217: Total time for which application threads were stopped: 0.0002221 seconds, Stopping threads took: 0.0000284 seconds
{Heap before GC invocations=264 (full 2):
 par new generation   total 109248K, used 90087K [0x00000000e0000000, 0x00000000e8000000, 0x00000000e8000000)
  eden space 87424K,  99% used [0x00000000e0000000, 0x00000000e555b6f8, 0x00000000e5560000)
  from space 21824K,  12% used [0x00000000e5560000, 0x00000000e57fe778, 0x00000000e6ab0000)
  to   space 21824K,   0% used [0x00000000e6ab0000, 0x00000000e6ab0000, 0x00000000e8000000)
 concurrent mark-sweep generation total 393216K, used 23253K [0x00000000e8000000, 0x0000000100000000, 0x0000000100000000)
 Metaspace       used 39943K, capacity 40946K, committed 41292K, reserved 1085440K
  class space    used 4577K, capacity 4833K, committed 4940K, reserved 1048576K
2017-10-31T07:14:55.018-0700: 9499.248: [GC (Allocation Failure) 2017-10-31T07:14:55.018-0700: 9499.248: [ParNew
Desired survivor size 20112992 bytes, new threshold 8 (max 8)
- age   1:    2669616 bytes,    2669616 total
- age   2:      75888 bytes,    2745504 total
- age   3:       8800 bytes,    2754304 total
- age   4:       7944 bytes,    2762248 total
- age   5:       8576 bytes,    2770824 total
- age   6:      10368 bytes,    2781192 total
- age   7:       7960 bytes,    2789152 total
- age   8:       6072 bytes,    2795224 total
: 90087K->3754K(109248K), 0.0046019 secs] 113341K->27016K(502464K), 0.0047062 secs] [Times: user=0.00 sys=0.00, real=0.00 secs] 
Heap after GC invocations=265 (full 2):
 par new generation   total 109248K, used 3754K [0x00000000e0000000, 0x00000000e8000000, 0x00000000e8000000)
  eden space 87424K,   0% used [0x00000000e0000000, 0x00000000e0000000, 0x00000000e5560000)
  from space 21824K,  17% used [0x00000000e6ab0000, 0x00000000e6e5aa48, 0x00000000e8000000)
  to   space 21824K,   0% used [0x00000000e5560000, 0x00000000e5560000, 0x00000000e6ab0000)
 concurrent mark-sweep generation total 393216K, used 23261K [0x00000000e8000000, 0x0000000100000000, 0x0000000100000000)
 Metaspace       used 39943K, capacity 40946K, committed 41292K, reserved 1085440K
  class space    used 4577K, capacity 4833K, committed 4940K, reserved 1048576K
}
2017-10-31T07:14:55.022-0700: 9499.253: Total time for which application threads were stopped: 0.0050042 seconds, Stopping threads took: 0.0000264 seconds
2017-10-31T07:14:57.962-0700: 9502.193: Total time for which application threads were stopped: 0.0003027 seconds, Stopping threads took: 0.0000406 seconds
{Heap before GC invocations=265 (full 2):
 par new generation   total 109248K, used 91151K [0x00000000e0000000, 0x00000000e8000000, 0x00000000e8000000)
  eden space 87424K,  99% used [0x00000000e0000000, 0x00000000e55591e8, 0x00000000e5560000)
  from space 21824K,  17% used [0x00000000e6ab0000, 0x00000000e6e5aa48, 0x00000000e8000000)
  to   space 21824K,   0% used [0x00000000e5560000, 0x00000000e5560000, 0x00000000e6ab0000)
 concurrent mark-sweep generation total 393216K, used 23261K [0x00000000e8000000, 0x0000000100000000, 0x0000000100000000)
 Metaspace       used 39943K, capacity 40946K, committed 41292K, reserved 1085440K
  class space    used 4577K, capacity 4833K, committed 4940K, reserved 1048576K
2017-10-31T07:14:58.025-0700: 9502.256: [GC (Allocation Failure) 2017-10-31T07:14:58.025-0700: 9502.256: [ParNew
Desired survivor size 20112992 bytes, new threshold 8 (max 8)
- age   1:    2531744 bytes,    2531744 total
- age   2:     509056 bytes,    3040800 total
- age   3:       7896 bytes,    3048696 total
- age   4:       8800 bytes,    3057496 total
- age   5:       7656 bytes,    3065152 total
- age   6:       8216 bytes,    3073368 total
- age   7:      10368 bytes,    3083736 total
- age   8:       7960 bytes,    3091696 total
: 91151K->4025K(109248K), 0.0066858 secs] 114412K->27293K(502464K), 0.0068172 secs] [Times: user=0.00 sys=0.00, real=0.01 secs] 
Heap after GC invocations=266 (full 2):
 par new generation   total 109248K, used 4025K [0x00000000e0000000, 0x00000000e8000000, 0x00000000e8000000)
  eden space 87424K,   0% used [0x00000000e0000000, 0x00000000e0000000, 0x00000000e5560000)
  from space 21824K,  18% used [0x00000000e5560000, 0x00000000e594e678, 0x00000000e6ab0000)
  to   space 21824K,   0% used [0x00000000e6ab0000, 0x00000000e6ab0000, 0x00000000e8000000)
 concurrent mark-sweep generation total 393216K, used 23267K [0x00000000e8000000, 0x0000000100000000, 0x0000000100000000)
 Metaspace       used 39943K, capacity 40946K, committed 41292K, reserved 1085440K
  class space    used 4577K, capacity 4833K, committed 4940K, reserved 1048576K
}
2017-10-31T07:14:58.032-0700: 9502.263: Total time for which application threads were stopped: 0.0072344 seconds, Stopping threads took: 0.0000413 seconds
2017-10-31T07:15:00.729-0700: 9504.960: Total time for which application threads were stopped: 0.0002682 seconds, Stopping threads took: 0.0000515 seconds
{Heap before GC invocations=266 (full 2):
 par new generation   total 109248K, used 91066K [0x00000000e0000000, 0x00000000e8000000, 0x00000000e8000000)
  eden space 87424K,  99% used [0x00000000e0000000, 0x00000000e55001d0, 0x00000000e5560000)
  from space 21824K,  18% used [0x00000000e5560000, 0x00000000e594e678, 0x00000000e6ab0000)
  to   space 21824K,   0% used [0x00000000e6ab0000, 0x00000000e6ab0000, 0x00000000e8000000)
 concurrent mark-sweep generation total 393216K, used 23267K [0x00000000e8000000, 0x0000000100000000, 0x0000000100000000)
 Metaspace       used 39943K, capacity 40946K, committed 41292K, reserved 1085440K
  class space    used 4577K, capacity 4833K, committed 4940K, reserved 1048576K
2017-10-31T07:15:00.811-0700: 9505.041: [GC (Allocation Failure) 2017-10-31T07:15:00.811-0700: 9505.042: [ParNew
Desired survivor size 20112992 bytes, new threshold 8 (max 8)
- age   1:    2478936 bytes,    2478936 total
- age   2:     776544 bytes,    3255480 total
- age   3:       7696 bytes,    3263176 total
- age   4:       7896 bytes,    3271072 total
- age   5:       8584 bytes,    3279656 total
- age   6:       7224 bytes,    3286880 total
- age   7:       8216 bytes,    3295096 total
- age   8:      10368 bytes,    3305464 total
: 91066K->4012K(109248K), 0.0045213 secs] 114333K->27288K(502464K), 0.0046466 secs] [Times: user=0.00 sys=0.00, real=0.00 secs] 
Heap after GC invocations=267 (full 2):
 par new generation   total 109248K, used 4012K [0x00000000e0000000, 0x00000000e8000000, 0x00000000e8000000)
  eden space 87424K,   0% used [0x00000000e0000000, 0x00000000e0000000, 0x00000000e5560000)
  from space 21824K,  18% used [0x00000000e6ab0000, 0x00000000e6e9b2f0, 0x00000000e8000000)
  to   space 21824K,   0% used [0x00000000e5560000, 0x00000000e5560000, 0x00000000e6ab0000)
 concurrent mark-sweep generation total 393216K, used 23275K [0x00000000e8000000, 0x0000000100000000, 0x0000000100000000)
 Metaspace       used 39943K, capacity 40946K, committed 41292K, reserved 1085440K
  class space    used 4577K, capacity 4833K, committed 4940K, reserved 1048576K
}
2017-10-31T07:15:00.816-0700: 9505.046: Total time for which application threads were stopped: 0.0050035 seconds, Stopping threads took: 0.0000318 seconds
2017-10-31T07:15:04.070-0700: 9508.300: Total time for which application threads were stopped: 0.0002668 seconds, Stopping threads took: 0.0000582 seconds
{Heap before GC invocations=267 (full 2):
 par new generation   total 109248K, used 91022K [0x00000000e0000000, 0x00000000e8000000, 0x00000000e8000000)
  eden space 87424K,  99% used [0x00000000e0000000, 0x00000000e54f8560, 0x00000000e5560000)
  from space 21824K,  18% used [0x00000000e6ab0000, 0x00000000e6e9b2f0, 0x00000000e8000000)
  to   space 21824K,   0% used [0x00000000e5560000, 0x00000000e5560000, 0x00000000e6ab0000)
 concurrent mark-sweep generation total 393216K, used 23275K [0x00000000e8000000, 0x0000000100000000, 0x0000000100000000)
 Metaspace       used 39943K, capacity 40946K, committed 41292K, reserved 1085440K
  class space    used 4577K, capacity 4833K, committed 4940K, reserved 1048576K
2017-10-31T07:15:04.408-0700: 9508.638: [GC (Allocation Failure) 2017-10-31T07:15:04.408-0700: 9508.638: [ParNew
Desired survivor size 20112992 bytes, new threshold 8 (max 8)
- age   1:    2155968 bytes,    2155968 total
- age   2:      78992 bytes,    2234960 total
- age   3:       7280 bytes,    2242240 total
- age   4:       7696 bytes,    2249936 total
- age   5:       7752 bytes,    2257688 total
- age   6:       8008 bytes,    2265696 total
- age   7:       7224 bytes,    2272920 total
- age   8:       8216 bytes,    2281136 total
: 91022K->2743K(109248K), 0.0081839 secs] 114297K->26029K(502464K), 0.0082740 secs] [Times: user=0.02 sys=0.00, real=0.01 secs] 
Heap after GC invocations=268 (full 2):
 par new generation   total 109248K, used 2743K [0x00000000e0000000, 0x00000000e8000000, 0x00000000e8000000)
  eden space 87424K,   0% used [0x00000000e0000000, 0x00000000e0000000, 0x00000000e5560000)
  from space 21824K,  12% used [0x00000000e5560000, 0x00000000e580dda0, 0x00000000e6ab0000)
  to   space 21824K,   0% used [0x00000000e6ab0000, 0x00000000e6ab0000, 0x00000000e8000000)
 concurrent mark-sweep generation total 393216K, used 23285K [0x00000000e8000000, 0x0000000100000000, 0x0000000100000000)
 Metaspace       used 39943K, capacity 40946K, committed 41292K, reserved 1085440K
  class space    used 4577K, capacity 4833K, committed 4940K, reserved 1048576K
}
2017-10-31T07:15:04.416-0700: 9508.647: Total time for which application threads were stopped: 0.0085516 seconds, Stopping threads took: 0.0000332 seconds
2017-10-31T07:15:07.275-0700: 9511.506: Total time for which application threads were stopped: 0.0002960 seconds, Stopping threads took: 0.0000454 seconds
{Heap before GC invocations=268 (full 2):
 par new generation   total 109248K, used 90167K [0x00000000e0000000, 0x00000000e8000000, 0x00000000e8000000)
  eden space 87424K, 100% used [0x00000000e0000000, 0x00000000e5560000, 0x00000000e5560000)
  from space 21824K,  12% used [0x00000000e5560000, 0x00000000e580dda0, 0x00000000e6ab0000)
  to   space 21824K,   0% used [0x00000000e6ab0000, 0x00000000e6ab0000, 0x00000000e8000000)
 concurrent mark-sweep generation total 393216K, used 23285K [0x00000000e8000000, 0x0000000100000000, 0x0000000100000000)
 Metaspace       used 39943K, capacity 40946K, committed 41292K, reserved 1085440K
  class space    used 4577K, capacity 4833K, committed 4940K, reserved 1048576K
2017-10-31T07:15:08.627-0700: 9512.858: [GC (Allocation Failure) 2017-10-31T07:15:08.627-0700: 9512.858: [ParNew
Desired survivor size 20112992 bytes, new threshold 8 (max 8)
- age   1:    1843648 bytes,    1843648 total
- age   2:      77032 bytes,    1920680 total
- age   3:       6888 bytes,    1927568 total
- age   4:       7280 bytes,    1934848 total
- age   5:       7336 bytes,    1942184 total
- age   6:       7176 bytes,    1949360 total
- age   7:       8008 bytes,    1957368 total
- age   8:       7224 bytes,    1964592 total
: 90167K->2729K(109248K), 0.0041224 secs] 113453K->26023K(502464K), 0.0042166 secs] [Times: user=0.00 sys=0.00, real=0.00 secs] 
Heap after GC invocations=269 (full 2):
 par new generation   total 109248K, used 2729K [0x00000000e0000000, 0x00000000e8000000, 0x00000000e8000000)
  eden space 87424K,   0% used [0x00000000e0000000, 0x00000000e0000000, 0x00000000e5560000)
  from space 21824K,  12% used [0x00000000e6ab0000, 0x00000000e6d5a6e0, 0x00000000e8000000)
  to   space 21824K,   0% used [0x00000000e5560000, 0x00000000e5560000, 0x00000000e6ab0000)
 concurrent mark-sweep generation total 393216K, used 23293K [0x00000000e8000000, 0x0000000100000000, 0x0000000100000000)
 Metaspace       used 39943K, capacity 40946K, committed 41292K, reserved 1085440K
  class space    used 4577K, capacity 4833K, committed 4940K, reserved 1048576K
}
2017-10-31T07:15:08.632-0700: 9512.863: Total time for which application threads were stopped: 0.0044685 seconds, Stopping threads took: 0.0000237 seconds
2017-10-31T07:15:10.233-0700: 9514.464: Total time for which application threads were stopped: 0.0002587 seconds, Stopping threads took: 0.0000352 seconds
{Heap before GC invocations=269 (full 2):
 par new generation   total 109248K, used 89991K [0x00000000e0000000, 0x00000000e8000000, 0x00000000e8000000)
  eden space 87424K,  99% used [0x00000000e0000000, 0x00000000e55378d0, 0x00000000e5560000)
  from space 21824K,  12% used [0x00000000e6ab0000, 0x00000000e6d5a6e0, 0x00000000e8000000)
  to   space 21824K,   0% used [0x00000000e5560000, 0x00000000e5560000, 0x00000000e6ab0000)
 concurrent mark-sweep generation total 393216K, used 23293K [0x00000000e8000000, 0x0000000100000000, 0x0000000100000000)
 Metaspace       used 39943K, capacity 40946K, committed 41292K, reserved 1085440K
  class space    used 4577K, capacity 4833K, committed 4940K, reserved 1048576K
2017-10-31T07:15:11.937-0700: 9516.168: [GC (Allocation Failure) 2017-10-31T07:15:11.937-0700: 9516.168: [ParNew
Desired survivor size 20112992 bytes, new threshold 8 (max 8)
- age   1:    2221064 bytes,    2221064 total
- age   2:       8472 bytes,    2229536 total
- age   3:       9040 bytes,    2238576 total
- age   4:       6888 bytes,    2245464 total
- age   5:       6848 bytes,    2252312 total
- age   6:       6976 bytes,    2259288 total
- age   7:       7176 bytes,    2266464 total
- age   8:       8008 bytes,    2274472 total
: 89991K->2708K(109248K), 0.0042172 secs] 113285K->26009K(502464K), 0.0043161 secs] [Times: user=0.00 sys=0.00, real=0.00 secs] 
Heap after GC invocations=270 (full 2):
 par new generation   total 109248K, used 2708K [0x00000000e0000000, 0x00000000e8000000, 0x00000000e8000000)
  eden space 87424K,   0% used [0x00000000e0000000, 0x00000000e0000000, 0x00000000e5560000)
  from space 21824K,  12% used [0x00000000e5560000, 0x00000000e58052d8, 0x00000000e6ab0000)
  to   space 21824K,   0% used [0x00000000e6ab0000, 0x00000000e6ab0000, 0x00000000e8000000)
 concurrent mark-sweep generation total 393216K, used 23300K [0x00000000e8000000, 0x0000000100000000, 0x0000000100000000)
 Metaspace       used 39943K, capacity 40946K, committed 41292K, reserved 1085440K
  class space    used 4577K, capacity 4833K, committed 4940K, reserved 1048576K
}
2017-10-31T07:15:11.941-0700: 9516.172: Total time for which application threads were stopped: 0.0045958 seconds, Stopping threads took: 0.0000366 seconds
2017-10-31T07:15:13.237-0700: 9517.467: Total time for which application threads were stopped: 0.0002533 seconds, Stopping threads took: 0.0000474 seconds
2017-10-31T07:15:14.238-0700: 9518.468: Total time for which application threads were stopped: 0.0001443 seconds, Stopping threads took: 0.0000352 seconds
{Heap before GC invocations=270 (full 2):
 par new generation   total 109248K, used 89887K [0x00000000e0000000, 0x00000000e8000000, 0x00000000e8000000)
  eden space 87424K,  99% used [0x00000000e0000000, 0x00000000e5522950, 0x00000000e5560000)
  from space 21824K,  12% used [0x00000000e5560000, 0x00000000e58052d8, 0x00000000e6ab0000)
  to   space 21824K,   0% used [0x00000000e6ab0000, 0x00000000e6ab0000, 0x00000000e8000000)
 concurrent mark-sweep generation total 393216K, used 23300K [0x00000000e8000000, 0x0000000100000000, 0x0000000100000000)
 Metaspace       used 39943K, capacity 40946K, committed 41292K, reserved 1085440K
  class space    used 4577K, capacity 4833K, committed 4940K, reserved 1048576K
2017-10-31T07:15:15.004-0700: 9519.235: [GC (Allocation Failure) 2017-10-31T07:15:15.004-0700: 9519.235: [ParNew
Desired survivor size 20112992 bytes, new threshold 8 (max 8)
- age   1:    2098632 bytes,    2098632 total
- age   2:      76368 bytes,    2175000 total
- age   3:       7560 bytes,    2182560 total
- age   4:       9040 bytes,    2191600 total
- age   5:       6456 bytes,    2198056 total
- age   6:       6560 bytes,    2204616 total
- age   7:       6976 bytes,    2211592 total
- age   8:       7176 bytes,    2218768 total
: 89887K->2404K(109248K), 0.0041759 secs] 113187K->25712K(502464K), 0.0042579 secs] [Times: user=0.00 sys=0.00, real=0.00 secs] 
Heap after GC invocations=271 (full 2):
 par new generation   total 109248K, used 2404K [0x00000000e0000000, 0x00000000e8000000, 0x00000000e8000000)
  eden space 87424K,   0% used [0x00000000e0000000, 0x00000000e0000000, 0x00000000e5560000)
  from space 21824K,  11% used [0x00000000e6ab0000, 0x00000000e6d09118, 0x00000000e8000000)
  to   space 21824K,   0% used [0x00000000e5560000, 0x00000000e5560000, 0x00000000e6ab0000)
 concurrent mark-sweep generation total 393216K, used 23308K [0x00000000e8000000, 0x0000000100000000, 0x0000000100000000)
 Metaspace       used 39943K, capacity 40946K, committed 41292K, reserved 1085440K
  class space    used 4577K, capacity 4833K, committed 4940K, reserved 1048576K
}
2017-10-31T07:15:15.008-0700: 9519.239: Total time for which application threads were stopped: 0.0045024 seconds, Stopping threads took: 0.0000223 seconds
2017-10-31T07:15:16.231-0700: 9520.461: Total time for which application threads were stopped: 0.0007490 seconds, Stopping threads took: 0.0001564 seconds
2017-10-31T07:15:17.231-0700: 9521.462: Total time for which application threads were stopped: 0.0001429 seconds, Stopping threads took: 0.0000264 seconds
{Heap before GC invocations=271 (full 2):
 par new generation   total 109248K, used 89828K [0x00000000e0000000, 0x00000000e8000000, 0x00000000e8000000)
  eden space 87424K, 100% used [0x00000000e0000000, 0x00000000e5560000, 0x00000000e5560000)
  from space 21824K,  11% used [0x00000000e6ab0000, 0x00000000e6d09118, 0x00000000e8000000)
  to   space 21824K,   0% used [0x00000000e5560000, 0x00000000e5560000, 0x00000000e6ab0000)
 concurrent mark-sweep generation total 393216K, used 23308K [0x00000000e8000000, 0x0000000100000000, 0x0000000100000000)
 Metaspace       used 39943K, capacity 40946K, committed 41292K, reserved 1085440K
  class space    used 4577K, capacity 4833K, committed 4940K, reserved 1048576K
2017-10-31T07:15:18.468-0700: 9522.699: [GC (Allocation Failure) 2017-10-31T07:15:18.468-0700: 9522.699: [ParNew
Desired survivor size 20112992 bytes, new threshold 8 (max 8)
- age   1:    1947208 bytes,    1947208 total
- age   2:      75912 bytes,    2023120 total
- age   3:       8376 bytes,    2031496 total
- age   4:       7560 bytes,    2039056 total
- age   5:       8608 bytes,    2047664 total
- age   6:       6240 bytes,    2053904 total
- age   7:       6560 bytes,    2060464 total
- age   8:       6976 bytes,    2067440 total
: 89828K->2956K(109248K), 0.0040107 secs] 113136K->26271K(502464K), 0.0040980 secs] [Times: user=0.00 sys=0.00, real=0.00 secs] 
Heap after GC invocations=272 (full 2):
 par new generation   total 109248K, used 2956K [0x00000000e0000000, 0x00000000e8000000, 0x00000000e8000000)
  eden space 87424K,   0% used [0x00000000e0000000, 0x00000000e0000000, 0x00000000e5560000)
  from space 21824K,  13% used [0x00000000e5560000, 0x00000000e58430f0, 0x00000000e6ab0000)
  to   space 21824K,   0% used [0x00000000e6ab0000, 0x00000000e6ab0000, 0x00000000e8000000)
 concurrent mark-sweep generation total 393216K, used 23315K [0x00000000e8000000, 0x0000000100000000, 0x0000000100000000)
 Metaspace       used 39943K, capacity 40946K, committed 41292K, reserved 1085440K
  class space    used 4577K, capacity 4833K, committed 4940K, reserved 1048576K
}
2017-10-31T07:15:18.473-0700: 9522.703: Total time for which application threads were stopped: 0.0043655 seconds, Stopping threads took: 0.0000237 seconds
2017-10-31T07:15:19.110-0700: 9523.341: Total time for which application threads were stopped: 0.0002316 seconds, Stopping threads took: 0.0000332 seconds
{Heap before GC invocations=272 (full 2):
 par new generation   total 109248K, used 90289K [0x00000000e0000000, 0x00000000e8000000, 0x00000000e8000000)
  eden space 87424K,  99% used [0x00000000e0000000, 0x00000000e55493d0, 0x00000000e5560000)
  from space 21824K,  13% used [0x00000000e5560000, 0x00000000e58430f0, 0x00000000e6ab0000)
  to   space 21824K,   0% used [0x00000000e6ab0000, 0x00000000e6ab0000, 0x00000000e8000000)
 concurrent mark-sweep generation total 393216K, used 23315K [0x00000000e8000000, 0x0000000100000000, 0x0000000100000000)
 Metaspace       used 39943K, capacity 40946K, committed 41292K, reserved 1085440K
  class space    used 4577K, capacity 4833K, committed 4940K, reserved 1048576K
2017-10-31T07:15:21.857-0700: 9526.087: [GC (Allocation Failure) 2017-10-31T07:15:21.857-0700: 9526.088: [ParNew
Desired survivor size 20112992 bytes, new threshold 8 (max 8)
- age   1:    2459064 bytes,    2459064 total
- age   2:       8424 bytes,    2467488 total
- age   3:       7920 bytes,    2475408 total
- age   4:       8376 bytes,    2483784 total
- age   5:       7128 bytes,    2490912 total
- age   6:       8320 bytes,    2499232 total
- age   7:       6240 bytes,    2505472 total
- age   8:       6560 bytes,    2512032 total
: 90289K->2715K(109248K), 0.0042985 secs] 113604K->26037K(502464K), 0.0043696 secs] [Times: user=0.00 sys=0.00, real=0.00 secs] 
Heap after GC invocations=273 (full 2):
 par new generation   total 109248K, used 2715K [0x00000000e0000000, 0x00000000e8000000, 0x00000000e8000000)
  eden space 87424K,   0% used [0x00000000e0000000, 0x00000000e0000000, 0x00000000e5560000)
  from space 21824K,  12% used [0x00000000e6ab0000, 0x00000000e6d56e98, 0x00000000e8000000)
  to   space 21824K,   0% used [0x00000000e5560000, 0x00000000e5560000, 0x00000000e6ab0000)
 concurrent mark-sweep generation total 393216K, used 23322K [0x00000000e8000000, 0x0000000100000000, 0x0000000100000000)
 Metaspace       used 39943K, capacity 40946K, committed 41292K, reserved 1085440K
  class space    used 4577K, capacity 4833K, committed 4940K, reserved 1048576K
}
2017-10-31T07:15:21.862-0700: 9526.092: Total time for which application threads were stopped: 0.0046141 seconds, Stopping threads took: 0.0000223 seconds
2017-10-31T07:15:22.159-0700: 9526.389: Total time for which application threads were stopped: 0.0003183 seconds, Stopping threads took: 0.0000454 seconds
2017-10-31T07:15:24.160-0700: 9528.390: Total time for which application threads were stopped: 0.0001598 seconds, Stopping threads took: 0.0000345 seconds
2017-10-31T07:15:25.117-0700: 9529.348: Total time for which application threads were stopped: 0.0002601 seconds, Stopping threads took: 0.0000318 seconds
{Heap before GC invocations=273 (full 2):
 par new generation   total 109248K, used 89766K [0x00000000e0000000, 0x00000000e8000000, 0x00000000e8000000)
  eden space 87424K,  99% used [0x00000000e0000000, 0x00000000e5502a90, 0x00000000e5560000)
  from space 21824K,  12% used [0x00000000e6ab0000, 0x00000000e6d56e98, 0x00000000e8000000)
  to   space 21824K,   0% used [0x00000000e5560000, 0x00000000e5560000, 0x00000000e6ab0000)
 concurrent mark-sweep generation total 393216K, used 23322K [0x00000000e8000000, 0x0000000100000000, 0x0000000100000000)
 Metaspace       used 39943K, capacity 40946K, committed 41292K, reserved 1085440K
  class space    used 4577K, capacity 4833K, committed 4940K, reserved 1048576K
2017-10-31T07:15:25.144-0700: 9529.375: [GC (Allocation Failure) 2017-10-31T07:15:25.144-0700: 9529.375: [ParNew
Desired survivor size 20112992 bytes, new threshold 8 (max 8)
- age   1:    3228544 bytes,    3228544 total
- age   2:      76680 bytes,    3305224 total
- age   3:       7512 bytes,    3312736 total
- age   4:       7920 bytes,    3320656 total
- age   5:       7944 bytes,    3328600 total
- age   6:       6840 bytes,    3335440 total
- age   7:       8320 bytes,    3343760 total
- age   8:       6240 bytes,    3350000 total
: 89766K->3632K(109248K), 0.0060756 secs] 113088K->26961K(502464K), 0.0061542 secs] [Times: user=0.00 sys=0.01, real=0.01 secs] 
Heap after GC invocations=274 (full 2):
 par new generation   total 109248K, used 3632K [0x00000000e0000000, 0x00000000e8000000, 0x00000000e8000000)
  eden space 87424K,   0% used [0x00000000e0000000, 0x00000000e0000000, 0x00000000e5560000)
  from space 21824K,  16% used [0x00000000e5560000, 0x00000000e58ec150, 0x00000000e6ab0000)
  to   space 21824K,   0% used [0x00000000e6ab0000, 0x00000000e6ab0000, 0x00000000e8000000)
 concurrent mark-sweep generation total 393216K, used 23328K [0x00000000e8000000, 0x0000000100000000, 0x0000000100000000)
 Metaspace       used 39943K, capacity 40946K, committed 41292K, reserved 1085440K
  class space    used 4577K, capacity 4833K, committed 4940K, reserved 1048576K
}
2017-10-31T07:15:25.151-0700: 9529.381: Total time for which application threads were stopped: 0.0064291 seconds, Stopping threads took: 0.0000461 seconds
2017-10-31T07:15:28.089-0700: 9532.320: Total time for which application threads were stopped: 0.0003596 seconds, Stopping threads took: 0.0000461 seconds
{Heap before GC invocations=274 (full 2):
 par new generation   total 109248K, used 91056K [0x00000000e0000000, 0x00000000e8000000, 0x00000000e8000000)
  eden space 87424K, 100% used [0x00000000e0000000, 0x00000000e5560000, 0x00000000e5560000)
  from space 21824K,  16% used [0x00000000e5560000, 0x00000000e58ec150, 0x00000000e6ab0000)
  to   space 21824K,   0% used [0x00000000e6ab0000, 0x00000000e6ab0000, 0x00000000e8000000)
 concurrent mark-sweep generation total 393216K, used 23328K [0x00000000e8000000, 0x0000000100000000, 0x0000000100000000)
 Metaspace       used 39943K, capacity 40946K, committed 41292K, reserved 1085440K
  class space    used 4577K, capacity 4833K, committed 4940K, reserved 1048576K
2017-10-31T07:15:28.172-0700: 9532.403: [GC (Allocation Failure) 2017-10-31T07:15:28.172-0700: 9532.404: [ParNew
Desired survivor size 20112992 bytes, new threshold 8 (max 8)
- age   1:    2601536 bytes,    2601536 total
- age   2:     574584 bytes,    3176120 total
- age   3:       8688 bytes,    3184808 total
- age   4:       7512 bytes,    3192320 total
- age   5:       7632 bytes,    3199952 total
- age   6:       7584 bytes,    3207536 total
- age   7:       6840 bytes,    3214376 total
- age   8:       8320 bytes,    3222696 total
: 91056K->4598K(109248K), 0.0065788 secs] 114385K->27933K(502464K), 0.0068334 secs] [Times: user=0.00 sys=0.00, real=0.01 secs] 
Heap after GC invocations=275 (full 2):
 par new generation   total 109248K, used 4598K [0x00000000e0000000, 0x00000000e8000000, 0x00000000e8000000)
  eden space 87424K,   0% used [0x00000000e0000000, 0x00000000e0000000, 0x00000000e5560000)
  from space 21824K,  21% used [0x00000000e6ab0000, 0x00000000e6f2d960, 0x00000000e8000000)
  to   space 21824K,   0% used [0x00000000e5560000, 0x00000000e5560000, 0x00000000e6ab0000)
 concurrent mark-sweep generation total 393216K, used 23334K [0x00000000e8000000, 0x0000000100000000, 0x0000000100000000)
 Metaspace       used 39943K, capacity 40946K, committed 41292K, reserved 1085440K
  class space    used 4577K, capacity 4833K, committed 4940K, reserved 1048576K
}
2017-10-31T07:15:28.180-0700: 9532.410: Total time for which application threads were stopped: 0.0073217 seconds, Stopping threads took: 0.0000393 seconds
2017-10-31T07:15:31.151-0700: 9535.382: Total time for which application threads were stopped: 0.0009441 seconds, Stopping threads took: 0.0000759 seconds
{Heap before GC invocations=275 (full 2):
 par new generation   total 109248K, used 91884K [0x00000000e0000000, 0x00000000e8000000, 0x00000000e8000000)
  eden space 87424K,  99% used [0x00000000e0000000, 0x00000000e553d730, 0x00000000e5560000)
  from space 21824K,  21% used [0x00000000e6ab0000, 0x00000000e6f2d960, 0x00000000e8000000)
  to   space 21824K,   0% used [0x00000000e5560000, 0x00000000e5560000, 0x00000000e6ab0000)
 concurrent mark-sweep generation total 393216K, used 23334K [0x00000000e8000000, 0x0000000100000000, 0x0000000100000000)
 Metaspace       used 39943K, capacity 40946K, committed 41292K, reserved 1085440K
  class space    used 4577K, capacity 4833K, committed 4940K, reserved 1048576K
2017-10-31T07:15:31.259-0700: 9535.490: [GC (Allocation Failure) 2017-10-31T07:15:31.259-0700: 9535.490: [ParNew
Desired survivor size 20112992 bytes, new threshold 8 (max 8)
- age   1:    2424824 bytes,    2424824 total
- age   2:     812936 bytes,    3237760 total
- age   3:       7896 bytes,    3245656 total
- age   4:       8688 bytes,    3254344 total
- age   5:       7296 bytes,    3261640 total
- age   6:       7200 bytes,    3268840 total
- age   7:       7584 bytes,    3276424 total
- age   8:       6840 bytes,    3283264 total
: 91884K->3721K(109248K), 0.0046324 secs] 115218K->27064K(502464K), 0.0047340 secs] [Times: user=0.06 sys=0.00, real=0.00 secs] 
Heap after GC invocations=276 (full 2):
 par new generation   total 109248K, used 3721K [0x00000000e0000000, 0x00000000e8000000, 0x00000000e8000000)
  eden space 87424K,   0% used [0x00000000e0000000, 0x00000000e0000000, 0x00000000e5560000)
  from space 21824K,  17% used [0x00000000e5560000, 0x00000000e5902510, 0x00000000e6ab0000)
  to   space 21824K,   0% used [0x00000000e6ab0000, 0x00000000e6ab0000, 0x00000000e8000000)
 concurrent mark-sweep generation total 393216K, used 23342K [0x00000000e8000000, 0x0000000100000000, 0x0000000100000000)
 Metaspace       used 39943K, capacity 40946K, committed 41292K, reserved 1085440K
  class space    used 4577K, capacity 4833K, committed 4940K, reserved 1048576K
}
2017-10-31T07:15:31.264-0700: 9535.495: Total time for which application threads were stopped: 0.0050807 seconds, Stopping threads took: 0.0000352 seconds
2017-10-31T07:15:32.264-0700: 9536.494: Total time for which application threads were stopped: 0.0001564 seconds, Stopping threads took: 0.0000352 seconds
2017-10-31T07:15:34.056-0700: 9538.286: Total time for which application threads were stopped: 0.0003122 seconds, Stopping threads took: 0.0000725 seconds
{Heap before GC invocations=276 (full 2):
 par new generation   total 109248K, used 91145K [0x00000000e0000000, 0x00000000e8000000, 0x00000000e8000000)
  eden space 87424K, 100% used [0x00000000e0000000, 0x00000000e5560000, 0x00000000e5560000)
  from space 21824K,  17% used [0x00000000e5560000, 0x00000000e5902510, 0x00000000e6ab0000)
  to   space 21824K,   0% used [0x00000000e6ab0000, 0x00000000e6ab0000, 0x00000000e8000000)
 concurrent mark-sweep generation total 393216K, used 23342K [0x00000000e8000000, 0x0000000100000000, 0x0000000100000000)
 Metaspace       used 39943K, capacity 40946K, committed 41292K, reserved 1085440K
  class space    used 4577K, capacity 4833K, committed 4940K, reserved 1048576K
2017-10-31T07:15:34.389-0700: 9538.619: [GC (Allocation Failure) 2017-10-31T07:15:34.389-0700: 9538.619: [ParNew
Desired survivor size 20112992 bytes, new threshold 8 (max 8)
- age   1:    1956776 bytes,    1956776 total
- age   2:      79112 bytes,    2035888 total
- age   3:       7272 bytes,    2043160 total
- age   4:       7896 bytes,    2051056 total
- age   5:       8472 bytes,    2059528 total
- age   6:       6792 bytes,    2066320 total
- age   7:       7200 bytes,    2073520 total
- age   8:       7584 bytes,    2081104 total
: 91145K->3920K(109248K), 0.0042775 secs] 114488K->27270K(502464K), 0.0043703 secs] [Times: user=0.00 sys=0.00, real=0.00 secs] 
Heap after GC invocations=277 (full 2):
 par new generation   total 109248K, used 3920K [0x00000000e0000000, 0x00000000e8000000, 0x00000000e8000000)
  eden space 87424K,   0% used [0x00000000e0000000, 0x00000000e0000000, 0x00000000e5560000)
  from space 21824K,  17% used [0x00000000e6ab0000, 0x00000000e6e841f0, 0x00000000e8000000)
  to   space 21824K,   0% used [0x00000000e5560000, 0x00000000e5560000, 0x00000000e6ab0000)
 concurrent mark-sweep generation total 393216K, used 23349K [0x00000000e8000000, 0x0000000100000000, 0x0000000100000000)
 Metaspace       used 39943K, capacity 40946K, committed 41292K, reserved 1085440K
  class space    used 4577K, capacity 4833K, committed 4940K, reserved 1048576K
}
2017-10-31T07:15:34.393-0700: 9538.624: Total time for which application threads were stopped: 0.0046398 seconds, Stopping threads took: 0.0000237 seconds
2017-10-31T07:15:37.041-0700: 9541.272: Total time for which application threads were stopped: 0.0003779 seconds, Stopping threads took: 0.0000508 seconds
{Heap before GC invocations=277 (full 2):
 par new generation   total 109248K, used 91325K [0x00000000e0000000, 0x00000000e8000000, 0x00000000e8000000)
  eden space 87424K,  99% used [0x00000000e0000000, 0x00000000e555b240, 0x00000000e5560000)
  from space 21824K,  17% used [0x00000000e6ab0000, 0x00000000e6e841f0, 0x00000000e8000000)
  to   space 21824K,   0% used [0x00000000e5560000, 0x00000000e5560000, 0x00000000e6ab0000)
 concurrent mark-sweep generation total 393216K, used 23349K [0x00000000e8000000, 0x0000000100000000, 0x0000000100000000)
 Metaspace       used 39943K, capacity 40946K, committed 41292K, reserved 1085440K
  class space    used 4577K, capacity 4833K, committed 4940K, reserved 1048576K
2017-10-31T07:15:38.316-0700: 9542.547: [GC (Allocation Failure) 2017-10-31T07:15:38.316-0700: 9542.547: [ParNew
Desired survivor size 20112992 bytes, new threshold 8 (max 8)
- age   1:    2245464 bytes,    2245464 total
- age   2:      10008 bytes,    2255472 total
- age   3:       7008 bytes,    2262480 total
- age   4:       7272 bytes,    2269752 total
- age   5:       7680 bytes,    2277432 total
- age   6:       7896 bytes,    2285328 total
- age   7:       6792 bytes,    2292120 total
- age   8:       7200 bytes,    2299320 total
: 91325K->2711K(109248K), 0.0038651 secs] 114674K->26068K(502464K), 0.0039450 secs] [Times: user=0.00 sys=0.00, real=0.00 secs] 
Heap after GC invocations=278 (full 2):
 par new generation   total 109248K, used 2711K [0x00000000e0000000, 0x00000000e8000000, 0x00000000e8000000)
  eden space 87424K,   0% used [0x00000000e0000000, 0x00000000e0000000, 0x00000000e5560000)
  from space 21824K,  12% used [0x00000000e5560000, 0x00000000e5805e50, 0x00000000e6ab0000)
  to   space 21824K,   0% used [0x00000000e6ab0000, 0x00000000e6ab0000, 0x00000000e8000000)
 concurrent mark-sweep generation total 393216K, used 23357K [0x00000000e8000000, 0x0000000100000000, 0x0000000100000000)
 Metaspace       used 39943K, capacity 40946K, committed 41292K, reserved 1085440K
  class space    used 4577K, capacity 4833K, committed 4940K, reserved 1048576K
}
2017-10-31T07:15:38.320-0700: 9542.551: Total time for which application threads were stopped: 0.0041956 seconds, Stopping threads took: 0.0000271 seconds
2017-10-31T07:15:39.865-0700: 9544.096: Total time for which application threads were stopped: 0.0002370 seconds, Stopping threads took: 0.0000305 seconds
{Heap before GC invocations=278 (full 2):
 par new generation   total 109248K, used 90135K [0x00000000e0000000, 0x00000000e8000000, 0x00000000e8000000)
  eden space 87424K, 100% used [0x00000000e0000000, 0x00000000e5560000, 0x00000000e5560000)
  from space 21824K,  12% used [0x00000000e5560000, 0x00000000e5805e50, 0x00000000e6ab0000)
  to   space 21824K,   0% used [0x00000000e6ab0000, 0x00000000e6ab0000, 0x00000000e8000000)
 concurrent mark-sweep generation total 393216K, used 23357K [0x00000000e8000000, 0x0000000100000000, 0x0000000100000000)
 Metaspace       used 39943K, capacity 40946K, committed 41292K, reserved 1085440K
  class space    used 4577K, capacity 4833K, committed 4940K, reserved 1048576K
2017-10-31T07:15:41.344-0700: 9545.574: [GC (Allocation Failure) 2017-10-31T07:15:41.344-0700: 9545.574: [ParNew
Desired survivor size 20112992 bytes, new threshold 8 (max 8)
- age   1:    1971360 bytes,    1971360 total
- age   2:      76488 bytes,    2047848 total
- age   3:       9096 bytes,    2056944 total
- age   4:       7008 bytes,    2063952 total
- age   5:       7128 bytes,    2071080 total
- age   6:       7176 bytes,    2078256 total
- age   7:       7896 bytes,    2086152 total
- age   8:       6792 bytes,    2092944 total
: 90135K->2930K(109248K), 0.0041597 secs] 113492K->26294K(502464K), 0.0042321 secs] [Times: user=0.00 sys=0.00, real=0.00 secs] 
Heap after GC invocations=279 (full 2):
 par new generation   total 109248K, used 2930K [0x00000000e0000000, 0x00000000e8000000, 0x00000000e8000000)
  eden space 87424K,   0% used [0x00000000e0000000, 0x00000000e0000000, 0x00000000e5560000)
  from space 21824K,  13% used [0x00000000e6ab0000, 0x00000000e6d8c800, 0x00000000e8000000)
  to   space 21824K,   0% used [0x00000000e5560000, 0x00000000e5560000, 0x00000000e6ab0000)
 concurrent mark-sweep generation total 393216K, used 23364K [0x00000000e8000000, 0x0000000100000000, 0x0000000100000000)
 Metaspace       used 39943K, capacity 40946K, committed 41292K, reserved 1085440K
  class space    used 4577K, capacity 4833K, committed 4940K, reserved 1048576K
}
2017-10-31T07:15:41.348-0700: 9545.579: Total time for which application threads were stopped: 0.0045599 seconds, Stopping threads took: 0.0000230 seconds
2017-10-31T07:15:43.061-0700: 9547.292: Total time for which application threads were stopped: 0.0002452 seconds, Stopping threads took: 0.0000339 seconds
{Heap before GC invocations=279 (full 2):
 par new generation   total 109248K, used 89861K [0x00000000e0000000, 0x00000000e8000000, 0x00000000e8000000)
  eden space 87424K,  99% used [0x00000000e0000000, 0x00000000e54e4ea8, 0x00000000e5560000)
  from space 21824K,  13% used [0x00000000e6ab0000, 0x00000000e6d8c800, 0x00000000e8000000)
  to   space 21824K,   0% used [0x00000000e5560000, 0x00000000e5560000, 0x00000000e6ab0000)
 concurrent mark-sweep generation total 393216K, used 23364K [0x00000000e8000000, 0x0000000100000000, 0x0000000100000000)
 Metaspace       used 39943K, capacity 40946K, committed 41292K, reserved 1085440K
  class space    used 4577K, capacity 4833K, committed 4940K, reserved 1048576K
2017-10-31T07:15:45.266-0700: 9549.497: [GC (Allocation Failure) 2017-10-31T07:15:45.266-0700: 9549.497: [ParNew
Desired survivor size 20112992 bytes, new threshold 8 (max 8)
- age   1:    2276064 bytes,    2276064 total
- age   2:       8448 bytes,    2284512 total
- age   3:       8496 bytes,    2293008 total
- age   4:       9096 bytes,    2302104 total
- age   5:       6576 bytes,    2308680 total
- age   6:       6624 bytes,    2315304 total
- age   7:       7176 bytes,    2322480 total
- age   8:       7896 bytes,    2330376 total
: 89861K->2607K(109248K), 0.0044102 secs] 113225K->25978K(502464K), 0.0044983 secs] [Times: user=0.00 sys=0.00, real=0.00 secs] 
Heap after GC invocations=280 (full 2):
 par new generation   total 109248K, used 2607K [0x00000000e0000000, 0x00000000e8000000, 0x00000000e8000000)
  eden space 87424K,   0% used [0x00000000e0000000, 0x00000000e0000000, 0x00000000e5560000)
  from space 21824K,  11% used [0x00000000e5560000, 0x00000000e57ebe90, 0x00000000e6ab0000)
  to   space 21824K,   0% used [0x00000000e6ab0000, 0x00000000e6ab0000, 0x00000000e8000000)
 concurrent mark-sweep generation total 393216K, used 23370K [0x00000000e8000000, 0x0000000100000000, 0x0000000100000000)
 Metaspace       used 39943K, capacity 40946K, committed 41292K, reserved 1085440K
  class space    used 4577K, capacity 4833K, committed 4940K, reserved 1048576K
}
2017-10-31T07:15:45.271-0700: 9549.501: Total time for which application threads were stopped: 0.0047746 seconds, Stopping threads took: 0.0000264 seconds
2017-10-31T07:15:46.331-0700: 9550.562: Total time for which application threads were stopped: 0.0003820 seconds, Stopping threads took: 0.0001422 seconds
{Heap before GC invocations=280 (full 2):
 par new generation   total 109248K, used 90031K [0x00000000e0000000, 0x00000000e8000000, 0x00000000e8000000)
  eden space 87424K, 100% used [0x00000000e0000000, 0x00000000e5560000, 0x00000000e5560000)
  from space 21824K,  11% used [0x00000000e5560000, 0x00000000e57ebe90, 0x00000000e6ab0000)
  to   space 21824K,   0% used [0x00000000e6ab0000, 0x00000000e6ab0000, 0x00000000e8000000)
 concurrent mark-sweep generation total 393216K, used 23370K [0x00000000e8000000, 0x0000000100000000, 0x0000000100000000)
 Metaspace       used 39943K, capacity 40946K, committed 41292K, reserved 1085440K
  class space    used 4577K, capacity 4833K, committed 4940K, reserved 1048576K
2017-10-31T07:15:48.908-0700: 9553.139: [GC (Allocation Failure) 2017-10-31T07:15:48.908-0700: 9553.139: [ParNew
Desired survivor size 20112992 bytes, new threshold 8 (max 8)
- age   1:    1968096 bytes,    1968096 total
- age   2:      76544 bytes,    2044640 total
- age   3:       7536 bytes,    2052176 total
- age   4:       8496 bytes,    2060672 total
- age   5:       8520 bytes,    2069192 total
- age   6:       6360 bytes,    2075552 total
- age   7:       6624 bytes,    2082176 total
- age   8:       7176 bytes,    2089352 total
: 90031K->3019K(109248K), 0.0055027 secs] 113402K->26398K(502464K), 0.0055880 secs] [Times: user=0.00 sys=0.00, real=0.01 secs] 
Heap after GC invocations=281 (full 2):
 par new generation   total 109248K, used 3019K [0x00000000e0000000, 0x00000000e8000000, 0x00000000e8000000)
  eden space 87424K,   0% used [0x00000000e0000000, 0x00000000e0000000, 0x00000000e5560000)
  from space 21824K,  13% used [0x00000000e6ab0000, 0x00000000e6da2f10, 0x00000000e8000000)
  to   space 21824K,   0% used [0x00000000e5560000, 0x00000000e5560000, 0x00000000e6ab0000)
 concurrent mark-sweep generation total 393216K, used 23378K [0x00000000e8000000, 0x0000000100000000, 0x0000000100000000)
 Metaspace       used 39943K, capacity 40946K, committed 41292K, reserved 1085440K
  class space    used 4577K, capacity 4833K, committed 4940K, reserved 1048576K
}
2017-10-31T07:15:48.913-0700: 9553.144: Total time for which application threads were stopped: 0.0058352 seconds, Stopping threads took: 0.0000237 seconds
2017-10-31T07:15:49.274-0700: 9553.505: Total time for which application threads were stopped: 0.0002337 seconds, Stopping threads took: 0.0000325 seconds
2017-10-31T07:15:52.051-0700: 9556.281: Total time for which application threads were stopped: 0.0002377 seconds, Stopping threads took: 0.0000352 seconds
{Heap before GC invocations=281 (full 2):
 par new generation   total 109248K, used 90443K [0x00000000e0000000, 0x00000000e8000000, 0x00000000e8000000)
  eden space 87424K, 100% used [0x00000000e0000000, 0x00000000e5560000, 0x00000000e5560000)
  from space 21824K,  13% used [0x00000000e6ab0000, 0x00000000e6da2f10, 0x00000000e8000000)
  to   space 21824K,   0% used [0x00000000e5560000, 0x00000000e5560000, 0x00000000e6ab0000)
 concurrent mark-sweep generation total 393216K, used 23378K [0x00000000e8000000, 0x0000000100000000, 0x0000000100000000)
 Metaspace       used 39943K, capacity 40946K, committed 41292K, reserved 1085440K
  class space    used 4577K, capacity 4833K, committed 4940K, reserved 1048576K
2017-10-31T07:15:52.077-0700: 9556.307: [GC (Allocation Failure) 2017-10-31T07:15:52.077-0700: 9556.307: [ParNew
Desired survivor size 20112992 bytes, new threshold 8 (max 8)
- age   1:    2679776 bytes,    2679776 total
- age   2:       8400 bytes,    2688176 total
- age   3:       8552 bytes,    2696728 total
- age   4:       7536 bytes,    2704264 total
- age   5:       7992 bytes,    2712256 total
- age   6:       8376 bytes,    2720632 total
- age   7:       6360 bytes,    2726992 total
- age   8:       6624 bytes,    2733616 total
: 90443K->3374K(109248K), 0.0077836 secs] 113822K->26759K(502464K), 0.0079407 secs] [Times: user=0.00 sys=0.00, real=0.01 secs] 
Heap after GC invocations=282 (full 2):
 par new generation   total 109248K, used 3374K [0x00000000e0000000, 0x00000000e8000000, 0x00000000e8000000)
  eden space 87424K,   0% used [0x00000000e0000000, 0x00000000e0000000, 0x00000000e5560000)
  from space 21824K,  15% used [0x00000000e5560000, 0x00000000e58ab8d8, 0x00000000e6ab0000)
  to   space 21824K,   0% used [0x00000000e6ab0000, 0x00000000e6ab0000, 0x00000000e8000000)
 concurrent mark-sweep generation total 393216K, used 23385K [0x00000000e8000000, 0x0000000100000000, 0x0000000100000000)
 Metaspace       used 39943K, capacity 40946K, committed 41292K, reserved 1085440K
  class space    used 4577K, capacity 4833K, committed 4940K, reserved 1048576K
}
2017-10-31T07:15:52.085-0700: 9556.315: Total time for which application threads were stopped: 0.0082110 seconds, Stopping threads took: 0.0000264 seconds
2017-10-31T07:15:55.097-0700: 9559.327: Total time for which application threads were stopped: 0.0002777 seconds, Stopping threads took: 0.0000542 seconds
{Heap before GC invocations=282 (full 2):
 par new generation   total 109248K, used 90798K [0x00000000e0000000, 0x00000000e8000000, 0x00000000e8000000)
  eden space 87424K, 100% used [0x00000000e0000000, 0x00000000e5560000, 0x00000000e5560000)
  from space 21824K,  15% used [0x00000000e5560000, 0x00000000e58ab8d8, 0x00000000e6ab0000)
  to   space 21824K,   0% used [0x00000000e6ab0000, 0x00000000e6ab0000, 0x00000000e8000000)
 concurrent mark-sweep generation total 393216K, used 23385K [0x00000000e8000000, 0x0000000100000000, 0x0000000100000000)
 Metaspace       used 39943K, capacity 40946K, committed 41292K, reserved 1085440K
  class space    used 4577K, capacity 4833K, committed 4940K, reserved 1048576K
2017-10-31T07:15:55.130-0700: 9559.361: [GC (Allocation Failure) 2017-10-31T07:15:55.130-0700: 9559.361: [ParNew
Desired survivor size 20112992 bytes, new threshold 8 (max 8)
- age   1:    2311480 bytes,    2311480 total
- age   2:     500232 bytes,    2811712 total
- age   3:       7488 bytes,    2819200 total
- age   4:       8552 bytes,    2827752 total
- age   5:       7104 bytes,    2834856 total
- age   6:       7704 bytes,    2842560 total
- age   7:       8376 bytes,    2850936 total
- age   8:       6360 bytes,    2857296 total
: 90798K->3698K(109248K), 0.0087656 secs] 114183K->27090K(502464K), 0.0088665 secs] [Times: user=0.00 sys=0.00, real=0.01 secs] 
Heap after GC invocations=283 (full 2):
 par new generation   total 109248K, used 3698K [0x00000000e0000000, 0x00000000e8000000, 0x00000000e8000000)
  eden space 87424K,   0% used [0x00000000e0000000, 0x00000000e0000000, 0x00000000e5560000)
  from space 21824K,  16% used [0x00000000e6ab0000, 0x00000000e6e4ca10, 0x00000000e8000000)
  to   space 21824K,   0% used [0x00000000e5560000, 0x00000000e5560000, 0x00000000e6ab0000)
 concurrent mark-sweep generation total 393216K, used 23391K [0x00000000e8000000, 0x0000000100000000, 0x0000000100000000)
 Metaspace       used 39943K, capacity 40946K, committed 41292K, reserved 1085440K
  class space    used 4577K, capacity 4833K, committed 4940K, reserved 1048576K
}
2017-10-31T07:15:55.140-0700: 9559.370: Total time for which application threads were stopped: 0.0091666 seconds, Stopping threads took: 0.0000318 seconds
2017-10-31T07:15:58.161-0700: 9562.392: Total time for which application threads were stopped: 0.0002614 seconds, Stopping threads took: 0.0000400 seconds
{Heap before GC invocations=283 (full 2):
 par new generation   total 109248K, used 91122K [0x00000000e0000000, 0x00000000e8000000, 0x00000000e8000000)
  eden space 87424K, 100% used [0x00000000e0000000, 0x00000000e5560000, 0x00000000e5560000)
  from space 21824K,  16% used [0x00000000e6ab0000, 0x00000000e6e4ca10, 0x00000000e8000000)
  to   space 21824K,   0% used [0x00000000e5560000, 0x00000000e5560000, 0x00000000e6ab0000)
 concurrent mark-sweep generation total 393216K, used 23391K [0x00000000e8000000, 0x0000000100000000, 0x0000000100000000)
 Metaspace       used 39943K, capacity 40946K, committed 41292K, reserved 1085440K
  class space    used 4577K, capacity 4833K, committed 4940K, reserved 1048576K
2017-10-31T07:15:58.232-0700: 9562.463: [GC (Allocation Failure) 2017-10-31T07:15:58.232-0700: 9562.463: [ParNew
Desired survivor size 20112992 bytes, new threshold 8 (max 8)
- age   1:    2692928 bytes,    2692928 total
- age   2:     596392 bytes,    3289320 total
- age   3:       8160 bytes,    3297480 total
- age   4:       7488 bytes,    3304968 total
- age   5:       8192 bytes,    3313160 total
- age   6:       6816 bytes,    3319976 total
- age   7:       7704 bytes,    3327680 total
- age   8:       8376 bytes,    3336056 total
: 91122K->4102K(109248K), 0.0051688 secs] 114514K->27500K(502464K), 0.0052751 secs] [Times: user=0.00 sys=0.00, real=0.01 secs] 
Heap after GC invocations=284 (full 2):
 par new generation   total 109248K, used 4102K [0x00000000e0000000, 0x00000000e8000000, 0x00000000e8000000)
  eden space 87424K,   0% used [0x00000000e0000000, 0x00000000e0000000, 0x00000000e5560000)
  from space 21824K,  18% used [0x00000000e5560000, 0x00000000e5961860, 0x00000000e6ab0000)
  to   space 21824K,   0% used [0x00000000e6ab0000, 0x00000000e6ab0000, 0x00000000e8000000)
 concurrent mark-sweep generation total 393216K, used 23398K [0x00000000e8000000, 0x0000000100000000, 0x0000000100000000)
 Metaspace       used 39943K, capacity 40946K, committed 41292K, reserved 1085440K
  class space    used 4577K, capacity 4833K, committed 4940K, reserved 1048576K
}
2017-10-31T07:15:58.238-0700: 9562.468: Total time for which application threads were stopped: 0.0056286 seconds, Stopping threads took: 0.0000393 seconds
2017-10-31T07:16:01.142-0700: 9565.373: Total time for which application threads were stopped: 0.0002188 seconds, Stopping threads took: 0.0000372 seconds
{Heap before GC invocations=284 (full 2):
 par new generation   total 109248K, used 91526K [0x00000000e0000000, 0x00000000e8000000, 0x00000000e8000000)
  eden space 87424K, 100% used [0x00000000e0000000, 0x00000000e5560000, 0x00000000e5560000)
  from space 21824K,  18% used [0x00000000e5560000, 0x00000000e5961860, 0x00000000e6ab0000)
  to   space 21824K,   0% used [0x00000000e6ab0000, 0x00000000e6ab0000, 0x00000000e8000000)
 concurrent mark-sweep generation total 393216K, used 23398K [0x00000000e8000000, 0x0000000100000000, 0x0000000100000000)
 Metaspace       used 39943K, capacity 40946K, committed 41292K, reserved 1085440K
  class space    used 4577K, capacity 4833K, committed 4940K, reserved 1048576K
2017-10-31T07:16:01.449-0700: 9565.680: [GC (Allocation Failure) 2017-10-31T07:16:01.449-0700: 9565.680: [ParNew
Desired survivor size 20112992 bytes, new threshold 8 (max 8)
- age   1:    2157520 bytes,    2157520 total
- age   2:      78944 bytes,    2236464 total
- age   3:       7048 bytes,    2243512 total
- age   4:       8160 bytes,    2251672 total
- age   5:       7272 bytes,    2258944 total
- age   6:       7760 bytes,    2266704 total
- age   7:       6816 bytes,    2273520 total
- age   8:       7704 bytes,    2281224 total
: 91526K->2983K(109248K), 0.0058359 secs] 114924K->26389K(502464K), 0.0059165 secs] [Times: user=0.00 sys=0.00, real=0.01 secs] 
Heap after GC invocations=285 (full 2):
 par new generation   total 109248K, used 2983K [0x00000000e0000000, 0x00000000e8000000, 0x00000000e8000000)
  eden space 87424K,   0% used [0x00000000e0000000, 0x00000000e0000000, 0x00000000e5560000)
  from space 21824K,  13% used [0x00000000e6ab0000, 0x00000000e6d99d80, 0x00000000e8000000)
  to   space 21824K,   0% used [0x00000000e5560000, 0x00000000e5560000, 0x00000000e6ab0000)
 concurrent mark-sweep generation total 393216K, used 23406K [0x00000000e8000000, 0x0000000100000000, 0x0000000100000000)
 Metaspace       used 39943K, capacity 40946K, committed 41292K, reserved 1085440K
  class space    used 4577K, capacity 4833K, committed 4940K, reserved 1048576K
}
2017-10-31T07:16:01.455-0700: 9565.686: Total time for which application threads were stopped: 0.0062205 seconds, Stopping threads took: 0.0000217 seconds
2017-10-31T07:16:03.932-0700: 9568.163: Total time for which application threads were stopped: 0.0002885 seconds, Stopping threads took: 0.0000508 seconds
{Heap before GC invocations=285 (full 2):
 par new generation   total 109248K, used 90354K [0x00000000e0000000, 0x00000000e8000000, 0x00000000e8000000)
  eden space 87424K,  99% used [0x00000000e0000000, 0x00000000e5552d60, 0x00000000e5560000)
  from space 21824K,  13% used [0x00000000e6ab0000, 0x00000000e6d99d80, 0x00000000e8000000)
  to   space 21824K,   0% used [0x00000000e5560000, 0x00000000e5560000, 0x00000000e6ab0000)
 concurrent mark-sweep generation total 393216K, used 23406K [0x00000000e8000000, 0x0000000100000000, 0x0000000100000000)
 Metaspace       used 39943K, capacity 40946K, committed 41292K, reserved 1085440K
  class space    used 4577K, capacity 4833K, committed 4940K, reserved 1048576K
2017-10-31T07:16:04.846-0700: 9569.076: [GC (Allocation Failure) 2017-10-31T07:16:04.846-0700: 9569.077: [ParNew
Desired survivor size 20112992 bytes, new threshold 8 (max 8)
- age   1:    2008520 bytes,    2008520 total
- age   2:      75696 bytes,    2084216 total
- age   3:       6792 bytes,    2091008 total
- age   4:       7048 bytes,    2098056 total
- age   5:       7944 bytes,    2106000 total
- age   6:       6768 bytes,    2112768 total
- age   7:       7760 bytes,    2120528 total
- age   8:       6816 bytes,    2127344 total
: 90354K->2910K(109248K), 0.0041109 secs] 113761K->26324K(502464K), 0.0042064 secs] [Times: user=0.00 sys=0.00, real=0.00 secs] 
Heap after GC invocations=286 (full 2):
 par new generation   total 109248K, used 2910K [0x00000000e0000000, 0x00000000e8000000, 0x00000000e8000000)
  eden space 87424K,   0% used [0x00000000e0000000, 0x00000000e0000000, 0x00000000e5560000)
  from space 21824K,  13% used [0x00000000e5560000, 0x00000000e5837b60, 0x00000000e6ab0000)
  to   space 21824K,   0% used [0x00000000e6ab0000, 0x00000000e6ab0000, 0x00000000e8000000)
 concurrent mark-sweep generation total 393216K, used 23413K [0x00000000e8000000, 0x0000000100000000, 0x0000000100000000)
 Metaspace       used 39943K, capacity 40946K, committed 41292K, reserved 1085440K
  class space    used 4577K, capacity 4833K, committed 4940K, reserved 1048576K
}
2017-10-31T07:16:04.850-0700: 9569.081: Total time for which application threads were stopped: 0.0045017 seconds, Stopping threads took: 0.0000433 seconds
2017-10-31T07:16:06.898-0700: 9571.129: Total time for which application threads were stopped: 0.0002215 seconds, Stopping threads took: 0.0000400 seconds
{Heap before GC invocations=286 (full 2):
 par new generation   total 109248K, used 90334K [0x00000000e0000000, 0x00000000e8000000, 0x00000000e8000000)
  eden space 87424K, 100% used [0x00000000e0000000, 0x00000000e5560000, 0x00000000e5560000)
  from space 21824K,  13% used [0x00000000e5560000, 0x00000000e5837b60, 0x00000000e6ab0000)
  to   space 21824K,   0% used [0x00000000e6ab0000, 0x00000000e6ab0000, 0x00000000e8000000)
 concurrent mark-sweep generation total 393216K, used 23413K [0x00000000e8000000, 0x0000000100000000, 0x0000000100000000)
 Metaspace       used 39943K, capacity 40946K, committed 41292K, reserved 1085440K
  class space    used 4577K, capacity 4833K, committed 4940K, reserved 1048576K
2017-10-31T07:16:08.766-0700: 9572.997: [GC (Allocation Failure) 2017-10-31T07:16:08.766-0700: 9572.997: [ParNew
Desired survivor size 20112992 bytes, new threshold 8 (max 8)
- age   1:    1862888 bytes,    1862888 total
- age   2:      78808 bytes,    1941696 total
- age   3:       7704 bytes,    1949400 total
- age   4:       6792 bytes,    1956192 total
- age   5:       6648 bytes,    1962840 total
- age   6:       7440 bytes,    1970280 total
- age   7:       6768 bytes,    1977048 total
- age   8:       7760 bytes,    1984808 total
: 90334K->2417K(109248K), 0.0037797 secs] 113748K->25837K(502464K), 0.0038712 secs] [Times: user=0.00 sys=0.00, real=0.00 secs] 
Heap after GC invocations=287 (full 2):
 par new generation   total 109248K, used 2417K [0x00000000e0000000, 0x00000000e8000000, 0x00000000e8000000)
  eden space 87424K,   0% used [0x00000000e0000000, 0x00000000e0000000, 0x00000000e5560000)
  from space 21824K,  11% used [0x00000000e6ab0000, 0x00000000e6d0c408, 0x00000000e8000000)
  to   space 21824K,   0% used [0x00000000e5560000, 0x00000000e5560000, 0x00000000e6ab0000)
 concurrent mark-sweep generation total 393216K, used 23420K [0x00000000e8000000, 0x0000000100000000, 0x0000000100000000)
 Metaspace       used 39943K, capacity 40946K, committed 41292K, reserved 1085440K
  class space    used 4577K, capacity 4833K, committed 4940K, reserved 1048576K
}
2017-10-31T07:16:08.770-0700: 9573.001: Total time for which application threads were stopped: 0.0041353 seconds, Stopping threads took: 0.0000291 seconds
2017-10-31T07:16:10.154-0700: 9574.384: Total time for which application threads were stopped: 0.0002763 seconds, Stopping threads took: 0.0000386 seconds
{Heap before GC invocations=287 (full 2):
 par new generation   total 109248K, used 89839K [0x00000000e0000000, 0x00000000e8000000, 0x00000000e8000000)
  eden space 87424K,  99% used [0x00000000e0000000, 0x00000000e555fb90, 0x00000000e5560000)
  from space 21824K,  11% used [0x00000000e6ab0000, 0x00000000e6d0c408, 0x00000000e8000000)
  to   space 21824K,   0% used [0x00000000e5560000, 0x00000000e5560000, 0x00000000e6ab0000)
 concurrent mark-sweep generation total 393216K, used 23420K [0x00000000e8000000, 0x0000000100000000, 0x0000000100000000)
 Metaspace       used 39943K, capacity 40946K, committed 41292K, reserved 1085440K
  class space    used 4577K, capacity 4833K, committed 4940K, reserved 1048576K
2017-10-31T07:16:11.875-0700: 9576.106: [GC (Allocation Failure) 2017-10-31T07:16:11.876-0700: 9576.106: [ParNew
Desired survivor size 20112992 bytes, new threshold 8 (max 8)
- age   1:    2191520 bytes,    2191520 total
- age   2:       8496 bytes,    2200016 total
- age   3:      10816 bytes,    2210832 total
- age   4:       7704 bytes,    2218536 total
- age   5:       6504 bytes,    2225040 total
- age   6:       6288 bytes,    2231328 total
- age   7:       7440 bytes,    2238768 total
- age   8:       6768 bytes,    2245536 total
: 89839K->2510K(109248K), 0.0044245 secs] 113260K->25938K(502464K), 0.0045132 secs] [Times: user=0.00 sys=0.00, real=0.01 secs] 
Heap after GC invocations=288 (full 2):
 par new generation   total 109248K, used 2510K [0x00000000e0000000, 0x00000000e8000000, 0x00000000e8000000)
  eden space 87424K,   0% used [0x00000000e0000000, 0x00000000e0000000, 0x00000000e5560000)
  from space 21824K,  11% used [0x00000000e5560000, 0x00000000e57d3868, 0x00000000e6ab0000)
  to   space 21824K,   0% used [0x00000000e6ab0000, 0x00000000e6ab0000, 0x00000000e8000000)
 concurrent mark-sweep generation total 393216K, used 23428K [0x00000000e8000000, 0x0000000100000000, 0x0000000100000000)
 Metaspace       used 39943K, capacity 40946K, committed 41292K, reserved 1085440K
  class space    used 4577K, capacity 4833K, committed 4940K, reserved 1048576K
}
2017-10-31T07:16:11.880-0700: 9576.111: Total time for which application threads were stopped: 0.0047766 seconds, Stopping threads took: 0.0000223 seconds
2017-10-31T07:16:13.097-0700: 9577.328: Total time for which application threads were stopped: 0.0002580 seconds, Stopping threads took: 0.0000312 seconds
{Heap before GC invocations=288 (full 2):
 par new generation   total 109248K, used 89934K [0x00000000e0000000, 0x00000000e8000000, 0x00000000e8000000)
  eden space 87424K, 100% used [0x00000000e0000000, 0x00000000e5560000, 0x00000000e5560000)
  from space 21824K,  11% used [0x00000000e5560000, 0x00000000e57d3868, 0x00000000e6ab0000)
  to   space 21824K,   0% used [0x00000000e6ab0000, 0x00000000e6ab0000, 0x00000000e8000000)
 concurrent mark-sweep generation total 393216K, used 23428K [0x00000000e8000000, 0x0000000100000000, 0x0000000100000000)
 Metaspace       used 39943K, capacity 40946K, committed 41292K, reserved 1085440K
  class space    used 4577K, capacity 4833K, committed 4940K, reserved 1048576K
2017-10-31T07:16:15.459-0700: 9579.689: [GC (Allocation Failure) 2017-10-31T07:16:15.459-0700: 9579.689: [ParNew
Desired survivor size 20112992 bytes, new threshold 8 (max 8)
- age   1:    2527720 bytes,    2527720 total
- age   2:       9992 bytes,    2537712 total
- age   3:       7584 bytes,    2545296 total
- age   4:      10816 bytes,    2556112 total
- age   5:       7272 bytes,    2563384 total
- age   6:       6144 bytes,    2569528 total
- age   7:       6288 bytes,    2575816 total
- age   8:       7440 bytes,    2583256 total
: 89934K->3425K(109248K), 0.0055067 secs] 113362K->26860K(502464K), 0.0055941 secs] [Times: user=0.00 sys=0.00, real=0.01 secs] 
Heap after GC invocations=289 (full 2):
 par new generation   total 109248K, used 3425K [0x00000000e0000000, 0x00000000e8000000, 0x00000000e8000000)
  eden space 87424K,   0% used [0x00000000e0000000, 0x00000000e0000000, 0x00000000e5560000)
  from space 21824K,  15% used [0x00000000e6ab0000, 0x00000000e6e085c0, 0x00000000e8000000)
  to   space 21824K,   0% used [0x00000000e5560000, 0x00000000e5560000, 0x00000000e6ab0000)
 concurrent mark-sweep generation total 393216K, used 23434K [0x00000000e8000000, 0x0000000100000000, 0x0000000100000000)
 Metaspace       used 39943K, capacity 40946K, committed 41292K, reserved 1085440K
  class space    used 4577K, capacity 4833K, committed 4940K, reserved 1048576K
}
2017-10-31T07:16:15.465-0700: 9579.695: Total time for which application threads were stopped: 0.0058548 seconds, Stopping threads took: 0.0000447 seconds
2017-10-31T07:16:16.007-0700: 9580.237: Total time for which application threads were stopped: 0.0002912 seconds, Stopping threads took: 0.0000515 seconds
{Heap before GC invocations=289 (full 2):
 par new generation   total 109248K, used 90383K [0x00000000e0000000, 0x00000000e8000000, 0x00000000e8000000)
  eden space 87424K,  99% used [0x00000000e0000000, 0x00000000e54eb960, 0x00000000e5560000)
  from space 21824K,  15% used [0x00000000e6ab0000, 0x00000000e6e085c0, 0x00000000e8000000)
  to   space 21824K,   0% used [0x00000000e5560000, 0x00000000e5560000, 0x00000000e6ab0000)
 concurrent mark-sweep generation total 393216K, used 23434K [0x00000000e8000000, 0x0000000100000000, 0x0000000100000000)
 Metaspace       used 39943K, capacity 40946K, committed 41292K, reserved 1085440K
  class space    used 4577K, capacity 4833K, committed 4940K, reserved 1048576K
2017-10-31T07:16:18.807-0700: 9583.037: [GC (Allocation Failure) 2017-10-31T07:16:18.807-0700: 9583.037: [ParNew
Desired survivor size 20112992 bytes, new threshold 8 (max 8)
- age   1:    2559424 bytes,    2559424 total
- age   2:      10816 bytes,    2570240 total
- age   3:       9032 bytes,    2579272 total
- age   4:       7584 bytes,    2586856 total
- age   5:      10312 bytes,    2597168 total
- age   6:       6984 bytes,    2604152 total
- age   7:       6144 bytes,    2610296 total
- age   8:       6288 bytes,    2616584 total
: 90383K->3396K(109248K), 0.0042707 secs] 113818K->26838K(502464K), 0.0043425 secs] [Times: user=0.00 sys=0.00, real=0.00 secs] 
Heap after GC invocations=290 (full 2):
 par new generation   total 109248K, used 3396K [0x00000000e0000000, 0x00000000e8000000, 0x00000000e8000000)
  eden space 87424K,   0% used [0x00000000e0000000, 0x00000000e0000000, 0x00000000e5560000)
  from space 21824K,  15% used [0x00000000e5560000, 0x00000000e58b13a0, 0x00000000e6ab0000)
  to   space 21824K,   0% used [0x00000000e6ab0000, 0x00000000e6ab0000, 0x00000000e8000000)
 concurrent mark-sweep generation total 393216K, used 23441K [0x00000000e8000000, 0x0000000100000000, 0x0000000100000000)
 Metaspace       used 39943K, capacity 40946K, committed 41292K, reserved 1085440K
  class space    used 4577K, capacity 4833K, committed 4940K, reserved 1048576K
}
2017-10-31T07:16:18.811-0700: 9583.042: Total time for which application threads were stopped: 0.0045850 seconds, Stopping threads took: 0.0000237 seconds
2017-10-31T07:16:19.131-0700: 9583.362: Total time for which application threads were stopped: 0.0007592 seconds, Stopping threads took: 0.0001571 seconds
2017-10-31T07:30:10.620-0700: 10414.851: Total time for which application threads were stopped: 0.0003650 seconds, Stopping threads took: 0.0001050 seconds
2017-10-31T07:35:31.812-0700: 10736.042: Total time for which application threads were stopped: 0.0002093 seconds, Stopping threads took: 0.0000413 seconds
{Heap before GC invocations=290 (full 2):
 par new generation   total 109248K, used 90425K [0x00000000e0000000, 0x00000000e8000000, 0x00000000e8000000)
  eden space 87424K,  99% used [0x00000000e0000000, 0x00000000e54fd330, 0x00000000e5560000)
  from space 21824K,  15% used [0x00000000e5560000, 0x00000000e58b13a0, 0x00000000e6ab0000)
  to   space 21824K,   0% used [0x00000000e6ab0000, 0x00000000e6ab0000, 0x00000000e8000000)
 concurrent mark-sweep generation total 393216K, used 23441K [0x00000000e8000000, 0x0000000100000000, 0x0000000100000000)
 Metaspace       used 39945K, capacity 40946K, committed 41292K, reserved 1085440K
  class space    used 4577K, capacity 4833K, committed 4940K, reserved 1048576K
2017-10-31T07:36:28.812-0700: 10793.043: [GC (Allocation Failure) 2017-10-31T07:36:28.812-0700: 10793.043: [ParNew
Desired survivor size 20112992 bytes, new threshold 8 (max 8)
- age   1:    2217616 bytes,    2217616 total
- age   2:      77160 bytes,    2294776 total
- age   3:       8928 bytes,    2303704 total
- age   4:       8240 bytes,    2311944 total
- age   5:       6720 bytes,    2318664 total
- age   6:       8592 bytes,    2327256 total
- age   7:       6984 bytes,    2334240 total
- age   8:       6144 bytes,    2340384 total
: 90425K->2662K(109248K), 0.0082008 secs] 113867K->26110K(502464K), 0.0082922 secs] [Times: user=0.00 sys=0.00, real=0.01 secs] 
Heap after GC invocations=291 (full 2):
 par new generation   total 109248K, used 2662K [0x00000000e0000000, 0x00000000e8000000, 0x00000000e8000000)
  eden space 87424K,   0% used [0x00000000e0000000, 0x00000000e0000000, 0x00000000e5560000)
  from space 21824K,  12% used [0x00000000e6ab0000, 0x00000000e6d499f0, 0x00000000e8000000)
  to   space 21824K,   0% used [0x00000000e5560000, 0x00000000e5560000, 0x00000000e6ab0000)
 concurrent mark-sweep generation total 393216K, used 23448K [0x00000000e8000000, 0x0000000100000000, 0x0000000100000000)
 Metaspace       used 39945K, capacity 40946K, committed 41292K, reserved 1085440K
  class space    used 4577K, capacity 4833K, committed 4940K, reserved 1048576K
}
2017-10-31T07:36:28.820-0700: 10793.051: Total time for which application threads were stopped: 0.0085733 seconds, Stopping threads took: 0.0000244 seconds
2017-10-31T07:58:20.383-0700: 12104.613: Total time for which application threads were stopped: 0.0003088 seconds, Stopping threads took: 0.0000339 seconds
{Heap before GC invocations=291 (full 2):
 par new generation   total 109248K, used 90059K [0x00000000e0000000, 0x00000000e8000000, 0x00000000e8000000)
  eden space 87424K,  99% used [0x00000000e0000000, 0x00000000e5559248, 0x00000000e5560000)
  from space 21824K,  12% used [0x00000000e6ab0000, 0x00000000e6d499f0, 0x00000000e8000000)
  to   space 21824K,   0% used [0x00000000e5560000, 0x00000000e5560000, 0x00000000e6ab0000)
 concurrent mark-sweep generation total 393216K, used 23448K [0x00000000e8000000, 0x0000000100000000, 0x0000000100000000)
 Metaspace       used 39948K, capacity 40946K, committed 41292K, reserved 1085440K
  class space    used 4577K, capacity 4833K, committed 4940K, reserved 1048576K
2017-10-31T08:01:46.854-0700: 12311.086: [GC (Allocation Failure) 2017-10-31T08:01:46.854-0700: 12311.086: [ParNew
Desired survivor size 20112992 bytes, new threshold 8 (max 8)
- age   1:    1789920 bytes,    1789920 total
- age   2:    1117040 bytes,    2906960 total
- age   3:       6616 bytes,    2913576 total
- age   4:       6816 bytes,    2920392 total
- age   5:       6128 bytes,    2926520 total
- age   6:       4800 bytes,    2931320 total
- age   7:       6672 bytes,    2937992 total
- age   8:       5064 bytes,    2943056 total
: 90059K->3343K(109248K), 0.0090284 secs] 113507K->26796K(502464K), 0.0092235 secs] [Times: user=0.00 sys=0.00, real=0.01 secs] 
Heap after GC invocations=292 (full 2):
 par new generation   total 109248K, used 3343K [0x00000000e0000000, 0x00000000e8000000, 0x00000000e8000000)
  eden space 87424K,   0% used [0x00000000e0000000, 0x00000000e0000000, 0x00000000e5560000)
  from space 21824K,  15% used [0x00000000e5560000, 0x00000000e58a3fe8, 0x00000000e6ab0000)
  to   space 21824K,   0% used [0x00000000e6ab0000, 0x00000000e6ab0000, 0x00000000e8000000)
 concurrent mark-sweep generation total 393216K, used 23452K [0x00000000e8000000, 0x0000000100000000, 0x0000000100000000)
 Metaspace       used 39948K, capacity 40946K, committed 41292K, reserved 1085440K
  class space    used 4577K, capacity 4833K, committed 4940K, reserved 1048576K
}
2017-10-31T08:01:46.864-0700: 12311.095: Total time for which application threads were stopped: 0.0094991 seconds, Stopping threads took: 0.0000312 seconds
2017-10-31T08:01:47.038-0700: 12311.268: Total time for which application threads were stopped: 0.0002262 seconds, Stopping threads took: 0.0000291 seconds
2017-10-31T08:01:47.038-0700: 12311.269: Total time for which application threads were stopped: 0.0001226 seconds, Stopping threads took: 0.0000203 seconds
2017-10-31T08:01:47.038-0700: 12311.269: Total time for which application threads were stopped: 0.0000711 seconds, Stopping threads took: 0.0000135 seconds
2017-10-31T08:25:30.577-0700: 13734.808: Total time for which application threads were stopped: 0.0004219 seconds, Stopping threads took: 0.0000372 seconds
2017-10-31T08:25:30.789-0700: 13735.020: Total time for which application threads were stopped: 0.0001829 seconds, Stopping threads took: 0.0000596 seconds
2017-10-31T08:25:30.790-0700: 13735.021: Total time for which application threads were stopped: 0.0002987 seconds, Stopping threads took: 0.0000664 seconds
{Heap before GC invocations=292 (full 2):
 par new generation   total 109248K, used 90385K [0x00000000e0000000, 0x00000000e8000000, 0x00000000e8000000)
  eden space 87424K,  99% used [0x00000000e0000000, 0x00000000e5500480, 0x00000000e5560000)
  from space 21824K,  15% used [0x00000000e5560000, 0x00000000e58a3fe8, 0x00000000e6ab0000)
  to   space 21824K,   0% used [0x00000000e6ab0000, 0x00000000e6ab0000, 0x00000000e8000000)
 concurrent mark-sweep generation total 393216K, used 23452K [0x00000000e8000000, 0x0000000100000000, 0x0000000100000000)
 Metaspace       used 40036K, capacity 41010K, committed 41292K, reserved 1085440K
  class space    used 4584K, capacity 4833K, committed 4940K, reserved 1048576K
2017-10-31T08:26:49.632-0700: 13813.862: [GC (Allocation Failure) 2017-10-31T08:26:49.632-0700: 13813.862: [ParNew
Desired survivor size 20112992 bytes, new threshold 8 (max 8)
- age   1:    1437264 bytes,    1437264 total
- age   2:     714056 bytes,    2151320 total
- age   3:    1114480 bytes,    3265800 total
- age   4:       5760 bytes,    3271560 total
- age   5:       6816 bytes,    3278376 total
- age   6:       6128 bytes,    3284504 total
- age   7:       4800 bytes,    3289304 total
- age   8:       6672 bytes,    3295976 total
: 90385K->4228K(109248K), 0.0144437 secs] 113837K->27685K(502464K), 0.0146936 secs] [Times: user=0.05 sys=0.00, real=0.01 secs] 
Heap after GC invocations=293 (full 2):
 par new generation   total 109248K, used 4228K [0x00000000e0000000, 0x00000000e8000000, 0x00000000e8000000)
  eden space 87424K,   0% used [0x00000000e0000000, 0x00000000e0000000, 0x00000000e5560000)
  from space 21824K,  19% used [0x00000000e6ab0000, 0x00000000e6ed10d8, 0x00000000e8000000)
  to   space 21824K,   0% used [0x00000000e5560000, 0x00000000e5560000, 0x00000000e6ab0000)
 concurrent mark-sweep generation total 393216K, used 23457K [0x00000000e8000000, 0x0000000100000000, 0x0000000100000000)
 Metaspace       used 40036K, capacity 41010K, committed 41292K, reserved 1085440K
  class space    used 4584K, capacity 4833K, committed 4940K, reserved 1048576K
}
2017-10-31T08:26:49.647-0700: 13813.877: Total time for which application threads were stopped: 0.0153492 seconds, Stopping threads took: 0.0000501 seconds
2017-10-31T08:32:50.784-0700: 14175.015: Total time for which application threads were stopped: 0.0004057 seconds, Stopping threads took: 0.0000393 seconds
2017-10-31T08:32:58.361-0700: 14182.591: Total time for which application threads were stopped: 0.0002201 seconds, Stopping threads took: 0.0000237 seconds
2017-10-31T08:34:22.401-0700: 14266.632: Total time for which application threads were stopped: 0.0002106 seconds, Stopping threads took: 0.0001206 seconds
2017-10-31T08:34:23.402-0700: 14267.632: Total time for which application threads were stopped: 0.0003312 seconds, Stopping threads took: 0.0000867 seconds
2017-10-31T08:36:59.475-0700: 14423.706: Total time for which application threads were stopped: 0.0002709 seconds, Stopping threads took: 0.0000725 seconds
2017-10-31T08:37:03.566-0700: 14427.798: Total time for which application threads were stopped: 0.0001713 seconds, Stopping threads took: 0.0000440 seconds
2017-10-31T08:37:03.570-0700: 14427.801: Total time for which application threads were stopped: 0.0001978 seconds, Stopping threads took: 0.0000799 seconds
2017-10-31T08:37:04.571-0700: 14428.801: Total time for which application threads were stopped: 0.0001239 seconds, Stopping threads took: 0.0000359 seconds
2017-10-31T08:37:16.579-0700: 14440.809: Total time for which application threads were stopped: 0.0002607 seconds, Stopping threads took: 0.0000711 seconds
2017-10-31T08:37:41.588-0700: 14465.819: Total time for which application threads were stopped: 0.0001077 seconds, Stopping threads took: 0.0000298 seconds
2017-10-31T08:37:46.591-0700: 14470.822: Total time for which application threads were stopped: 0.0003874 seconds, Stopping threads took: 0.0000826 seconds
2017-10-31T08:38:34.615-0700: 14518.846: Total time for which application threads were stopped: 0.0003393 seconds, Stopping threads took: 0.0000935 seconds
2017-10-31T08:38:38.616-0700: 14522.846: Total time for which application threads were stopped: 0.0001856 seconds, Stopping threads took: 0.0000447 seconds
2017-10-31T08:41:46.713-0700: 14710.943: Total time for which application threads were stopped: 0.0003420 seconds, Stopping threads took: 0.0000867 seconds
2017-10-31T08:43:01.656-0700: 14785.887: Total time for which application threads were stopped: 0.0001239 seconds, Stopping threads took: 0.0000318 seconds
2017-10-31T08:43:02.657-0700: 14786.887: Total time for which application threads were stopped: 0.0001558 seconds, Stopping threads took: 0.0000386 seconds
2017-10-31T08:43:55.410-0700: 14839.640: Total time for which application threads were stopped: 0.0007396 seconds, Stopping threads took: 0.0000576 seconds
2017-10-31T08:43:59.412-0700: 14843.642: Total time for which application threads were stopped: 0.0001862 seconds, Stopping threads took: 0.0000677 seconds
2017-10-31T08:44:13.867-0700: 14858.097: Total time for which application threads were stopped: 0.0001300 seconds, Stopping threads took: 0.0000393 seconds
2017-10-31T08:44:13.869-0700: 14858.099: Total time for which application threads were stopped: 0.0002892 seconds, Stopping threads took: 0.0001727 seconds
2017-10-31T08:44:14.869-0700: 14859.099: Total time for which application threads were stopped: 0.0002289 seconds, Stopping threads took: 0.0000603 seconds
2017-10-31T08:44:41.880-0700: 14886.111: Total time for which application threads were stopped: 0.0002343 seconds, Stopping threads took: 0.0000596 seconds
2017-10-31T08:44:54.887-0700: 14899.117: Total time for which application threads were stopped: 0.0001429 seconds, Stopping threads took: 0.0000372 seconds
2017-10-31T08:45:12.894-0700: 14917.124: Total time for which application threads were stopped: 0.0001327 seconds, Stopping threads took: 0.0000427 seconds
2017-10-31T08:45:22.900-0700: 14927.131: Total time for which application threads were stopped: 0.0001104 seconds, Stopping threads took: 0.0000413 seconds
2017-10-31T08:45:22.978-0700: 14927.209: Total time for which application threads were stopped: 0.0003413 seconds, Stopping threads took: 0.0000427 seconds
2017-10-31T08:45:22.979-0700: 14927.210: Total time for which application threads were stopped: 0.0002946 seconds, Stopping threads took: 0.0001145 seconds
2017-10-31T08:45:22.980-0700: 14927.210: Total time for which application threads were stopped: 0.0001436 seconds, Stopping threads took: 0.0000325 seconds
2017-10-31T08:45:22.980-0700: 14927.210: Total time for which application threads were stopped: 0.0001537 seconds, Stopping threads took: 0.0000433 seconds
2017-10-31T08:45:22.980-0700: 14927.210: Total time for which application threads were stopped: 0.0001524 seconds, Stopping threads took: 0.0000461 seconds
2017-10-31T08:45:22.981-0700: 14927.211: Total time for which application threads were stopped: 0.0001862 seconds, Stopping threads took: 0.0000379 seconds
2017-10-31T08:45:22.981-0700: 14927.212: Total time for which application threads were stopped: 0.0001490 seconds, Stopping threads took: 0.0000393 seconds
2017-10-31T08:45:22.982-0700: 14927.212: Total time for which application threads were stopped: 0.0001253 seconds, Stopping threads took: 0.0000210 seconds
2017-10-31T08:45:22.982-0700: 14927.212: Total time for which application threads were stopped: 0.0001226 seconds, Stopping threads took: 0.0000251 seconds
2017-10-31T08:45:22.982-0700: 14927.212: Total time for which application threads were stopped: 0.0001151 seconds, Stopping threads took: 0.0000210 seconds
2017-10-31T08:45:22.982-0700: 14927.212: Total time for which application threads were stopped: 0.0001314 seconds, Stopping threads took: 0.0000318 seconds
2017-10-31T08:45:22.982-0700: 14927.213: Total time for which application threads were stopped: 0.0001314 seconds, Stopping threads took: 0.0000156 seconds
2017-10-31T08:45:22.983-0700: 14927.213: Total time for which application threads were stopped: 0.0001361 seconds, Stopping threads took: 0.0000203 seconds
2017-10-31T08:45:23.983-0700: 14928.214: Total time for which application threads were stopped: 0.0001585 seconds, Stopping threads took: 0.0000670 seconds
{Heap before GC invocations=293 (full 2):
 par new generation   total 109248K, used 91636K [0x00000000e0000000, 0x00000000e8000000, 0x00000000e8000000)
  eden space 87424K,  99% used [0x00000000e0000000, 0x00000000e555c098, 0x00000000e5560000)
  from space 21824K,  19% used [0x00000000e6ab0000, 0x00000000e6ed10d8, 0x00000000e8000000)
  to   space 21824K,   0% used [0x00000000e5560000, 0x00000000e5560000, 0x00000000e6ab0000)
 concurrent mark-sweep generation total 393216K, used 23457K [0x00000000e8000000, 0x0000000100000000, 0x0000000100000000)
 Metaspace       used 40155K, capacity 41138K, committed 41292K, reserved 1085440K
  class space    used 4586K, capacity 4833K, committed 4940K, reserved 1048576K
2017-10-31T08:46:26.637-0700: 14990.868: [GC (Allocation Failure) 2017-10-31T08:46:26.637-0700: 14990.868: [ParNew
Desired survivor size 20112992 bytes, new threshold 8 (max 8)
- age   1:    1518000 bytes,    1518000 total
- age   2:      67112 bytes,    1585112 total
- age   3:     699896 bytes,    2285008 total
- age   4:    1113536 bytes,    3398544 total
- age   5:       5528 bytes,    3404072 total
- age   6:       6816 bytes,    3410888 total
- age   7:       6128 bytes,    3417016 total
- age   8:       4800 bytes,    3421816 total
: 91636K->4305K(109248K), 0.0093542 secs] 115093K->27769K(502464K), 0.0094409 secs] [Times: user=0.00 sys=0.00, real=0.01 secs] 
Heap after GC invocations=294 (full 2):
 par new generation   total 109248K, used 4305K [0x00000000e0000000, 0x00000000e8000000, 0x00000000e8000000)
  eden space 87424K,   0% used [0x00000000e0000000, 0x00000000e0000000, 0x00000000e5560000)
  from space 21824K,  19% used [0x00000000e5560000, 0x00000000e5994550, 0x00000000e6ab0000)
  to   space 21824K,   0% used [0x00000000e6ab0000, 0x00000000e6ab0000, 0x00000000e8000000)
 concurrent mark-sweep generation total 393216K, used 23463K [0x00000000e8000000, 0x0000000100000000, 0x0000000100000000)
 Metaspace       used 40155K, capacity 41138K, committed 41292K, reserved 1085440K
  class space    used 4586K, capacity 4833K, committed 4940K, reserved 1048576K
}
2017-10-31T08:46:26.647-0700: 14990.878: Total time for which application threads were stopped: 0.0096786 seconds, Stopping threads took: 0.0000210 seconds
2017-10-31T08:46:27.873-0700: 14992.105: Total time for which application threads were stopped: 0.0003610 seconds, Stopping threads took: 0.0000433 seconds
2017-10-31T08:46:28.874-0700: 14993.105: Total time for which application threads were stopped: 0.0003102 seconds, Stopping threads took: 0.0000359 seconds
{Heap before GC invocations=294 (full 2):
 par new generation   total 109248K, used 91589K [0x00000000e0000000, 0x00000000e8000000, 0x00000000e8000000)
  eden space 87424K,  99% used [0x00000000e0000000, 0x00000000e553cf10, 0x00000000e5560000)
  from space 21824K,  19% used [0x00000000e5560000, 0x00000000e5994550, 0x00000000e6ab0000)
  to   space 21824K,   0% used [0x00000000e6ab0000, 0x00000000e6ab0000, 0x00000000e8000000)
 concurrent mark-sweep generation total 393216K, used 23463K [0x00000000e8000000, 0x0000000100000000, 0x0000000100000000)
 Metaspace       used 40155K, capacity 41138K, committed 41292K, reserved 1085440K
  class space    used 4586K, capacity 4833K, committed 4940K, reserved 1048576K
2017-10-31T08:46:29.562-0700: 14993.793: [GC (Allocation Failure) 2017-10-31T08:46:29.562-0700: 14993.793: [ParNew
Desired survivor size 20112992 bytes, new threshold 8 (max 8)
- age   1:    2183200 bytes,    2183200 total
- age   2:     216008 bytes,    2399208 total
- age   3:      38904 bytes,    2438112 total
- age   4:     692976 bytes,    3131088 total
- age   5:       5792 bytes,    3136880 total
- age   6:       5528 bytes,    3142408 total
- age   7:       6816 bytes,    3149224 total
- age   8:       6128 bytes,    3155352 total
: 91589K->4031K(109248K), 0.0087169 secs] 115052K->27499K(502464K), 0.0088252 secs] [Times: user=0.00 sys=0.00, real=0.01 secs] 
Heap after GC invocations=295 (full 2):
 par new generation   total 109248K, used 4031K [0x00000000e0000000, 0x00000000e8000000, 0x00000000e8000000)
  eden space 87424K,   0% used [0x00000000e0000000, 0x00000000e0000000, 0x00000000e5560000)
  from space 21824K,  18% used [0x00000000e6ab0000, 0x00000000e6e9fc60, 0x00000000e8000000)
  to   space 21824K,   0% used [0x00000000e5560000, 0x00000000e5560000, 0x00000000e6ab0000)
 concurrent mark-sweep generation total 393216K, used 23468K [0x00000000e8000000, 0x0000000100000000, 0x0000000100000000)
 Metaspace       used 40155K, capacity 41138K, committed 41292K, reserved 1085440K
  class space    used 4586K, capacity 4833K, committed 4940K, reserved 1048576K
}
2017-10-31T08:46:29.571-0700: 14993.802: Total time for which application threads were stopped: 0.0092384 seconds, Stopping threads took: 0.0000352 seconds
2017-10-31T08:46:30.711-0700: 14994.943: Total time for which application threads were stopped: 0.0004361 seconds, Stopping threads took: 0.0000339 seconds
{Heap before GC invocations=295 (full 2):
 par new generation   total 109248K, used 91324K [0x00000000e0000000, 0x00000000e8000000, 0x00000000e8000000)
  eden space 87424K,  99% used [0x00000000e0000000, 0x00000000e553f728, 0x00000000e5560000)
  from space 21824K,  18% used [0x00000000e6ab0000, 0x00000000e6e9fc60, 0x00000000e8000000)
  to   space 21824K,   0% used [0x00000000e5560000, 0x00000000e5560000, 0x00000000e6ab0000)
 concurrent mark-sweep generation total 393216K, used 23468K [0x00000000e8000000, 0x0000000100000000, 0x0000000100000000)
 Metaspace       used 40155K, capacity 41138K, committed 41292K, reserved 1085440K
  class space    used 4586K, capacity 4833K, committed 4940K, reserved 1048576K
2017-10-31T08:46:32.877-0700: 14997.108: [GC (Allocation Failure) 2017-10-31T08:46:32.877-0700: 14997.108: [ParNew
Desired survivor size 20112992 bytes, new threshold 8 (max 8)
- age   1:    2148960 bytes,    2148960 total
- age   2:      74400 bytes,    2223360 total
- age   3:     147568 bytes,    2370928 total
- age   4:      38840 bytes,    2409768 total
- age   5:     687600 bytes,    3097368 total
- age   6:       5792 bytes,    3103160 total
- age   7:       5528 bytes,    3108688 total
- age   8:       6816 bytes,    3115504 total
: 91324K->3693K(109248K), 0.0058013 secs] 114793K->27168K(502464K), 0.0058819 secs] [Times: user=0.00 sys=0.00, real=0.01 secs] 
Heap after GC invocations=296 (full 2):
 par new generation   total 109248K, used 3693K [0x00000000e0000000, 0x00000000e8000000, 0x00000000e8000000)
  eden space 87424K,   0% used [0x00000000e0000000, 0x00000000e0000000, 0x00000000e5560000)
  from space 21824K,  16% used [0x00000000e5560000, 0x00000000e58fb6e8, 0x00000000e6ab0000)
  to   space 21824K,   0% used [0x00000000e6ab0000, 0x00000000e6ab0000, 0x00000000e8000000)
 concurrent mark-sweep generation total 393216K, used 23474K [0x00000000e8000000, 0x0000000100000000, 0x0000000100000000)
 Metaspace       used 40155K, capacity 41138K, committed 41292K, reserved 1085440K
  class space    used 4586K, capacity 4833K, committed 4940K, reserved 1048576K
}
2017-10-31T08:46:32.883-0700: 14997.114: Total time for which application threads were stopped: 0.0061487 seconds, Stopping threads took: 0.0000264 seconds
2017-10-31T08:46:33.596-0700: 14997.827: Total time for which application threads were stopped: 0.0005770 seconds, Stopping threads took: 0.0000549 seconds
2017-10-31T08:46:34.597-0700: 14998.827: Total time for which application threads were stopped: 0.0002343 seconds, Stopping threads took: 0.0000339 seconds
{Heap before GC invocations=296 (full 2):
 par new generation   total 109248K, used 91117K [0x00000000e0000000, 0x00000000e8000000, 0x00000000e8000000)
  eden space 87424K, 100% used [0x00000000e0000000, 0x00000000e5560000, 0x00000000e5560000)
  from space 21824K,  16% used [0x00000000e5560000, 0x00000000e58fb6e8, 0x00000000e6ab0000)
  to   space 21824K,   0% used [0x00000000e6ab0000, 0x00000000e6ab0000, 0x00000000e8000000)
 concurrent mark-sweep generation total 393216K, used 23474K [0x00000000e8000000, 0x0000000100000000, 0x0000000100000000)
 Metaspace       used 40157K, capacity 41138K, committed 41292K, reserved 1085440K
  class space    used 4586K, capacity 4833K, committed 4940K, reserved 1048576K
2017-10-31T08:46:36.043-0700: 15000.274: [GC (Allocation Failure) 2017-10-31T08:46:36.043-0700: 15000.274: [ParNew
Desired survivor size 20112992 bytes, new threshold 8 (max 8)
- age   1:    2215280 bytes,    2215280 total
- age   2:      74016 bytes,    2289296 total
- age   3:       6408 bytes,    2295704 total
- age   4:     147568 bytes,    2443272 total
- age   5:      38840 bytes,    2482112 total
- age   6:     681752 bytes,    3163864 total
- age   7:       5792 bytes,    3169656 total
- age   8:       5528 bytes,    3175184 total
: 91117K->3422K(109248K), 0.0102867 secs] 114592K->26903K(502464K), 0.0104337 secs] [Times: user=0.00 sys=0.00, real=0.01 secs] 
Heap after GC invocations=297 (full 2):
 par new generation   total 109248K, used 3422K [0x00000000e0000000, 0x00000000e8000000, 0x00000000e8000000)
  eden space 87424K,   0% used [0x00000000e0000000, 0x00000000e0000000, 0x00000000e5560000)
  from space 21824K,  15% used [0x00000000e6ab0000, 0x00000000e6e07940, 0x00000000e8000000)
  to   space 21824K,   0% used [0x00000000e5560000, 0x00000000e5560000, 0x00000000e6ab0000)
 concurrent mark-sweep generation total 393216K, used 23481K [0x00000000e8000000, 0x0000000100000000, 0x0000000100000000)
 Metaspace       used 40157K, capacity 41138K, committed 41292K, reserved 1085440K
  class space    used 4586K, capacity 4833K, committed 4940K, reserved 1048576K
}
2017-10-31T08:46:36.054-0700: 15000.284: Total time for which application threads were stopped: 0.0113121 seconds, Stopping threads took: 0.0000508 seconds
2017-10-31T08:46:36.383-0700: 15000.614: Total time for which application threads were stopped: 0.0003556 seconds, Stopping threads took: 0.0000447 seconds
2017-10-31T08:46:39.185-0700: 15003.416: Total time for which application threads were stopped: 0.0006204 seconds, Stopping threads took: 0.0001883 seconds
{Heap before GC invocations=297 (full 2):
 par new generation   total 109248K, used 90615K [0x00000000e0000000, 0x00000000e8000000, 0x00000000e8000000)
  eden space 87424K,  99% used [0x00000000e0000000, 0x00000000e5526310, 0x00000000e5560000)
  from space 21824K,  15% used [0x00000000e6ab0000, 0x00000000e6e07940, 0x00000000e8000000)
  to   space 21824K,   0% used [0x00000000e5560000, 0x00000000e5560000, 0x00000000e6ab0000)
 concurrent mark-sweep generation total 393216K, used 23481K [0x00000000e8000000, 0x0000000100000000, 0x0000000100000000)
 Metaspace       used 40157K, capacity 41138K, committed 41292K, reserved 1085440K
  class space    used 4586K, capacity 4833K, committed 4940K, reserved 1048576K
2017-10-31T08:46:39.213-0700: 15003.444: [GC (Allocation Failure) 2017-10-31T08:46:39.213-0700: 15003.444: [ParNew
Desired survivor size 20112992 bytes, new threshold 8 (max 8)
- age   1:    3077552 bytes,    3077552 total
- age   2:       8432 bytes,    3085984 total
- age   3:       6024 bytes,    3092008 total
- age   4:       6408 bytes,    3098416 total
- age   5:     147424 bytes,    3245840 total
- age   6:      38840 bytes,    3284680 total
- age   7:     676152 bytes,    3960832 total
- age   8:       5792 bytes,    3966624 total
: 90615K->5365K(109248K), 0.0063824 secs] 114096K->28851K(502464K), 0.0064962 secs] [Times: user=0.05 sys=0.02, real=0.01 secs] 
Heap after GC invocations=298 (full 2):
 par new generation   total 109248K, used 5365K [0x00000000e0000000, 0x00000000e8000000, 0x00000000e8000000)
  eden space 87424K,   0% used [0x00000000e0000000, 0x00000000e0000000, 0x00000000e5560000)
  from space 21824K,  24% used [0x00000000e5560000, 0x00000000e5a9d4c0, 0x00000000e6ab0000)
  to   space 21824K,   0% used [0x00000000e6ab0000, 0x00000000e6ab0000, 0x00000000e8000000)
 concurrent mark-sweep generation total 393216K, used 23486K [0x00000000e8000000, 0x0000000100000000, 0x0000000100000000)
 Metaspace       used 40157K, capacity 41138K, committed 41292K, reserved 1085440K
  class space    used 4586K, capacity 4833K, committed 4940K, reserved 1048576K
}
2017-10-31T08:46:39.220-0700: 15003.450: Total time for which application threads were stopped: 0.0074680 seconds, Stopping threads took: 0.0004179 seconds
2017-10-31T08:46:42.270-0700: 15006.501: Total time for which application threads were stopped: 0.0002127 seconds, Stopping threads took: 0.0000264 seconds
{Heap before GC invocations=298 (full 2):
 par new generation   total 109248K, used 92789K [0x00000000e0000000, 0x00000000e8000000, 0x00000000e8000000)
  eden space 87424K, 100% used [0x00000000e0000000, 0x00000000e5560000, 0x00000000e5560000)
  from space 21824K,  24% used [0x00000000e5560000, 0x00000000e5a9d4c0, 0x00000000e6ab0000)
  to   space 21824K,   0% used [0x00000000e6ab0000, 0x00000000e6ab0000, 0x00000000e8000000)
 concurrent mark-sweep generation total 393216K, used 23486K [0x00000000e8000000, 0x0000000100000000, 0x0000000100000000)
 Metaspace       used 40157K, capacity 41138K, committed 41292K, reserved 1085440K
  class space    used 4586K, capacity 4833K, committed 4940K, reserved 1048576K
2017-10-31T08:46:42.308-0700: 15006.539: [GC (Allocation Failure) 2017-10-31T08:46:42.308-0700: 15006.539: [ParNew
Desired survivor size 20112992 bytes, new threshold 8 (max 8)
- age   1:    2466192 bytes,    2466192 total
- age   2:     554792 bytes,    3020984 total
- age   3:       6608 bytes,    3027592 total
- age   4:       6024 bytes,    3033616 total
- age   5:       6264 bytes,    3039880 total
- age   6:     147216 bytes,    3187096 total
- age   7:      38840 bytes,    3225936 total
- age   8:     670968 bytes,    3896904 total
: 92789K->4566K(109248K), 0.0058853 secs] 116275K->28058K(502464K), 0.0060417 secs] [Times: user=0.00 sys=0.00, real=0.01 secs] 
Heap after GC invocations=299 (full 2):
 par new generation   total 109248K, used 4566K [0x00000000e0000000, 0x00000000e8000000, 0x00000000e8000000)
  eden space 87424K,   0% used [0x00000000e0000000, 0x00000000e0000000, 0x00000000e5560000)
  from space 21824K,  20% used [0x00000000e6ab0000, 0x00000000e6f25a90, 0x00000000e8000000)
  to   space 21824K,   0% used [0x00000000e5560000, 0x00000000e5560000, 0x00000000e6ab0000)
 concurrent mark-sweep generation total 393216K, used 23492K [0x00000000e8000000, 0x0000000100000000, 0x0000000100000000)
 Metaspace       used 40157K, capacity 41138K, committed 41292K, reserved 1085440K
  class space    used 4586K, capacity 4833K, committed 4940K, reserved 1048576K
}
2017-10-31T08:46:42.314-0700: 15006.545: Total time for which application threads were stopped: 0.0064677 seconds, Stopping threads took: 0.0000312 seconds
2017-10-31T08:46:45.222-0700: 15009.453: Total time for which application threads were stopped: 0.0002343 seconds, Stopping threads took: 0.0000332 seconds
{Heap before GC invocations=299 (full 2):
 par new generation   total 109248K, used 91990K [0x00000000e0000000, 0x00000000e8000000, 0x00000000e8000000)
  eden space 87424K, 100% used [0x00000000e0000000, 0x00000000e5560000, 0x00000000e5560000)
  from space 21824K,  20% used [0x00000000e6ab0000, 0x00000000e6f25a90, 0x00000000e8000000)
  to   space 21824K,   0% used [0x00000000e5560000, 0x00000000e5560000, 0x00000000e6ab0000)
 concurrent mark-sweep generation total 393216K, used 23492K [0x00000000e8000000, 0x0000000100000000, 0x0000000100000000)
 Metaspace       used 40157K, capacity 41138K, committed 41292K, reserved 1085440K
  class space    used 4586K, capacity 4833K, committed 4940K, reserved 1048576K
2017-10-31T08:46:45.301-0700: 15009.531: [GC (Allocation Failure) 2017-10-31T08:46:45.301-0700: 15009.531: [ParNew
Desired survivor size 20112992 bytes, new threshold 8 (max 8)
- age   1:    2534152 bytes,    2534152 total
- age   2:     727864 bytes,    3262016 total
- age   3:       6824 bytes,    3268840 total
- age   4:       6608 bytes,    3275448 total
- age   5:       5880 bytes,    3281328 total
- age   6:       5688 bytes,    3287016 total
- age   7:     147216 bytes,    3434232 total
- age   8:      38840 bytes,    3473072 total
: 91990K->5503K(109248K), 0.0120537 secs] 115482K->29646K(502464K), 0.0121627 secs] [Times: user=0.06 sys=0.00, real=0.01 secs] 
Heap after GC invocations=300 (full 2):
 par new generation   total 109248K, used 5503K [0x00000000e0000000, 0x00000000e8000000, 0x00000000e8000000)
  eden space 87424K,   0% used [0x00000000e0000000, 0x00000000e0000000, 0x00000000e5560000)
  from space 21824K,  25% used [0x00000000e5560000, 0x00000000e5abfec8, 0x00000000e6ab0000)
  to   space 21824K,   0% used [0x00000000e6ab0000, 0x00000000e6ab0000, 0x00000000e8000000)
 concurrent mark-sweep generation total 393216K, used 24142K [0x00000000e8000000, 0x0000000100000000, 0x0000000100000000)
 Metaspace       used 40157K, capacity 41138K, committed 41292K, reserved 1085440K
  class space    used 4586K, capacity 4833K, committed 4940K, reserved 1048576K
}
2017-10-31T08:46:45.313-0700: 15009.544: Total time for which application threads were stopped: 0.0125684 seconds, Stopping threads took: 0.0000298 seconds
2017-10-31T08:46:47.998-0700: 15012.229: Total time for which application threads were stopped: 0.0002614 seconds, Stopping threads took: 0.0000318 seconds
{Heap before GC invocations=300 (full 2):
 par new generation   total 109248K, used 92709K [0x00000000e0000000, 0x00000000e8000000, 0x00000000e8000000)
  eden space 87424K,  99% used [0x00000000e0000000, 0x00000000e5529558, 0x00000000e5560000)
  from space 21824K,  25% used [0x00000000e5560000, 0x00000000e5abfec8, 0x00000000e6ab0000)
  to   space 21824K,   0% used [0x00000000e6ab0000, 0x00000000e6ab0000, 0x00000000e8000000)
 concurrent mark-sweep generation total 393216K, used 24142K [0x00000000e8000000, 0x0000000100000000, 0x0000000100000000)
 Metaspace       used 40157K, capacity 41138K, committed 41292K, reserved 1085440K
  class space    used 4586K, capacity 4833K, committed 4940K, reserved 1048576K
2017-10-31T08:46:48.344-0700: 15012.575: [GC (Allocation Failure) 2017-10-31T08:46:48.344-0700: 15012.575: [ParNew
Desired survivor size 20112992 bytes, new threshold 8 (max 8)
- age   1:    2167920 bytes,    2167920 total
- age   2:      78632 bytes,    2246552 total
- age   3:       5400 bytes,    2251952 total
- age   4:       6824 bytes,    2258776 total
- age   5:       6536 bytes,    2265312 total
- age   6:       5304 bytes,    2270616 total
- age   7:       5688 bytes,    2276304 total
- age   8:     147216 bytes,    2423520 total
: 92709K->3588K(109248K), 0.0056266 secs] 116851K->27769K(502464K), 0.0057885 secs] [Times: user=0.00 sys=0.00, real=0.01 secs] 
Heap after GC invocations=301 (full 2):
 par new generation   total 109248K, used 3588K [0x00000000e0000000, 0x00000000e8000000, 0x00000000e8000000)
  eden space 87424K,   0% used [0x00000000e0000000, 0x00000000e0000000, 0x00000000e5560000)
  from space 21824K,  16% used [0x00000000e6ab0000, 0x00000000e6e31190, 0x00000000e8000000)
  to   space 21824K,   0% used [0x00000000e5560000, 0x00000000e5560000, 0x00000000e6ab0000)
 concurrent mark-sweep generation total 393216K, used 24180K [0x00000000e8000000, 0x0000000100000000, 0x0000000100000000)
 Metaspace       used 40157K, capacity 41138K, committed 41292K, reserved 1085440K
  class space    used 4586K, capacity 4833K, committed 4940K, reserved 1048576K
}
2017-10-31T08:46:48.350-0700: 15012.580: Total time for which application threads were stopped: 0.0061318 seconds, Stopping threads took: 0.0000305 seconds
2017-10-31T08:46:51.127-0700: 15015.357: Total time for which application threads were stopped: 0.0002404 seconds, Stopping threads took: 0.0000359 seconds
{Heap before GC invocations=301 (full 2):
 par new generation   total 109248K, used 90839K [0x00000000e0000000, 0x00000000e8000000, 0x00000000e8000000)
  eden space 87424K,  99% used [0x00000000e0000000, 0x00000000e5534c00, 0x00000000e5560000)
  from space 21824K,  16% used [0x00000000e6ab0000, 0x00000000e6e31190, 0x00000000e8000000)
  to   space 21824K,   0% used [0x00000000e5560000, 0x00000000e5560000, 0x00000000e6ab0000)
 concurrent mark-sweep generation total 393216K, used 24180K [0x00000000e8000000, 0x0000000100000000, 0x0000000100000000)
 Metaspace       used 40157K, capacity 41138K, committed 41292K, reserved 1085440K
  class space    used 4586K, capacity 4833K, committed 4940K, reserved 1048576K
2017-10-31T08:46:52.085-0700: 15016.316: [GC (Allocation Failure) 2017-10-31T08:46:52.085-0700: 15016.316: [ParNew
Desired survivor size 20112992 bytes, new threshold 8 (max 8)
- age   1:    2007496 bytes,    2007496 total
- age   2:      75336 bytes,    2082832 total
- age   3:       6528 bytes,    2089360 total
- age   4:       5400 bytes,    2094760 total
- age   5:       6608 bytes,    2101368 total
- age   6:       5888 bytes,    2107256 total
- age   7:       5304 bytes,    2112560 total
- age   8:       5688 bytes,    2118248 total
: 90839K->2404K(109248K), 0.0043784 secs] 115020K->26731K(502464K), 0.0045166 secs] [Times: user=0.06 sys=0.00, real=0.00 secs] 
Heap after GC invocations=302 (full 2):
 par new generation   total 109248K, used 2404K [0x00000000e0000000, 0x00000000e8000000, 0x00000000e8000000)
  eden space 87424K,   0% used [0x00000000e0000000, 0x00000000e0000000, 0x00000000e5560000)
  from space 21824K,  11% used [0x00000000e5560000, 0x00000000e57b9210, 0x00000000e6ab0000)
  to   space 21824K,   0% used [0x00000000e6ab0000, 0x00000000e6ab0000, 0x00000000e8000000)
 concurrent mark-sweep generation total 393216K, used 24327K [0x00000000e8000000, 0x0000000100000000, 0x0000000100000000)
 Metaspace       used 40157K, capacity 41138K, committed 41292K, reserved 1085440K
  class space    used 4586K, capacity 4833K, committed 4940K, reserved 1048576K
}
2017-10-31T08:46:52.089-0700: 15016.320: Total time for which application threads were stopped: 0.0047699 seconds, Stopping threads took: 0.0000244 seconds
2017-10-31T08:46:54.135-0700: 15018.365: Total time for which application threads were stopped: 0.0002953 seconds, Stopping threads took: 0.0000366 seconds
{Heap before GC invocations=302 (full 2):
 par new generation   total 109248K, used 89828K [0x00000000e0000000, 0x00000000e8000000, 0x00000000e8000000)
  eden space 87424K, 100% used [0x00000000e0000000, 0x00000000e5560000, 0x00000000e5560000)
  from space 21824K,  11% used [0x00000000e5560000, 0x00000000e57b9210, 0x00000000e6ab0000)
  to   space 21824K,   0% used [0x00000000e6ab0000, 0x00000000e6ab0000, 0x00000000e8000000)
 concurrent mark-sweep generation total 393216K, used 24327K [0x00000000e8000000, 0x0000000100000000, 0x0000000100000000)
 Metaspace       used 40157K, capacity 41138K, committed 41292K, reserved 1085440K
  class space    used 4586K, capacity 4833K, committed 4940K, reserved 1048576K
2017-10-31T08:46:55.709-0700: 15019.939: [GC (Allocation Failure) 2017-10-31T08:46:55.709-0700: 15019.939: [ParNew
Desired survivor size 20112992 bytes, new threshold 8 (max 8)
- age   1:    2564656 bytes,    2564656 total
- age   2:      73856 bytes,    2638512 total
- age   3:       5424 bytes,    2643936 total
- age   4:       4800 bytes,    2648736 total
- age   5:       3456 bytes,    2652192 total
- age   6:       3984 bytes,    2656176 total
- age   7:       3904 bytes,    2660080 total
- age   8:       3384 bytes,    2663464 total
: 89828K->3607K(109248K), 0.0053774 secs] 114155K->27937K(502464K), 0.0054742 secs] [Times: user=0.01 sys=0.00, real=0.00 secs] 
Heap after GC invocations=303 (full 2):
 par new generation   total 109248K, used 3607K [0x00000000e0000000, 0x00000000e8000000, 0x00000000e8000000)
  eden space 87424K,   0% used [0x00000000e0000000, 0x00000000e0000000, 0x00000000e5560000)
  from space 21824K,  16% used [0x00000000e6ab0000, 0x00000000e6e35c50, 0x00000000e8000000)
  to   space 21824K,   0% used [0x00000000e5560000, 0x00000000e5560000, 0x00000000e6ab0000)
 concurrent mark-sweep generation total 393216K, used 24330K [0x00000000e8000000, 0x0000000100000000, 0x0000000100000000)
 Metaspace       used 40157K, capacity 41138K, committed 41292K, reserved 1085440K
  class space    used 4586K, capacity 4833K, committed 4940K, reserved 1048576K
}
2017-10-31T08:46:55.715-0700: 15019.945: Total time for which application threads were stopped: 0.0057620 seconds, Stopping threads took: 0.0000251 seconds
2017-10-31T08:46:56.716-0700: 15020.946: Total time for which application threads were stopped: 0.0001456 seconds, Stopping threads took: 0.0000332 seconds
2017-10-31T08:46:57.109-0700: 15021.340: Total time for which application threads were stopped: 0.0003068 seconds, Stopping threads took: 0.0000379 seconds
{Heap before GC invocations=303 (full 2):
 par new generation   total 109248K, used 90763K [0x00000000e0000000, 0x00000000e8000000, 0x00000000e8000000)
  eden space 87424K,  99% used [0x00000000e0000000, 0x00000000e551d358, 0x00000000e5560000)
  from space 21824K,  16% used [0x00000000e6ab0000, 0x00000000e6e35c50, 0x00000000e8000000)
  to   space 21824K,   0% used [0x00000000e5560000, 0x00000000e5560000, 0x00000000e6ab0000)
 concurrent mark-sweep generation total 393216K, used 24330K [0x00000000e8000000, 0x0000000100000000, 0x0000000100000000)
 Metaspace       used 40157K, capacity 41138K, committed 41292K, reserved 1085440K
  class space    used 4586K, capacity 4833K, committed 4940K, reserved 1048576K
2017-10-31T08:46:59.058-0700: 15023.289: [GC (Allocation Failure) 2017-10-31T08:46:59.058-0700: 15023.289: [ParNew
Desired survivor size 20112992 bytes, new threshold 8 (max 8)
- age   1:    2250528 bytes,    2250528 total
- age   2:     713984 bytes,    2964512 total
- age   3:       5864 bytes,    2970376 total
- age   4:       5424 bytes,    2975800 total
- age   5:       4440 bytes,    2980240 total
- age   6:       3024 bytes,    2983264 total
- age   7:       3984 bytes,    2987248 total
- age   8:       3904 bytes,    2991152 total
: 90763K->3357K(109248K), 0.0178767 secs] 115094K->27691K(502464K), 0.0181049 secs] [Times: user=0.02 sys=0.00, real=0.02 secs] 
Heap after GC invocations=304 (full 2):
 par new generation   total 109248K, used 3357K [0x00000000e0000000, 0x00000000e8000000, 0x00000000e8000000)
  eden space 87424K,   0% used [0x00000000e0000000, 0x00000000e0000000, 0x00000000e5560000)
  from space 21824K,  15% used [0x00000000e5560000, 0x00000000e58a7670, 0x00000000e6ab0000)
  to   space 21824K,   0% used [0x00000000e6ab0000, 0x00000000e6ab0000, 0x00000000e8000000)
 concurrent mark-sweep generation total 393216K, used 24334K [0x00000000e8000000, 0x0000000100000000, 0x0000000100000000)
 Metaspace       used 40157K, capacity 41138K, committed 41292K, reserved 1085440K
  class space    used 4586K, capacity 4833K, committed 4940K, reserved 1048576K
}
2017-10-31T08:46:59.076-0700: 15023.308: Total time for which application threads were stopped: 0.0188065 seconds, Stopping threads took: 0.0000555 seconds
2017-10-31T08:47:00.206-0700: 15024.436: Total time for which application threads were stopped: 0.0003908 seconds, Stopping threads took: 0.0000332 seconds
2017-10-31T08:47:02.207-0700: 15026.437: Total time for which application threads were stopped: 0.0003806 seconds, Stopping threads took: 0.0000352 seconds
{Heap before GC invocations=304 (full 2):
 par new generation   total 109248K, used 90357K [0x00000000e0000000, 0x00000000e8000000, 0x00000000e8000000)
  eden space 87424K,  99% used [0x00000000e0000000, 0x00000000e54f5f70, 0x00000000e5560000)
  from space 21824K,  15% used [0x00000000e5560000, 0x00000000e58a7670, 0x00000000e6ab0000)
  to   space 21824K,   0% used [0x00000000e6ab0000, 0x00000000e6ab0000, 0x00000000e8000000)
 concurrent mark-sweep generation total 393216K, used 24334K [0x00000000e8000000, 0x0000000100000000, 0x0000000100000000)
 Metaspace       used 40157K, capacity 41138K, committed 41292K, reserved 1085440K
  class space    used 4586K, capacity 4833K, committed 4940K, reserved 1048576K
2017-10-31T08:47:02.234-0700: 15026.465: [GC (Allocation Failure) 2017-10-31T08:47:02.234-0700: 15026.465: [ParNew
Desired survivor size 20112992 bytes, new threshold 8 (max 8)
- age   1:    2267064 bytes,    2267064 total
- age   2:      75952 bytes,    2343016 total
- age   3:     707792 bytes,    3050808 total
- age   4:       5864 bytes,    3056672 total
- age   5:       4992 bytes,    3061664 total
- age   6:       4152 bytes,    3065816 total
- age   7:       3024 bytes,    3068840 total
- age   8:       3984 bytes,    3072824 total
: 90357K->4502K(109248K), 0.0051295 secs] 114691K->28840K(502464K), 0.0052223 secs] [Times: user=0.00 sys=0.00, real=0.01 secs] 
Heap after GC invocations=305 (full 2):
 par new generation   total 109248K, used 4502K [0x00000000e0000000, 0x00000000e8000000, 0x00000000e8000000)
  eden space 87424K,   0% used [0x00000000e0000000, 0x00000000e0000000, 0x00000000e5560000)
  from space 21824K,  20% used [0x00000000e6ab0000, 0x00000000e6f15a50, 0x00000000e8000000)
  to   space 21824K,   0% used [0x00000000e5560000, 0x00000000e5560000, 0x00000000e6ab0000)
 concurrent mark-sweep generation total 393216K, used 24337K [0x00000000e8000000, 0x0000000100000000, 0x0000000100000000)
 Metaspace       used 40157K, capacity 41138K, committed 41292K, reserved 1085440K
  class space    used 4586K, capacity 4833K, committed 4940K, reserved 1048576K
}
2017-10-31T08:47:02.239-0700: 15026.470: Total time for which application threads were stopped: 0.0055081 seconds, Stopping threads took: 0.0000271 seconds
2017-10-31T08:47:03.063-0700: 15027.293: Total time for which application threads were stopped: 0.0002208 seconds, Stopping threads took: 0.0000420 seconds
{Heap before GC invocations=305 (full 2):
 par new generation   total 109248K, used 91729K [0x00000000e0000000, 0x00000000e8000000, 0x00000000e8000000)
  eden space 87424K,  99% used [0x00000000e0000000, 0x00000000e552ed20, 0x00000000e5560000)
  from space 21824K,  20% used [0x00000000e6ab0000, 0x00000000e6f15a50, 0x00000000e8000000)
  to   space 21824K,   0% used [0x00000000e5560000, 0x00000000e5560000, 0x00000000e6ab0000)
 concurrent mark-sweep generation total 393216K, used 24337K [0x00000000e8000000, 0x0000000100000000, 0x0000000100000000)
 Metaspace       used 40157K, capacity 41138K, committed 41292K, reserved 1085440K
  class space    used 4586K, capacity 4833K, committed 4940K, reserved 1048576K
2017-10-31T08:47:05.538-0700: 15029.768: [GC (Allocation Failure) 2017-10-31T08:47:05.538-0700: 15029.769: [ParNew
Desired survivor size 20112992 bytes, new threshold 8 (max 8)
- age   1:    2143792 bytes,    2143792 total
- age   2:      74368 bytes,    2218160 total
- age   3:       7960 bytes,    2226120 total
- age   4:     702320 bytes,    2928440 total
- age   5:       5504 bytes,    2933944 total
- age   6:       4704 bytes,    2938648 total
- age   7:       4152 bytes,    2942800 total
- age   8:       3024 bytes,    2945824 total
: 91729K->3664K(109248K), 0.0056706 secs] 116067K->28006K(502464K), 0.0057790 secs] [Times: user=0.06 sys=0.00, real=0.01 secs] 
Heap after GC invocations=306 (full 2):
 par new generation   total 109248K, used 3664K [0x00000000e0000000, 0x00000000e8000000, 0x00000000e8000000)
  eden space 87424K,   0% used [0x00000000e0000000, 0x00000000e0000000, 0x00000000e5560000)
  from space 21824K,  16% used [0x00000000e5560000, 0x00000000e58f4360, 0x00000000e6ab0000)
  to   space 21824K,   0% used [0x00000000e6ab0000, 0x00000000e6ab0000, 0x00000000e8000000)
 concurrent mark-sweep generation total 393216K, used 24341K [0x00000000e8000000, 0x0000000100000000, 0x0000000100000000)
 Metaspace       used 40157K, capacity 41138K, committed 41292K, reserved 1085440K
  class space    used 4586K, capacity 4833K, committed 4940K, reserved 1048576K
}
2017-10-31T08:47:05.544-0700: 15029.774: Total time for which application threads were stopped: 0.0060831 seconds, Stopping threads took: 0.0000244 seconds
2017-10-31T08:47:06.051-0700: 15030.281: Total time for which application threads were stopped: 0.0002181 seconds, Stopping threads took: 0.0000298 seconds
2017-10-31T08:47:09.039-0700: 15033.270: Total time for which application threads were stopped: 0.0002695 seconds, Stopping threads took: 0.0000488 seconds
{Heap before GC invocations=306 (full 2):
 par new generation   total 109248K, used 91088K [0x00000000e0000000, 0x00000000e8000000, 0x00000000e8000000)
  eden space 87424K, 100% used [0x00000000e0000000, 0x00000000e5560000, 0x00000000e5560000)
  from space 21824K,  16% used [0x00000000e5560000, 0x00000000e58f4360, 0x00000000e6ab0000)
  to   space 21824K,   0% used [0x00000000e6ab0000, 0x00000000e6ab0000, 0x00000000e8000000)
 concurrent mark-sweep generation total 393216K, used 24341K [0x00000000e8000000, 0x0000000100000000, 0x0000000100000000)
 Metaspace       used 40157K, capacity 41138K, committed 41292K, reserved 1085440K
  class space    used 4586K, capacity 4833K, committed 4940K, reserved 1048576K
2017-10-31T08:47:09.063-0700: 15033.294: [GC (Allocation Failure) 2017-10-31T08:47:09.063-0700: 15033.294: [ParNew
Desired survivor size 20112992 bytes, new threshold 8 (max 8)
- age   1:    2750368 bytes,    2750368 total
- age   2:       6816 bytes,    2757184 total
- age   3:       6376 bytes,    2763560 total
- age   4:       7960 bytes,    2771520 total
- age   5:     695552 bytes,    3467072 total
- age   6:       5144 bytes,    3472216 total
- age   7:       4704 bytes,    3476920 total
- age   8:       4152 bytes,    3481072 total
: 91088K->3806K(109248K), 0.0072290 secs] 115430K->28151K(502464K), 0.0073143 secs] [Times: user=0.00 sys=0.00, real=0.01 secs] 
Heap after GC invocations=307 (full 2):
 par new generation   total 109248K, used 3806K [0x00000000e0000000, 0x00000000e8000000, 0x00000000e8000000)
  eden space 87424K,   0% used [0x00000000e0000000, 0x00000000e0000000, 0x00000000e5560000)
  from space 21824K,  17% used [0x00000000e6ab0000, 0x00000000e6e67bd8, 0x00000000e8000000)
  to   space 21824K,   0% used [0x00000000e5560000, 0x00000000e5560000, 0x00000000e6ab0000)
 concurrent mark-sweep generation total 393216K, used 24344K [0x00000000e8000000, 0x0000000100000000, 0x0000000100000000)
 Metaspace       used 40157K, capacity 41138K, committed 41292K, reserved 1085440K
  class space    used 4586K, capacity 4833K, committed 4940K, reserved 1048576K
}
2017-10-31T08:47:09.070-0700: 15033.301: Total time for which application threads were stopped: 0.0079211 seconds, Stopping threads took: 0.0000542 seconds
2017-10-31T08:47:11.905-0700: 15036.137: Total time for which application threads were stopped: 0.0004910 seconds, Stopping threads took: 0.0000610 seconds
{Heap before GC invocations=307 (full 2):
 par new generation   total 109248K, used 91220K [0x00000000e0000000, 0x00000000e8000000, 0x00000000e8000000)
  eden space 87424K,  99% used [0x00000000e0000000, 0x00000000e555d760, 0x00000000e5560000)
  from space 21824K,  17% used [0x00000000e6ab0000, 0x00000000e6e67bd8, 0x00000000e8000000)
  to   space 21824K,   0% used [0x00000000e5560000, 0x00000000e5560000, 0x00000000e6ab0000)
 concurrent mark-sweep generation total 393216K, used 24344K [0x00000000e8000000, 0x0000000100000000, 0x0000000100000000)
 Metaspace       used 40157K, capacity 41138K, committed 41292K, reserved 1085440K
  class space    used 4586K, capacity 4833K, committed 4940K, reserved 1048576K
2017-10-31T08:47:11.996-0700: 15036.227: [GC (Allocation Failure) 2017-10-31T08:47:11.997-0700: 15036.227: [ParNew
Desired survivor size 20112992 bytes, new threshold 8 (max 8)
- age   1:    2533552 bytes,    2533552 total
- age   2:     486072 bytes,    3019624 total
- age   3:       5904 bytes,    3025528 total
- age   4:       6376 bytes,    3031904 total
- age   5:       7600 bytes,    3039504 total
- age   6:     690368 bytes,    3729872 total
- age   7:       5144 bytes,    3735016 total
- age   8:       4704 bytes,    3739720 total
: 91220K->4775K(109248K), 0.0060885 secs] 115565K->29124K(502464K), 0.0061840 secs] [Times: user=0.00 sys=0.00, real=0.01 secs] 
Heap after GC invocations=308 (full 2):
 par new generation   total 109248K, used 4775K [0x00000000e0000000, 0x00000000e8000000, 0x00000000e8000000)
  eden space 87424K,   0% used [0x00000000e0000000, 0x00000000e0000000, 0x00000000e5560000)
  from space 21824K,  21% used [0x00000000e5560000, 0x00000000e5a09cc8, 0x00000000e6ab0000)
  to   space 21824K,   0% used [0x00000000e6ab0000, 0x00000000e6ab0000, 0x00000000e8000000)
 concurrent mark-sweep generation total 393216K, used 24348K [0x00000000e8000000, 0x0000000100000000, 0x0000000100000000)
 Metaspace       used 40157K, capacity 41138K, committed 41292K, reserved 1085440K
  class space    used 4586K, capacity 4833K, committed 4940K, reserved 1048576K
}
2017-10-31T08:47:12.003-0700: 15036.233: Total time for which application threads were stopped: 0.0064860 seconds, Stopping threads took: 0.0000271 seconds
2017-10-31T08:47:13.003-0700: 15037.234: Total time for which application threads were stopped: 0.0002479 seconds, Stopping threads took: 0.0000359 seconds
2017-10-31T08:47:14.742-0700: 15038.973: Total time for which application threads were stopped: 0.0002926 seconds, Stopping threads took: 0.0000623 seconds
{Heap before GC invocations=308 (full 2):
 par new generation   total 109248K, used 92196K [0x00000000e0000000, 0x00000000e8000000, 0x00000000e8000000)
  eden space 87424K,  99% used [0x00000000e0000000, 0x00000000e555f6a8, 0x00000000e5560000)
  from space 21824K,  21% used [0x00000000e5560000, 0x00000000e5a09cc8, 0x00000000e6ab0000)
  to   space 21824K,   0% used [0x00000000e6ab0000, 0x00000000e6ab0000, 0x00000000e8000000)
 concurrent mark-sweep generation total 393216K, used 24348K [0x00000000e8000000, 0x0000000100000000, 0x0000000100000000)
 Metaspace       used 40157K, capacity 41138K, committed 41292K, reserved 1085440K
  class space    used 4586K, capacity 4833K, committed 4940K, reserved 1048576K
2017-10-31T08:47:14.814-0700: 15039.045: [GC (Allocation Failure) 2017-10-31T08:47:14.815-0700: 15039.045: [ParNew
Desired survivor size 20112992 bytes, new threshold 8 (max 8)
- age   1:    2498320 bytes,    2498320 total
- age   2:     754032 bytes,    3252352 total
- age   3:       7008 bytes,    3259360 total
- age   4:       5904 bytes,    3265264 total
- age   5:       6232 bytes,    3271496 total
- age   6:       7168 bytes,    3278664 total
- age   7:     685544 bytes,    3964208 total
- age   8:       5144 bytes,    3969352 total
: 92196K->4499K(109248K), 0.0055270 secs] 116545K->28852K(502464K), 0.0056367 secs] [Times: user=0.00 sys=0.00, real=0.01 secs] 
Heap after GC invocations=309 (full 2):
 par new generation   total 109248K, used 4499K [0x00000000e0000000, 0x00000000e8000000, 0x00000000e8000000)
  eden space 87424K,   0% used [0x00000000e0000000, 0x00000000e0000000, 0x00000000e5560000)
  from space 21824K,  20% used [0x00000000e6ab0000, 0x00000000e6f14d68, 0x00000000e8000000)
  to   space 21824K,   0% used [0x00000000e5560000, 0x00000000e5560000, 0x00000000e6ab0000)
 concurrent mark-sweep generation total 393216K, used 24353K [0x00000000e8000000, 0x0000000100000000, 0x0000000100000000)
 Metaspace       used 40157K, capacity 41138K, committed 41292K, reserved 1085440K
  class space    used 4586K, capacity 4833K, committed 4940K, reserved 1048576K
}
2017-10-31T08:47:14.820-0700: 15039.051: Total time for which application threads were stopped: 0.0059449 seconds, Stopping threads took: 0.0000427 seconds
2017-10-31T08:47:18.078-0700: 15042.309: Total time for which application threads were stopped: 0.0003176 seconds, Stopping threads took: 0.0000447 seconds
{Heap before GC invocations=309 (full 2):
 par new generation   total 109248K, used 91916K [0x00000000e0000000, 0x00000000e8000000, 0x00000000e8000000)
  eden space 87424K,  99% used [0x00000000e0000000, 0x00000000e555e338, 0x00000000e5560000)
  from space 21824K,  20% used [0x00000000e6ab0000, 0x00000000e6f14d68, 0x00000000e8000000)
  to   space 21824K,   0% used [0x00000000e5560000, 0x00000000e5560000, 0x00000000e6ab0000)
 concurrent mark-sweep generation total 393216K, used 24353K [0x00000000e8000000, 0x0000000100000000, 0x0000000100000000)
 Metaspace       used 40157K, capacity 41138K, committed 41292K, reserved 1085440K
  class space    used 4586K, capacity 4833K, committed 4940K, reserved 1048576K
2017-10-31T08:47:18.740-0700: 15042.970: [GC (Allocation Failure) 2017-10-31T08:47:18.740-0700: 15042.970: [ParNew
Desired survivor size 20112992 bytes, new threshold 8 (max 8)
- age   1:    1837008 bytes,    1837008 total
- age   2:      77480 bytes,    1914488 total
- age   3:       5568 bytes,    1920056 total
- age   4:       7008 bytes,    1927064 total
- age   5:       5616 bytes,    1932680 total
- age   6:       5656 bytes,    1938336 total
- age   7:       7168 bytes,    1945504 total
- age   8:     680144 bytes,    2625648 total
: 91916K->4780K(109248K), 0.0054153 secs] 116269K->29138K(502464K), 0.0055182 secs] [Times: user=0.02 sys=0.00, real=0.01 secs] 
Heap after GC invocations=310 (full 2):
 par new generation   total 109248K, used 4780K [0x00000000e0000000, 0x00000000e8000000, 0x00000000e8000000)
  eden space 87424K,   0% used [0x00000000e0000000, 0x00000000e0000000, 0x00000000e5560000)
  from space 21824K,  21% used [0x00000000e5560000, 0x00000000e5a0b020, 0x00000000e6ab0000)
  to   space 21824K,   0% used [0x00000000e6ab0000, 0x00000000e6ab0000, 0x00000000e8000000)
 concurrent mark-sweep generation total 393216K, used 24358K [0x00000000e8000000, 0x0000000100000000, 0x0000000100000000)
 Metaspace       used 40157K, capacity 41138K, committed 41292K, reserved 1085440K
  class space    used 4586K, capacity 4833K, committed 4940K, reserved 1048576K
}
2017-10-31T08:47:18.746-0700: 15042.976: Total time for which application threads were stopped: 0.0058894 seconds, Stopping threads took: 0.0000298 seconds
2017-10-31T08:47:21.475-0700: 15045.706: Total time for which application threads were stopped: 0.0002540 seconds, Stopping threads took: 0.0000345 seconds
{Heap before GC invocations=310 (full 2):
 par new generation   total 109248K, used 92141K [0x00000000e0000000, 0x00000000e8000000, 0x00000000e8000000)
  eden space 87424K,  99% used [0x00000000e0000000, 0x00000000e55507b0, 0x00000000e5560000)
  from space 21824K,  21% used [0x00000000e5560000, 0x00000000e5a0b020, 0x00000000e6ab0000)
  to   space 21824K,   0% used [0x00000000e6ab0000, 0x00000000e6ab0000, 0x00000000e8000000)
 concurrent mark-sweep generation total 393216K, used 24358K [0x00000000e8000000, 0x0000000100000000, 0x0000000100000000)
 Metaspace       used 40157K, capacity 41138K, committed 41292K, reserved 1085440K
  class space    used 4586K, capacity 4833K, committed 4940K, reserved 1048576K
2017-10-31T08:47:22.667-0700: 15046.898: [GC (Allocation Failure) 2017-10-31T08:47:22.667-0700: 15046.898: [ParNew
Desired survivor size 20112992 bytes, new threshold 8 (max 8)
- age   1:    2309640 bytes,    2309640 total
- age   2:       7176 bytes,    2316816 total
- age   3:       5376 bytes,    2322192 total
- age   4:       5568 bytes,    2327760 total
- age   5:       6576 bytes,    2334336 total
- age   6:       5184 bytes,    2339520 total
- age   7:       5656 bytes,    2345176 total
- age   8:       7168 bytes,    2352344 total
: 92141K->2619K(109248K), 0.0104439 secs] 116500K->27636K(502464K), 0.0105326 secs] [Times: user=0.00 sys=0.00, real=0.01 secs] 
Heap after GC invocations=311 (full 2):
 par new generation   total 109248K, used 2619K [0x00000000e0000000, 0x00000000e8000000, 0x00000000e8000000)
  eden space 87424K,   0% used [0x00000000e0000000, 0x00000000e0000000, 0x00000000e5560000)
  from space 21824K,  12% used [0x00000000e6ab0000, 0x00000000e6d3ee70, 0x00000000e8000000)
  to   space 21824K,   0% used [0x00000000e5560000, 0x00000000e5560000, 0x00000000e6ab0000)
 concurrent mark-sweep generation total 393216K, used 25016K [0x00000000e8000000, 0x0000000100000000, 0x0000000100000000)
 Metaspace       used 40157K, capacity 41138K, committed 41292K, reserved 1085440K
  class space    used 4586K, capacity 4833K, committed 4940K, reserved 1048576K
}
2017-10-31T08:47:22.678-0700: 15046.908: Total time for which application threads were stopped: 0.0108373 seconds, Stopping threads took: 0.0000298 seconds
2017-10-31T08:47:24.168-0700: 15048.399: Total time for which application threads were stopped: 0.0002526 seconds, Stopping threads took: 0.0000345 seconds
{Heap before GC invocations=311 (full 2):
 par new generation   total 109248K, used 89739K [0x00000000e0000000, 0x00000000e8000000, 0x00000000e8000000)
  eden space 87424K,  99% used [0x00000000e0000000, 0x00000000e5514010, 0x00000000e5560000)
  from space 21824K,  12% used [0x00000000e6ab0000, 0x00000000e6d3ee70, 0x00000000e8000000)
  to   space 21824K,   0% used [0x00000000e5560000, 0x00000000e5560000, 0x00000000e6ab0000)
 concurrent mark-sweep generation total 393216K, used 25016K [0x00000000e8000000, 0x0000000100000000, 0x0000000100000000)
 Metaspace       used 40157K, capacity 41138K, committed 41292K, reserved 1085440K
  class space    used 4586K, capacity 4833K, committed 4940K, reserved 1048576K
2017-10-31T08:47:26.200-0700: 15050.430: [GC (Allocation Failure) 2017-10-31T08:47:26.200-0700: 15050.430: [ParNew
Desired survivor size 20112992 bytes, new threshold 8 (max 8)
- age   1:    2305320 bytes,    2305320 total
- age   2:       8040 bytes,    2313360 total
- age   3:       6264 bytes,    2319624 total
- age   4:       5376 bytes,    2325000 total
- age   5:       5064 bytes,    2330064 total
- age   6:       6288 bytes,    2336352 total
- age   7:       5184 bytes,    2341536 total
- age   8:       5656 bytes,    2347192 total
: 89739K->3780K(109248K), 0.0045525 secs] 114756K->28804K(502464K), 0.0046249 secs] [Times: user=0.00 sys=0.00, real=0.00 secs] 
Heap after GC invocations=312 (full 2):
 par new generation   total 109248K, used 3780K [0x00000000e0000000, 0x00000000e8000000, 0x00000000e8000000)
  eden space 87424K,   0% used [0x00000000e0000000, 0x00000000e0000000, 0x00000000e5560000)
  from space 21824K,  17% used [0x00000000e5560000, 0x00000000e5911210, 0x00000000e6ab0000)
  to   space 21824K,   0% used [0x00000000e6ab0000, 0x00000000e6ab0000, 0x00000000e8000000)
 concurrent mark-sweep generation total 393216K, used 25023K [0x00000000e8000000, 0x0000000100000000, 0x0000000100000000)
 Metaspace       used 40157K, capacity 41138K, committed 41292K, reserved 1085440K
  class space    used 4586K, capacity 4833K, committed 4940K, reserved 1048576K
}
2017-10-31T08:47:26.204-0700: 15050.435: Total time for which application threads were stopped: 0.0048775 seconds, Stopping threads took: 0.0000257 seconds
2017-10-31T08:47:27.311-0700: 15051.542: Total time for which application threads were stopped: 0.0002546 seconds, Stopping threads took: 0.0000779 seconds
{Heap before GC invocations=312 (full 2):
 par new generation   total 109248K, used 90926K [0x00000000e0000000, 0x00000000e8000000, 0x00000000e8000000)
  eden space 87424K,  99% used [0x00000000e0000000, 0x00000000e551a890, 0x00000000e5560000)
  from space 21824K,  17% used [0x00000000e5560000, 0x00000000e5911210, 0x00000000e6ab0000)
  to   space 21824K,   0% used [0x00000000e6ab0000, 0x00000000e6ab0000, 0x00000000e8000000)
 concurrent mark-sweep generation total 393216K, used 25023K [0x00000000e8000000, 0x0000000100000000, 0x0000000100000000)
 Metaspace       used 40157K, capacity 41138K, committed 41292K, reserved 1085440K
  class space    used 4586K, capacity 4833K, committed 4940K, reserved 1048576K
2017-10-31T08:47:29.400-0700: 15053.631: [GC (Allocation Failure) 2017-10-31T08:47:29.400-0700: 15053.631: [ParNew
Desired survivor size 20112992 bytes, new threshold 8 (max 8)
- age   1:    2157240 bytes,    2157240 total
- age   2:      76688 bytes,    2233928 total
- age   3:       6792 bytes,    2240720 total
- age   4:       6264 bytes,    2246984 total
- age   5:       4872 bytes,    2251856 total
- age   6:       4848 bytes,    2256704 total
- age   7:       6288 bytes,    2262992 total
- age   8:       5184 bytes,    2268176 total
: 90926K->3032K(109248K), 0.0043093 secs] 115950K->28062K(502464K), 0.0044224 secs] [Times: user=0.00 sys=0.00, real=0.00 secs] 
Heap after GC invocations=313 (full 2):
 par new generation   total 109248K, used 3032K [0x00000000e0000000, 0x00000000e8000000, 0x00000000e8000000)
  eden space 87424K,   0% used [0x00000000e0000000, 0x00000000e0000000, 0x00000000e5560000)
  from space 21824K,  13% used [0x00000000e6ab0000, 0x00000000e6da6300, 0x00000000e8000000)
  to   space 21824K,   0% used [0x00000000e5560000, 0x00000000e5560000, 0x00000000e6ab0000)
 concurrent mark-sweep generation total 393216K, used 25029K [0x00000000e8000000, 0x0000000100000000, 0x0000000100000000)
 Metaspace       used 40157K, capacity 41138K, committed 41292K, reserved 1085440K
  class space    used 4586K, capacity 4833K, committed 4940K, reserved 1048576K
}
2017-10-31T08:47:29.405-0700: 15053.636: Total time for which application threads were stopped: 0.0047597 seconds, Stopping threads took: 0.0000325 seconds
2017-10-31T08:47:30.276-0700: 15054.507: Total time for which application threads were stopped: 0.0007768 seconds, Stopping threads took: 0.0005641 seconds
{Heap before GC invocations=313 (full 2):
 par new generation   total 109248K, used 90456K [0x00000000e0000000, 0x00000000e8000000, 0x00000000e8000000)
  eden space 87424K, 100% used [0x00000000e0000000, 0x00000000e5560000, 0x00000000e5560000)
  from space 21824K,  13% used [0x00000000e6ab0000, 0x00000000e6da6300, 0x00000000e8000000)
  to   space 21824K,   0% used [0x00000000e5560000, 0x00000000e5560000, 0x00000000e6ab0000)
 concurrent mark-sweep generation total 393216K, used 25029K [0x00000000e8000000, 0x0000000100000000, 0x0000000100000000)
 Metaspace       used 40157K, capacity 41138K, committed 41292K, reserved 1085440K
  class space    used 4586K, capacity 4833K, committed 4940K, reserved 1048576K
2017-10-31T08:47:33.074-0700: 15057.305: [GC (Allocation Failure) 2017-10-31T08:47:33.074-0700: 15057.305: [ParNew
Desired survivor size 20112992 bytes, new threshold 8 (max 8)
- age   1:    2082944 bytes,    2082944 total
- age   2:      77136 bytes,    2160080 total
- age   3:       8696 bytes,    2168776 total
- age   4:       6792 bytes,    2175568 total
- age   5:       5688 bytes,    2181256 total
- age   6:       4728 bytes,    2185984 total
- age   7:       4848 bytes,    2190832 total
- age   8:       6288 bytes,    2197120 total
: 90456K->2493K(109248K), 0.0040750 secs] 115486K->27527K(502464K), 0.0041780 secs] [Times: user=0.00 sys=0.00, real=0.00 secs] 
Heap after GC invocations=314 (full 2):
 par new generation   total 109248K, used 2493K [0x00000000e0000000, 0x00000000e8000000, 0x00000000e8000000)
  eden space 87424K,   0% used [0x00000000e0000000, 0x00000000e0000000, 0x00000000e5560000)
  from space 21824K,  11% used [0x00000000e5560000, 0x00000000e57cf650, 0x00000000e6ab0000)
  to   space 21824K,   0% used [0x00000000e6ab0000, 0x00000000e6ab0000, 0x00000000e8000000)
 concurrent mark-sweep generation total 393216K, used 25034K [0x00000000e8000000, 0x0000000100000000, 0x0000000100000000)
 Metaspace       used 40157K, capacity 41138K, committed 41292K, reserved 1085440K
  class space    used 4586K, capacity 4833K, committed 4940K, reserved 1048576K
}
2017-10-31T08:47:33.079-0700: 15057.309: Total time for which application threads were stopped: 0.0045620 seconds, Stopping threads took: 0.0000440 seconds
2017-10-31T08:47:33.596-0700: 15057.827: Total time for which application threads were stopped: 0.0002770 seconds, Stopping threads took: 0.0000339 seconds
2017-10-31T08:47:36.735-0700: 15060.966: Total time for which application threads were stopped: 0.0002492 seconds, Stopping threads took: 0.0000284 seconds
{Heap before GC invocations=314 (full 2):
 par new generation   total 109248K, used 89917K [0x00000000e0000000, 0x00000000e8000000, 0x00000000e8000000)
  eden space 87424K, 100% used [0x00000000e0000000, 0x00000000e5560000, 0x00000000e5560000)
  from space 21824K,  11% used [0x00000000e5560000, 0x00000000e57cf650, 0x00000000e6ab0000)
  to   space 21824K,   0% used [0x00000000e6ab0000, 0x00000000e6ab0000, 0x00000000e8000000)
 concurrent mark-sweep generation total 393216K, used 25034K [0x00000000e8000000, 0x0000000100000000, 0x0000000100000000)
 Metaspace       used 40157K, capacity 41138K, committed 41292K, reserved 1085440K
  class space    used 4586K, capacity 4833K, committed 4940K, reserved 1048576K
2017-10-31T08:47:36.759-0700: 15060.990: [GC (Allocation Failure) 2017-10-31T08:47:36.759-0700: 15060.990: [ParNew
Desired survivor size 20112992 bytes, new threshold 8 (max 8)
- age   1:    2750112 bytes,    2750112 total
- age   2:       8760 bytes,    2758872 total
- age   3:       9144 bytes,    2768016 total
- age   4:       8696 bytes,    2776712 total
- age   5:       6216 bytes,    2782928 total
- age   6:       5544 bytes,    2788472 total
- age   7:       4728 bytes,    2793200 total
- age   8:       4848 bytes,    2798048 total
: 89917K->3413K(109248K), 0.0062009 secs] 114951K->28453K(502464K), 0.0063005 secs] [Times: user=0.05 sys=0.02, real=0.01 secs] 
Heap after GC invocations=315 (full 2):
 par new generation   total 109248K, used 3413K [0x00000000e0000000, 0x00000000e8000000, 0x00000000e8000000)
  eden space 87424K,   0% used [0x00000000e0000000, 0x00000000e0000000, 0x00000000e5560000)
  from space 21824K,  15% used [0x00000000e6ab0000, 0x00000000e6e055b0, 0x00000000e8000000)
  to   space 21824K,   0% used [0x00000000e5560000, 0x00000000e5560000, 0x00000000e6ab0000)
 concurrent mark-sweep generation total 393216K, used 25040K [0x00000000e8000000, 0x0000000100000000, 0x0000000100000000)
 Metaspace       used 40157K, capacity 41138K, committed 41292K, reserved 1085440K
  class space    used 4586K, capacity 4833K, committed 4940K, reserved 1048576K
}
2017-10-31T08:47:36.766-0700: 15060.996: Total time for which application threads were stopped: 0.0066635 seconds, Stopping threads took: 0.0000542 seconds
2017-10-31T08:47:39.687-0700: 15063.917: Total time for which application threads were stopped: 0.0001930 seconds, Stopping threads took: 0.0000325 seconds
{Heap before GC invocations=315 (full 2):
 par new generation   total 109248K, used 90816K [0x00000000e0000000, 0x00000000e8000000, 0x00000000e8000000)
  eden space 87424K,  99% used [0x00000000e0000000, 0x00000000e555ac98, 0x00000000e5560000)
  from space 21824K,  15% used [0x00000000e6ab0000, 0x00000000e6e055b0, 0x00000000e8000000)
  to   space 21824K,   0% used [0x00000000e5560000, 0x00000000e5560000, 0x00000000e6ab0000)
 concurrent mark-sweep generation total 393216K, used 25040K [0x00000000e8000000, 0x0000000100000000, 0x0000000100000000)
 Metaspace       used 40157K, capacity 41138K, committed 41292K, reserved 1085440K
  class space    used 4586K, capacity 4833K, committed 4940K, reserved 1048576K
2017-10-31T08:47:39.727-0700: 15063.958: [GC (Allocation Failure) 2017-10-31T08:47:39.727-0700: 15063.958: [ParNew
Desired survivor size 20112992 bytes, new threshold 8 (max 8)
- age   1:    2442600 bytes,    2442600 total
- age   2:     476000 bytes,    2918600 total
- age   3:       7848 bytes,    2926448 total
- age   4:       9144 bytes,    2935592 total
- age   5:       8192 bytes,    2943784 total
- age   6:       6000 bytes,    2949784 total
- age   7:       5544 bytes,    2955328 total
- age   8:       4728 bytes,    2960056 total
: 90816K->4744K(109248K), 0.0059253 secs] 115857K->29789K(502464K), 0.0060465 secs] [Times: user=0.03 sys=0.00, real=0.01 secs] 
Heap after GC invocations=316 (full 2):
 par new generation   total 109248K, used 4744K [0x00000000e0000000, 0x00000000e8000000, 0x00000000e8000000)
  eden space 87424K,   0% used [0x00000000e0000000, 0x00000000e0000000, 0x00000000e5560000)
  from space 21824K,  21% used [0x00000000e5560000, 0x00000000e5a02020, 0x00000000e6ab0000)
  to   space 21824K,   0% used [0x00000000e6ab0000, 0x00000000e6ab0000, 0x00000000e8000000)
 concurrent mark-sweep generation total 393216K, used 25045K [0x00000000e8000000, 0x0000000100000000, 0x0000000100000000)
 Metaspace       used 40157K, capacity 41138K, committed 41292K, reserved 1085440K
  class space    used 4586K, capacity 4833K, committed 4940K, reserved 1048576K
}
2017-10-31T08:47:39.734-0700: 15063.964: Total time for which application threads were stopped: 0.0064698 seconds, Stopping threads took: 0.0000461 seconds
2017-10-31T08:47:42.698-0700: 15066.929: Total time for which application threads were stopped: 0.0002316 seconds, Stopping threads took: 0.0000325 seconds
{Heap before GC invocations=316 (full 2):
 par new generation   total 109248K, used 92168K [0x00000000e0000000, 0x00000000e8000000, 0x00000000e8000000)
  eden space 87424K, 100% used [0x00000000e0000000, 0x00000000e5560000, 0x00000000e5560000)
  from space 21824K,  21% used [0x00000000e5560000, 0x00000000e5a02020, 0x00000000e6ab0000)
  to   space 21824K,   0% used [0x00000000e6ab0000, 0x00000000e6ab0000, 0x00000000e8000000)
 concurrent mark-sweep generation total 393216K, used 25045K [0x00000000e8000000, 0x0000000100000000, 0x0000000100000000)
 Metaspace       used 40157K, capacity 41138K, committed 41292K, reserved 1085440K
  class space    used 4586K, capacity 4833K, committed 4940K, reserved 1048576K
2017-10-31T08:47:42.758-0700: 15066.988: [GC (Allocation Failure) 2017-10-31T08:47:42.758-0700: 15066.988: [ParNew
Desired survivor size 20112992 bytes, new threshold 8 (max 8)
- age   1:    2630016 bytes,    2630016 total
- age   2:     655704 bytes,    3285720 total
- age   3:       8568 bytes,    3294288 total
- age   4:       7848 bytes,    3302136 total
- age   5:       8784 bytes,    3310920 total
- age   6:       7904 bytes,    3318824 total
- age   7:       6000 bytes,    3324824 total
- age   8:       5544 bytes,    3330368 total
: 92168K->3934K(109248K), 0.0046060 secs] 117213K->28983K(502464K), 0.0047015 secs] [Times: user=0.06 sys=0.00, real=0.00 secs] 
Heap after GC invocations=317 (full 2):
 par new generation   total 109248K, used 3934K [0x00000000e0000000, 0x00000000e8000000, 0x00000000e8000000)
  eden space 87424K,   0% used [0x00000000e0000000, 0x00000000e0000000, 0x00000000e5560000)
  from space 21824K,  18% used [0x00000000e6ab0000, 0x00000000e6e878a8, 0x00000000e8000000)
  to   space 21824K,   0% used [0x00000000e5560000, 0x00000000e5560000, 0x00000000e6ab0000)
 concurrent mark-sweep generation total 393216K, used 25049K [0x00000000e8000000, 0x0000000100000000, 0x0000000100000000)
 Metaspace       used 40157K, capacity 41138K, committed 41292K, reserved 1085440K
  class space    used 4586K, capacity 4833K, committed 4940K, reserved 1048576K
}
2017-10-31T08:47:42.763-0700: 15066.993: Total time for which application threads were stopped: 0.0050286 seconds, Stopping threads took: 0.0000359 seconds
2017-10-31T08:47:45.410-0700: 15069.641: Total time for which application threads were stopped: 0.0002350 seconds, Stopping threads took: 0.0000318 seconds
{Heap before GC invocations=317 (full 2):
 par new generation   total 109248K, used 91358K [0x00000000e0000000, 0x00000000e8000000, 0x00000000e8000000)
  eden space 87424K, 100% used [0x00000000e0000000, 0x00000000e5560000, 0x00000000e5560000)
  from space 21824K,  18% used [0x00000000e6ab0000, 0x00000000e6e878a8, 0x00000000e8000000)
  to   space 21824K,   0% used [0x00000000e5560000, 0x00000000e5560000, 0x00000000e6ab0000)
 concurrent mark-sweep generation total 393216K, used 25049K [0x00000000e8000000, 0x0000000100000000, 0x0000000100000000)
 Metaspace       used 40157K, capacity 41138K, committed 41292K, reserved 1085440K
  class space    used 4586K, capacity 4833K, committed 4940K, reserved 1048576K
2017-10-31T08:47:45.726-0700: 15069.957: [GC (Allocation Failure) 2017-10-31T08:47:45.726-0700: 15069.957: [ParNew
Desired survivor size 20112992 bytes, new threshold 8 (max 8)
- age   1:    2229424 bytes,    2229424 total
- age   2:      79232 bytes,    2308656 total
- age   3:       7080 bytes,    2315736 total
- age   4:       8568 bytes,    2324304 total
- age   5:       7560 bytes,    2331864 total
- age   6:       8424 bytes,    2340288 total
- age   7:       7904 bytes,    2348192 total
- age   8:       6000 bytes,    2354192 total
: 91358K->3025K(109248K), 0.0058122 secs] 116407K->28080K(502464K), 0.0058900 secs] [Times: user=0.02 sys=0.00, real=0.01 secs] 
Heap after GC invocations=318 (full 2):
 par new generation   total 109248K, used 3025K [0x00000000e0000000, 0x00000000e8000000, 0x00000000e8000000)
  eden space 87424K,   0% used [0x00000000e0000000, 0x00000000e0000000, 0x00000000e5560000)
  from space 21824K,  13% used [0x00000000e5560000, 0x00000000e5854478, 0x00000000e6ab0000)
  to   space 21824K,   0% used [0x00000000e6ab0000, 0x00000000e6ab0000, 0x00000000e8000000)
 concurrent mark-sweep generation total 393216K, used 25055K [0x00000000e8000000, 0x0000000100000000, 0x0000000100000000)
 Metaspace       used 40157K, capacity 41138K, committed 41292K, reserved 1085440K
  class space    used 4586K, capacity 4833K, committed 4940K, reserved 1048576K
}
2017-10-31T08:47:45.732-0700: 15069.963: Total time for which application threads were stopped: 0.0061779 seconds, Stopping threads took: 0.0000244 seconds
2017-10-31T08:47:48.563-0700: 15072.793: Total time for which application threads were stopped: 0.0002607 seconds, Stopping threads took: 0.0000481 seconds
2017-10-31T08:47:49.564-0700: 15073.794: Total time for which application threads were stopped: 0.0002838 seconds, Stopping threads took: 0.0000372 seconds
{Heap before GC invocations=318 (full 2):
 par new generation   total 109248K, used 90353K [0x00000000e0000000, 0x00000000e8000000, 0x00000000e8000000)
  eden space 87424K,  99% used [0x00000000e0000000, 0x00000000e5548340, 0x00000000e5560000)
  from space 21824K,  13% used [0x00000000e5560000, 0x00000000e5854478, 0x00000000e6ab0000)
  to   space 21824K,   0% used [0x00000000e6ab0000, 0x00000000e6ab0000, 0x00000000e8000000)
 concurrent mark-sweep generation total 393216K, used 25055K [0x00000000e8000000, 0x0000000100000000, 0x0000000100000000)
 Metaspace       used 40157K, capacity 41138K, committed 41292K, reserved 1085440K
  class space    used 4586K, capacity 4833K, committed 4940K, reserved 1048576K
2017-10-31T08:47:49.607-0700: 15073.837: [GC (Allocation Failure) 2017-10-31T08:47:49.607-0700: 15073.837: [ParNew
Desired survivor size 20112992 bytes, new threshold 8 (max 8)
- age   1:    2058328 bytes,    2058328 total
- age   2:      75752 bytes,    2134080 total
- age   3:       7128 bytes,    2141208 total
- age   4:       7080 bytes,    2148288 total
- age   5:       8352 bytes,    2156640 total
- age   6:       7128 bytes,    2163768 total
- age   7:       8424 bytes,    2172192 total
- age   8:       7904 bytes,    2180096 total
: 90353K->2781K(109248K), 0.0039233 secs] 115409K->27842K(502464K), 0.0040208 secs] [Times: user=0.00 sys=0.00, real=0.00 secs] 
Heap after GC invocations=319 (full 2):
 par new generation   total 109248K, used 2781K [0x00000000e0000000, 0x00000000e8000000, 0x00000000e8000000)
  eden space 87424K,   0% used [0x00000000e0000000, 0x00000000e0000000, 0x00000000e5560000)
  from space 21824K,  12% used [0x00000000e6ab0000, 0x00000000e6d67658, 0x00000000e8000000)
  to   space 21824K,   0% used [0x00000000e5560000, 0x00000000e5560000, 0x00000000e6ab0000)
 concurrent mark-sweep generation total 393216K, used 25061K [0x00000000e8000000, 0x0000000100000000, 0x0000000100000000)
 Metaspace       used 40157K, capacity 41138K, committed 41292K, reserved 1085440K
  class space    used 4586K, capacity 4833K, committed 4940K, reserved 1048576K
}
2017-10-31T08:47:49.611-0700: 15073.841: Total time for which application threads were stopped: 0.0043256 seconds, Stopping threads took: 0.0000271 seconds
2017-10-31T08:47:51.305-0700: 15075.536: Total time for which application threads were stopped: 0.0002357 seconds, Stopping threads took: 0.0000325 seconds
{Heap before GC invocations=319 (full 2):
 par new generation   total 109248K, used 90205K [0x00000000e0000000, 0x00000000e8000000, 0x00000000e8000000)
  eden space 87424K, 100% used [0x00000000e0000000, 0x00000000e5560000, 0x00000000e5560000)
  from space 21824K,  12% used [0x00000000e6ab0000, 0x00000000e6d67658, 0x00000000e8000000)
  to   space 21824K,   0% used [0x00000000e5560000, 0x00000000e5560000, 0x00000000e6ab0000)
 concurrent mark-sweep generation total 393216K, used 25061K [0x00000000e8000000, 0x0000000100000000, 0x0000000100000000)
 Metaspace       used 40157K, capacity 41138K, committed 41292K, reserved 1085440K
  class space    used 4586K, capacity 4833K, committed 4940K, reserved 1048576K
2017-10-31T08:47:53.092-0700: 15077.323: [GC (Allocation Failure) 2017-10-31T08:47:53.092-0700: 15077.323: [ParNew
Desired survivor size 20112992 bytes, new threshold 8 (max 8)
- age   1:    2298520 bytes,    2298520 total
- age   2:       8744 bytes,    2307264 total
- age   3:       7760 bytes,    2315024 total
- age   4:       7128 bytes,    2322152 total
- age   5:       6864 bytes,    2329016 total
- age   6:       7848 bytes,    2336864 total
- age   7:       7128 bytes,    2343992 total
- age   8:       8424 bytes,    2352416 total
: 90205K->2936K(109248K), 0.0040906 secs] 115266K->28005K(502464K), 0.0041631 secs] [Times: user=0.00 sys=0.00, real=0.00 secs] 
Heap after GC invocations=320 (full 2):
 par new generation   total 109248K, used 2936K [0x00000000e0000000, 0x00000000e8000000, 0x00000000e8000000)
  eden space 87424K,   0% used [0x00000000e0000000, 0x00000000e0000000, 0x00000000e5560000)
  from space 21824K,  13% used [0x00000000e5560000, 0x00000000e583e0f8, 0x00000000e6ab0000)
  to   space 21824K,   0% used [0x00000000e6ab0000, 0x00000000e6ab0000, 0x00000000e8000000)
 concurrent mark-sweep generation total 393216K, used 25068K [0x00000000e8000000, 0x0000000100000000, 0x0000000100000000)
 Metaspace       used 40157K, capacity 41138K, committed 41292K, reserved 1085440K
  class space    used 4586K, capacity 4833K, committed 4940K, reserved 1048576K
}
2017-10-31T08:47:53.096-0700: 15077.327: Total time for which application threads were stopped: 0.0044597 seconds, Stopping threads took: 0.0000230 seconds
2017-10-31T08:47:54.478-0700: 15078.709: Total time for which application threads were stopped: 0.0002465 seconds, Stopping threads took: 0.0000481 seconds
{Heap before GC invocations=320 (full 2):
 par new generation   total 109248K, used 90180K [0x00000000e0000000, 0x00000000e8000000, 0x00000000e8000000)
  eden space 87424K,  99% used [0x00000000e0000000, 0x00000000e5532f20, 0x00000000e5560000)
  from space 21824K,  13% used [0x00000000e5560000, 0x00000000e583e0f8, 0x00000000e6ab0000)
  to   space 21824K,   0% used [0x00000000e6ab0000, 0x00000000e6ab0000, 0x00000000e8000000)
 concurrent mark-sweep generation total 393216K, used 25068K [0x00000000e8000000, 0x0000000100000000, 0x0000000100000000)
 Metaspace       used 40157K, capacity 41138K, committed 41292K, reserved 1085440K
  class space    used 4586K, capacity 4833K, committed 4940K, reserved 1048576K
2017-10-31T08:47:56.384-0700: 15080.615: [GC (Allocation Failure) 2017-10-31T08:47:56.384-0700: 15080.615: [ParNew
Desired survivor size 20112992 bytes, new threshold 8 (max 8)
- age   1:    2164488 bytes,    2164488 total
- age   2:      76224 bytes,    2240712 total
- age   3:       7832 bytes,    2248544 total
- age   4:       7760 bytes,    2256304 total
- age   5:       6840 bytes,    2263144 total
- age   6:       6360 bytes,    2269504 total
- age   7:       7848 bytes,    2277352 total
- age   8:       7128 bytes,    2284480 total
: 90180K->2692K(109248K), 0.0057065 secs] 115248K->27769K(502464K), 0.0057878 secs] [Times: user=0.06 sys=0.00, real=0.01 secs] 
Heap after GC invocations=321 (full 2):
 par new generation   total 109248K, used 2692K [0x00000000e0000000, 0x00000000e8000000, 0x00000000e8000000)
  eden space 87424K,   0% used [0x00000000e0000000, 0x00000000e0000000, 0x00000000e5560000)
  from space 21824K,  12% used [0x00000000e6ab0000, 0x00000000e6d51090, 0x00000000e8000000)
  to   space 21824K,   0% used [0x00000000e5560000, 0x00000000e5560000, 0x00000000e6ab0000)
 concurrent mark-sweep generation total 393216K, used 25077K [0x00000000e8000000, 0x0000000100000000, 0x0000000100000000)
 Metaspace       used 40157K, capacity 41138K, committed 41292K, reserved 1085440K
  class space    used 4586K, capacity 4833K, committed 4940K, reserved 1048576K
}
2017-10-31T08:47:56.390-0700: 15080.621: Total time for which application threads were stopped: 0.0060756 seconds, Stopping threads took: 0.0000230 seconds
2017-10-31T08:47:57.511-0700: 15081.742: Total time for which application threads were stopped: 0.0002106 seconds, Stopping threads took: 0.0000284 seconds
{Heap before GC invocations=321 (full 2):
 par new generation   total 109248K, used 90116K [0x00000000e0000000, 0x00000000e8000000, 0x00000000e8000000)
  eden space 87424K, 100% used [0x00000000e0000000, 0x00000000e5560000, 0x00000000e5560000)
  from space 21824K,  12% used [0x00000000e6ab0000, 0x00000000e6d51090, 0x00000000e8000000)
  to   space 21824K,   0% used [0x00000000e5560000, 0x00000000e5560000, 0x00000000e6ab0000)
 concurrent mark-sweep generation total 393216K, used 25077K [0x00000000e8000000, 0x0000000100000000, 0x0000000100000000)
 Metaspace       used 40157K, capacity 41138K, committed 41292K, reserved 1085440K
  class space    used 4586K, capacity 4833K, committed 4940K, reserved 1048576K
2017-10-31T08:47:59.825-0700: 15084.056: [GC (Allocation Failure) 2017-10-31T08:47:59.825-0700: 15084.056: [ParNew
Desired survivor size 20112992 bytes, new threshold 8 (max 8)
- age   1:    2046952 bytes,    2046952 total
- age   2:      75744 bytes,    2122696 total
- age   3:       8232 bytes,    2130928 total
- age   4:       7832 bytes,    2138760 total
- age   5:       7328 bytes,    2146088 total
- age   6:       6480 bytes,    2152568 total
- age   7:       6360 bytes,    2158928 total
- age   8:       7848 bytes,    2166776 total
: 90116K->3439K(109248K), 0.0047590 secs] 115193K->28523K(502464K), 0.0048654 secs] [Times: user=0.00 sys=0.00, real=0.00 secs] 
Heap after GC invocations=322 (full 2):
 par new generation   total 109248K, used 3439K [0x00000000e0000000, 0x00000000e8000000, 0x00000000e8000000)
  eden space 87424K,   0% used [0x00000000e0000000, 0x00000000e0000000, 0x00000000e5560000)
  from space 21824K,  15% used [0x00000000e5560000, 0x00000000e58bbfc0, 0x00000000e6ab0000)
  to   space 21824K,   0% used [0x00000000e6ab0000, 0x00000000e6ab0000, 0x00000000e8000000)
 concurrent mark-sweep generation total 393216K, used 25084K [0x00000000e8000000, 0x0000000100000000, 0x0000000100000000)
 Metaspace       used 40157K, capacity 41138K, committed 41292K, reserved 1085440K
  class space    used 4586K, capacity 4833K, committed 4940K, reserved 1048576K
}
2017-10-31T08:47:59.830-0700: 15084.061: Total time for which application threads were stopped: 0.0051965 seconds, Stopping threads took: 0.0000325 seconds
2017-10-31T08:48:00.709-0700: 15084.939: Total time for which application threads were stopped: 0.0003312 seconds, Stopping threads took: 0.0000494 seconds
{Heap before GC invocations=322 (full 2):
 par new generation   total 109248K, used 90863K [0x00000000e0000000, 0x00000000e8000000, 0x00000000e8000000)
  eden space 87424K, 100% used [0x00000000e0000000, 0x00000000e5560000, 0x00000000e5560000)
  from space 21824K,  15% used [0x00000000e5560000, 0x00000000e58bbfc0, 0x00000000e6ab0000)
  to   space 21824K,   0% used [0x00000000e6ab0000, 0x00000000e6ab0000, 0x00000000e8000000)
 concurrent mark-sweep generation total 393216K, used 25084K [0x00000000e8000000, 0x0000000100000000, 0x0000000100000000)
 Metaspace       used 40157K, capacity 41138K, committed 41292K, reserved 1085440K
  class space    used 4586K, capacity 4833K, committed 4940K, reserved 1048576K
2017-10-31T08:48:03.294-0700: 15087.525: [GC (Allocation Failure) 2017-10-31T08:48:03.294-0700: 15087.525: [ParNew
Desired survivor size 20112992 bytes, new threshold 8 (max 8)
- age   1:    2413224 bytes,    2413224 total
- age   2:      10504 bytes,    2423728 total
- age   3:       7752 bytes,    2431480 total
- age   4:       8232 bytes,    2439712 total
- age   5:       7328 bytes,    2447040 total
- age   6:       7040 bytes,    2454080 total
- age   7:       6480 bytes,    2460560 total
- age   8:       6360 bytes,    2466920 total
: 90863K->2637K(109248K), 0.0062314 secs] 115947K->27729K(502464K), 0.0063126 secs] [Times: user=0.00 sys=0.00, real=0.01 secs] 
Heap after GC invocations=323 (full 2):
 par new generation   total 109248K, used 2637K [0x00000000e0000000, 0x00000000e8000000, 0x00000000e8000000)
  eden space 87424K,   0% used [0x00000000e0000000, 0x00000000e0000000, 0x00000000e5560000)
  from space 21824K,  12% used [0x00000000e6ab0000, 0x00000000e6d435e0, 0x00000000e8000000)
  to   space 21824K,   0% used [0x00000000e5560000, 0x00000000e5560000, 0x00000000e6ab0000)
 concurrent mark-sweep generation total 393216K, used 25091K [0x00000000e8000000, 0x0000000100000000, 0x0000000100000000)
 Metaspace       used 40157K, capacity 41138K, committed 41292K, reserved 1085440K
  class space    used 4586K, capacity 4833K, committed 4940K, reserved 1048576K
}
2017-10-31T08:48:03.301-0700: 15087.531: Total time for which application threads were stopped: 0.0065653 seconds, Stopping threads took: 0.0000271 seconds
2017-10-31T08:48:03.547-0700: 15087.778: Total time for which application threads were stopped: 0.0002763 seconds, Stopping threads took: 0.0000643 seconds
2017-10-31T08:48:06.425-0700: 15090.656: Total time for which application threads were stopped: 0.0006678 seconds, Stopping threads took: 0.0004185 seconds
{Heap before GC invocations=323 (full 2):
 par new generation   total 109248K, used 89585K [0x00000000e0000000, 0x00000000e8000000, 0x00000000e8000000)
  eden space 87424K,  99% used [0x00000000e0000000, 0x00000000e54e8ef0, 0x00000000e5560000)
  from space 21824K,  12% used [0x00000000e6ab0000, 0x00000000e6d435e0, 0x00000000e8000000)
  to   space 21824K,   0% used [0x00000000e5560000, 0x00000000e5560000, 0x00000000e6ab0000)
 concurrent mark-sweep generation total 393216K, used 25091K [0x00000000e8000000, 0x0000000100000000, 0x0000000100000000)
 Metaspace       used 40157K, capacity 41138K, committed 41292K, reserved 1085440K
  class space    used 4586K, capacity 4833K, committed 4940K, reserved 1048576K
2017-10-31T08:48:06.455-0700: 15090.685: [GC (Allocation Failure) 2017-10-31T08:48:06.455-0700: 15090.685: [ParNew
Desired survivor size 20112992 bytes, new threshold 8 (max 8)
- age   1:    2863224 bytes,    2863224 total
- age   2:      76440 bytes,    2939664 total
- age   3:       9536 bytes,    2949200 total
- age   4:       7752 bytes,    2956952 total
- age   5:       7728 bytes,    2964680 total
- age   6:       7112 bytes,    2971792 total
- age   7:       7040 bytes,    2978832 total
- age   8:       6480 bytes,    2985312 total
: 89585K->3632K(109248K), 0.0042829 secs] 114676K->28730K(502464K), 0.0043825 secs] [Times: user=0.00 sys=0.00, real=0.00 secs] 
Heap after GC invocations=324 (full 2):
 par new generation   total 109248K, used 3632K [0x00000000e0000000, 0x00000000e8000000, 0x00000000e8000000)
  eden space 87424K,   0% used [0x00000000e0000000, 0x00000000e0000000, 0x00000000e5560000)
  from space 21824K,  16% used [0x00000000e5560000, 0x00000000e58ec238, 0x00000000e6ab0000)
  to   space 21824K,   0% used [0x00000000e6ab0000, 0x00000000e6ab0000, 0x00000000e8000000)
 concurrent mark-sweep generation total 393216K, used 25097K [0x00000000e8000000, 0x0000000100000000, 0x0000000100000000)
 Metaspace       used 40157K, capacity 41138K, committed 41292K, reserved 1085440K
  class space    used 4586K, capacity 4833K, committed 4940K, reserved 1048576K
}
2017-10-31T08:48:06.460-0700: 15090.690: Total time for which application threads were stopped: 0.0048423 seconds, Stopping threads took: 0.0000569 seconds
2017-10-31T08:48:09.286-0700: 15093.517: Total time for which application threads were stopped: 0.0003935 seconds, Stopping threads took: 0.0000650 seconds
{Heap before GC invocations=324 (full 2):
 par new generation   total 109248K, used 91056K [0x00000000e0000000, 0x00000000e8000000, 0x00000000e8000000)
  eden space 87424K, 100% used [0x00000000e0000000, 0x00000000e5560000, 0x00000000e5560000)
  from space 21824K,  16% used [0x00000000e5560000, 0x00000000e58ec238, 0x00000000e6ab0000)
  to   space 21824K,   0% used [0x00000000e6ab0000, 0x00000000e6ab0000, 0x00000000e8000000)
 concurrent mark-sweep generation total 393216K, used 25097K [0x00000000e8000000, 0x0000000100000000, 0x0000000100000000)
 Metaspace       used 40157K, capacity 41138K, committed 41292K, reserved 1085440K
  class space    used 4586K, capacity 4833K, committed 4940K, reserved 1048576K
2017-10-31T08:48:09.412-0700: 15093.642: [GC (Allocation Failure) 2017-10-31T08:48:09.412-0700: 15093.642: [ParNew
Desired survivor size 20112992 bytes, new threshold 8 (max 8)
- age   1:    2624848 bytes,    2624848 total
- age   2:     579024 bytes,    3203872 total
- age   3:       8448 bytes,    3212320 total
- age   4:       9536 bytes,    3221856 total
- age   5:       7464 bytes,    3229320 total
- age   6:       7440 bytes,    3236760 total
- age   7:       7112 bytes,    3243872 total
- age   8:       7040 bytes,    3250912 total
: 91056K->4532K(109248K), 0.0045985 secs] 116154K->29637K(502464K), 0.0047225 secs] [Times: user=0.01 sys=0.00, real=0.01 secs] 
Heap after GC invocations=325 (full 2):
 par new generation   total 109248K, used 4532K [0x00000000e0000000, 0x00000000e8000000, 0x00000000e8000000)
  eden space 87424K,   0% used [0x00000000e0000000, 0x00000000e0000000, 0x00000000e5560000)
  from space 21824K,  20% used [0x00000000e6ab0000, 0x00000000e6f1d318, 0x00000000e8000000)
  to   space 21824K,   0% used [0x00000000e5560000, 0x00000000e5560000, 0x00000000e6ab0000)
 concurrent mark-sweep generation total 393216K, used 25104K [0x00000000e8000000, 0x0000000100000000, 0x0000000100000000)
 Metaspace       used 40157K, capacity 41138K, committed 41292K, reserved 1085440K
  class space    used 4586K, capacity 4833K, committed 4940K, reserved 1048576K
}
2017-10-31T08:48:09.417-0700: 15093.647: Total time for which application threads were stopped: 0.0050841 seconds, Stopping threads took: 0.0000406 seconds
2017-10-31T08:48:12.354-0700: 15096.585: Total time for which application threads were stopped: 0.0001978 seconds, Stopping threads took: 0.0000339 seconds
{Heap before GC invocations=325 (full 2):
 par new generation   total 109248K, used 91956K [0x00000000e0000000, 0x00000000e8000000, 0x00000000e8000000)
  eden space 87424K, 100% used [0x00000000e0000000, 0x00000000e5560000, 0x00000000e5560000)
  from space 21824K,  20% used [0x00000000e6ab0000, 0x00000000e6f1d318, 0x00000000e8000000)
  to   space 21824K,   0% used [0x00000000e5560000, 0x00000000e5560000, 0x00000000e6ab0000)
 concurrent mark-sweep generation total 393216K, used 25104K [0x00000000e8000000, 0x0000000100000000, 0x0000000100000000)
 Metaspace       used 40157K, capacity 41138K, committed 41292K, reserved 1085440K
  class space    used 4586K, capacity 4833K, committed 4940K, reserved 1048576K
2017-10-31T08:48:12.500-0700: 15096.731: [GC (Allocation Failure) 2017-10-31T08:48:12.501-0700: 15096.731: [ParNew
Desired survivor size 20112992 bytes, new threshold 8 (max 8)
- age   1:    2217752 bytes,    2217752 total
- age   2:     918800 bytes,    3136552 total
- age   3:      10256 bytes,    3146808 total
- age   4:       8448 bytes,    3155256 total
- age   5:       9320 bytes,    3164576 total
- age   6:       7032 bytes,    3171608 total
- age   7:       7440 bytes,    3179048 total
- age   8:       7112 bytes,    3186160 total
: 91956K->3868K(109248K), 0.0040378 secs] 117061K->28979K(502464K), 0.0041576 secs] [Times: user=0.00 sys=0.00, real=0.01 secs] 
Heap after GC invocations=326 (full 2):
 par new generation   total 109248K, used 3868K [0x00000000e0000000, 0x00000000e8000000, 0x00000000e8000000)
  eden space 87424K,   0% used [0x00000000e0000000, 0x00000000e0000000, 0x00000000e5560000)
  from space 21824K,  17% used [0x00000000e5560000, 0x00000000e59270b0, 0x00000000e6ab0000)
  to   space 21824K,   0% used [0x00000000e6ab0000, 0x00000000e6ab0000, 0x00000000e8000000)
 concurrent mark-sweep generation total 393216K, used 25111K [0x00000000e8000000, 0x0000000100000000, 0x0000000100000000)
 Metaspace       used 40157K, capacity 41138K, committed 41292K, reserved 1085440K
  class space    used 4586K, capacity 4833K, committed 4940K, reserved 1048576K
}
2017-10-31T08:48:12.505-0700: 15096.736: Total time for which application threads were stopped: 0.0044624 seconds, Stopping threads took: 0.0000298 seconds
2017-10-31T08:48:15.305-0700: 15099.536: Total time for which application threads were stopped: 0.0002079 seconds, Stopping threads took: 0.0000305 seconds
{Heap before GC invocations=326 (full 2):
 par new generation   total 109248K, used 91292K [0x00000000e0000000, 0x00000000e8000000, 0x00000000e8000000)
  eden space 87424K, 100% used [0x00000000e0000000, 0x00000000e5560000, 0x00000000e5560000)
  from space 21824K,  17% used [0x00000000e5560000, 0x00000000e59270b0, 0x00000000e6ab0000)
  to   space 21824K,   0% used [0x00000000e6ab0000, 0x00000000e6ab0000, 0x00000000e8000000)
 concurrent mark-sweep generation total 393216K, used 25111K [0x00000000e8000000, 0x0000000100000000, 0x0000000100000000)
 Metaspace       used 40157K, capacity 41138K, committed 41292K, reserved 1085440K
  class space    used 4586K, capacity 4833K, committed 4940K, reserved 1048576K
2017-10-31T08:48:15.689-0700: 15099.920: [GC (Allocation Failure) 2017-10-31T08:48:15.689-0700: 15099.920: [ParNew
Desired survivor size 20112992 bytes, new threshold 8 (max 8)
- age   1:    2027576 bytes,    2027576 total
- age   2:      81216 bytes,    2108792 total
- age   3:       7056 bytes,    2115848 total
- age   4:      10256 bytes,    2126104 total
- age   5:       8304 bytes,    2134408 total
- age   6:       8816 bytes,    2143224 total
- age   7:       7032 bytes,    2150256 total
- age   8:       7440 bytes,    2157696 total
: 91292K->3973K(109248K), 0.0063831 secs] 116403K->29091K(502464K), 0.0064941 secs] [Times: user=0.00 sys=0.00, real=0.01 secs] 
Heap after GC invocations=327 (full 2):
 par new generation   total 109248K, used 3973K [0x00000000e0000000, 0x00000000e8000000, 0x00000000e8000000)
  eden space 87424K,   0% used [0x00000000e0000000, 0x00000000e0000000, 0x00000000e5560000)
  from space 21824K,  18% used [0x00000000e6ab0000, 0x00000000e6e916c0, 0x00000000e8000000)
  to   space 21824K,   0% used [0x00000000e5560000, 0x00000000e5560000, 0x00000000e6ab0000)
 concurrent mark-sweep generation total 393216K, used 25118K [0x00000000e8000000, 0x0000000100000000, 0x0000000100000000)
 Metaspace       used 40157K, capacity 41138K, committed 41292K, reserved 1085440K
  class space    used 4586K, capacity 4833K, committed 4940K, reserved 1048576K
}
2017-10-31T08:48:15.696-0700: 15099.926: Total time for which application threads were stopped: 0.0068185 seconds, Stopping threads took: 0.0000298 seconds
2017-10-31T08:48:18.268-0700: 15102.499: Total time for which application threads were stopped: 0.0002506 seconds, Stopping threads took: 0.0000298 seconds
{Heap before GC invocations=327 (full 2):
 par new generation   total 109248K, used 91296K [0x00000000e0000000, 0x00000000e8000000, 0x00000000e8000000)
  eden space 87424K,  99% used [0x00000000e0000000, 0x00000000e5546b30, 0x00000000e5560000)
  from space 21824K,  18% used [0x00000000e6ab0000, 0x00000000e6e916c0, 0x00000000e8000000)
  to   space 21824K,   0% used [0x00000000e5560000, 0x00000000e5560000, 0x00000000e6ab0000)
 concurrent mark-sweep generation total 393216K, used 25118K [0x00000000e8000000, 0x0000000100000000, 0x0000000100000000)
 Metaspace       used 40157K, capacity 41138K, committed 41292K, reserved 1085440K
  class space    used 4586K, capacity 4833K, committed 4940K, reserved 1048576K
2017-10-31T08:48:19.632-0700: 15103.862: [GC (Allocation Failure) 2017-10-31T08:48:19.632-0700: 15103.862: [ParNew
Desired survivor size 20112992 bytes, new threshold 8 (max 8)
- age   1:    2238248 bytes,    2238248 total
- age   2:       8768 bytes,    2247016 total
- age   3:       7176 bytes,    2254192 total
- age   4:       7056 bytes,    2261248 total
- age   5:      10040 bytes,    2271288 total
- age   6:       7656 bytes,    2278944 total
- age   7:       8816 bytes,    2287760 total
- age   8:       7032 bytes,    2294792 total
: 91296K->3067K(109248K), 0.0116399 secs] 116414K->28193K(502464K), 0.0118783 secs] [Times: user=0.06 sys=0.00, real=0.01 secs] 
Heap after GC invocations=328 (full 2):
 par new generation   total 109248K, used 3067K [0x00000000e0000000, 0x00000000e8000000, 0x00000000e8000000)
  eden space 87424K,   0% used [0x00000000e0000000, 0x00000000e0000000, 0x00000000e5560000)
  from space 21824K,  14% used [0x00000000e5560000, 0x00000000e585eef8, 0x00000000e6ab0000)
  to   space 21824K,   0% used [0x00000000e6ab0000, 0x00000000e6ab0000, 0x00000000e8000000)
 concurrent mark-sweep generation total 393216K, used 25125K [0x00000000e8000000, 0x0000000100000000, 0x0000000100000000)
 Metaspace       used 40157K, capacity 41138K, committed 41292K, reserved 1085440K
  class space    used 4586K, capacity 4833K, committed 4940K, reserved 1048576K
}
2017-10-31T08:48:19.644-0700: 15103.874: Total time for which application threads were stopped: 0.0125508 seconds, Stopping threads took: 0.0000596 seconds
2017-10-31T08:48:21.260-0700: 15105.491: Total time for which application threads were stopped: 0.0003874 seconds, Stopping threads took: 0.0000521 seconds
{Heap before GC invocations=328 (full 2):
 par new generation   total 109248K, used 89993K [0x00000000e0000000, 0x00000000e8000000, 0x00000000e8000000)
  eden space 87424K,  99% used [0x00000000e0000000, 0x00000000e54e37a0, 0x00000000e5560000)
  from space 21824K,  14% used [0x00000000e5560000, 0x00000000e585eef8, 0x00000000e6ab0000)
  to   space 21824K,   0% used [0x00000000e6ab0000, 0x00000000e6ab0000, 0x00000000e8000000)
 concurrent mark-sweep generation total 393216K, used 25125K [0x00000000e8000000, 0x0000000100000000, 0x0000000100000000)
 Metaspace       used 40157K, capacity 41138K, committed 41292K, reserved 1085440K
  class space    used 4586K, capacity 4833K, committed 4940K, reserved 1048576K
2017-10-31T08:48:22.692-0700: 15106.922: [GC (Allocation Failure) 2017-10-31T08:48:22.692-0700: 15106.922: [ParNew
Desired survivor size 20112992 bytes, new threshold 8 (max 8)
- age   1:    2080760 bytes,    2080760 total
- age   2:      76288 bytes,    2157048 total
- age   3:       7808 bytes,    2164856 total
- age   4:       7176 bytes,    2172032 total
- age   5:       6840 bytes,    2178872 total
- age   6:       9536 bytes,    2188408 total
- age   7:       7656 bytes,    2196064 total
- age   8:       8816 bytes,    2204880 total
: 89993K->2734K(109248K), 0.0063302 secs] 115118K->27866K(502464K), 0.0064305 secs] [Times: user=0.00 sys=0.02, real=0.01 secs] 
Heap after GC invocations=329 (full 2):
 par new generation   total 109248K, used 2734K [0x00000000e0000000, 0x00000000e8000000, 0x00000000e8000000)
  eden space 87424K,   0% used [0x00000000e0000000, 0x00000000e0000000, 0x00000000e5560000)
  from space 21824K,  12% used [0x00000000e6ab0000, 0x00000000e6d5ba48, 0x00000000e8000000)
  to   space 21824K,   0% used [0x00000000e5560000, 0x00000000e5560000, 0x00000000e6ab0000)
 concurrent mark-sweep generation total 393216K, used 25132K [0x00000000e8000000, 0x0000000100000000, 0x0000000100000000)
 Metaspace       used 40157K, capacity 41138K, committed 41292K, reserved 1085440K
  class space    used 4586K, capacity 4833K, committed 4940K, reserved 1048576K
}
2017-10-31T08:48:22.698-0700: 15106.929: Total time for which application threads were stopped: 0.0066878 seconds, Stopping threads took: 0.0000251 seconds
2017-10-31T08:48:23.966-0700: 15108.197: Total time for which application threads were stopped: 0.0003027 seconds, Stopping threads took: 0.0000325 seconds
{Heap before GC invocations=329 (full 2):
 par new generation   total 109248K, used 89912K [0x00000000e0000000, 0x00000000e8000000, 0x00000000e8000000)
  eden space 87424K,  99% used [0x00000000e0000000, 0x00000000e55225e0, 0x00000000e5560000)
  from space 21824K,  12% used [0x00000000e6ab0000, 0x00000000e6d5ba48, 0x00000000e8000000)
  to   space 21824K,   0% used [0x00000000e5560000, 0x00000000e5560000, 0x00000000e6ab0000)
 concurrent mark-sweep generation total 393216K, used 25132K [0x00000000e8000000, 0x0000000100000000, 0x0000000100000000)
 Metaspace       used 40157K, capacity 41138K, committed 41292K, reserved 1085440K
  class space    used 4586K, capacity 4833K, committed 4940K, reserved 1048576K
2017-10-31T08:48:26.035-0700: 15110.266: [GC (Allocation Failure) 2017-10-31T08:48:26.035-0700: 15110.266: [ParNew
Desired survivor size 20112992 bytes, new threshold 8 (max 8)
- age   1:    2400760 bytes,    2400760 total
- age   2:       8832 bytes,    2409592 total
- age   3:       8296 bytes,    2417888 total
- age   4:       7808 bytes,    2425696 total
- age   5:       6960 bytes,    2432656 total
- age   6:       6408 bytes,    2439064 total
- age   7:       9536 bytes,    2448600 total
- age   8:       7656 bytes,    2456256 total
: 89912K->2919K(109248K), 0.0059923 secs] 115044K->28060K(502464K), 0.0060952 secs] [Times: user=0.02 sys=0.02, real=0.01 secs] 
Heap after GC invocations=330 (full 2):
 par new generation   total 109248K, used 2919K [0x00000000e0000000, 0x00000000e8000000, 0x00000000e8000000)
  eden space 87424K,   0% used [0x00000000e0000000, 0x00000000e0000000, 0x00000000e5560000)
  from space 21824K,  13% used [0x00000000e5560000, 0x00000000e5839e50, 0x00000000e6ab0000)
  to   space 21824K,   0% used [0x00000000e6ab0000, 0x00000000e6ab0000, 0x00000000e8000000)
 concurrent mark-sweep generation total 393216K, used 25140K [0x00000000e8000000, 0x0000000100000000, 0x0000000100000000)
 Metaspace       used 40157K, capacity 41138K, committed 41292K, reserved 1085440K
  class space    used 4586K, capacity 4833K, committed 4940K, reserved 1048576K
}
2017-10-31T08:48:26.041-0700: 15110.272: Total time for which application threads were stopped: 0.0063519 seconds, Stopping threads took: 0.0000298 seconds
2017-10-31T08:48:26.812-0700: 15111.042: Total time for which application threads were stopped: 0.0002052 seconds, Stopping threads took: 0.0000352 seconds
{Heap before GC invocations=330 (full 2):
 par new generation   total 109248K, used 90079K [0x00000000e0000000, 0x00000000e8000000, 0x00000000e8000000)
  eden space 87424K,  99% used [0x00000000e0000000, 0x00000000e551e0f8, 0x00000000e5560000)
  from space 21824K,  13% used [0x00000000e5560000, 0x00000000e5839e50, 0x00000000e6ab0000)
  to   space 21824K,   0% used [0x00000000e6ab0000, 0x00000000e6ab0000, 0x00000000e8000000)
 concurrent mark-sweep generation total 393216K, used 25140K [0x00000000e8000000, 0x0000000100000000, 0x0000000100000000)
 Metaspace       used 40157K, capacity 41138K, committed 41292K, reserved 1085440K
  class space    used 4586K, capacity 4833K, committed 4940K, reserved 1048576K
2017-10-31T08:48:31.462-0700: 15115.692: [GC (Allocation Failure) 2017-10-31T08:48:31.462-0700: 15115.692: [ParNew
Desired survivor size 20112992 bytes, new threshold 8 (max 8)
- age   1:    2185480 bytes,    2185480 total
- age   2:      76368 bytes,    2261848 total
- age   3:       7872 bytes,    2269720 total
- age   4:       8224 bytes,    2277944 total
- age   5:       7088 bytes,    2285032 total
- age   6:       6528 bytes,    2291560 total
- age   7:       6408 bytes,    2297968 total
- age   8:       9536 bytes,    2307504 total
: 90079K->2896K(109248K), 0.0061135 secs] 115220K->28044K(502464K), 0.0062334 secs] [Times: user=0.05 sys=0.00, real=0.01 secs] 
Heap after GC invocations=331 (full 2):
 par new generation   total 109248K, used 2896K [0x00000000e0000000, 0x00000000e8000000, 0x00000000e8000000)
  eden space 87424K,   0% used [0x00000000e0000000, 0x00000000e0000000, 0x00000000e5560000)
  from space 21824K,  13% used [0x00000000e6ab0000, 0x00000000e6d840b0, 0x00000000e8000000)
  to   space 21824K,   0% used [0x00000000e5560000, 0x00000000e5560000, 0x00000000e6ab0000)
 concurrent mark-sweep generation total 393216K, used 25148K [0x00000000e8000000, 0x0000000100000000, 0x0000000100000000)
 Metaspace       used 40157K, capacity 41138K, committed 41292K, reserved 1085440K
  class space    used 4586K, capacity 4833K, committed 4940K, reserved 1048576K
}
2017-10-31T08:48:31.468-0700: 15115.699: Total time for which application threads were stopped: 0.0065917 seconds, Stopping threads took: 0.0000312 seconds
2017-10-31T08:48:32.052-0700: 15116.283: Total time for which application threads were stopped: 0.0010260 seconds, Stopping threads took: 0.0001280 seconds
{Heap before GC invocations=331 (full 2):
 par new generation   total 109248K, used 90320K [0x00000000e0000000, 0x00000000e8000000, 0x00000000e8000000)
  eden space 87424K, 100% used [0x00000000e0000000, 0x00000000e5560000, 0x00000000e5560000)
  from space 21824K,  13% used [0x00000000e6ab0000, 0x00000000e6d840b0, 0x00000000e8000000)
  to   space 21824K,   0% used [0x00000000e5560000, 0x00000000e5560000, 0x00000000e6ab0000)
 concurrent mark-sweep generation total 393216K, used 25148K [0x00000000e8000000, 0x0000000100000000, 0x0000000100000000)
 Metaspace       used 40158K, capacity 41138K, committed 41292K, reserved 1085440K
  class space    used 4587K, capacity 4833K, committed 4940K, reserved 1048576K
2017-10-31T08:48:34.813-0700: 15119.044: [GC (Allocation Failure) 2017-10-31T08:48:34.813-0700: 15119.044: [ParNew
Desired survivor size 20112992 bytes, new threshold 8 (max 8)
- age   1:    2010856 bytes,    2010856 total
- age   2:      76744 bytes,    2087600 total
- age   3:       8376 bytes,    2095976 total
- age   4:       7872 bytes,    2103848 total
- age   5:       7464 bytes,    2111312 total
- age   6:       7088 bytes,    2118400 total
- age   7:       6528 bytes,    2124928 total
- age   8:       6408 bytes,    2131336 total
: 90320K->2374K(109248K), 0.0046310 secs] 115468K->27532K(502464K), 0.0047509 secs] [Times: user=0.00 sys=0.00, real=0.01 secs] 
Heap after GC invocations=332 (full 2):
 par new generation   total 109248K, used 2374K [0x00000000e0000000, 0x00000000e8000000, 0x00000000e8000000)
  eden space 87424K,   0% used [0x00000000e0000000, 0x00000000e0000000, 0x00000000e5560000)
  from space 21824K,  10% used [0x00000000e5560000, 0x00000000e57b1a00, 0x00000000e6ab0000)
  to   space 21824K,   0% used [0x00000000e6ab0000, 0x00000000e6ab0000, 0x00000000e8000000)
 concurrent mark-sweep generation total 393216K, used 25157K [0x00000000e8000000, 0x0000000100000000, 0x0000000100000000)
 Metaspace       used 40158K, capacity 41138K, committed 41292K, reserved 1085440K
  class space    used 4587K, capacity 4833K, committed 4940K, reserved 1048576K
}
2017-10-31T08:48:34.818-0700: 15119.049: Total time for which application threads were stopped: 0.0050821 seconds, Stopping threads took: 0.0000312 seconds
2017-10-31T08:48:35.006-0700: 15119.236: Total time for which application threads were stopped: 0.0004341 seconds, Stopping threads took: 0.0002662 seconds
2017-10-31T08:48:38.470-0700: 15122.701: Total time for which application threads were stopped: 0.0002228 seconds, Stopping threads took: 0.0000501 seconds
{Heap before GC invocations=332 (full 2):
 par new generation   total 109248K, used 89798K [0x00000000e0000000, 0x00000000e8000000, 0x00000000e8000000)
  eden space 87424K, 100% used [0x00000000e0000000, 0x00000000e5560000, 0x00000000e5560000)
  from space 21824K,  10% used [0x00000000e5560000, 0x00000000e57b1a00, 0x00000000e6ab0000)
  to   space 21824K,   0% used [0x00000000e6ab0000, 0x00000000e6ab0000, 0x00000000e8000000)
 concurrent mark-sweep generation total 393216K, used 25157K [0x00000000e8000000, 0x0000000100000000, 0x0000000100000000)
 Metaspace       used 40158K, capacity 41138K, committed 41292K, reserved 1085440K
  class space    used 4587K, capacity 4833K, committed 4940K, reserved 1048576K
2017-10-31T08:48:38.506-0700: 15122.737: [GC (Allocation Failure) 2017-10-31T08:48:38.507-0700: 15122.737: [ParNew
Desired survivor size 20112992 bytes, new threshold 8 (max 8)
- age   1:    2841624 bytes,    2841624 total
- age   2:      76128 bytes,    2917752 total
- age   3:       8752 bytes,    2926504 total
- age   4:       8160 bytes,    2934664 total
- age   5:       7152 bytes,    2941816 total
- age   6:       7464 bytes,    2949280 total
- age   7:       7088 bytes,    2956368 total
- age   8:       6528 bytes,    2962896 total
: 89798K->3307K(109248K), 0.0044319 secs] 114956K->28470K(502464K), 0.0045796 secs] [Times: user=0.05 sys=0.00, real=0.00 secs] 
Heap after GC invocations=333 (full 2):
 par new generation   total 109248K, used 3307K [0x00000000e0000000, 0x00000000e8000000, 0x00000000e8000000)
  eden space 87424K,   0% used [0x00000000e0000000, 0x00000000e0000000, 0x00000000e5560000)
  from space 21824K,  15% used [0x00000000e6ab0000, 0x00000000e6dead28, 0x00000000e8000000)
  to   space 21824K,   0% used [0x00000000e5560000, 0x00000000e5560000, 0x00000000e6ab0000)
 concurrent mark-sweep generation total 393216K, used 25163K [0x00000000e8000000, 0x0000000100000000, 0x0000000100000000)
 Metaspace       used 40158K, capacity 41138K, committed 41292K, reserved 1085440K
  class space    used 4587K, capacity 4833K, committed 4940K, reserved 1048576K
}
2017-10-31T08:48:38.511-0700: 15122.742: Total time for which application threads were stopped: 0.0049094 seconds, Stopping threads took: 0.0000244 seconds
2017-10-31T08:50:47.592-0700: 15251.822: Total time for which application threads were stopped: 0.0001768 seconds, Stopping threads took: 0.0000366 seconds
{Heap before GC invocations=333 (full 2):
 par new generation   total 109248K, used 90731K [0x00000000e0000000, 0x00000000e8000000, 0x00000000e8000000)
  eden space 87424K, 100% used [0x00000000e0000000, 0x00000000e5560000, 0x00000000e5560000)
  from space 21824K,  15% used [0x00000000e6ab0000, 0x00000000e6dead28, 0x00000000e8000000)
  to   space 21824K,   0% used [0x00000000e5560000, 0x00000000e5560000, 0x00000000e6ab0000)
 concurrent mark-sweep generation total 393216K, used 25163K [0x00000000e8000000, 0x0000000100000000, 0x0000000100000000)
 Metaspace       used 40161K, capacity 41138K, committed 41292K, reserved 1085440K
  class space    used 4587K, capacity 4833K, committed 4940K, reserved 1048576K
2017-10-31T08:50:47.752-0700: 15251.982: [GC (Allocation Failure) 2017-10-31T08:50:47.752-0700: 15251.982: [ParNew
Desired survivor size 20112992 bytes, new threshold 8 (max 8)
- age   1:    1059904 bytes,    1059904 total
- age   2:      10336 bytes,    1070240 total
- age   3:       7416 bytes,    1077656 total
- age   4:       6528 bytes,    1084184 total
- age   5:       7584 bytes,    1091768 total
- age   6:       7152 bytes,    1098920 total
- age   7:       7464 bytes,    1106384 total
- age   8:       7088 bytes,    1113472 total
: 90731K->2304K(109248K), 0.0046920 secs] 115894K->27474K(502464K), 0.0047848 secs] [Times: user=0.00 sys=0.00, real=0.00 secs] 
Heap after GC invocations=334 (full 2):
 par new generation   total 109248K, used 2304K [0x00000000e0000000, 0x00000000e8000000, 0x00000000e8000000)
  eden space 87424K,   0% used [0x00000000e0000000, 0x00000000e0000000, 0x00000000e5560000)
  from space 21824K,  10% used [0x00000000e5560000, 0x00000000e57a01c0, 0x00000000e6ab0000)
  to   space 21824K,   0% used [0x00000000e6ab0000, 0x00000000e6ab0000, 0x00000000e8000000)
 concurrent mark-sweep generation total 393216K, used 25170K [0x00000000e8000000, 0x0000000100000000, 0x0000000100000000)
 Metaspace       used 40161K, capacity 41138K, committed 41292K, reserved 1085440K
  class space    used 4587K, capacity 4833K, committed 4940K, reserved 1048576K
}
2017-10-31T08:50:47.756-0700: 15251.987: Total time for which application threads were stopped: 0.0051681 seconds, Stopping threads took: 0.0000298 seconds
2017-10-31T08:50:49.148-0700: 15253.379: Total time for which application threads were stopped: 0.0002289 seconds, Stopping threads took: 0.0000291 seconds
{Heap before GC invocations=334 (full 2):
 par new generation   total 109248K, used 89728K [0x00000000e0000000, 0x00000000e8000000, 0x00000000e8000000)
  eden space 87424K, 100% used [0x00000000e0000000, 0x00000000e5560000, 0x00000000e5560000)
  from space 21824K,  10% used [0x00000000e5560000, 0x00000000e57a01c0, 0x00000000e6ab0000)
  to   space 21824K,   0% used [0x00000000e6ab0000, 0x00000000e6ab0000, 0x00000000e8000000)
 concurrent mark-sweep generation total 393216K, used 25170K [0x00000000e8000000, 0x0000000100000000, 0x0000000100000000)
 Metaspace       used 40161K, capacity 41138K, committed 41292K, reserved 1085440K
  class space    used 4587K, capacity 4833K, committed 4940K, reserved 1048576K
2017-10-31T08:50:50.906-0700: 15255.137: [GC (Allocation Failure) 2017-10-31T08:50:50.906-0700: 15255.137: [ParNew
Desired survivor size 20112992 bytes, new threshold 8 (max 8)
- age   1:     959000 bytes,     959000 total
- age   2:      26440 bytes,     985440 total
- age   3:       8752 bytes,     994192 total
- age   4:       7416 bytes,    1001608 total
- age   5:       6528 bytes,    1008136 total
- age   6:       7584 bytes,    1015720 total
- age   7:       7152 bytes,    1022872 total
- age   8:       7464 bytes,    1030336 total
: 89728K->1412K(109248K), 0.0067000 secs] 114898K->26589K(502464K), 0.0067813 secs] [Times: user=0.00 sys=0.00, real=0.01 secs] 
Heap after GC invocations=335 (full 2):
 par new generation   total 109248K, used 1412K [0x00000000e0000000, 0x00000000e8000000, 0x00000000e8000000)
  eden space 87424K,   0% used [0x00000000e0000000, 0x00000000e0000000, 0x00000000e5560000)
  from space 21824K,   6% used [0x00000000e6ab0000, 0x00000000e6c11080, 0x00000000e8000000)
  to   space 21824K,   0% used [0x00000000e5560000, 0x00000000e5560000, 0x00000000e6ab0000)
 concurrent mark-sweep generation total 393216K, used 25176K [0x00000000e8000000, 0x0000000100000000, 0x0000000100000000)
 Metaspace       used 40161K, capacity 41138K, committed 41292K, reserved 1085440K
  class space    used 4587K, capacity 4833K, committed 4940K, reserved 1048576K
}
2017-10-31T08:50:50.913-0700: 15255.144: Total time for which application threads were stopped: 0.0070292 seconds, Stopping threads took: 0.0000230 seconds
2017-10-31T08:50:51.676-0700: 15255.906: Total time for which application threads were stopped: 0.0002655 seconds, Stopping threads took: 0.0000305 seconds
2017-10-31T08:50:52.676-0700: 15256.907: Total time for which application threads were stopped: 0.0002066 seconds, Stopping threads took: 0.0000521 seconds
2017-10-31T08:50:54.437-0700: 15258.667: Total time for which application threads were stopped: 0.0001910 seconds, Stopping threads took: 0.0000305 seconds
{Heap before GC invocations=335 (full 2):
 par new generation   total 109248K, used 88836K [0x00000000e0000000, 0x00000000e8000000, 0x00000000e8000000)
  eden space 87424K, 100% used [0x00000000e0000000, 0x00000000e5560000, 0x00000000e5560000)
  from space 21824K,   6% used [0x00000000e6ab0000, 0x00000000e6c11080, 0x00000000e8000000)
  to   space 21824K,   0% used [0x00000000e5560000, 0x00000000e5560000, 0x00000000e6ab0000)
 concurrent mark-sweep generation total 393216K, used 25176K [0x00000000e8000000, 0x0000000100000000, 0x0000000100000000)
 Metaspace       used 40161K, capacity 41138K, committed 41292K, reserved 1085440K
  class space    used 4587K, capacity 4833K, committed 4940K, reserved 1048576K
2017-10-31T08:50:54.447-0700: 15258.677: [GC (Allocation Failure) 2017-10-31T08:50:54.447-0700: 15258.677: [ParNew
Desired survivor size 20112992 bytes, new threshold 8 (max 8)
- age   1:    1512064 bytes,    1512064 total
- age   2:      10472 bytes,    1522536 total
- age   3:      24616 bytes,    1547152 total
- age   4:       8752 bytes,    1555904 total
- age   5:       7416 bytes,    1563320 total
- age   6:       6528 bytes,    1569848 total
- age   7:       7584 bytes,    1577432 total
- age   8:       7152 bytes,    1584584 total
: 88836K->1726K(109248K), 0.0046615 secs] 114013K->26910K(502464K), 0.0047482 secs] [Times: user=0.06 sys=0.00, real=0.00 secs] 
Heap after GC invocations=336 (full 2):
 par new generation   total 109248K, used 1726K [0x00000000e0000000, 0x00000000e8000000, 0x00000000e8000000)
  eden space 87424K,   0% used [0x00000000e0000000, 0x00000000e0000000, 0x00000000e5560000)
  from space 21824K,   7% used [0x00000000e5560000, 0x00000000e570fa10, 0x00000000e6ab0000)
  to   space 21824K,   0% used [0x00000000e6ab0000, 0x00000000e6ab0000, 0x00000000e8000000)
 concurrent mark-sweep generation total 393216K, used 25184K [0x00000000e8000000, 0x0000000100000000, 0x0000000100000000)
 Metaspace       used 40161K, capacity 41138K, committed 41292K, reserved 1085440K
  class space    used 4587K, capacity 4833K, committed 4940K, reserved 1048576K
}
2017-10-31T08:50:54.451-0700: 15258.682: Total time for which application threads were stopped: 0.0051214 seconds, Stopping threads took: 0.0000291 seconds
2017-10-31T08:50:56.933-0700: 15261.164: Total time for which application threads were stopped: 0.0005723 seconds, Stopping threads took: 0.0003840 seconds
{Heap before GC invocations=336 (full 2):
 par new generation   total 109248K, used 89024K [0x00000000e0000000, 0x00000000e8000000, 0x00000000e8000000)
  eden space 87424K,  99% used [0x00000000e0000000, 0x00000000e5540950, 0x00000000e5560000)
  from space 21824K,   7% used [0x00000000e5560000, 0x00000000e570fa10, 0x00000000e6ab0000)
  to   space 21824K,   0% used [0x00000000e6ab0000, 0x00000000e6ab0000, 0x00000000e8000000)
 concurrent mark-sweep generation total 393216K, used 25184K [0x00000000e8000000, 0x0000000100000000, 0x0000000100000000)
 Metaspace       used 40161K, capacity 41138K, committed 41292K, reserved 1085440K
  class space    used 4587K, capacity 4833K, committed 4940K, reserved 1048576K
2017-10-31T08:50:57.777-0700: 15262.008: [GC (Allocation Failure) 2017-10-31T08:50:57.777-0700: 15262.008: [ParNew
Desired survivor size 20112992 bytes, new threshold 8 (max 8)
- age   1:    1544816 bytes,    1544816 total
- age   2:       9504 bytes,    1554320 total
- age   3:       9536 bytes,    1563856 total
- age   4:      24616 bytes,    1588472 total
- age   5:       8752 bytes,    1597224 total
- age   6:       7416 bytes,    1604640 total
- age   7:       6528 bytes,    1611168 total
- age   8:       7584 bytes,    1618752 total
: 89024K->1674K(109248K), 0.0044285 secs] 114209K->26865K(502464K), 0.0045220 secs] [Times: user=0.00 sys=0.00, real=0.00 secs] 
Heap after GC invocations=337 (full 2):
 par new generation   total 109248K, used 1674K [0x00000000e0000000, 0x00000000e8000000, 0x00000000e8000000)
  eden space 87424K,   0% used [0x00000000e0000000, 0x00000000e0000000, 0x00000000e5560000)
  from space 21824K,   7% used [0x00000000e6ab0000, 0x00000000e6c528d0, 0x00000000e8000000)
  to   space 21824K,   0% used [0x00000000e5560000, 0x00000000e5560000, 0x00000000e6ab0000)
 concurrent mark-sweep generation total 393216K, used 25191K [0x00000000e8000000, 0x0000000100000000, 0x0000000100000000)
 Metaspace       used 40161K, capacity 41138K, committed 41292K, reserved 1085440K
  class space    used 4587K, capacity 4833K, committed 4940K, reserved 1048576K
}
2017-10-31T08:50:57.782-0700: 15262.013: Total time for which application threads were stopped: 0.0048389 seconds, Stopping threads took: 0.0000312 seconds
2017-10-31T08:50:59.575-0700: 15263.806: Total time for which application threads were stopped: 0.0002235 seconds, Stopping threads took: 0.0000332 seconds
{Heap before GC invocations=337 (full 2):
 par new generation   total 109248K, used 88687K [0x00000000e0000000, 0x00000000e8000000, 0x00000000e8000000)
  eden space 87424K,  99% used [0x00000000e0000000, 0x00000000e54f93b0, 0x00000000e5560000)
  from space 21824K,   7% used [0x00000000e6ab0000, 0x00000000e6c528d0, 0x00000000e8000000)
  to   space 21824K,   0% used [0x00000000e5560000, 0x00000000e5560000, 0x00000000e6ab0000)
 concurrent mark-sweep generation total 393216K, used 25191K [0x00000000e8000000, 0x0000000100000000, 0x0000000100000000)
 Metaspace       used 40161K, capacity 41138K, committed 41292K, reserved 1085440K
  class space    used 4587K, capacity 4833K, committed 4940K, reserved 1048576K
2017-10-31T08:51:01.223-0700: 15265.454: [GC (Allocation Failure) 2017-10-31T08:51:01.223-0700: 15265.454: [ParNew
Desired survivor size 20112992 bytes, new threshold 8 (max 8)
- age   1:    1532112 bytes,    1532112 total
- age   2:       9800 bytes,    1541912 total
- age   3:       8464 bytes,    1550376 total
- age   4:       9536 bytes,    1559912 total
- age   5:      24616 bytes,    1584528 total
- age   6:       8752 bytes,    1593280 total
- age   7:       7416 bytes,    1600696 total
- age   8:       6528 bytes,    1607224 total
: 88687K->1729K(109248K), 0.0066851 secs] 113878K->26927K(502464K), 0.0067623 secs] [Times: user=0.00 sys=0.00, real=0.01 secs] 
Heap after GC invocations=338 (full 2):
 par new generation   total 109248K, used 1729K [0x00000000e0000000, 0x00000000e8000000, 0x00000000e8000000)
  eden space 87424K,   0% used [0x00000000e0000000, 0x00000000e0000000, 0x00000000e5560000)
  from space 21824K,   7% used [0x00000000e5560000, 0x00000000e5710490, 0x00000000e6ab0000)
  to   space 21824K,   0% used [0x00000000e6ab0000, 0x00000000e6ab0000, 0x00000000e8000000)
 concurrent mark-sweep generation total 393216K, used 25198K [0x00000000e8000000, 0x0000000100000000, 0x0000000100000000)
 Metaspace       used 40161K, capacity 41138K, committed 41292K, reserved 1085440K
  class space    used 4587K, capacity 4833K, committed 4940K, reserved 1048576K
}
2017-10-31T08:51:01.230-0700: 15265.461: Total time for which application threads were stopped: 0.0070224 seconds, Stopping threads took: 0.0000230 seconds
2017-10-31T08:51:02.216-0700: 15266.447: Total time for which application threads were stopped: 0.0002133 seconds, Stopping threads took: 0.0000318 seconds
2017-10-31T08:51:04.217-0700: 15268.448: Total time for which application threads were stopped: 0.0003102 seconds, Stopping threads took: 0.0000501 seconds
{Heap before GC invocations=338 (full 2):
 par new generation   total 109248K, used 88793K [0x00000000e0000000, 0x00000000e8000000, 0x00000000e8000000)
  eden space 87424K,  99% used [0x00000000e0000000, 0x00000000e5506060, 0x00000000e5560000)
  from space 21824K,   7% used [0x00000000e5560000, 0x00000000e5710490, 0x00000000e6ab0000)
  to   space 21824K,   0% used [0x00000000e6ab0000, 0x00000000e6ab0000, 0x00000000e8000000)
 concurrent mark-sweep generation total 393216K, used 25198K [0x00000000e8000000, 0x0000000100000000, 0x0000000100000000)
 Metaspace       used 40161K, capacity 41138K, committed 41292K, reserved 1085440K
  class space    used 4587K, capacity 4833K, committed 4940K, reserved 1048576K
2017-10-31T08:51:04.537-0700: 15268.768: [GC (Allocation Failure) 2017-10-31T08:51:04.537-0700: 15268.768: [ParNew
Desired survivor size 20112992 bytes, new threshold 8 (max 8)
- age   1:    1646152 bytes,    1646152 total
- age   2:      10248 bytes,    1656400 total
- age   3:       8888 bytes,    1665288 total
- age   4:       8464 bytes,    1673752 total
- age   5:       9032 bytes,    1682784 total
- age   6:      24192 bytes,    1706976 total
- age   7:       8752 bytes,    1715728 total
- age   8:       7416 bytes,    1723144 total
: 88793K->2150K(109248K), 0.0041813 secs] 113991K->27355K(502464K), 0.0042545 secs] [Times: user=0.00 sys=0.02, real=0.00 secs] 
Heap after GC invocations=339 (full 2):
 par new generation   total 109248K, used 2150K [0x00000000e0000000, 0x00000000e8000000, 0x00000000e8000000)
  eden space 87424K,   0% used [0x00000000e0000000, 0x00000000e0000000, 0x00000000e5560000)
  from space 21824K,   9% used [0x00000000e6ab0000, 0x00000000e6cc9830, 0x00000000e8000000)
  to   space 21824K,   0% used [0x00000000e5560000, 0x00000000e5560000, 0x00000000e6ab0000)
 concurrent mark-sweep generation total 393216K, used 25205K [0x00000000e8000000, 0x0000000100000000, 0x0000000100000000)
 Metaspace       used 40161K, capacity 41138K, committed 41292K, reserved 1085440K
  class space    used 4587K, capacity 4833K, committed 4940K, reserved 1048576K
}
2017-10-31T08:51:04.541-0700: 15268.772: Total time for which application threads were stopped: 0.0045599 seconds, Stopping threads took: 0.0000223 seconds
2017-10-31T08:51:04.780-0700: 15269.011: Total time for which application threads were stopped: 0.0002425 seconds, Stopping threads took: 0.0000481 seconds
2017-10-31T08:51:07.169-0700: 15271.400: Total time for which application threads were stopped: 0.0002546 seconds, Stopping threads took: 0.0000379 seconds
{Heap before GC invocations=339 (full 2):
 par new generation   total 109248K, used 89221K [0x00000000e0000000, 0x00000000e8000000, 0x00000000e8000000)
  eden space 87424K,  99% used [0x00000000e0000000, 0x00000000e5507e00, 0x00000000e5560000)
  from space 21824K,   9% used [0x00000000e6ab0000, 0x00000000e6cc9830, 0x00000000e8000000)
  to   space 21824K,   0% used [0x00000000e5560000, 0x00000000e5560000, 0x00000000e6ab0000)
 concurrent mark-sweep generation total 393216K, used 25205K [0x00000000e8000000, 0x0000000100000000, 0x0000000100000000)
 Metaspace       used 40161K, capacity 41138K, committed 41292K, reserved 1085440K
  class space    used 4587K, capacity 4833K, committed 4940K, reserved 1048576K
2017-10-31T08:51:07.193-0700: 15271.424: [GC (Allocation Failure) 2017-10-31T08:51:07.193-0700: 15271.424: [ParNew
Desired survivor size 20112992 bytes, new threshold 8 (max 8)
- age   1:    1863704 bytes,    1863704 total
- age   2:      77232 bytes,    1940936 total
- age   3:       9336 bytes,    1950272 total
- age   4:       8888 bytes,    1959160 total
- age   5:       8176 bytes,    1967336 total
- age   6:       8672 bytes,    1976008 total
- age   7:      24192 bytes,    2000200 total
- age   8:       8752 bytes,    2008952 total
: 89221K->2194K(109248K), 0.0064291 secs] 114426K->27407K(502464K), 0.0065172 secs] [Times: user=0.01 sys=0.00, real=0.01 secs] 
Heap after GC invocations=340 (full 2):
 par new generation   total 109248K, used 2194K [0x00000000e0000000, 0x00000000e8000000, 0x00000000e8000000)
  eden space 87424K,   0% used [0x00000000e0000000, 0x00000000e0000000, 0x00000000e5560000)
  from space 21824K,  10% used [0x00000000e5560000, 0x00000000e5784b10, 0x00000000e6ab0000)
  to   space 21824K,   0% used [0x00000000e6ab0000, 0x00000000e6ab0000, 0x00000000e8000000)
 concurrent mark-sweep generation total 393216K, used 25212K [0x00000000e8000000, 0x0000000100000000, 0x0000000100000000)
 Metaspace       used 40161K, capacity 41138K, committed 41292K, reserved 1085440K
  class space    used 4587K, capacity 4833K, committed 4940K, reserved 1048576K
}
2017-10-31T08:51:07.200-0700: 15271.431: Total time for which application threads were stopped: 0.0067738 seconds, Stopping threads took: 0.0000284 seconds
2017-10-31T08:51:09.816-0700: 15274.046: Total time for which application threads were stopped: 0.0002824 seconds, Stopping threads took: 0.0000833 seconds
2017-10-31T08:51:10.816-0700: 15275.046: Total time for which application threads were stopped: 0.0001382 seconds, Stopping threads took: 0.0000325 seconds
{Heap before GC invocations=340 (full 2):
 par new generation   total 109248K, used 89458K [0x00000000e0000000, 0x00000000e8000000, 0x00000000e8000000)
  eden space 87424K,  99% used [0x00000000e0000000, 0x00000000e5537f48, 0x00000000e5560000)
  from space 21824K,  10% used [0x00000000e5560000, 0x00000000e5784b10, 0x00000000e6ab0000)
  to   space 21824K,   0% used [0x00000000e6ab0000, 0x00000000e6ab0000, 0x00000000e8000000)
 concurrent mark-sweep generation total 393216K, used 25212K [0x00000000e8000000, 0x0000000100000000, 0x0000000100000000)
 Metaspace       used 40161K, capacity 41138K, committed 41292K, reserved 1085440K
  class space    used 4587K, capacity 4833K, committed 4940K, reserved 1048576K
2017-10-31T08:51:10.871-0700: 15275.101: [GC (Allocation Failure) 2017-10-31T08:51:10.871-0700: 15275.101: [ParNew
Desired survivor size 20112992 bytes, new threshold 8 (max 8)
- age   1:    1347096 bytes,    1347096 total
- age   2:       8768 bytes,    1355864 total
- age   3:       9240 bytes,    1365104 total
- age   4:       9336 bytes,    1374440 total
- age   5:       8528 bytes,    1382968 total
- age   6:       7600 bytes,    1390568 total
- age   7:       8672 bytes,    1399240 total
- age   8:      24048 bytes,    1423288 total
: 89458K->2174K(109248K), 0.0046412 secs] 114670K->27395K(502464K), 0.0047184 secs] [Times: user=0.00 sys=0.00, real=0.00 secs] 
Heap after GC invocations=341 (full 2):
 par new generation   total 109248K, used 2174K [0x00000000e0000000, 0x00000000e8000000, 0x00000000e8000000)
  eden space 87424K,   0% used [0x00000000e0000000, 0x00000000e0000000, 0x00000000e5560000)
  from space 21824K,   9% used [0x00000000e6ab0000, 0x00000000e6ccfa20, 0x00000000e8000000)
  to   space 21824K,   0% used [0x00000000e5560000, 0x00000000e5560000, 0x00000000e6ab0000)
 concurrent mark-sweep generation total 393216K, used 25220K [0x00000000e8000000, 0x0000000100000000, 0x0000000100000000)
 Metaspace       used 40161K, capacity 41138K, committed 41292K, reserved 1085440K
  class space    used 4587K, capacity 4833K, committed 4940K, reserved 1048576K
}
2017-10-31T08:51:10.876-0700: 15275.106: Total time for which application threads were stopped: 0.0049629 seconds, Stopping threads took: 0.0000223 seconds
2017-10-31T08:51:12.362-0700: 15276.593: Total time for which application threads were stopped: 0.0004219 seconds, Stopping threads took: 0.0001558 seconds
{Heap before GC invocations=341 (full 2):
 par new generation   total 109248K, used 89241K [0x00000000e0000000, 0x00000000e8000000, 0x00000000e8000000)
  eden space 87424K,  99% used [0x00000000e0000000, 0x00000000e5506ca0, 0x00000000e5560000)
  from space 21824K,   9% used [0x00000000e6ab0000, 0x00000000e6ccfa20, 0x00000000e8000000)
  to   space 21824K,   0% used [0x00000000e5560000, 0x00000000e5560000, 0x00000000e6ab0000)
 concurrent mark-sweep generation total 393216K, used 25220K [0x00000000e8000000, 0x0000000100000000, 0x0000000100000000)
 Metaspace       used 40174K, capacity 41138K, committed 41292K, reserved 1085440K
  class space    used 4587K, capacity 4833K, committed 4940K, reserved 1048576K
2017-10-31T08:51:14.085-0700: 15278.316: [GC (Allocation Failure) 2017-10-31T08:51:14.085-0700: 15278.316: [ParNew
Desired survivor size 20112992 bytes, new threshold 8 (max 8)
- age   1:    1695216 bytes,    1695216 total
- age   2:      10008 bytes,    1705224 total
- age   3:       7856 bytes,    1713080 total
- age   4:       9240 bytes,    1722320 total
- age   5:       8976 bytes,    1731296 total
- age   6:       8024 bytes,    1739320 total
- age   7:       7600 bytes,    1746920 total
- age   8:       8672 bytes,    1755592 total
: 89241K->1771K(109248K), 0.0038915 secs] 114462K->27016K(502464K), 0.0039910 secs] [Times: user=0.02 sys=0.00, real=0.00 secs] 
Heap after GC invocations=342 (full 2):
 par new generation   total 109248K, used 1771K [0x00000000e0000000, 0x00000000e8000000, 0x00000000e8000000)
  eden space 87424K,   0% used [0x00000000e0000000, 0x00000000e0000000, 0x00000000e5560000)
  from space 21824K,   8% used [0x00000000e5560000, 0x00000000e571af70, 0x00000000e6ab0000)
  to   space 21824K,   0% used [0x00000000e6ab0000, 0x00000000e6ab0000, 0x00000000e8000000)
 concurrent mark-sweep generation total 393216K, used 25244K [0x00000000e8000000, 0x0000000100000000, 0x0000000100000000)
 Metaspace       used 40174K, capacity 41138K, committed 41292K, reserved 1085440K
  class space    used 4587K, capacity 4833K, committed 4940K, reserved 1048576K
}
2017-10-31T08:51:14.089-0700: 15278.320: Total time for which application threads were stopped: 0.0042917 seconds, Stopping threads took: 0.0000312 seconds
2017-10-31T08:51:14.777-0700: 15279.008: Total time for which application threads were stopped: 0.0002621 seconds, Stopping threads took: 0.0000549 seconds
2017-10-31T08:51:15.778-0700: 15280.008: Total time for which application threads were stopped: 0.0001950 seconds, Stopping threads took: 0.0000386 seconds
2017-10-31T08:51:17.471-0700: 15281.702: Total time for which application threads were stopped: 0.0002628 seconds, Stopping threads took: 0.0000366 seconds
{Heap before GC invocations=342 (full 2):
 par new generation   total 109248K, used 89195K [0x00000000e0000000, 0x00000000e8000000, 0x00000000e8000000)
  eden space 87424K, 100% used [0x00000000e0000000, 0x00000000e5560000, 0x00000000e5560000)
  from space 21824K,   8% used [0x00000000e5560000, 0x00000000e571af70, 0x00000000e6ab0000)
  to   space 21824K,   0% used [0x00000000e6ab0000, 0x00000000e6ab0000, 0x00000000e8000000)
 concurrent mark-sweep generation total 393216K, used 25244K [0x00000000e8000000, 0x0000000100000000, 0x0000000100000000)
 Metaspace       used 40174K, capacity 41138K, committed 41292K, reserved 1085440K
  class space    used 4587K, capacity 4833K, committed 4940K, reserved 1048576K
2017-10-31T08:51:17.482-0700: 15281.713: [GC (Allocation Failure) 2017-10-31T08:51:17.482-0700: 15281.713: [ParNew
Desired survivor size 20112992 bytes, new threshold 8 (max 8)
- age   1:    1786768 bytes,    1786768 total
- age   2:      10816 bytes,    1797584 total
- age   3:       9096 bytes,    1806680 total
- age   4:       7856 bytes,    1814536 total
- age   5:       8952 bytes,    1823488 total
- age   6:       8472 bytes,    1831960 total
- age   7:       8024 bytes,    1839984 total
- age   8:       7600 bytes,    1847584 total
: 89195K->2414K(109248K), 0.0041021 secs] 114440K->27667K(502464K), 0.0041949 secs] [Times: user=0.00 sys=0.00, real=0.00 secs] 
Heap after GC invocations=343 (full 2):
 par new generation   total 109248K, used 2414K [0x00000000e0000000, 0x00000000e8000000, 0x00000000e8000000)
  eden space 87424K,   0% used [0x00000000e0000000, 0x00000000e0000000, 0x00000000e5560000)
  from space 21824K,  11% used [0x00000000e6ab0000, 0x00000000e6d0ba10, 0x00000000e8000000)
  to   space 21824K,   0% used [0x00000000e5560000, 0x00000000e5560000, 0x00000000e6ab0000)
 concurrent mark-sweep generation total 393216K, used 25253K [0x00000000e8000000, 0x0000000100000000, 0x0000000100000000)
 Metaspace       used 40174K, capacity 41138K, committed 41292K, reserved 1085440K
  class space    used 4587K, capacity 4833K, committed 4940K, reserved 1048576K
}
2017-10-31T08:51:17.486-0700: 15281.717: Total time for which application threads were stopped: 0.0044895 seconds, Stopping threads took: 0.0000271 seconds
2017-10-31T08:51:20.149-0700: 15284.380: Total time for which application threads were stopped: 0.0002127 seconds, Stopping threads took: 0.0000332 seconds
{Heap before GC invocations=343 (full 2):
 par new generation   total 109248K, used 89509K [0x00000000e0000000, 0x00000000e8000000, 0x00000000e8000000)
  eden space 87424K,  99% used [0x00000000e0000000, 0x00000000e550dae0, 0x00000000e5560000)
  from space 21824K,  11% used [0x00000000e6ab0000, 0x00000000e6d0ba10, 0x00000000e8000000)
  to   space 21824K,   0% used [0x00000000e5560000, 0x00000000e5560000, 0x00000000e6ab0000)
 concurrent mark-sweep generation total 393216K, used 25253K [0x00000000e8000000, 0x0000000100000000, 0x0000000100000000)
 Metaspace       used 40174K, capacity 41138K, committed 41292K, reserved 1085440K
  class space    used 4587K, capacity 4833K, committed 4940K, reserved 1048576K
2017-10-31T08:51:20.184-0700: 15284.415: [GC (Allocation Failure) 2017-10-31T08:51:20.184-0700: 15284.415: [ParNew
Desired survivor size 20112992 bytes, new threshold 8 (max 8)
- age   1:    1767864 bytes,    1767864 total
- age   2:     234088 bytes,    2001952 total
- age   3:       9552 bytes,    2011504 total
- age   4:       9096 bytes,    2020600 total
- age   5:       7784 bytes,    2028384 total
- age   6:       8376 bytes,    2036760 total
- age   7:       8472 bytes,    2045232 total
- age   8:       8024 bytes,    2053256 total
: 89509K->2218K(109248K), 0.0046432 secs] 114762K->27479K(502464K), 0.0047468 secs] [Times: user=0.00 sys=0.00, real=0.00 secs] 
Heap after GC invocations=344 (full 2):
 par new generation   total 109248K, used 2218K [0x00000000e0000000, 0x00000000e8000000, 0x00000000e8000000)
  eden space 87424K,   0% used [0x00000000e0000000, 0x00000000e0000000, 0x00000000e5560000)
  from space 21824K,  10% used [0x00000000e5560000, 0x00000000e578ab70, 0x00000000e6ab0000)
  to   space 21824K,   0% used [0x00000000e6ab0000, 0x00000000e6ab0000, 0x00000000e8000000)
 concurrent mark-sweep generation total 393216K, used 25260K [0x00000000e8000000, 0x0000000100000000, 0x0000000100000000)
 Metaspace       used 40174K, capacity 41138K, committed 41292K, reserved 1085440K
  class space    used 4587K, capacity 4833K, committed 4940K, reserved 1048576K
}
2017-10-31T08:51:20.189-0700: 15284.420: Total time for which application threads were stopped: 0.0051417 seconds, Stopping threads took: 0.0000386 seconds
2017-10-31T08:51:22.731-0700: 15286.963: Total time for which application threads were stopped: 0.0002411 seconds, Stopping threads took: 0.0000332 seconds
{Heap before GC invocations=344 (full 2):
 par new generation   total 109248K, used 89642K [0x00000000e0000000, 0x00000000e8000000, 0x00000000e8000000)
  eden space 87424K, 100% used [0x00000000e0000000, 0x00000000e5560000, 0x00000000e5560000)
  from space 21824K,  10% used [0x00000000e5560000, 0x00000000e578ab70, 0x00000000e6ab0000)
  to   space 21824K,   0% used [0x00000000e6ab0000, 0x00000000e6ab0000, 0x00000000e8000000)
 concurrent mark-sweep generation total 393216K, used 25260K [0x00000000e8000000, 0x0000000100000000, 0x0000000100000000)
 Metaspace       used 40174K, capacity 41138K, committed 41292K, reserved 1085440K
  class space    used 4587K, capacity 4833K, committed 4940K, reserved 1048576K
2017-10-31T08:51:23.972-0700: 15288.202: [GC (Allocation Failure) 2017-10-31T08:51:23.972-0700: 15288.202: [ParNew
Desired survivor size 20112992 bytes, new threshold 8 (max 8)
- age   1:    1618160 bytes,    1618160 total
- age   2:       9296 bytes,    1627456 total
- age   3:       9872 bytes,    1637328 total
- age   4:       9552 bytes,    1646880 total
- age   5:       8736 bytes,    1655616 total
- age   6:       7136 bytes,    1662752 total
- age   7:       8376 bytes,    1671128 total
- age   8:       8472 bytes,    1679600 total
: 89642K->2478K(109248K), 0.0057729 secs] 114903K->27747K(502464K), 0.0058535 secs] [Times: user=0.00 sys=0.00, real=0.01 secs] 
Heap after GC invocations=345 (full 2):
 par new generation   total 109248K, used 2478K [0x00000000e0000000, 0x00000000e8000000, 0x00000000e8000000)
  eden space 87424K,   0% used [0x00000000e0000000, 0x00000000e0000000, 0x00000000e5560000)
  from space 21824K,  11% used [0x00000000e6ab0000, 0x00000000e6d1bb38, 0x00000000e8000000)
  to   space 21824K,   0% used [0x00000000e5560000, 0x00000000e5560000, 0x00000000e6ab0000)
 concurrent mark-sweep generation total 393216K, used 25268K [0x00000000e8000000, 0x0000000100000000, 0x0000000100000000)
 Metaspace       used 40174K, capacity 41138K, committed 41292K, reserved 1085440K
  class space    used 4587K, capacity 4833K, committed 4940K, reserved 1048576K
}
2017-10-31T08:51:23.978-0700: 15288.208: Total time for which application threads were stopped: 0.0060952 seconds, Stopping threads took: 0.0000223 seconds
2017-10-31T08:51:25.600-0700: 15289.832: Total time for which application threads were stopped: 0.0002404 seconds, Stopping threads took: 0.0000339 seconds
{Heap before GC invocations=345 (full 2):
 par new generation   total 109248K, used 89546K [0x00000000e0000000, 0x00000000e8000000, 0x00000000e8000000)
  eden space 87424K,  99% used [0x00000000e0000000, 0x00000000e5506f88, 0x00000000e5560000)
  from space 21824K,  11% used [0x00000000e6ab0000, 0x00000000e6d1bb38, 0x00000000e8000000)
  to   space 21824K,   0% used [0x00000000e5560000, 0x00000000e5560000, 0x00000000e6ab0000)
 concurrent mark-sweep generation total 393216K, used 25268K [0x00000000e8000000, 0x0000000100000000, 0x0000000100000000)
 Metaspace       used 40174K, capacity 41138K, committed 41292K, reserved 1085440K
  class space    used 4587K, capacity 4833K, committed 4940K, reserved 1048576K
2017-10-31T08:51:27.371-0700: 15291.602: [GC (Allocation Failure) 2017-10-31T08:51:27.371-0700: 15291.602: [ParNew
Desired survivor size 20112992 bytes, new threshold 8 (max 8)
- age   1:    1866256 bytes,    1866256 total
- age   2:      10176 bytes,    1876432 total
- age   3:       8256 bytes,    1884688 total
- age   4:       9872 bytes,    1894560 total
- age   5:       9192 bytes,    1903752 total
- age   6:       8232 bytes,    1911984 total
- age   7:       7136 bytes,    1919120 total
- age   8:       8376 bytes,    1927496 total
: 89546K->2117K(109248K), 0.0079956 secs] 114815K->27394K(502464K), 0.0080877 secs] [Times: user=0.00 sys=0.00, real=0.01 secs] 
Heap after GC invocations=346 (full 2):
 par new generation   total 109248K, used 2117K [0x00000000e0000000, 0x00000000e8000000, 0x00000000e8000000)
  eden space 87424K,   0% used [0x00000000e0000000, 0x00000000e0000000, 0x00000000e5560000)
  from space 21824K,   9% used [0x00000000e5560000, 0x00000000e57717a0, 0x00000000e6ab0000)
  to   space 21824K,   0% used [0x00000000e6ab0000, 0x00000000e6ab0000, 0x00000000e8000000)
 concurrent mark-sweep generation total 393216K, used 25276K [0x00000000e8000000, 0x0000000100000000, 0x0000000100000000)
 Metaspace       used 40174K, capacity 41138K, committed 41292K, reserved 1085440K
  class space    used 4587K, capacity 4833K, committed 4940K, reserved 1048576K
}
2017-10-31T08:51:27.380-0700: 15291.610: Total time for which application threads were stopped: 0.0083742 seconds, Stopping threads took: 0.0000271 seconds
2017-10-31T08:51:28.258-0700: 15292.490: Total time for which application threads were stopped: 0.0003989 seconds, Stopping threads took: 0.0000596 seconds
{Heap before GC invocations=346 (full 2):
 par new generation   total 109248K, used 89541K [0x00000000e0000000, 0x00000000e8000000, 0x00000000e8000000)
  eden space 87424K, 100% used [0x00000000e0000000, 0x00000000e5560000, 0x00000000e5560000)
  from space 21824K,   9% used [0x00000000e5560000, 0x00000000e57717a0, 0x00000000e6ab0000)
  to   space 21824K,   0% used [0x00000000e6ab0000, 0x00000000e6ab0000, 0x00000000e8000000)
 concurrent mark-sweep generation total 393216K, used 25276K [0x00000000e8000000, 0x0000000100000000, 0x0000000100000000)
 Metaspace       used 40174K, capacity 41138K, committed 41292K, reserved 1085440K
  class space    used 4587K, capacity 4833K, committed 4940K, reserved 1048576K
2017-10-31T08:51:30.852-0700: 15295.082: [GC (Allocation Failure) 2017-10-31T08:51:30.852-0700: 15295.082: [ParNew
Desired survivor size 20112992 bytes, new threshold 8 (max 8)
- age   1:    1629504 bytes,    1629504 total
- age   2:      10608 bytes,    1640112 total
- age   3:       9264 bytes,    1649376 total
- age   4:       8256 bytes,    1657632 total
- age   5:       9512 bytes,    1667144 total
- age   6:       8688 bytes,    1675832 total
- age   7:       8232 bytes,    1684064 total
- age   8:       7136 bytes,    1691200 total
: 89541K->2208K(109248K), 0.0038508 secs] 114818K->27493K(502464K), 0.0039612 secs] [Times: user=0.06 sys=0.00, real=0.00 secs] 
Heap after GC invocations=347 (full 2):
 par new generation   total 109248K, used 2208K [0x00000000e0000000, 0x00000000e8000000, 0x00000000e8000000)
  eden space 87424K,   0% used [0x00000000e0000000, 0x00000000e0000000, 0x00000000e5560000)
  from space 21824K,  10% used [0x00000000e6ab0000, 0x00000000e6cd8380, 0x00000000e8000000)
  to   space 21824K,   0% used [0x00000000e5560000, 0x00000000e5560000, 0x00000000e6ab0000)
 concurrent mark-sweep generation total 393216K, used 25284K [0x00000000e8000000, 0x0000000100000000, 0x0000000100000000)
 Metaspace       used 40174K, capacity 41138K, committed 41292K, reserved 1085440K
  class space    used 4587K, capacity 4833K, committed 4940K, reserved 1048576K
}
2017-10-31T08:51:30.856-0700: 15295.086: Total time for which application threads were stopped: 0.0043012 seconds, Stopping threads took: 0.0000332 seconds
2017-10-31T08:51:31.047-0700: 15295.278: Total time for which application threads were stopped: 0.0001910 seconds, Stopping threads took: 0.0000278 seconds
2017-10-31T08:51:33.626-0700: 15297.856: Total time for which application threads were stopped: 0.0002763 seconds, Stopping threads took: 0.0000576 seconds
{Heap before GC invocations=347 (full 2):
 par new generation   total 109248K, used 89632K [0x00000000e0000000, 0x00000000e8000000, 0x00000000e8000000)
  eden space 87424K, 100% used [0x00000000e0000000, 0x00000000e5560000, 0x00000000e5560000)
  from space 21824K,  10% used [0x00000000e6ab0000, 0x00000000e6cd8380, 0x00000000e8000000)
  to   space 21824K,   0% used [0x00000000e5560000, 0x00000000e5560000, 0x00000000e6ab0000)
 concurrent mark-sweep generation total 393216K, used 25284K [0x00000000e8000000, 0x0000000100000000, 0x0000000100000000)
 Metaspace       used 40174K, capacity 41138K, committed 41292K, reserved 1085440K
  class space    used 4587K, capacity 4833K, committed 4940K, reserved 1048576K
2017-10-31T08:51:33.661-0700: 15297.891: [GC (Allocation Failure) 2017-10-31T08:51:33.661-0700: 15297.891: [ParNew
Desired survivor size 20112992 bytes, new threshold 8 (max 8)
- age   1:    2136880 bytes,    2136880 total
- age   2:      76672 bytes,    2213552 total
- age   3:       9696 bytes,    2223248 total
- age   4:       9264 bytes,    2232512 total
- age   5:       7968 bytes,    2240480 total
- age   6:       9080 bytes,    2249560 total
- age   7:       8688 bytes,    2258248 total
- age   8:       8232 bytes,    2266480 total
: 89632K->2406K(109248K), 0.0041502 secs] 114917K->27698K(502464K), 0.0042497 secs] [Times: user=0.00 sys=0.00, real=0.00 secs] 
Heap after GC invocations=348 (full 2):
 par new generation   total 109248K, used 2406K [0x00000000e0000000, 0x00000000e8000000, 0x00000000e8000000)
  eden space 87424K,   0% used [0x00000000e0000000, 0x00000000e0000000, 0x00000000e5560000)
  from space 21824K,  11% used [0x00000000e5560000, 0x00000000e57b9b38, 0x00000000e6ab0000)
  to   space 21824K,   0% used [0x00000000e6ab0000, 0x00000000e6ab0000, 0x00000000e8000000)
 concurrent mark-sweep generation total 393216K, used 25291K [0x00000000e8000000, 0x0000000100000000, 0x0000000100000000)
 Metaspace       used 40174K, capacity 41138K, committed 41292K, reserved 1085440K
  class space    used 4587K, capacity 4833K, committed 4940K, reserved 1048576K
}
2017-10-31T08:51:33.665-0700: 15297.896: Total time for which application threads were stopped: 0.0046222 seconds, Stopping threads took: 0.0000332 seconds
2017-10-31T08:51:36.455-0700: 15300.685: Total time for which application threads were stopped: 0.0002228 seconds, Stopping threads took: 0.0000278 seconds
{Heap before GC invocations=348 (full 2):
 par new generation   total 109248K, used 89830K [0x00000000e0000000, 0x00000000e8000000, 0x00000000e8000000)
  eden space 87424K, 100% used [0x00000000e0000000, 0x00000000e5560000, 0x00000000e5560000)
  from space 21824K,  11% used [0x00000000e5560000, 0x00000000e57b9b38, 0x00000000e6ab0000)
  to   space 21824K,   0% used [0x00000000e6ab0000, 0x00000000e6ab0000, 0x00000000e8000000)
 concurrent mark-sweep generation total 393216K, used 25291K [0x00000000e8000000, 0x0000000100000000, 0x0000000100000000)
 Metaspace       used 40174K, capacity 41138K, committed 41292K, reserved 1085440K
  class space    used 4587K, capacity 4833K, committed 4940K, reserved 1048576K
2017-10-31T08:51:37.650-0700: 15301.881: [GC (Allocation Failure) 2017-10-31T08:51:37.650-0700: 15301.881: [ParNew
Desired survivor size 20112992 bytes, new threshold 8 (max 8)
- age   1:    1423664 bytes,    1423664 total
- age   2:       8624 bytes,    1432288 total
- age   3:       8680 bytes,    1440968 total
- age   4:       9696 bytes,    1450664 total
- age   5:       8688 bytes,    1459352 total
- age   6:       7536 bytes,    1466888 total
- age   7:       9080 bytes,    1475968 total
- age   8:       8688 bytes,    1484656 total
: 89830K->2369K(109248K), 0.0061298 secs] 115122K->27669K(502464K), 0.0062077 secs] [Times: user=0.00 sys=0.00, real=0.01 secs] 
Heap after GC invocations=349 (full 2):
 par new generation   total 109248K, used 2369K [0x00000000e0000000, 0x00000000e8000000, 0x00000000e8000000)
  eden space 87424K,   0% used [0x00000000e0000000, 0x00000000e0000000, 0x00000000e5560000)
  from space 21824K,  10% used [0x00000000e6ab0000, 0x00000000e6d00730, 0x00000000e8000000)
  to   space 21824K,   0% used [0x00000000e5560000, 0x00000000e5560000, 0x00000000e6ab0000)
 concurrent mark-sweep generation total 393216K, used 25299K [0x00000000e8000000, 0x0000000100000000, 0x0000000100000000)
 Metaspace       used 40174K, capacity 41138K, committed 41292K, reserved 1085440K
  class space    used 4587K, capacity 4833K, committed 4940K, reserved 1048576K
}
2017-10-31T08:51:37.656-0700: 15301.887: Total time for which application threads were stopped: 0.0064820 seconds, Stopping threads took: 0.0000312 seconds
2017-10-31T08:51:39.196-0700: 15303.427: Total time for which application threads were stopped: 0.0004951 seconds, Stopping threads took: 0.0000481 seconds
{Heap before GC invocations=349 (full 2):
 par new generation   total 109248K, used 89456K [0x00000000e0000000, 0x00000000e8000000, 0x00000000e8000000)
  eden space 87424K,  99% used [0x00000000e0000000, 0x00000000e550ba70, 0x00000000e5560000)
  from space 21824K,  10% used [0x00000000e6ab0000, 0x00000000e6d00730, 0x00000000e8000000)
  to   space 21824K,   0% used [0x00000000e5560000, 0x00000000e5560000, 0x00000000e6ab0000)
 concurrent mark-sweep generation total 393216K, used 25299K [0x00000000e8000000, 0x0000000100000000, 0x0000000100000000)
 Metaspace       used 40174K, capacity 41138K, committed 41292K, reserved 1085440K
  class space    used 4587K, capacity 4833K, committed 4940K, reserved 1048576K
2017-10-31T08:51:40.808-0700: 15305.039: [GC (Allocation Failure) 2017-10-31T08:51:40.808-0700: 15305.039: [ParNew
Desired survivor size 20112992 bytes, new threshold 8 (max 8)
- age   1:    1619416 bytes,    1619416 total
- age   2:       9936 bytes,    1629352 total
- age   3:       7584 bytes,    1636936 total
- age   4:       8680 bytes,    1645616 total
- age   5:       9264 bytes,    1654880 total
- age   6:       8400 bytes,    1663280 total
- age   7:       7536 bytes,    1670816 total
- age   8:       9080 bytes,    1679896 total
: 89456K->1946K(109248K), 0.0064989 secs] 114756K->27255K(502464K), 0.0065802 secs] [Times: user=0.00 sys=0.00, real=0.01 secs] 
Heap after GC invocations=350 (full 2):
 par new generation   total 109248K, used 1946K [0x00000000e0000000, 0x00000000e8000000, 0x00000000e8000000)
  eden space 87424K,   0% used [0x00000000e0000000, 0x00000000e0000000, 0x00000000e5560000)
  from space 21824K,   8% used [0x00000000e5560000, 0x00000000e5746b80, 0x00000000e6ab0000)
  to   space 21824K,   0% used [0x00000000e6ab0000, 0x00000000e6ab0000, 0x00000000e8000000)
 concurrent mark-sweep generation total 393216K, used 25308K [0x00000000e8000000, 0x0000000100000000, 0x0000000100000000)
 Metaspace       used 40174K, capacity 41138K, committed 41292K, reserved 1085440K
  class space    used 4587K, capacity 4833K, committed 4940K, reserved 1048576K
}
2017-10-31T08:51:40.815-0700: 15305.046: Total time for which application threads were stopped: 0.0068382 seconds, Stopping threads took: 0.0000217 seconds
2017-10-31T08:51:41.990-0700: 15306.221: Total time for which application threads were stopped: 0.0003048 seconds, Stopping threads took: 0.0000386 seconds
{Heap before GC invocations=350 (full 2):
 par new generation   total 109248K, used 89370K [0x00000000e0000000, 0x00000000e8000000, 0x00000000e8000000)
  eden space 87424K, 100% used [0x00000000e0000000, 0x00000000e5560000, 0x00000000e5560000)
  from space 21824K,   8% used [0x00000000e5560000, 0x00000000e5746b80, 0x00000000e6ab0000)
  to   space 21824K,   0% used [0x00000000e6ab0000, 0x00000000e6ab0000, 0x00000000e8000000)
 concurrent mark-sweep generation total 393216K, used 25308K [0x00000000e8000000, 0x0000000100000000, 0x0000000100000000)
 Metaspace       used 40174K, capacity 41138K, committed 41292K, reserved 1085440K
  class space    used 4587K, capacity 4833K, committed 4940K, reserved 1048576K
2017-10-31T08:51:44.542-0700: 15308.773: [GC (Allocation Failure) 2017-10-31T08:51:44.542-0700: 15308.773: [ParNew
Desired survivor size 20112992 bytes, new threshold 8 (max 8)
- age   1:    1825816 bytes,    1825816 total
- age   2:       9568 bytes,    1835384 total
- age   3:       9024 bytes,    1844408 total
- age   4:       7584 bytes,    1851992 total
- age   5:       8320 bytes,    1860312 total
- age   6:       8832 bytes,    1869144 total
- age   7:       8400 bytes,    1877544 total
- age   8:       7536 bytes,    1885080 total
: 89370K->2337K(109248K), 0.0042091 secs] 114679K->27655K(502464K), 0.0043012 secs] [Times: user=0.00 sys=0.00, real=0.00 secs] 
Heap after GC invocations=351 (full 2):
 par new generation   total 109248K, used 2337K [0x00000000e0000000, 0x00000000e8000000, 0x00000000e8000000)
  eden space 87424K,   0% used [0x00000000e0000000, 0x00000000e0000000, 0x00000000e5560000)
  from space 21824K,  10% used [0x00000000e6ab0000, 0x00000000e6cf8798, 0x00000000e8000000)
  to   space 21824K,   0% used [0x00000000e5560000, 0x00000000e5560000, 0x00000000e6ab0000)
 concurrent mark-sweep generation total 393216K, used 25317K [0x00000000e8000000, 0x0000000100000000, 0x0000000100000000)
 Metaspace       used 40174K, capacity 41138K, committed 41292K, reserved 1085440K
  class space    used 4587K, capacity 4833K, committed 4940K, reserved 1048576K
}
2017-10-31T08:51:44.546-0700: 15308.777: Total time for which application threads were stopped: 0.0046507 seconds, Stopping threads took: 0.0000345 seconds
2017-10-31T08:51:44.775-0700: 15309.006: Total time for which application threads were stopped: 0.0002377 seconds, Stopping threads took: 0.0000305 seconds
2017-10-31T08:51:45.776-0700: 15310.006: Total time for which application threads were stopped: 0.0001646 seconds, Stopping threads took: 0.0000332 seconds
2017-10-31T08:51:47.845-0700: 15312.076: Total time for which application threads were stopped: 0.0002526 seconds, Stopping threads took: 0.0000291 seconds
{Heap before GC invocations=351 (full 2):
 par new generation   total 109248K, used 89693K [0x00000000e0000000, 0x00000000e8000000, 0x00000000e8000000)
  eden space 87424K,  99% used [0x00000000e0000000, 0x00000000e554ee58, 0x00000000e5560000)
  from space 21824K,  10% used [0x00000000e6ab0000, 0x00000000e6cf8798, 0x00000000e8000000)
  to   space 21824K,   0% used [0x00000000e5560000, 0x00000000e5560000, 0x00000000e6ab0000)
 concurrent mark-sweep generation total 393216K, used 25317K [0x00000000e8000000, 0x0000000100000000, 0x0000000100000000)
 Metaspace       used 40174K, capacity 41138K, committed 41292K, reserved 1085440K
  class space    used 4587K, capacity 4833K, committed 4940K, reserved 1048576K
2017-10-31T08:51:47.875-0700: 15312.105: [GC (Allocation Failure) 2017-10-31T08:51:47.875-0700: 15312.106: [ParNew
Desired survivor size 20112992 bytes, new threshold 8 (max 8)
- age   1:    2595912 bytes,    2595912 total
- age   2:      10264 bytes,    2606176 total
- age   3:       8656 bytes,    2614832 total
- age   4:       9024 bytes,    2623856 total
- age   5:       7152 bytes,    2631008 total
- age   6:       7888 bytes,    2638896 total
- age   7:       8832 bytes,    2647728 total
- age   8:       8400 bytes,    2656128 total
: 89693K->2722K(109248K), 0.0044204 secs] 115010K->28047K(502464K), 0.0047556 secs] [Times: user=0.00 sys=0.00, real=0.00 secs] 
Heap after GC invocations=352 (full 2):
 par new generation   total 109248K, used 2722K [0x00000000e0000000, 0x00000000e8000000, 0x00000000e8000000)
  eden space 87424K,   0% used [0x00000000e0000000, 0x00000000e0000000, 0x00000000e5560000)
  from space 21824K,  12% used [0x00000000e5560000, 0x00000000e5808a30, 0x00000000e6ab0000)
  to   space 21824K,   0% used [0x00000000e6ab0000, 0x00000000e6ab0000, 0x00000000e8000000)
 concurrent mark-sweep generation total 393216K, used 25324K [0x00000000e8000000, 0x0000000100000000, 0x0000000100000000)
 Metaspace       used 40174K, capacity 41138K, committed 41292K, reserved 1085440K
  class space    used 4587K, capacity 4833K, committed 4940K, reserved 1048576K
}
2017-10-31T08:51:47.879-0700: 15312.110: Total time for which application threads were stopped: 0.0051735 seconds, Stopping threads took: 0.0000528 seconds
2017-10-31T08:51:50.415-0700: 15314.645: Total time for which application threads were stopped: 0.0002221 seconds, Stopping threads took: 0.0000298 seconds
{Heap before GC invocations=352 (full 2):
 par new generation   total 109248K, used 89956K [0x00000000e0000000, 0x00000000e8000000, 0x00000000e8000000)
  eden space 87424K,  99% used [0x00000000e0000000, 0x00000000e5530808, 0x00000000e5560000)
  from space 21824K,  12% used [0x00000000e5560000, 0x00000000e5808a30, 0x00000000e6ab0000)
  to   space 21824K,   0% used [0x00000000e6ab0000, 0x00000000e6ab0000, 0x00000000e8000000)
 concurrent mark-sweep generation total 393216K, used 25324K [0x00000000e8000000, 0x0000000100000000, 0x0000000100000000)
 Metaspace       used 40174K, capacity 41138K, committed 41292K, reserved 1085440K
  class space    used 4587K, capacity 4833K, committed 4940K, reserved 1048576K
2017-10-31T08:51:50.809-0700: 15315.040: [GC (Allocation Failure) 2017-10-31T08:51:50.809-0700: 15315.040: [ParNew
Desired survivor size 20112992 bytes, new threshold 8 (max 8)
- age   1:    1677464 bytes,    1677464 total
- age   2:      78744 bytes,    1756208 total
- age   3:       9096 bytes,    1765304 total
- age   4:       8656 bytes,    1773960 total
- age   5:       8520 bytes,    1782480 total
- age   6:       6864 bytes,    1789344 total
- age   7:       7888 bytes,    1797232 total
- age   8:       8832 bytes,    1806064 total
: 89956K->2976K(109248K), 0.0119833 secs] 115281K->28308K(502464K), 0.0121532 secs] [Times: user=0.00 sys=0.00, real=0.01 secs] 
Heap after GC invocations=353 (full 2):
 par new generation   total 109248K, used 2976K [0x00000000e0000000, 0x00000000e8000000, 0x00000000e8000000)
  eden space 87424K,   0% used [0x00000000e0000000, 0x00000000e0000000, 0x00000000e5560000)
  from space 21824K,  13% used [0x00000000e6ab0000, 0x00000000e6d98030, 0x00000000e8000000)
  to   space 21824K,   0% used [0x00000000e5560000, 0x00000000e5560000, 0x00000000e6ab0000)
 concurrent mark-sweep generation total 393216K, used 25332K [0x00000000e8000000, 0x0000000100000000, 0x0000000100000000)
 Metaspace       used 40174K, capacity 41138K, committed 41292K, reserved 1085440K
  class space    used 4587K, capacity 4833K, committed 4940K, reserved 1048576K
}
2017-10-31T08:51:50.821-0700: 15315.052: Total time for which application threads were stopped: 0.0127005 seconds, Stopping threads took: 0.0000650 seconds
2017-10-31T08:51:53.213-0700: 15317.444: Total time for which application threads were stopped: 0.0002276 seconds, Stopping threads took: 0.0000318 seconds
{Heap before GC invocations=353 (full 2):
 par new generation   total 109248K, used 89931K [0x00000000e0000000, 0x00000000e8000000, 0x00000000e8000000)
  eden space 87424K,  99% used [0x00000000e0000000, 0x00000000e54ead50, 0x00000000e5560000)
  from space 21824K,  13% used [0x00000000e6ab0000, 0x00000000e6d98030, 0x00000000e8000000)
  to   space 21824K,   0% used [0x00000000e5560000, 0x00000000e5560000, 0x00000000e6ab0000)
 concurrent mark-sweep generation total 393216K, used 25332K [0x00000000e8000000, 0x0000000100000000, 0x0000000100000000)
 Metaspace       used 40174K, capacity 41138K, committed 41292K, reserved 1085440K
  class space    used 4587K, capacity 4833K, committed 4940K, reserved 1048576K
2017-10-31T08:51:54.433-0700: 15318.663: [GC (Allocation Failure) 2017-10-31T08:51:54.433-0700: 15318.663: [ParNew
Desired survivor size 20112992 bytes, new threshold 8 (max 8)
- age   1:    1913376 bytes,    1913376 total
- age   2:       8496 bytes,    1921872 total
- age   3:       9280 bytes,    1931152 total
- age   4:       9096 bytes,    1940248 total
- age   5:       8152 bytes,    1948400 total
- age   6:       8232 bytes,    1956632 total
- age   7:       6864 bytes,    1963496 total
- age   8:       7888 bytes,    1971384 total
: 89931K->2398K(109248K), 0.0061819 secs] 115264K->27740K(502464K), 0.0062625 secs] [Times: user=0.00 sys=0.00, real=0.01 secs] 
Heap after GC invocations=354 (full 2):
 par new generation   total 109248K, used 2398K [0x00000000e0000000, 0x00000000e8000000, 0x00000000e8000000)
  eden space 87424K,   0% used [0x00000000e0000000, 0x00000000e0000000, 0x00000000e5560000)
  from space 21824K,  10% used [0x00000000e5560000, 0x00000000e57b7b40, 0x00000000e6ab0000)
  to   space 21824K,   0% used [0x00000000e6ab0000, 0x00000000e6ab0000, 0x00000000e8000000)
 concurrent mark-sweep generation total 393216K, used 25341K [0x00000000e8000000, 0x0000000100000000, 0x0000000100000000)
 Metaspace       used 40174K, capacity 41138K, committed 41292K, reserved 1085440K
  class space    used 4587K, capacity 4833K, committed 4940K, reserved 1048576K
}
2017-10-31T08:51:54.439-0700: 15318.670: Total time for which application threads were stopped: 0.0065118 seconds, Stopping threads took: 0.0000251 seconds
2017-10-31T08:51:55.888-0700: 15320.118: Total time for which application threads were stopped: 0.0002458 seconds, Stopping threads took: 0.0000318 seconds
{Heap before GC invocations=354 (full 2):
 par new generation   total 109248K, used 89670K [0x00000000e0000000, 0x00000000e8000000, 0x00000000e8000000)
  eden space 87424K,  99% used [0x00000000e0000000, 0x00000000e5539d70, 0x00000000e5560000)
  from space 21824K,  10% used [0x00000000e5560000, 0x00000000e57b7b40, 0x00000000e6ab0000)
  to   space 21824K,   0% used [0x00000000e6ab0000, 0x00000000e6ab0000, 0x00000000e8000000)
 concurrent mark-sweep generation total 393216K, used 25341K [0x00000000e8000000, 0x0000000100000000, 0x0000000100000000)
 Metaspace       used 40174K, capacity 41138K, committed 41292K, reserved 1085440K
  class space    used 4587K, capacity 4833K, committed 4940K, reserved 1048576K
2017-10-31T08:51:57.619-0700: 15321.849: [GC (Allocation Failure) 2017-10-31T08:51:57.619-0700: 15321.849: [ParNew
Desired survivor size 20112992 bytes, new threshold 8 (max 8)
- age   1:    1796704 bytes,    1796704 total
- age   2:       9336 bytes,    1806040 total
- age   3:       7584 bytes,    1813624 total
- age   4:       9280 bytes,    1822904 total
- age   5:       8736 bytes,    1831640 total
- age   6:       7792 bytes,    1839432 total
- age   7:       8232 bytes,    1847664 total
- age   8:       6864 bytes,    1854528 total
: 89670K->2085K(109248K), 0.0061785 secs] 115011K->27435K(502464K), 0.0062571 secs] [Times: user=0.06 sys=0.00, real=0.01 secs] 
Heap after GC invocations=355 (full 2):
 par new generation   total 109248K, used 2085K [0x00000000e0000000, 0x00000000e8000000, 0x00000000e8000000)
  eden space 87424K,   0% used [0x00000000e0000000, 0x00000000e0000000, 0x00000000e5560000)
  from space 21824K,   9% used [0x00000000e6ab0000, 0x00000000e6cb97c0, 0x00000000e8000000)
  to   space 21824K,   0% used [0x00000000e5560000, 0x00000000e5560000, 0x00000000e6ab0000)
 concurrent mark-sweep generation total 393216K, used 25349K [0x00000000e8000000, 0x0000000100000000, 0x0000000100000000)
 Metaspace       used 40174K, capacity 41138K, committed 41292K, reserved 1085440K
  class space    used 4587K, capacity 4833K, committed 4940K, reserved 1048576K
}
2017-10-31T08:51:57.625-0700: 15321.856: Total time for which application threads were stopped: 0.0064982 seconds, Stopping threads took: 0.0000230 seconds
2017-10-31T08:51:58.593-0700: 15322.824: Total time for which application threads were stopped: 0.0002662 seconds, Stopping threads took: 0.0000555 seconds
{Heap before GC invocations=355 (full 2):
 par new generation   total 109248K, used 89138K [0x00000000e0000000, 0x00000000e8000000, 0x00000000e8000000)
  eden space 87424K,  99% used [0x00000000e0000000, 0x00000000e5503408, 0x00000000e5560000)
  from space 21824K,   9% used [0x00000000e6ab0000, 0x00000000e6cb97c0, 0x00000000e8000000)
  to   space 21824K,   0% used [0x00000000e5560000, 0x00000000e5560000, 0x00000000e6ab0000)
 concurrent mark-sweep generation total 393216K, used 25349K [0x00000000e8000000, 0x0000000100000000, 0x0000000100000000)
 Metaspace       used 40174K, capacity 41138K, committed 41292K, reserved 1085440K
  class space    used 4587K, capacity 4833K, committed 4940K, reserved 1048576K
2017-10-31T08:52:00.731-0700: 15324.962: [GC (Allocation Failure) 2017-10-31T08:52:00.731-0700: 15324.962: [ParNew
Desired survivor size 20112992 bytes, new threshold 8 (max 8)
- age   1:    1845720 bytes,    1845720 total
- age   2:       9336 bytes,    1855056 total
- age   3:       8424 bytes,    1863480 total
- age   4:       7584 bytes,    1871064 total
- age   5:       8992 bytes,    1880056 total
- age   6:       8304 bytes,    1888360 total
- age   7:       7792 bytes,    1896152 total
- age   8:       8232 bytes,    1904384 total
: 89138K->2394K(109248K), 0.0068470 secs] 114488K->27749K(502464K), 0.0069296 secs] [Times: user=0.00 sys=0.00, real=0.01 secs] 
Heap after GC invocations=356 (full 2):
 par new generation   total 109248K, used 2394K [0x00000000e0000000, 0x00000000e8000000, 0x00000000e8000000)
  eden space 87424K,   0% used [0x00000000e0000000, 0x00000000e0000000, 0x00000000e5560000)
  from space 21824K,  10% used [0x00000000e5560000, 0x00000000e57b6878, 0x00000000e6ab0000)
  to   space 21824K,   0% used [0x00000000e6ab0000, 0x00000000e6ab0000, 0x00000000e8000000)
 concurrent mark-sweep generation total 393216K, used 25355K [0x00000000e8000000, 0x0000000100000000, 0x0000000100000000)
 Metaspace       used 40174K, capacity 41138K, committed 41292K, reserved 1085440K
  class space    used 4587K, capacity 4833K, committed 4940K, reserved 1048576K
}
2017-10-31T08:52:00.738-0700: 15324.969: Total time for which application threads were stopped: 0.0072086 seconds, Stopping threads took: 0.0000271 seconds
2017-10-31T08:52:01.270-0700: 15325.501: Total time for which application threads were stopped: 0.0002282 seconds, Stopping threads took: 0.0000298 seconds
2017-10-31T08:52:04.144-0700: 15328.374: Total time for which application threads were stopped: 0.0003623 seconds, Stopping threads took: 0.0000461 seconds
{Heap before GC invocations=356 (full 2):
 par new generation   total 109248K, used 89599K [0x00000000e0000000, 0x00000000e8000000, 0x00000000e8000000)
  eden space 87424K,  99% used [0x00000000e0000000, 0x00000000e55294d8, 0x00000000e5560000)
  from space 21824K,  10% used [0x00000000e5560000, 0x00000000e57b6878, 0x00000000e6ab0000)
  to   space 21824K,   0% used [0x00000000e6ab0000, 0x00000000e6ab0000, 0x00000000e8000000)
 concurrent mark-sweep generation total 393216K, used 25355K [0x00000000e8000000, 0x0000000100000000, 0x0000000100000000)
 Metaspace       used 40174K, capacity 41138K, committed 41292K, reserved 1085440K
  class space    used 4587K, capacity 4833K, committed 4940K, reserved 1048576K
2017-10-31T08:52:04.177-0700: 15328.407: [GC (Allocation Failure) 2017-10-31T08:52:04.177-0700: 15328.407: [ParNew
Desired survivor size 20112992 bytes, new threshold 8 (max 8)
- age   1:    2761184 bytes,    2761184 total
- age   2:       9416 bytes,    2770600 total
- age   3:       8424 bytes,    2779024 total
- age   4:       8424 bytes,    2787448 total
- age   5:       7368 bytes,    2794816 total
- age   6:       8488 bytes,    2803304 total
- age   7:       8304 bytes,    2811608 total
- age   8:       7792 bytes,    2819400 total
: 89599K->2856K(109248K), 0.0072269 secs] 114955K->28220K(502464K), 0.0073407 secs] [Times: user=0.02 sys=0.00, real=0.01 secs] 
Heap after GC invocations=357 (full 2):
 par new generation   total 109248K, used 2856K [0x00000000e0000000, 0x00000000e8000000, 0x00000000e8000000)
  eden space 87424K,   0% used [0x00000000e0000000, 0x00000000e0000000, 0x00000000e5560000)
  from space 21824K,  13% used [0x00000000e6ab0000, 0x00000000e6d7a250, 0x00000000e8000000)
  to   space 21824K,   0% used [0x00000000e5560000, 0x00000000e5560000, 0x00000000e6ab0000)
 concurrent mark-sweep generation total 393216K, used 25363K [0x00000000e8000000, 0x0000000100000000, 0x0000000100000000)
 Metaspace       used 40174K, capacity 41138K, committed 41292K, reserved 1085440K
  class space    used 4587K, capacity 4833K, committed 4940K, reserved 1048576K
}
2017-10-31T08:52:04.184-0700: 15328.415: Total time for which application threads were stopped: 0.0078547 seconds, Stopping threads took: 0.0001531 seconds
2017-10-31T08:52:06.993-0700: 15331.224: Total time for which application threads were stopped: 0.0002391 seconds, Stopping threads took: 0.0000366 seconds
{Heap before GC invocations=357 (full 2):
 par new generation   total 109248K, used 90268K [0x00000000e0000000, 0x00000000e8000000, 0x00000000e8000000)
  eden space 87424K,  99% used [0x00000000e0000000, 0x00000000e555d148, 0x00000000e5560000)
  from space 21824K,  13% used [0x00000000e6ab0000, 0x00000000e6d7a250, 0x00000000e8000000)
  to   space 21824K,   0% used [0x00000000e5560000, 0x00000000e5560000, 0x00000000e6ab0000)
 concurrent mark-sweep generation total 393216K, used 25363K [0x00000000e8000000, 0x0000000100000000, 0x0000000100000000)
 Metaspace       used 40174K, capacity 41138K, committed 41292K, reserved 1085440K
  class space    used 4587K, capacity 4833K, committed 4940K, reserved 1048576K
2017-10-31T08:52:07.040-0700: 15331.271: [GC (Allocation Failure) 2017-10-31T08:52:07.040-0700: 15331.271: [ParNew
Desired survivor size 20112992 bytes, new threshold 8 (max 8)
- age   1:    2107736 bytes,    2107736 total
- age   2:     508736 bytes,    2616472 total
- age   3:       8504 bytes,    2624976 total
- age   4:       8424 bytes,    2633400 total
- age   5:       8280 bytes,    2641680 total
- age   6:       6864 bytes,    2648544 total
- age   7:       8488 bytes,    2657032 total
- age   8:       8304 bytes,    2665336 total
: 90268K->3797K(109248K), 0.0041949 secs] 115632K->29169K(502464K), 0.0042938 secs] [Times: user=0.06 sys=0.00, real=0.01 secs] 
Heap after GC invocations=358 (full 2):
 par new generation   total 109248K, used 3797K [0x00000000e0000000, 0x00000000e8000000, 0x00000000e8000000)
  eden space 87424K,   0% used [0x00000000e0000000, 0x00000000e0000000, 0x00000000e5560000)
  from space 21824K,  17% used [0x00000000e5560000, 0x00000000e59157c0, 0x00000000e6ab0000)
  to   space 21824K,   0% used [0x00000000e6ab0000, 0x00000000e6ab0000, 0x00000000e8000000)
 concurrent mark-sweep generation total 393216K, used 25371K [0x00000000e8000000, 0x0000000100000000, 0x0000000100000000)
 Metaspace       used 40174K, capacity 41138K, committed 41292K, reserved 1085440K
  class space    used 4587K, capacity 4833K, committed 4940K, reserved 1048576K
}
2017-10-31T08:52:07.045-0700: 15331.275: Total time for which application threads were stopped: 0.0046331 seconds, Stopping threads took: 0.0000406 seconds
2017-10-31T08:52:09.825-0700: 15334.056: Total time for which application threads were stopped: 0.0002391 seconds, Stopping threads took: 0.0000305 seconds
{Heap before GC invocations=358 (full 2):
 par new generation   total 109248K, used 90806K [0x00000000e0000000, 0x00000000e8000000, 0x00000000e8000000)
  eden space 87424K,  99% used [0x00000000e0000000, 0x00000000e54f80f8, 0x00000000e5560000)
  from space 21824K,  17% used [0x00000000e5560000, 0x00000000e59157c0, 0x00000000e6ab0000)
  to   space 21824K,   0% used [0x00000000e6ab0000, 0x00000000e6ab0000, 0x00000000e8000000)
 concurrent mark-sweep generation total 393216K, used 25371K [0x00000000e8000000, 0x0000000100000000, 0x0000000100000000)
 Metaspace       used 40174K, capacity 41138K, committed 41292K, reserved 1085440K
  class space    used 4587K, capacity 4833K, committed 4940K, reserved 1048576K
2017-10-31T08:52:10.808-0700: 15335.038: [GC (Allocation Failure) 2017-10-31T08:52:10.808-0700: 15335.038: [ParNew
Desired survivor size 20112992 bytes, new threshold 8 (max 8)
- age   1:    1926248 bytes,    1926248 total
- age   2:       7976 bytes,    1934224 total
- age   3:       8304 bytes,    1942528 total
- age   4:       8504 bytes,    1951032 total
- age   5:       8064 bytes,    1959096 total
- age   6:       7632 bytes,    1966728 total
- age   7:       6864 bytes,    1973592 total
- age   8:       8488 bytes,    1982080 total
: 90806K->2672K(109248K), 0.0038664 secs] 116177K->28052K(502464K), 0.0039409 secs] [Times: user=0.00 sys=0.00, real=0.00 secs] 
Heap after GC invocations=359 (full 2):
 par new generation   total 109248K, used 2672K [0x00000000e0000000, 0x00000000e8000000, 0x00000000e8000000)
  eden space 87424K,   0% used [0x00000000e0000000, 0x00000000e0000000, 0x00000000e5560000)
  from space 21824K,  12% used [0x00000000e6ab0000, 0x00000000e6d4c358, 0x00000000e8000000)
  to   space 21824K,   0% used [0x00000000e5560000, 0x00000000e5560000, 0x00000000e6ab0000)
 concurrent mark-sweep generation total 393216K, used 25379K [0x00000000e8000000, 0x0000000100000000, 0x0000000100000000)
 Metaspace       used 40174K, capacity 41138K, committed 41292K, reserved 1085440K
  class space    used 4587K, capacity 4833K, committed 4940K, reserved 1048576K
}
2017-10-31T08:52:10.812-0700: 15335.042: Total time for which application threads were stopped: 0.0041813 seconds, Stopping threads took: 0.0000217 seconds
2017-10-31T08:52:12.324-0700: 15336.555: Total time for which application threads were stopped: 0.0002513 seconds, Stopping threads took: 0.0000312 seconds
{Heap before GC invocations=359 (full 2):
 par new generation   total 109248K, used 89646K [0x00000000e0000000, 0x00000000e8000000, 0x00000000e8000000)
  eden space 87424K,  99% used [0x00000000e0000000, 0x00000000e54ef7c0, 0x00000000e5560000)
  from space 21824K,  12% used [0x00000000e6ab0000, 0x00000000e6d4c358, 0x00000000e8000000)
  to   space 21824K,   0% used [0x00000000e5560000, 0x00000000e5560000, 0x00000000e6ab0000)
 concurrent mark-sweep generation total 393216K, used 25379K [0x00000000e8000000, 0x0000000100000000, 0x0000000100000000)
 Metaspace       used 40174K, capacity 41138K, committed 41292K, reserved 1085440K
  class space    used 4587K, capacity 4833K, committed 4940K, reserved 1048576K
2017-10-31T08:52:13.847-0700: 15338.078: [GC (Allocation Failure) 2017-10-31T08:52:13.847-0700: 15338.078: [ParNew
Desired survivor size 20112992 bytes, new threshold 8 (max 8)
- age   1:    1888952 bytes,    1888952 total
- age   2:       9824 bytes,    1898776 total
- age   3:       6936 bytes,    1905712 total
- age   4:       8304 bytes,    1914016 total
- age   5:       8216 bytes,    1922232 total
- age   6:       7632 bytes,    1929864 total
- age   7:       7632 bytes,    1937496 total
- age   8:       6864 bytes,    1944360 total
: 89646K->2280K(109248K), 0.0040818 secs] 115026K->27668K(502464K), 0.0041746 secs] [Times: user=0.00 sys=0.00, real=0.00 secs] 
Heap after GC invocations=360 (full 2):
 par new generation   total 109248K, used 2280K [0x00000000e0000000, 0x00000000e8000000, 0x00000000e8000000)
  eden space 87424K,   0% used [0x00000000e0000000, 0x00000000e0000000, 0x00000000e5560000)
  from space 21824K,  10% used [0x00000000e5560000, 0x00000000e579a1a0, 0x00000000e6ab0000)
  to   space 21824K,   0% used [0x00000000e6ab0000, 0x00000000e6ab0000, 0x00000000e8000000)
 concurrent mark-sweep generation total 393216K, used 25387K [0x00000000e8000000, 0x0000000100000000, 0x0000000100000000)
 Metaspace       used 40174K, capacity 41138K, committed 41292K, reserved 1085440K
  class space    used 4587K, capacity 4833K, committed 4940K, reserved 1048576K
}
2017-10-31T08:52:13.851-0700: 15338.082: Total time for which application threads were stopped: 0.0044136 seconds, Stopping threads took: 0.0000217 seconds
2017-10-31T08:52:15.223-0700: 15339.453: Total time for which application threads were stopped: 0.0001849 seconds, Stopping threads took: 0.0000257 seconds
{Heap before GC invocations=360 (full 2):
 par new generation   total 109248K, used 89547K [0x00000000e0000000, 0x00000000e8000000, 0x00000000e8000000)
  eden space 87424K,  99% used [0x00000000e0000000, 0x00000000e5538d58, 0x00000000e5560000)
  from space 21824K,  10% used [0x00000000e5560000, 0x00000000e579a1a0, 0x00000000e6ab0000)
  to   space 21824K,   0% used [0x00000000e6ab0000, 0x00000000e6ab0000, 0x00000000e8000000)
 concurrent mark-sweep generation total 393216K, used 25387K [0x00000000e8000000, 0x0000000100000000, 0x0000000100000000)
 Metaspace       used 40174K, capacity 41138K, committed 41292K, reserved 1085440K
  class space    used 4587K, capacity 4833K, committed 4940K, reserved 1048576K
2017-10-31T08:52:17.325-0700: 15341.556: [GC (Allocation Failure) 2017-10-31T08:52:17.325-0700: 15341.556: [ParNew
Desired survivor size 20112992 bytes, new threshold 8 (max 8)
- age   1:    2037248 bytes,    2037248 total
- age   2:       9680 bytes,    2046928 total
- age   3:       8856 bytes,    2055784 total
- age   4:       6936 bytes,    2062720 total
- age   5:       8016 bytes,    2070736 total
- age   6:       7712 bytes,    2078448 total
- age   7:       7632 bytes,    2086080 total
- age   8:       7632 bytes,    2093712 total
: 89547K->2353K(109248K), 0.0041590 secs] 114935K->27748K(502464K), 0.0042470 secs] [Times: user=0.00 sys=0.00, real=0.00 secs] 
Heap after GC invocations=361 (full 2):
 par new generation   total 109248K, used 2353K [0x00000000e0000000, 0x00000000e8000000, 0x00000000e8000000)
  eden space 87424K,   0% used [0x00000000e0000000, 0x00000000e0000000, 0x00000000e5560000)
  from space 21824K,  10% used [0x00000000e6ab0000, 0x00000000e6cfc7c8, 0x00000000e8000000)
  to   space 21824K,   0% used [0x00000000e5560000, 0x00000000e5560000, 0x00000000e6ab0000)
 concurrent mark-sweep generation total 393216K, used 25394K [0x00000000e8000000, 0x0000000100000000, 0x0000000100000000)
 Metaspace       used 40174K, capacity 41138K, committed 41292K, reserved 1085440K
  class space    used 4587K, capacity 4833K, committed 4940K, reserved 1048576K
}
2017-10-31T08:52:17.330-0700: 15341.560: Total time for which application threads were stopped: 0.0044983 seconds, Stopping threads took: 0.0000217 seconds
2017-10-31T08:52:18.205-0700: 15342.435: Total time for which application threads were stopped: 0.0003190 seconds, Stopping threads took: 0.0000718 seconds
{Heap before GC invocations=361 (full 2):
 par new generation   total 109248K, used 89351K [0x00000000e0000000, 0x00000000e8000000, 0x00000000e8000000)
  eden space 87424K,  99% used [0x00000000e0000000, 0x00000000e54f5478, 0x00000000e5560000)
  from space 21824K,  10% used [0x00000000e6ab0000, 0x00000000e6cfc7c8, 0x00000000e8000000)
  to   space 21824K,   0% used [0x00000000e5560000, 0x00000000e5560000, 0x00000000e6ab0000)
 concurrent mark-sweep generation total 393216K, used 25394K [0x00000000e8000000, 0x0000000100000000, 0x0000000100000000)
 Metaspace       used 40174K, capacity 41138K, committed 41292K, reserved 1085440K
  class space    used 4587K, capacity 4833K, committed 4940K, reserved 1048576K
2017-10-31T08:52:20.844-0700: 15345.074: [GC (Allocation Failure) 2017-10-31T08:52:20.844-0700: 15345.075: [ParNew
Desired survivor size 20112992 bytes, new threshold 8 (max 8)
- age   1:    1971688 bytes,    1971688 total
- age   2:      10936 bytes,    1982624 total
- age   3:       8768 bytes,    1991392 total
- age   4:       8856 bytes,    2000248 total
- age   5:       6648 bytes,    2006896 total
- age   6:       7512 bytes,    2014408 total
- age   7:       7712 bytes,    2022120 total
- age   8:       7632 bytes,    2029752 total
: 89351K->2442K(109248K), 0.0050550 secs] 114745K->27844K(502464K), 0.0051539 secs] [Times: user=0.00 sys=0.00, real=0.00 secs] 
Heap after GC invocations=362 (full 2):
 par new generation   total 109248K, used 2442K [0x00000000e0000000, 0x00000000e8000000, 0x00000000e8000000)
  eden space 87424K,   0% used [0x00000000e0000000, 0x00000000e0000000, 0x00000000e5560000)
  from space 21824K,  11% used [0x00000000e5560000, 0x00000000e57c2ab8, 0x00000000e6ab0000)
  to   space 21824K,   0% used [0x00000000e6ab0000, 0x00000000e6ab0000, 0x00000000e8000000)
 concurrent mark-sweep generation total 393216K, used 25402K [0x00000000e8000000, 0x0000000100000000, 0x0000000100000000)
 Metaspace       used 40174K, capacity 41138K, committed 41292K, reserved 1085440K
  class space    used 4587K, capacity 4833K, committed 4940K, reserved 1048576K
}
2017-10-31T08:52:20.849-0700: 15345.080: Total time for which application threads were stopped: 0.0054674 seconds, Stopping threads took: 0.0000264 seconds
2017-10-31T08:52:21.124-0700: 15345.354: Total time for which application threads were stopped: 0.0002526 seconds, Stopping threads took: 0.0000393 seconds
2017-10-31T08:52:23.694-0700: 15347.925: Total time for which application threads were stopped: 0.0002993 seconds, Stopping threads took: 0.0000941 seconds
{Heap before GC invocations=362 (full 2):
 par new generation   total 109248K, used 89866K [0x00000000e0000000, 0x00000000e8000000, 0x00000000e8000000)
  eden space 87424K, 100% used [0x00000000e0000000, 0x00000000e5560000, 0x00000000e5560000)
  from space 21824K,  11% used [0x00000000e5560000, 0x00000000e57c2ab8, 0x00000000e6ab0000)
  to   space 21824K,   0% used [0x00000000e6ab0000, 0x00000000e6ab0000, 0x00000000e8000000)
 concurrent mark-sweep generation total 393216K, used 25402K [0x00000000e8000000, 0x0000000100000000, 0x0000000100000000)
 Metaspace       used 40174K, capacity 41138K, committed 41292K, reserved 1085440K
  class space    used 4587K, capacity 4833K, committed 4940K, reserved 1048576K
2017-10-31T08:52:23.727-0700: 15347.958: [GC (Allocation Failure) 2017-10-31T08:52:23.727-0700: 15347.958: [ParNew
Desired survivor size 20112992 bytes, new threshold 8 (max 8)
- age   1:    2575664 bytes,    2575664 total
- age   2:      76656 bytes,    2652320 total
- age   3:      10024 bytes,    2662344 total
- age   4:       8768 bytes,    2671112 total
- age   5:       8568 bytes,    2679680 total
- age   6:       6288 bytes,    2685968 total
- age   7:       7512 bytes,    2693480 total
- age   8:       7712 bytes,    2701192 total
: 89866K->3634K(109248K), 0.0042687 secs] 115268K->29044K(502464K), 0.0043615 secs] [Times: user=0.06 sys=0.00, real=0.00 secs] 
Heap after GC invocations=363 (full 2):
 par new generation   total 109248K, used 3634K [0x00000000e0000000, 0x00000000e8000000, 0x00000000e8000000)
  eden space 87424K,   0% used [0x00000000e0000000, 0x00000000e0000000, 0x00000000e5560000)
  from space 21824K,  16% used [0x00000000e6ab0000, 0x00000000e6e3ca70, 0x00000000e8000000)
  to   space 21824K,   0% used [0x00000000e5560000, 0x00000000e5560000, 0x00000000e6ab0000)
 concurrent mark-sweep generation total 393216K, used 25409K [0x00000000e8000000, 0x0000000100000000, 0x0000000100000000)
 Metaspace       used 40174K, capacity 41138K, committed 41292K, reserved 1085440K
  class space    used 4587K, capacity 4833K, committed 4940K, reserved 1048576K
}
2017-10-31T08:52:23.731-0700: 15347.962: Total time for which application threads were stopped: 0.0046764 seconds, Stopping threads took: 0.0000433 seconds
2017-10-31T08:52:26.610-0700: 15350.840: Total time for which application threads were stopped: 0.0003346 seconds, Stopping threads took: 0.0000562 seconds
{Heap before GC invocations=363 (full 2):
 par new generation   total 109248K, used 90918K [0x00000000e0000000, 0x00000000e8000000, 0x00000000e8000000)
  eden space 87424K,  99% used [0x00000000e0000000, 0x00000000e553d108, 0x00000000e5560000)
  from space 21824K,  16% used [0x00000000e6ab0000, 0x00000000e6e3ca70, 0x00000000e8000000)
  to   space 21824K,   0% used [0x00000000e5560000, 0x00000000e5560000, 0x00000000e6ab0000)
 concurrent mark-sweep generation total 393216K, used 25409K [0x00000000e8000000, 0x0000000100000000, 0x0000000100000000)
 Metaspace       used 40174K, capacity 41138K, committed 41292K, reserved 1085440K
  class space    used 4587K, capacity 4833K, committed 4940K, reserved 1048576K
2017-10-31T08:52:26.695-0700: 15350.926: [GC (Allocation Failure) 2017-10-31T08:52:26.695-0700: 15350.926: [ParNew
Desired survivor size 20112992 bytes, new threshold 8 (max 8)
- age   1:    2241088 bytes,    2241088 total
- age   2:     614400 bytes,    2855488 total
- age   3:       8664 bytes,    2864152 total
- age   4:      10024 bytes,    2874176 total
- age   5:       8480 bytes,    2882656 total
- age   6:       8064 bytes,    2890720 total
- age   7:       6288 bytes,    2897008 total
- age   8:       7512 bytes,    2904520 total
: 90918K->3705K(109248K), 0.0043994 secs] 116328K->29122K(502464K), 0.0044996 secs] [Times: user=0.06 sys=0.00, real=0.01 secs] 
Heap after GC invocations=364 (full 2):
 par new generation   total 109248K, used 3705K [0x00000000e0000000, 0x00000000e8000000, 0x00000000e8000000)
  eden space 87424K,   0% used [0x00000000e0000000, 0x00000000e0000000, 0x00000000e5560000)
  from space 21824K,  16% used [0x00000000e5560000, 0x00000000e58fe680, 0x00000000e6ab0000)
  to   space 21824K,   0% used [0x00000000e6ab0000, 0x00000000e6ab0000, 0x00000000e8000000)
 concurrent mark-sweep generation total 393216K, used 25416K [0x00000000e8000000, 0x0000000100000000, 0x0000000100000000)
 Metaspace       used 40174K, capacity 41138K, committed 41292K, reserved 1085440K
  class space    used 4587K, capacity 4833K, committed 4940K, reserved 1048576K
}
2017-10-31T08:52:26.700-0700: 15350.931: Total time for which application threads were stopped: 0.0048667 seconds, Stopping threads took: 0.0000339 seconds
2017-10-31T08:52:29.307-0700: 15353.537: Total time for which application threads were stopped: 0.0002513 seconds, Stopping threads took: 0.0000318 seconds
{Heap before GC invocations=364 (full 2):
 par new generation   total 109248K, used 91129K [0x00000000e0000000, 0x00000000e8000000, 0x00000000e8000000)
  eden space 87424K, 100% used [0x00000000e0000000, 0x00000000e5560000, 0x00000000e5560000)
  from space 21824K,  16% used [0x00000000e5560000, 0x00000000e58fe680, 0x00000000e6ab0000)
  to   space 21824K,   0% used [0x00000000e6ab0000, 0x00000000e6ab0000, 0x00000000e8000000)
 concurrent mark-sweep generation total 393216K, used 25416K [0x00000000e8000000, 0x0000000100000000, 0x0000000100000000)
 Metaspace       used 40174K, capacity 41138K, committed 41292K, reserved 1085440K
  class space    used 4587K, capacity 4833K, committed 4940K, reserved 1048576K
2017-10-31T08:52:30.455-0700: 15354.686: [GC (Allocation Failure) 2017-10-31T08:52:30.455-0700: 15354.686: [ParNew
Desired survivor size 20112992 bytes, new threshold 8 (max 8)
- age   1:    2034880 bytes,    2034880 total
- age   2:       7808 bytes,    2042688 total
- age   3:       8112 bytes,    2050800 total
- age   4:       8664 bytes,    2059464 total
- age   5:       9664 bytes,    2069128 total
- age   6:       7976 bytes,    2077104 total
- age   7:       8064 bytes,    2085168 total
- age   8:       6288 bytes,    2091456 total
: 91129K->2707K(109248K), 0.0038014 secs] 116546K->28131K(502464K), 0.0039091 secs] [Times: user=0.00 sys=0.00, real=0.00 secs] 
Heap after GC invocations=365 (full 2):
 par new generation   total 109248K, used 2707K [0x00000000e0000000, 0x00000000e8000000, 0x00000000e8000000)
  eden space 87424K,   0% used [0x00000000e0000000, 0x00000000e0000000, 0x00000000e5560000)
  from space 21824K,  12% used [0x00000000e6ab0000, 0x00000000e6d54c30, 0x00000000e8000000)
  to   space 21824K,   0% used [0x00000000e5560000, 0x00000000e5560000, 0x00000000e6ab0000)
 concurrent mark-sweep generation total 393216K, used 25424K [0x00000000e8000000, 0x0000000100000000, 0x0000000100000000)
 Metaspace       used 40174K, capacity 41138K, committed 41292K, reserved 1085440K
  class space    used 4587K, capacity 4833K, committed 4940K, reserved 1048576K
}
2017-10-31T08:52:30.459-0700: 15354.690: Total time for which application threads were stopped: 0.0043791 seconds, Stopping threads took: 0.0000312 seconds
2017-10-31T08:52:32.210-0700: 15356.440: Total time for which application threads were stopped: 0.0002499 seconds, Stopping threads took: 0.0000251 seconds
{Heap before GC invocations=365 (full 2):
 par new generation   total 109248K, used 90131K [0x00000000e0000000, 0x00000000e8000000, 0x00000000e8000000)
  eden space 87424K, 100% used [0x00000000e0000000, 0x00000000e5560000, 0x00000000e5560000)
  from space 21824K,  12% used [0x00000000e6ab0000, 0x00000000e6d54c30, 0x00000000e8000000)
  to   space 21824K,   0% used [0x00000000e5560000, 0x00000000e5560000, 0x00000000e6ab0000)
 concurrent mark-sweep generation total 393216K, used 25424K [0x00000000e8000000, 0x0000000100000000, 0x0000000100000000)
 Metaspace       used 40174K, capacity 41138K, committed 41292K, reserved 1085440K
  class space    used 4587K, capacity 4833K, committed 4940K, reserved 1048576K
2017-10-31T08:52:33.546-0700: 15357.776: [GC (Allocation Failure) 2017-10-31T08:52:33.546-0700: 15357.776: [ParNew
Desired survivor size 20112992 bytes, new threshold 8 (max 8)
- age   1:    1798184 bytes,    1798184 total
- age   2:       9656 bytes,    1807840 total
- age   3:       6768 bytes,    1814608 total
- age   4:       8112 bytes,    1822720 total
- age   5:       8376 bytes,    1831096 total
- age   6:       9232 bytes,    1840328 total
- age   7:       7976 bytes,    1848304 total
- age   8:       8064 bytes,    1856368 total
: 90131K->2360K(109248K), 0.0038224 secs] 115555K->27790K(502464K), 0.0039010 secs] [Times: user=0.00 sys=0.00, real=0.00 secs] 
Heap after GC invocations=366 (full 2):
 par new generation   total 109248K, used 2360K [0x00000000e0000000, 0x00000000e8000000, 0x00000000e8000000)
  eden space 87424K,   0% used [0x00000000e0000000, 0x00000000e0000000, 0x00000000e5560000)
  from space 21824K,  10% used [0x00000000e5560000, 0x00000000e57ae090, 0x00000000e6ab0000)
  to   space 21824K,   0% used [0x00000000e6ab0000, 0x00000000e6ab0000, 0x00000000e8000000)
 concurrent mark-sweep generation total 393216K, used 25430K [0x00000000e8000000, 0x0000000100000000, 0x0000000100000000)
 Metaspace       used 40174K, capacity 41138K, committed 41292K, reserved 1085440K
  class space    used 4587K, capacity 4833K, committed 4940K, reserved 1048576K
}
2017-10-31T08:52:33.550-0700: 15357.780: Total time for which application threads were stopped: 0.0041793 seconds, Stopping threads took: 0.0000230 seconds
2017-10-31T08:52:35.019-0700: 15359.249: Total time for which application threads were stopped: 0.0001944 seconds, Stopping threads took: 0.0000305 seconds
{Heap before GC invocations=366 (full 2):
 par new generation   total 109248K, used 89784K [0x00000000e0000000, 0x00000000e8000000, 0x00000000e8000000)
  eden space 87424K, 100% used [0x00000000e0000000, 0x00000000e5560000, 0x00000000e5560000)
  from space 21824K,  10% used [0x00000000e5560000, 0x00000000e57ae090, 0x00000000e6ab0000)
  to   space 21824K,   0% used [0x00000000e6ab0000, 0x00000000e6ab0000, 0x00000000e8000000)
 concurrent mark-sweep generation total 393216K, used 25430K [0x00000000e8000000, 0x0000000100000000, 0x0000000100000000)
 Metaspace       used 40174K, capacity 41138K, committed 41292K, reserved 1085440K
  class space    used 4587K, capacity 4833K, committed 4940K, reserved 1048576K
2017-10-31T08:52:37.000-0700: 15361.231: [GC (Allocation Failure) 2017-10-31T08:52:37.000-0700: 15361.232: [ParNew
Desired survivor size 20112992 bytes, new threshold 8 (max 8)
- age   1:    1842616 bytes,    1842616 total
- age   2:       8520 bytes,    1851136 total
- age   3:       8488 bytes,    1859624 total
- age   4:       6768 bytes,    1866392 total
- age   5:       7968 bytes,    1874360 total
- age   6:       7872 bytes,    1882232 total
- age   7:       9232 bytes,    1891464 total
- age   8:       7976 bytes,    1899440 total
: 89784K->2281K(109248K), 0.0040493 secs] 115214K->27719K(502464K), 0.0041393 secs] [Times: user=0.00 sys=0.00, real=0.00 secs] 
Heap after GC invocations=367 (full 2):
 par new generation   total 109248K, used 2281K [0x00000000e0000000, 0x00000000e8000000, 0x00000000e8000000)
  eden space 87424K,   0% used [0x00000000e0000000, 0x00000000e0000000, 0x00000000e5560000)
  from space 21824K,  10% used [0x00000000e6ab0000, 0x00000000e6cea5c0, 0x00000000e8000000)
  to   space 21824K,   0% used [0x00000000e5560000, 0x00000000e5560000, 0x00000000e6ab0000)
 concurrent mark-sweep generation total 393216K, used 25438K [0x00000000e8000000, 0x0000000100000000, 0x0000000100000000)
 Metaspace       used 40174K, capacity 41138K, committed 41292K, reserved 1085440K
  class space    used 4587K, capacity 4833K, committed 4940K, reserved 1048576K
}
2017-10-31T08:52:37.005-0700: 15361.236: Total time for which application threads were stopped: 0.0045118 seconds, Stopping threads took: 0.0000230 seconds
2017-10-31T08:52:37.771-0700: 15362.002: Total time for which application threads were stopped: 0.0002364 seconds, Stopping threads took: 0.0000366 seconds
{Heap before GC invocations=367 (full 2):
 par new generation   total 109248K, used 89223K [0x00000000e0000000, 0x00000000e8000000, 0x00000000e8000000)
  eden space 87424K,  99% used [0x00000000e0000000, 0x00000000e54e78b8, 0x00000000e5560000)
  from space 21824K,  10% used [0x00000000e6ab0000, 0x00000000e6cea5c0, 0x00000000e8000000)
  to   space 21824K,   0% used [0x00000000e5560000, 0x00000000e5560000, 0x00000000e6ab0000)
 concurrent mark-sweep generation total 393216K, used 25438K [0x00000000e8000000, 0x0000000100000000, 0x0000000100000000)
 Metaspace       used 40174K, capacity 41138K, committed 41292K, reserved 1085440K
  class space    used 4587K, capacity 4833K, committed 4940K, reserved 1048576K
2017-10-31T08:52:40.191-0700: 15364.422: [GC (Allocation Failure) 2017-10-31T08:52:40.191-0700: 15364.422: [ParNew
Desired survivor size 20112992 bytes, new threshold 8 (max 8)
- age   1:    2136968 bytes,    2136968 total
- age   2:       9456 bytes,    2146424 total
- age   3:       7608 bytes,    2154032 total
- age   4:       8488 bytes,    2162520 total
- age   5:       6552 bytes,    2169072 total
- age   6:       7392 bytes,    2176464 total
- age   7:       7872 bytes,    2184336 total
- age   8:       9232 bytes,    2193568 total
: 89223K->2491K(109248K), 0.0041062 secs] 114661K->27937K(502464K), 0.0042044 secs] [Times: user=0.00 sys=0.00, real=0.00 secs] 
Heap after GC invocations=368 (full 2):
 par new generation   total 109248K, used 2491K [0x00000000e0000000, 0x00000000e8000000, 0x00000000e8000000)
  eden space 87424K,   0% used [0x00000000e0000000, 0x00000000e0000000, 0x00000000e5560000)
  from space 21824K,  11% used [0x00000000e5560000, 0x00000000e57cec98, 0x00000000e6ab0000)
  to   space 21824K,   0% used [0x00000000e6ab0000, 0x00000000e6ab0000, 0x00000000e8000000)
 concurrent mark-sweep generation total 393216K, used 25446K [0x00000000e8000000, 0x0000000100000000, 0x0000000100000000)
 Metaspace       used 40174K, capacity 41138K, committed 41292K, reserved 1085440K
  class space    used 4587K, capacity 4833K, committed 4940K, reserved 1048576K
}
2017-10-31T08:52:40.195-0700: 15364.426: Total time for which application threads were stopped: 0.0045525 seconds, Stopping threads took: 0.0000325 seconds
2017-10-31T08:52:40.718-0700: 15364.949: Total time for which application threads were stopped: 0.0002350 seconds, Stopping threads took: 0.0000298 seconds
2017-10-31T08:52:43.405-0700: 15367.636: Total time for which application threads were stopped: 0.0002587 seconds, Stopping threads took: 0.0000799 seconds
{Heap before GC invocations=368 (full 2):
 par new generation   total 109248K, used 89884K [0x00000000e0000000, 0x00000000e8000000, 0x00000000e8000000)
  eden space 87424K,  99% used [0x00000000e0000000, 0x00000000e55584d8, 0x00000000e5560000)
  from space 21824K,  11% used [0x00000000e5560000, 0x00000000e57cec98, 0x00000000e6ab0000)
  to   space 21824K,   0% used [0x00000000e6ab0000, 0x00000000e6ab0000, 0x00000000e8000000)
 concurrent mark-sweep generation total 393216K, used 25446K [0x00000000e8000000, 0x0000000100000000, 0x0000000100000000)
 Metaspace       used 40174K, capacity 41138K, committed 41292K, reserved 1085440K
  class space    used 4587K, capacity 4833K, committed 4940K, reserved 1048576K
2017-10-31T08:52:43.429-0700: 15367.659: [GC (Allocation Failure) 2017-10-31T08:52:43.429-0700: 15367.659: [ParNew
Desired survivor size 20112992 bytes, new threshold 8 (max 8)
- age   1:    2867344 bytes,    2867344 total
- age   2:       9360 bytes,    2876704 total
- age   3:       8544 bytes,    2885248 total
- age   4:       7608 bytes,    2892856 total
- age   5:       8088 bytes,    2900944 total
- age   6:       6120 bytes,    2907064 total
- age   7:       7392 bytes,    2914456 total
- age   8:       7872 bytes,    2922328 total
: 89884K->3178K(109248K), 0.0054932 secs] 115330K->28633K(502464K), 0.0055724 secs] [Times: user=0.06 sys=0.00, real=0.01 secs] 
Heap after GC invocations=369 (full 2):
 par new generation   total 109248K, used 3178K [0x00000000e0000000, 0x00000000e8000000, 0x00000000e8000000)
  eden space 87424K,   0% used [0x00000000e0000000, 0x00000000e0000000, 0x00000000e5560000)
  from space 21824K,  14% used [0x00000000e6ab0000, 0x00000000e6dcab50, 0x00000000e8000000)
  to   space 21824K,   0% used [0x00000000e5560000, 0x00000000e5560000, 0x00000000e6ab0000)
 concurrent mark-sweep generation total 393216K, used 25455K [0x00000000e8000000, 0x0000000100000000, 0x0000000100000000)
 Metaspace       used 40174K, capacity 41138K, committed 41292K, reserved 1085440K
  class space    used 4587K, capacity 4833K, committed 4940K, reserved 1048576K
}
2017-10-31T08:52:43.434-0700: 15367.665: Total time for which application threads were stopped: 0.0059225 seconds, Stopping threads took: 0.0000413 seconds
2017-10-31T08:52:46.057-0700: 15370.287: Total time for which application threads were stopped: 0.0003325 seconds, Stopping threads took: 0.0001043 seconds
{Heap before GC invocations=369 (full 2):
 par new generation   total 109248K, used 90602K [0x00000000e0000000, 0x00000000e8000000, 0x00000000e8000000)
  eden space 87424K, 100% used [0x00000000e0000000, 0x00000000e5560000, 0x00000000e5560000)
  from space 21824K,  14% used [0x00000000e6ab0000, 0x00000000e6dcab50, 0x00000000e8000000)
  to   space 21824K,   0% used [0x00000000e5560000, 0x00000000e5560000, 0x00000000e6ab0000)
 concurrent mark-sweep generation total 393216K, used 25455K [0x00000000e8000000, 0x0000000100000000, 0x0000000100000000)
 Metaspace       used 40174K, capacity 41138K, committed 41292K, reserved 1085440K
  class space    used 4587K, capacity 4833K, committed 4940K, reserved 1048576K
2017-10-31T08:52:46.105-0700: 15370.336: [GC (Allocation Failure) 2017-10-31T08:52:46.105-0700: 15370.336: [ParNew
Desired survivor size 20112992 bytes, new threshold 8 (max 8)
- age   1:    2455976 bytes,    2455976 total
- age   2:     522680 bytes,    2978656 total
- age   3:       8448 bytes,    2987104 total
- age   4:       8544 bytes,    2995648 total
- age   5:       7392 bytes,    3003040 total
- age   6:       7728 bytes,    3010768 total
- age   7:       6120 bytes,    3016888 total
- age   8:       7392 bytes,    3024280 total
: 90602K->4515K(109248K), 0.0043459 secs] 116057K->29978K(502464K), 0.0044590 secs] [Times: user=0.00 sys=0.00, real=0.00 secs] 
Heap after GC invocations=370 (full 2):
 par new generation   total 109248K, used 4515K [0x00000000e0000000, 0x00000000e8000000, 0x00000000e8000000)
  eden space 87424K,   0% used [0x00000000e0000000, 0x00000000e0000000, 0x00000000e5560000)
  from space 21824K,  20% used [0x00000000e5560000, 0x00000000e59c8d80, 0x00000000e6ab0000)
  to   space 21824K,   0% used [0x00000000e6ab0000, 0x00000000e6ab0000, 0x00000000e8000000)
 concurrent mark-sweep generation total 393216K, used 25462K [0x00000000e8000000, 0x0000000100000000, 0x0000000100000000)
 Metaspace       used 40174K, capacity 41138K, committed 41292K, reserved 1085440K
  class space    used 4587K, capacity 4833K, committed 4940K, reserved 1048576K
}
2017-10-31T08:52:46.110-0700: 15370.340: Total time for which application threads were stopped: 0.0047868 seconds, Stopping threads took: 0.0000264 seconds
2017-10-31T08:52:49.001-0700: 15373.232: Total time for which application threads were stopped: 0.0002668 seconds, Stopping threads took: 0.0000372 seconds
{Heap before GC invocations=370 (full 2):
 par new generation   total 109248K, used 91719K [0x00000000e0000000, 0x00000000e8000000, 0x00000000e8000000)
  eden space 87424K,  99% used [0x00000000e0000000, 0x00000000e5528f68, 0x00000000e5560000)
  from space 21824K,  20% used [0x00000000e5560000, 0x00000000e59c8d80, 0x00000000e6ab0000)
  to   space 21824K,   0% used [0x00000000e6ab0000, 0x00000000e6ab0000, 0x00000000e8000000)
 concurrent mark-sweep generation total 393216K, used 25462K [0x00000000e8000000, 0x0000000100000000, 0x0000000100000000)
 Metaspace       used 40174K, capacity 41138K, committed 41292K, reserved 1085440K
  class space    used 4587K, capacity 4833K, committed 4940K, reserved 1048576K
2017-10-31T08:52:49.093-0700: 15373.324: [GC (Allocation Failure) 2017-10-31T08:52:49.093-0700: 15373.324: [ParNew
Desired survivor size 20112992 bytes, new threshold 8 (max 8)
- age   1:    2432856 bytes,    2432856 total
- age   2:     803656 bytes,    3236512 total
- age   3:       8680 bytes,    3245192 total
- age   4:       8448 bytes,    3253640 total
- age   5:       8328 bytes,    3261968 total
- age   6:       6816 bytes,    3268784 total
- age   7:       7728 bytes,    3276512 total
- age   8:       6120 bytes,    3282632 total
: 91719K->4029K(109248K), 0.0045355 secs] 117182K->29500K(502464K), 0.0046459 secs] [Times: user=0.00 sys=0.00, real=0.01 secs] 
Heap after GC invocations=371 (full 2):
 par new generation   total 109248K, used 4029K [0x00000000e0000000, 0x00000000e8000000, 0x00000000e8000000)
  eden space 87424K,   0% used [0x00000000e0000000, 0x00000000e0000000, 0x00000000e5560000)
  from space 21824K,  18% used [0x00000000e6ab0000, 0x00000000e6e9f7f0, 0x00000000e8000000)
  to   space 21824K,   0% used [0x00000000e5560000, 0x00000000e5560000, 0x00000000e6ab0000)
 concurrent mark-sweep generation total 393216K, used 25470K [0x00000000e8000000, 0x0000000100000000, 0x0000000100000000)
 Metaspace       used 40174K, capacity 41138K, committed 41292K, reserved 1085440K
  class space    used 4587K, capacity 4833K, committed 4940K, reserved 1048576K
}
2017-10-31T08:52:49.098-0700: 15373.329: Total time for which application threads were stopped: 0.0050245 seconds, Stopping threads took: 0.0000339 seconds
2017-10-31T08:53:37.094-0700: 15421.325: Total time for which application threads were stopped: 0.0001693 seconds, Stopping threads took: 0.0000257 seconds
2017-10-31T08:53:51.584-0700: 15435.815: Total time for which application threads were stopped: 0.0002370 seconds, Stopping threads took: 0.0000738 seconds
2017-10-31T08:53:51.584-0700: 15435.815: Total time for which application threads were stopped: 0.0001632 seconds, Stopping threads took: 0.0000406 seconds
2017-10-31T08:53:59.587-0700: 15443.818: Total time for which application threads were stopped: 0.0001273 seconds, Stopping threads took: 0.0000305 seconds
2017-10-31T08:54:55.520-0700: 15499.751: Total time for which application threads were stopped: 0.0005763 seconds, Stopping threads took: 0.0000393 seconds
2017-10-31T08:54:55.528-0700: 15499.758: Total time for which application threads were stopped: 0.0002248 seconds, Stopping threads took: 0.0000379 seconds
2017-10-31T08:54:55.528-0700: 15499.759: Total time for which application threads were stopped: 0.0001747 seconds, Stopping threads took: 0.0000251 seconds
2017-10-31T08:54:55.528-0700: 15499.759: Total time for which application threads were stopped: 0.0001944 seconds, Stopping threads took: 0.0000731 seconds
2017-10-31T08:54:55.528-0700: 15499.759: Total time for which application threads were stopped: 0.0001294 seconds, Stopping threads took: 0.0000494 seconds
2017-10-31T08:54:55.529-0700: 15499.759: Total time for which application threads were stopped: 0.0001842 seconds, Stopping threads took: 0.0000813 seconds
2017-10-31T08:54:55.530-0700: 15499.760: Total time for which application threads were stopped: 0.0002587 seconds, Stopping threads took: 0.0000982 seconds
2017-10-31T08:54:55.530-0700: 15499.761: Total time for which application threads were stopped: 0.0004212 seconds, Stopping threads took: 0.0000908 seconds
2017-10-31T08:54:56.531-0700: 15500.761: Total time for which application threads were stopped: 0.0002885 seconds, Stopping threads took: 0.0000759 seconds
2017-10-31T08:55:00.583-0700: 15504.813: Total time for which application threads were stopped: 0.0001483 seconds, Stopping threads took: 0.0000305 seconds
2017-10-31T08:55:00.583-0700: 15504.813: Total time for which application threads were stopped: 0.0001239 seconds, Stopping threads took: 0.0000217 seconds
2017-10-31T08:55:00.583-0700: 15504.814: Total time for which application threads were stopped: 0.0001084 seconds, Stopping threads took: 0.0000203 seconds
2017-10-31T08:55:00.583-0700: 15504.814: Total time for which application threads were stopped: 0.0001253 seconds, Stopping threads took: 0.0000332 seconds
2017-10-31T08:55:00.583-0700: 15504.814: Total time for which application threads were stopped: 0.0000880 seconds, Stopping threads took: 0.0000156 seconds
2017-10-31T08:55:00.584-0700: 15504.814: Total time for which application threads were stopped: 0.0000928 seconds, Stopping threads took: 0.0000135 seconds
2017-10-31T08:55:00.584-0700: 15504.814: Total time for which application threads were stopped: 0.0000880 seconds, Stopping threads took: 0.0000176 seconds
2017-10-31T08:55:01.585-0700: 15505.815: Total time for which application threads were stopped: 0.0002235 seconds, Stopping threads took: 0.0000596 seconds
2017-10-31T08:56:55.640-0700: 15619.870: Total time for which application threads were stopped: 0.0003942 seconds, Stopping threads took: 0.0000914 seconds
2017-10-31T08:56:56.640-0700: 15620.870: Total time for which application threads were stopped: 0.0001402 seconds, Stopping threads took: 0.0000251 seconds
{Heap before GC invocations=371 (full 2):
 par new generation   total 109248K, used 91127K [0x00000000e0000000, 0x00000000e8000000, 0x00000000e8000000)
  eden space 87424K,  99% used [0x00000000e0000000, 0x00000000e550e6c0, 0x00000000e5560000)
  from space 21824K,  18% used [0x00000000e6ab0000, 0x00000000e6e9f7f0, 0x00000000e8000000)
  to   space 21824K,   0% used [0x00000000e5560000, 0x00000000e5560000, 0x00000000e6ab0000)
 concurrent mark-sweep generation total 393216K, used 25470K [0x00000000e8000000, 0x0000000100000000, 0x0000000100000000)
 Metaspace       used 40245K, capacity 41206K, committed 41548K, reserved 1085440K
  class space    used 4587K, capacity 4833K, committed 4940K, reserved 1048576K
2017-10-31T08:56:57.417-0700: 15621.648: [GC (Allocation Failure) 2017-10-31T08:56:57.417-0700: 15621.648: [ParNew
Desired survivor size 20112992 bytes, new threshold 8 (max 8)
- age   1:    1374968 bytes,    1374968 total
- age   2:       7352 bytes,    1382320 total
- age   3:       7440 bytes,    1389760 total
- age   4:       7888 bytes,    1397648 total
- age   5:       7512 bytes,    1405160 total
- age   6:       7752 bytes,    1412912 total
- age   7:       6816 bytes,    1419728 total
- age   8:       7728 bytes,    1427456 total
: 91127K->2359K(109248K), 0.0071125 secs] 116597K->27835K(502464K), 0.0072107 secs] [Times: user=0.00 sys=0.00, real=0.01 secs] 
Heap after GC invocations=372 (full 2):
 par new generation   total 109248K, used 2359K [0x00000000e0000000, 0x00000000e8000000, 0x00000000e8000000)
  eden space 87424K,   0% used [0x00000000e0000000, 0x00000000e0000000, 0x00000000e5560000)
  from space 21824K,  10% used [0x00000000e5560000, 0x00000000e57ade70, 0x00000000e6ab0000)
  to   space 21824K,   0% used [0x00000000e6ab0000, 0x00000000e6ab0000, 0x00000000e8000000)
 concurrent mark-sweep generation total 393216K, used 25476K [0x00000000e8000000, 0x0000000100000000, 0x0000000100000000)
 Metaspace       used 40245K, capacity 41206K, committed 41548K, reserved 1085440K
  class space    used 4587K, capacity 4833K, committed 4940K, reserved 1048576K
}
2017-10-31T08:56:57.424-0700: 15621.655: Total time for which application threads were stopped: 0.0074850 seconds, Stopping threads took: 0.0000230 seconds
2017-10-31T08:56:58.577-0700: 15622.808: Total time for which application threads were stopped: 0.0001862 seconds, Stopping threads took: 0.0000271 seconds
{Heap before GC invocations=372 (full 2):
 par new generation   total 109248K, used 89756K [0x00000000e0000000, 0x00000000e8000000, 0x00000000e8000000)
  eden space 87424K,  99% used [0x00000000e0000000, 0x00000000e55592e8, 0x00000000e5560000)
  from space 21824K,  10% used [0x00000000e5560000, 0x00000000e57ade70, 0x00000000e6ab0000)
  to   space 21824K,   0% used [0x00000000e6ab0000, 0x00000000e6ab0000, 0x00000000e8000000)
 concurrent mark-sweep generation total 393216K, used 25476K [0x00000000e8000000, 0x0000000100000000, 0x0000000100000000)
 Metaspace       used 40245K, capacity 41206K, committed 41548K, reserved 1085440K
  class space    used 4587K, capacity 4833K, committed 4940K, reserved 1048576K
2017-10-31T08:57:00.584-0700: 15624.814: [GC (Allocation Failure) 2017-10-31T08:57:00.584-0700: 15624.814: [ParNew
Desired survivor size 20112992 bytes, new threshold 8 (max 8)
- age   1:    1396336 bytes,    1396336 total
- age   2:     104256 bytes,    1500592 total
- age   3:       6312 bytes,    1506904 total
- age   4:       7440 bytes,    1514344 total
- age   5:       7888 bytes,    1522232 total
- age   6:       7512 bytes,    1529744 total
- age   7:       7752 bytes,    1537496 total
- age   8:       6816 bytes,    1544312 total
: 89756K->1761K(109248K), 0.0042734 secs] 115232K->27245K(502464K), 0.0043852 secs] [Times: user=0.00 sys=0.02, real=0.00 secs] 
Heap after GC invocations=373 (full 2):
 par new generation   total 109248K, used 1761K [0x00000000e0000000, 0x00000000e8000000, 0x00000000e8000000)
  eden space 87424K,   0% used [0x00000000e0000000, 0x00000000e0000000, 0x00000000e5560000)
  from space 21824K,   8% used [0x00000000e6ab0000, 0x00000000e6c687d0, 0x00000000e8000000)
  to   space 21824K,   0% used [0x00000000e5560000, 0x00000000e5560000, 0x00000000e6ab0000)
 concurrent mark-sweep generation total 393216K, used 25483K [0x00000000e8000000, 0x0000000100000000, 0x0000000100000000)
 Metaspace       used 40245K, capacity 41206K, committed 41548K, reserved 1085440K
  class space    used 4587K, capacity 4833K, committed 4940K, reserved 1048576K
}
2017-10-31T08:57:00.588-0700: 15624.819: Total time for which application threads were stopped: 0.0046852 seconds, Stopping threads took: 0.0000264 seconds
2017-10-31T08:57:01.066-0700: 15625.297: Total time for which application threads were stopped: 0.0002472 seconds, Stopping threads took: 0.0000359 seconds
2017-10-31T08:57:03.499-0700: 15627.730: Total time for which application threads were stopped: 0.0002350 seconds, Stopping threads took: 0.0000318 seconds
{Heap before GC invocations=373 (full 2):
 par new generation   total 109248K, used 88722K [0x00000000e0000000, 0x00000000e8000000, 0x00000000e8000000)
  eden space 87424K,  99% used [0x00000000e0000000, 0x00000000e54ec1b8, 0x00000000e5560000)
  from space 21824K,   8% used [0x00000000e6ab0000, 0x00000000e6c687d0, 0x00000000e8000000)
  to   space 21824K,   0% used [0x00000000e5560000, 0x00000000e5560000, 0x00000000e6ab0000)
 concurrent mark-sweep generation total 393216K, used 25483K [0x00000000e8000000, 0x0000000100000000, 0x0000000100000000)
 Metaspace       used 40245K, capacity 41206K, committed 41548K, reserved 1085440K
  class space    used 4587K, capacity 4833K, committed 4940K, reserved 1048576K
2017-10-31T08:57:03.524-0700: 15627.755: [GC (Allocation Failure) 2017-10-31T08:57:03.524-0700: 15627.755: [ParNew
Desired survivor size 20112992 bytes, new threshold 8 (max 8)
- age   1:    1778680 bytes,    1778680 total
- age   2:      10200 bytes,    1788880 total
- age   3:     103344 bytes,    1892224 total
- age   4:       6312 bytes,    1898536 total
- age   5:       7440 bytes,    1905976 total
- age   6:       7888 bytes,    1913864 total
- age   7:       7512 bytes,    1921376 total
- age   8:       7752 bytes,    1929128 total
: 88722K->2260K(109248K), 0.0046493 secs] 114205K->27751K(502464K), 0.0047286 secs] [Times: user=0.06 sys=0.00, real=0.01 secs] 
Heap after GC invocations=374 (full 2):
 par new generation   total 109248K, used 2260K [0x00000000e0000000, 0x00000000e8000000, 0x00000000e8000000)
  eden space 87424K,   0% used [0x00000000e0000000, 0x00000000e0000000, 0x00000000e5560000)
  from space 21824K,  10% used [0x00000000e5560000, 0x00000000e5795320, 0x00000000e6ab0000)
  to   space 21824K,   0% used [0x00000000e6ab0000, 0x00000000e6ab0000, 0x00000000e8000000)
 concurrent mark-sweep generation total 393216K, used 25490K [0x00000000e8000000, 0x0000000100000000, 0x0000000100000000)
 Metaspace       used 40245K, capacity 41206K, committed 41548K, reserved 1085440K
  class space    used 4587K, capacity 4833K, committed 4940K, reserved 1048576K
}
2017-10-31T08:57:03.529-0700: 15627.760: Total time for which application threads were stopped: 0.0049771 seconds, Stopping threads took: 0.0000278 seconds
2017-10-31T08:57:04.530-0700: 15628.760: Total time for which application threads were stopped: 0.0002364 seconds, Stopping threads took: 0.0000325 seconds
2017-10-31T08:57:05.955-0700: 15630.186: Total time for which application threads were stopped: 0.0003752 seconds, Stopping threads took: 0.0000325 seconds
{Heap before GC invocations=374 (full 2):
 par new generation   total 109248K, used 89229K [0x00000000e0000000, 0x00000000e8000000, 0x00000000e8000000)
  eden space 87424K,  99% used [0x00000000e0000000, 0x00000000e54ee310, 0x00000000e5560000)
  from space 21824K,  10% used [0x00000000e5560000, 0x00000000e5795320, 0x00000000e6ab0000)
  to   space 21824K,   0% used [0x00000000e6ab0000, 0x00000000e6ab0000, 0x00000000e8000000)
 concurrent mark-sweep generation total 393216K, used 25490K [0x00000000e8000000, 0x0000000100000000, 0x0000000100000000)
 Metaspace       used 40245K, capacity 41206K, committed 41548K, reserved 1085440K
  class space    used 4587K, capacity 4833K, committed 4940K, reserved 1048576K
2017-10-31T08:57:07.364-0700: 15631.595: [GC (Allocation Failure) 2017-10-31T08:57:07.364-0700: 15631.595: [ParNew
Desired survivor size 20112992 bytes, new threshold 8 (max 8)
- age   1:    1313784 bytes,    1313784 total
- age   2:       9312 bytes,    1323096 total
- age   3:       9264 bytes,    1332360 total
- age   4:     103344 bytes,    1435704 total
- age   5:       6312 bytes,    1442016 total
- age   6:       7440 bytes,    1449456 total
- age   7:       7888 bytes,    1457344 total
- age   8:       7512 bytes,    1464856 total
: 89229K->1828K(109248K), 0.0053144 secs] 114719K->27325K(502464K), 0.0054282 secs] [Times: user=0.00 sys=0.00, real=0.00 secs] 
Heap after GC invocations=375 (full 2):
 par new generation   total 109248K, used 1828K [0x00000000e0000000, 0x00000000e8000000, 0x00000000e8000000)
  eden space 87424K,   0% used [0x00000000e0000000, 0x00000000e0000000, 0x00000000e5560000)
  from space 21824K,   8% used [0x00000000e6ab0000, 0x00000000e6c79050, 0x00000000e8000000)
  to   space 21824K,   0% used [0x00000000e5560000, 0x00000000e5560000, 0x00000000e6ab0000)
 concurrent mark-sweep generation total 393216K, used 25497K [0x00000000e8000000, 0x0000000100000000, 0x0000000100000000)
 Metaspace       used 40245K, capacity 41206K, committed 41548K, reserved 1085440K
  class space    used 4587K, capacity 4833K, committed 4940K, reserved 1048576K
}
2017-10-31T08:57:07.369-0700: 15631.600: Total time for which application threads were stopped: 0.0058189 seconds, Stopping threads took: 0.0000352 seconds
2017-10-31T08:57:08.895-0700: 15633.126: Total time for which application threads were stopped: 0.0002445 seconds, Stopping threads took: 0.0000372 seconds
{Heap before GC invocations=375 (full 2):
 par new generation   total 109248K, used 89230K [0x00000000e0000000, 0x00000000e8000000, 0x00000000e8000000)
  eden space 87424K,  99% used [0x00000000e0000000, 0x00000000e555aa60, 0x00000000e5560000)
  from space 21824K,   8% used [0x00000000e6ab0000, 0x00000000e6c79050, 0x00000000e8000000)
  to   space 21824K,   0% used [0x00000000e5560000, 0x00000000e5560000, 0x00000000e6ab0000)
 concurrent mark-sweep generation total 393216K, used 25497K [0x00000000e8000000, 0x0000000100000000, 0x0000000100000000)
 Metaspace       used 40245K, capacity 41206K, committed 41548K, reserved 1085440K
  class space    used 4587K, capacity 4833K, committed 4940K, reserved 1048576K
2017-10-31T08:57:10.858-0700: 15635.088: [GC (Allocation Failure) 2017-10-31T08:57:10.858-0700: 15635.088: [ParNew
Desired survivor size 20112992 bytes, new threshold 8 (max 8)
- age   1:    1388704 bytes,    1388704 total
- age   2:      10128 bytes,    1398832 total
- age   3:       8400 bytes,    1407232 total
- age   4:       9264 bytes,    1416496 total
- age   5:     103200 bytes,    1519696 total
- age   6:       6312 bytes,    1526008 total
- age   7:       7440 bytes,    1533448 total
- age   8:       7888 bytes,    1541336 total
: 89230K->1703K(109248K), 0.0042897 secs] 114728K->27209K(502464K), 0.0043798 secs] [Times: user=0.00 sys=0.00, real=0.00 secs] 
Heap after GC invocations=376 (full 2):
 par new generation   total 109248K, used 1703K [0x00000000e0000000, 0x00000000e8000000, 0x00000000e8000000)
  eden space 87424K,   0% used [0x00000000e0000000, 0x00000000e0000000, 0x00000000e5560000)
  from space 21824K,   7% used [0x00000000e5560000, 0x00000000e5709ff0, 0x00000000e6ab0000)
  to   space 21824K,   0% used [0x00000000e6ab0000, 0x00000000e6ab0000, 0x00000000e8000000)
 concurrent mark-sweep generation total 393216K, used 25505K [0x00000000e8000000, 0x0000000100000000, 0x0000000100000000)
 Metaspace       used 40245K, capacity 41206K, committed 41548K, reserved 1085440K
  class space    used 4587K, capacity 4833K, committed 4940K, reserved 1048576K
}
2017-10-31T08:57:10.861-0700: 15635.093: Total time for which application threads were stopped: 0.0046791 seconds, Stopping threads took: 0.0000217 seconds
2017-10-31T08:57:11.699-0700: 15635.930: Total time for which application threads were stopped: 0.0002330 seconds, Stopping threads took: 0.0000339 seconds
2017-10-31T08:57:14.388-0700: 15638.619: Total time for which application threads were stopped: 0.0003725 seconds, Stopping threads took: 0.0001585 seconds
{Heap before GC invocations=376 (full 2):
 par new generation   total 109248K, used 89127K [0x00000000e0000000, 0x00000000e8000000, 0x00000000e8000000)
  eden space 87424K, 100% used [0x00000000e0000000, 0x00000000e5560000, 0x00000000e5560000)
  from space 21824K,   7% used [0x00000000e5560000, 0x00000000e5709ff0, 0x00000000e6ab0000)
  to   space 21824K,   0% used [0x00000000e6ab0000, 0x00000000e6ab0000, 0x00000000e8000000)
 concurrent mark-sweep generation total 393216K, used 25505K [0x00000000e8000000, 0x0000000100000000, 0x0000000100000000)
 Metaspace       used 40245K, capacity 41206K, committed 41548K, reserved 1085440K
  class space    used 4587K, capacity 4833K, committed 4940K, reserved 1048576K
2017-10-31T08:57:14.405-0700: 15638.636: [GC (Allocation Failure) 2017-10-31T08:57:14.405-0700: 15638.636: [ParNew
Desired survivor size 20112992 bytes, new threshold 8 (max 8)
- age   1:    1727592 bytes,    1727592 total
- age   2:      10248 bytes,    1737840 total
- age   3:       9216 bytes,    1747056 total
- age   4:       8400 bytes,    1755456 total
- age   5:       8832 bytes,    1764288 total
- age   6:     102632 bytes,    1866920 total
- age   7:       6312 bytes,    1873232 total
- age   8:       7440 bytes,    1880672 total
: 89127K->2207K(109248K), 0.0060384 secs] 114633K->27719K(502464K), 0.0061894 secs] [Times: user=0.00 sys=0.00, real=0.01 secs] 
Heap after GC invocations=377 (full 2):
 par new generation   total 109248K, used 2207K [0x00000000e0000000, 0x00000000e8000000, 0x00000000e8000000)
  eden space 87424K,   0% used [0x00000000e0000000, 0x00000000e0000000, 0x00000000e5560000)
  from space 21824K,  10% used [0x00000000e6ab0000, 0x00000000e6cd7c78, 0x00000000e8000000)
  to   space 21824K,   0% used [0x00000000e5560000, 0x00000000e5560000, 0x00000000e6ab0000)
 concurrent mark-sweep generation total 393216K, used 25512K [0x00000000e8000000, 0x0000000100000000, 0x0000000100000000)
 Metaspace       used 40245K, capacity 41206K, committed 41548K, reserved 1085440K
  class space    used 4587K, capacity 4833K, committed 4940K, reserved 1048576K
}
2017-10-31T08:57:14.412-0700: 15638.642: Total time for which application threads were stopped: 0.0065829 seconds, Stopping threads took: 0.0000542 seconds
2017-10-31T08:57:17.184-0700: 15641.414: Total time for which application threads were stopped: 0.0002391 seconds, Stopping threads took: 0.0000305 seconds
{Heap before GC invocations=377 (full 2):
 par new generation   total 109248K, used 89403K [0x00000000e0000000, 0x00000000e8000000, 0x00000000e8000000)
  eden space 87424K,  99% used [0x00000000e0000000, 0x00000000e55270d0, 0x00000000e5560000)
  from space 21824K,  10% used [0x00000000e6ab0000, 0x00000000e6cd7c78, 0x00000000e8000000)
  to   space 21824K,   0% used [0x00000000e5560000, 0x00000000e5560000, 0x00000000e6ab0000)
 concurrent mark-sweep generation total 393216K, used 25512K [0x00000000e8000000, 0x0000000100000000, 0x0000000100000000)
 Metaspace       used 40245K, capacity 41206K, committed 41548K, reserved 1085440K
  class space    used 4587K, capacity 4833K, committed 4940K, reserved 1048576K
2017-10-31T08:57:17.845-0700: 15642.076: [GC (Allocation Failure) 2017-10-31T08:57:17.845-0700: 15642.076: [ParNew
Desired survivor size 20112992 bytes, new threshold 8 (max 8)
- age   1:    1269472 bytes,    1269472 total
- age   2:       9696 bytes,    1279168 total
- age   3:       9336 bytes,    1288504 total
- age   4:       9216 bytes,    1297720 total
- age   5:       7824 bytes,    1305544 total
- age   6:       8400 bytes,    1313944 total
- age   7:     102192 bytes,    1416136 total
- age   8:       6312 bytes,    1422448 total
: 89403K->2239K(109248K), 0.0044238 secs] 114916K->27759K(502464K), 0.0045951 secs] [Times: user=0.00 sys=0.00, real=0.00 secs] 
Heap after GC invocations=378 (full 2):
 par new generation   total 109248K, used 2239K [0x00000000e0000000, 0x00000000e8000000, 0x00000000e8000000)
  eden space 87424K,   0% used [0x00000000e0000000, 0x00000000e0000000, 0x00000000e5560000)
  from space 21824K,  10% used [0x00000000e5560000, 0x00000000e578fd70, 0x00000000e6ab0000)
  to   space 21824K,   0% used [0x00000000e6ab0000, 0x00000000e6ab0000, 0x00000000e8000000)
 concurrent mark-sweep generation total 393216K, used 25520K [0x00000000e8000000, 0x0000000100000000, 0x0000000100000000)
 Metaspace       used 40245K, capacity 41206K, committed 41548K, reserved 1085440K
  class space    used 4587K, capacity 4833K, committed 4940K, reserved 1048576K
}
2017-10-31T08:57:17.850-0700: 15642.080: Total time for which application threads were stopped: 0.0049141 seconds, Stopping threads took: 0.0000278 seconds
2017-10-31T08:57:20.089-0700: 15644.320: Total time for which application threads were stopped: 0.0002370 seconds, Stopping threads took: 0.0000515 seconds
2017-10-31T08:57:21.090-0700: 15645.321: Total time for which application threads were stopped: 0.0001680 seconds, Stopping threads took: 0.0000352 seconds
{Heap before GC invocations=378 (full 2):
 par new generation   total 109248K, used 89454K [0x00000000e0000000, 0x00000000e8000000, 0x00000000e8000000)
  eden space 87424K,  99% used [0x00000000e0000000, 0x00000000e552be48, 0x00000000e5560000)
  from space 21824K,  10% used [0x00000000e5560000, 0x00000000e578fd70, 0x00000000e6ab0000)
  to   space 21824K,   0% used [0x00000000e6ab0000, 0x00000000e6ab0000, 0x00000000e8000000)
 concurrent mark-sweep generation total 393216K, used 25520K [0x00000000e8000000, 0x0000000100000000, 0x0000000100000000)
 Metaspace       used 40245K, capacity 41206K, committed 41548K, reserved 1085440K
  class space    used 4587K, capacity 4833K, committed 4940K, reserved 1048576K
2017-10-31T08:57:21.433-0700: 15645.664: [GC (Allocation Failure) 2017-10-31T08:57:21.433-0700: 15645.664: [ParNew
Desired survivor size 20112992 bytes, new threshold 8 (max 8)
- age   1:    1514552 bytes,    1514552 total
- age   2:      10088 bytes,    1524640 total
- age   3:       8656 bytes,    1533296 total
- age   4:       9336 bytes,    1542632 total
- age   5:       8568 bytes,    1551200 total
- age   6:       7608 bytes,    1558808 total
- age   7:       8400 bytes,    1567208 total
- age   8:     102192 bytes,    1669400 total
: 89454K->1717K(109248K), 0.0043940 secs] 114975K->27243K(502464K), 0.0044746 secs] [Times: user=0.00 sys=0.00, real=0.00 secs] 
Heap after GC invocations=379 (full 2):
 par new generation   total 109248K, used 1717K [0x00000000e0000000, 0x00000000e8000000, 0x00000000e8000000)
  eden space 87424K,   0% used [0x00000000e0000000, 0x00000000e0000000, 0x00000000e5560000)
  from space 21824K,   7% used [0x00000000e6ab0000, 0x00000000e6c5d5c0, 0x00000000e8000000)
  to   space 21824K,   0% used [0x00000000e5560000, 0x00000000e5560000, 0x00000000e6ab0000)
 concurrent mark-sweep generation total 393216K, used 25526K [0x00000000e8000000, 0x0000000100000000, 0x0000000100000000)
 Metaspace       used 40245K, capacity 41206K, committed 41548K, reserved 1085440K
  class space    used 4587K, capacity 4833K, committed 4940K, reserved 1048576K
}
2017-10-31T08:57:21.437-0700: 15645.668: Total time for which application threads were stopped: 0.0047177 seconds, Stopping threads took: 0.0000251 seconds
2017-10-31T08:57:22.649-0700: 15646.880: Total time for which application threads were stopped: 0.0002350 seconds, Stopping threads took: 0.0000352 seconds
{Heap before GC invocations=379 (full 2):
 par new generation   total 109248K, used 89019K [0x00000000e0000000, 0x00000000e8000000, 0x00000000e8000000)
  eden space 87424K,  99% used [0x00000000e0000000, 0x00000000e5541828, 0x00000000e5560000)
  from space 21824K,   7% used [0x00000000e6ab0000, 0x00000000e6c5d5c0, 0x00000000e8000000)
  to   space 21824K,   0% used [0x00000000e5560000, 0x00000000e5560000, 0x00000000e6ab0000)
 concurrent mark-sweep generation total 393216K, used 25526K [0x00000000e8000000, 0x0000000100000000, 0x0000000100000000)
 Metaspace       used 40245K, capacity 41206K, committed 41548K, reserved 1085440K
  class space    used 4587K, capacity 4833K, committed 4940K, reserved 1048576K
2017-10-31T08:57:24.853-0700: 15649.083: [GC (Allocation Failure) 2017-10-31T08:57:24.853-0700: 15649.083: [ParNew
Desired survivor size 20112992 bytes, new threshold 8 (max 8)
- age   1:    1652328 bytes,    1652328 total
- age   2:       9960 bytes,    1662288 total
- age   3:       8848 bytes,    1671136 total
- age   4:       8656 bytes,    1679792 total
- age   5:       8760 bytes,    1688552 total
- age   6:       8352 bytes,    1696904 total
- age   7:       7608 bytes,    1704512 total
- age   8:       8400 bytes,    1712912 total
: 89019K->1963K(109248K), 0.0045396 secs] 114545K->27590K(502464K), 0.0047211 secs] [Times: user=0.06 sys=0.00, real=0.00 secs] 
Heap after GC invocations=380 (full 2):
 par new generation   total 109248K, used 1963K [0x00000000e0000000, 0x00000000e8000000, 0x00000000e8000000)
  eden space 87424K,   0% used [0x00000000e0000000, 0x00000000e0000000, 0x00000000e5560000)
  from space 21824K,   8% used [0x00000000e5560000, 0x00000000e574ac70, 0x00000000e6ab0000)
  to   space 21824K,   0% used [0x00000000e6ab0000, 0x00000000e6ab0000, 0x00000000e8000000)
 concurrent mark-sweep generation total 393216K, used 25627K [0x00000000e8000000, 0x0000000100000000, 0x0000000100000000)
 Metaspace       used 40245K, capacity 41206K, committed 41548K, reserved 1085440K
  class space    used 4587K, capacity 4833K, committed 4940K, reserved 1048576K
}
2017-10-31T08:57:24.857-0700: 15649.088: Total time for which application threads were stopped: 0.0050353 seconds, Stopping threads took: 0.0000271 seconds
2017-10-31T08:57:25.357-0700: 15649.588: Total time for which application threads were stopped: 0.0003258 seconds, Stopping threads took: 0.0000406 seconds
2017-10-31T08:57:28.070-0700: 15652.301: Total time for which application threads were stopped: 0.0003603 seconds, Stopping threads took: 0.0000772 seconds
{Heap before GC invocations=380 (full 2):
 par new generation   total 109248K, used 89380K [0x00000000e0000000, 0x00000000e8000000, 0x00000000e8000000)
  eden space 87424K,  99% used [0x00000000e0000000, 0x00000000e555e6c8, 0x00000000e5560000)
  from space 21824K,   8% used [0x00000000e5560000, 0x00000000e574ac70, 0x00000000e6ab0000)
  to   space 21824K,   0% used [0x00000000e6ab0000, 0x00000000e6ab0000, 0x00000000e8000000)
 concurrent mark-sweep generation total 393216K, used 25627K [0x00000000e8000000, 0x0000000100000000, 0x0000000100000000)
 Metaspace       used 40245K, capacity 41206K, committed 41548K, reserved 1085440K
  class space    used 4587K, capacity 4833K, committed 4940K, reserved 1048576K
2017-10-31T08:57:28.108-0700: 15652.338: [GC (Allocation Failure) 2017-10-31T08:57:28.108-0700: 15652.338: [ParNew
Desired survivor size 20112992 bytes, new threshold 8 (max 8)
- age   1:    1868488 bytes,    1868488 total
- age   2:      10504 bytes,    1878992 total
- age   3:       9048 bytes,    1888040 total
- age   4:       8848 bytes,    1896888 total
- age   5:       8152 bytes,    1905040 total
- age   6:       8472 bytes,    1913512 total
- age   7:       8352 bytes,    1921864 total
- age   8:       7608 bytes,    1929472 total
: 89380K->2239K(109248K), 0.0055528 secs] 115008K->27875K(502464K), 0.0057763 secs] [Times: user=0.00 sys=0.00, real=0.01 secs] 
Heap after GC invocations=381 (full 2):
 par new generation   total 109248K, used 2239K [0x00000000e0000000, 0x00000000e8000000, 0x00000000e8000000)
  eden space 87424K,   0% used [0x00000000e0000000, 0x00000000e0000000, 0x00000000e5560000)
  from space 21824K,  10% used [0x00000000e6ab0000, 0x00000000e6cdff28, 0x00000000e8000000)
  to   space 21824K,   0% used [0x00000000e5560000, 0x00000000e5560000, 0x00000000e6ab0000)
 concurrent mark-sweep generation total 393216K, used 25635K [0x00000000e8000000, 0x0000000100000000, 0x0000000100000000)
 Metaspace       used 40245K, capacity 41206K, committed 41548K, reserved 1085440K
  class space    used 4587K, capacity 4833K, committed 4940K, reserved 1048576K
}
2017-10-31T08:57:28.114-0700: 15652.344: Total time for which application threads were stopped: 0.0061494 seconds, Stopping threads took: 0.0000312 seconds
2017-10-31T08:57:31.015-0700: 15655.246: Total time for which application threads were stopped: 0.0003007 seconds, Stopping threads took: 0.0000406 seconds
{Heap before GC invocations=381 (full 2):
 par new generation   total 109248K, used 89645K [0x00000000e0000000, 0x00000000e8000000, 0x00000000e8000000)
  eden space 87424K,  99% used [0x00000000e0000000, 0x00000000e555b760, 0x00000000e5560000)
  from space 21824K,  10% used [0x00000000e6ab0000, 0x00000000e6cdff28, 0x00000000e8000000)
  to   space 21824K,   0% used [0x00000000e5560000, 0x00000000e5560000, 0x00000000e6ab0000)
 concurrent mark-sweep generation total 393216K, used 25635K [0x00000000e8000000, 0x0000000100000000, 0x0000000100000000)
 Metaspace       used 40245K, capacity 41206K, committed 41548K, reserved 1085440K
  class space    used 4587K, capacity 4833K, committed 4940K, reserved 1048576K
2017-10-31T08:57:31.379-0700: 15655.609: [GC (Allocation Failure) 2017-10-31T08:57:31.379-0700: 15655.610: [ParNew
Desired survivor size 20112992 bytes, new threshold 8 (max 8)
- age   1:    1471880 bytes,    1471880 total
- age   2:      11744 bytes,    1483624 total
- age   3:       9240 bytes,    1492864 total
- age   4:       9048 bytes,    1501912 total
- age   5:       8416 bytes,    1510328 total
- age   6:       7864 bytes,    1518192 total
- age   7:       8472 bytes,    1526664 total
- age   8:       8352 bytes,    1535016 total
: 89645K->2516K(109248K), 0.0085435 secs] 115281K->28159K(502464K), 0.0086749 secs] [Times: user=0.05 sys=0.00, real=0.01 secs] 
Heap after GC invocations=382 (full 2):
 par new generation   total 109248K, used 2516K [0x00000000e0000000, 0x00000000e8000000, 0x00000000e8000000)
  eden space 87424K,   0% used [0x00000000e0000000, 0x00000000e0000000, 0x00000000e5560000)
  from space 21824K,  11% used [0x00000000e5560000, 0x00000000e57d5320, 0x00000000e6ab0000)
  to   space 21824K,   0% used [0x00000000e6ab0000, 0x00000000e6ab0000, 0x00000000e8000000)
 concurrent mark-sweep generation total 393216K, used 25643K [0x00000000e8000000, 0x0000000100000000, 0x0000000100000000)
 Metaspace       used 40245K, capacity 41206K, committed 41548K, reserved 1085440K
  class space    used 4587K, capacity 4833K, committed 4940K, reserved 1048576K
}
2017-10-31T08:57:31.387-0700: 15655.618: Total time for which application threads were stopped: 0.0091381 seconds, Stopping threads took: 0.0000352 seconds
2017-10-31T08:57:33.766-0700: 15657.997: Total time for which application threads were stopped: 0.0002093 seconds, Stopping threads took: 0.0000271 seconds
2017-10-31T08:57:34.766-0700: 15658.997: Total time for which application threads were stopped: 0.0001544 seconds, Stopping threads took: 0.0000359 seconds
{Heap before GC invocations=382 (full 2):
 par new generation   total 109248K, used 89507K [0x00000000e0000000, 0x00000000e8000000, 0x00000000e8000000)
  eden space 87424K,  99% used [0x00000000e0000000, 0x00000000e54f39b8, 0x00000000e5560000)
  from space 21824K,  11% used [0x00000000e5560000, 0x00000000e57d5320, 0x00000000e6ab0000)
  to   space 21824K,   0% used [0x00000000e6ab0000, 0x00000000e6ab0000, 0x00000000e8000000)
 concurrent mark-sweep generation total 393216K, used 25643K [0x00000000e8000000, 0x0000000100000000, 0x0000000100000000)
 Metaspace       used 40245K, capacity 41206K, committed 41548K, reserved 1085440K
  class space    used 4587K, capacity 4833K, committed 4940K, reserved 1048576K
2017-10-31T08:57:35.276-0700: 15659.507: [GC (Allocation Failure) 2017-10-31T08:57:35.276-0700: 15659.507: [ParNew
Desired survivor size 20112992 bytes, new threshold 8 (max 8)
- age   1:    1612896 bytes,    1612896 total
- age   2:       9040 bytes,    1621936 total
- age   3:       9664 bytes,    1631600 total
- age   4:       9240 bytes,    1640840 total
- age   5:       8496 bytes,    1649336 total
- age   6:       8056 bytes,    1657392 total
- age   7:       7864 bytes,    1665256 total
- age   8:       8472 bytes,    1673728 total
: 89507K->1929K(109248K), 0.0056083 secs] 115150K->27580K(502464K), 0.0057390 secs] [Times: user=0.00 sys=0.00, real=0.01 secs] 
Heap after GC invocations=383 (full 2):
 par new generation   total 109248K, used 1929K [0x00000000e0000000, 0x00000000e8000000, 0x00000000e8000000)
  eden space 87424K,   0% used [0x00000000e0000000, 0x00000000e0000000, 0x00000000e5560000)
  from space 21824K,   8% used [0x00000000e6ab0000, 0x00000000e6c92508, 0x00000000e8000000)
  to   space 21824K,   0% used [0x00000000e5560000, 0x00000000e5560000, 0x00000000e6ab0000)
 concurrent mark-sweep generation total 393216K, used 25651K [0x00000000e8000000, 0x0000000100000000, 0x0000000100000000)
 Metaspace       used 40245K, capacity 41206K, committed 41548K, reserved 1085440K
  class space    used 4587K, capacity 4833K, committed 4940K, reserved 1048576K
}
2017-10-31T08:57:35.282-0700: 15659.512: Total time for which application threads were stopped: 0.0059869 seconds, Stopping threads took: 0.0000217 seconds
2017-10-31T08:57:36.638-0700: 15660.868: Total time for which application threads were stopped: 0.0004084 seconds, Stopping threads took: 0.0000752 seconds
{Heap before GC invocations=383 (full 2):
 par new generation   total 109248K, used 89139K [0x00000000e0000000, 0x00000000e8000000, 0x00000000e8000000)
  eden space 87424K,  99% used [0x00000000e0000000, 0x00000000e552a838, 0x00000000e5560000)
  from space 21824K,   8% used [0x00000000e6ab0000, 0x00000000e6c92508, 0x00000000e8000000)
  to   space 21824K,   0% used [0x00000000e5560000, 0x00000000e5560000, 0x00000000e6ab0000)
 concurrent mark-sweep generation total 393216K, used 25651K [0x00000000e8000000, 0x0000000100000000, 0x0000000100000000)
 Metaspace       used 40245K, capacity 41206K, committed 41548K, reserved 1085440K
  class space    used 4587K, capacity 4833K, committed 4940K, reserved 1048576K
2017-10-31T08:57:38.917-0700: 15663.148: [GC (Allocation Failure) 2017-10-31T08:57:38.917-0700: 15663.148: [ParNew
Desired survivor size 20112992 bytes, new threshold 8 (max 8)
- age   1:    1762088 bytes,    1762088 total
- age   2:      10464 bytes,    1772552 total
- age   3:       8128 bytes,    1780680 total
- age   4:       9664 bytes,    1790344 total
- age   5:       8664 bytes,    1799008 total
- age   6:       8184 bytes,    1807192 total
- age   7:       8056 bytes,    1815248 total
- age   8:       7864 bytes,    1823112 total
: 89139K->2286K(109248K), 0.0041184 secs] 114790K->27945K(502464K), 0.0042138 secs] [Times: user=0.00 sys=0.00, real=0.00 secs] 
Heap after GC invocations=384 (full 2):
 par new generation   total 109248K, used 2286K [0x00000000e0000000, 0x00000000e8000000, 0x00000000e8000000)
  eden space 87424K,   0% used [0x00000000e0000000, 0x00000000e0000000, 0x00000000e5560000)
  from space 21824K,  10% used [0x00000000e5560000, 0x00000000e579b908, 0x00000000e6ab0000)
  to   space 21824K,   0% used [0x00000000e6ab0000, 0x00000000e6ab0000, 0x00000000e8000000)
 concurrent mark-sweep generation total 393216K, used 25659K [0x00000000e8000000, 0x0000000100000000, 0x0000000100000000)
 Metaspace       used 40245K, capacity 41206K, committed 41548K, reserved 1085440K
  class space    used 4587K, capacity 4833K, committed 4940K, reserved 1048576K
}
2017-10-31T08:57:38.922-0700: 15663.152: Total time for which application threads were stopped: 0.0044651 seconds, Stopping threads took: 0.0000237 seconds
2017-10-31T08:57:39.576-0700: 15663.806: Total time for which application threads were stopped: 0.0006542 seconds, Stopping threads took: 0.0001158 seconds
2017-10-31T08:57:42.260-0700: 15666.491: Total time for which application threads were stopped: 0.0002567 seconds, Stopping threads took: 0.0000332 seconds
{Heap before GC invocations=384 (full 2):
 par new generation   total 109248K, used 89604K [0x00000000e0000000, 0x00000000e8000000, 0x00000000e8000000)
  eden space 87424K,  99% used [0x00000000e0000000, 0x00000000e5545758, 0x00000000e5560000)
  from space 21824K,  10% used [0x00000000e5560000, 0x00000000e579b908, 0x00000000e6ab0000)
  to   space 21824K,   0% used [0x00000000e6ab0000, 0x00000000e6ab0000, 0x00000000e8000000)
 concurrent mark-sweep generation total 393216K, used 25659K [0x00000000e8000000, 0x0000000100000000, 0x0000000100000000)
 Metaspace       used 40245K, capacity 41206K, committed 41548K, reserved 1085440K
  class space    used 4587K, capacity 4833K, committed 4940K, reserved 1048576K
2017-10-31T08:57:42.287-0700: 15666.518: [GC (Allocation Failure) 2017-10-31T08:57:42.287-0700: 15666.518: [ParNew
Desired survivor size 20112992 bytes, new threshold 8 (max 8)
- age   1:    2399160 bytes,    2399160 total
- age   2:      10032 bytes,    2409192 total
- age   3:       9552 bytes,    2418744 total
- age   4:       8128 bytes,    2426872 total
- age   5:       9088 bytes,    2435960 total
- age   6:       8376 bytes,    2444336 total
- age   7:       8184 bytes,    2452520 total
- age   8:       8056 bytes,    2460576 total
: 89604K->2851K(109248K), 0.0042362 secs] 115263K->28518K(502464K), 0.0043344 secs] [Times: user=0.02 sys=0.00, real=0.00 secs] 
Heap after GC invocations=385 (full 2):
 par new generation   total 109248K, used 2851K [0x00000000e0000000, 0x00000000e8000000, 0x00000000e8000000)
  eden space 87424K,   0% used [0x00000000e0000000, 0x00000000e0000000, 0x00000000e5560000)
  from space 21824K,  13% used [0x00000000e6ab0000, 0x00000000e6d78e00, 0x00000000e8000000)
  to   space 21824K,   0% used [0x00000000e5560000, 0x00000000e5560000, 0x00000000e6ab0000)
 concurrent mark-sweep generation total 393216K, used 25667K [0x00000000e8000000, 0x0000000100000000, 0x0000000100000000)
 Metaspace       used 40245K, capacity 41206K, committed 41548K, reserved 1085440K
  class space    used 4587K, capacity 4833K, committed 4940K, reserved 1048576K
}
2017-10-31T08:57:42.292-0700: 15666.522: Total time for which application threads were stopped: 0.0047726 seconds, Stopping threads took: 0.0001226 seconds
2017-10-31T08:57:45.157-0700: 15669.388: Total time for which application threads were stopped: 0.0001991 seconds, Stopping threads took: 0.0000257 seconds
{Heap before GC invocations=385 (full 2):
 par new generation   total 109248K, used 89880K [0x00000000e0000000, 0x00000000e8000000, 0x00000000e8000000)
  eden space 87424K,  99% used [0x00000000e0000000, 0x00000000e54fd5b8, 0x00000000e5560000)
  from space 21824K,  13% used [0x00000000e6ab0000, 0x00000000e6d78e00, 0x00000000e8000000)
  to   space 21824K,   0% used [0x00000000e5560000, 0x00000000e5560000, 0x00000000e6ab0000)
 concurrent mark-sweep generation total 393216K, used 25667K [0x00000000e8000000, 0x0000000100000000, 0x0000000100000000)
 Metaspace       used 40245K, capacity 41206K, committed 41548K, reserved 1085440K
  class space    used 4587K, capacity 4833K, committed 4940K, reserved 1048576K
2017-10-31T08:57:45.455-0700: 15669.685: [GC (Allocation Failure) 2017-10-31T08:57:45.455-0700: 15669.685: [ParNew
Desired survivor size 20112992 bytes, new threshold 8 (max 8)
- age   1:    1682768 bytes,    1682768 total
- age   2:      77648 bytes,    1760416 total
- age   3:       9120 bytes,    1769536 total
- age   4:       9552 bytes,    1779088 total
- age   5:       7624 bytes,    1786712 total
- age   6:       8944 bytes,    1795656 total
- age   7:       8376 bytes,    1804032 total
- age   8:       8184 bytes,    1812216 total
: 89880K->2671K(109248K), 0.0053421 secs] 115548K->28346K(502464K), 0.0054221 secs] [Times: user=0.00 sys=0.00, real=0.01 secs] 
Heap after GC invocations=386 (full 2):
 par new generation   total 109248K, used 2671K [0x00000000e0000000, 0x00000000e8000000, 0x00000000e8000000)
  eden space 87424K,   0% used [0x00000000e0000000, 0x00000000e0000000, 0x00000000e5560000)
  from space 21824K,  12% used [0x00000000e5560000, 0x00000000e57fbcf0, 0x00000000e6ab0000)
  to   space 21824K,   0% used [0x00000000e6ab0000, 0x00000000e6ab0000, 0x00000000e8000000)
 concurrent mark-sweep generation total 393216K, used 25675K [0x00000000e8000000, 0x0000000100000000, 0x0000000100000000)
 Metaspace       used 40245K, capacity 41206K, committed 41548K, reserved 1085440K
  class space    used 4587K, capacity 4833K, committed 4940K, reserved 1048576K
}
2017-10-31T08:57:45.460-0700: 15669.691: Total time for which application threads were stopped: 0.0056869 seconds, Stopping threads took: 0.0000223 seconds
2017-10-31T08:57:47.723-0700: 15671.954: Total time for which application threads were stopped: 0.0002397 seconds, Stopping threads took: 0.0000372 seconds
{Heap before GC invocations=386 (full 2):
 par new generation   total 109248K, used 90095K [0x00000000e0000000, 0x00000000e8000000, 0x00000000e8000000)
  eden space 87424K, 100% used [0x00000000e0000000, 0x00000000e5560000, 0x00000000e5560000)
  from space 21824K,  12% used [0x00000000e5560000, 0x00000000e57fbcf0, 0x00000000e6ab0000)
  to   space 21824K,   0% used [0x00000000e6ab0000, 0x00000000e6ab0000, 0x00000000e8000000)
 concurrent mark-sweep generation total 393216K, used 25675K [0x00000000e8000000, 0x0000000100000000, 0x0000000100000000)
 Metaspace       used 40245K, capacity 41206K, committed 41548K, reserved 1085440K
  class space    used 4587K, capacity 4833K, committed 4940K, reserved 1048576K
2017-10-31T08:57:49.050-0700: 15673.281: [GC (Allocation Failure) 2017-10-31T08:57:49.050-0700: 15673.281: [ParNew
Desired survivor size 20112992 bytes, new threshold 8 (max 8)
- age   1:    1618776 bytes,    1618776 total
- age   2:       8864 bytes,    1627640 total
- age   3:       8184 bytes,    1635824 total
- age   4:       9120 bytes,    1644944 total
- age   5:       8976 bytes,    1653920 total
- age   6:       7336 bytes,    1661256 total
- age   7:       8944 bytes,    1670200 total
- age   8:       8376 bytes,    1678576 total
: 90095K->2289K(109248K), 0.0038007 secs] 115770K->27972K(502464K), 0.0038894 secs] [Times: user=0.00 sys=0.00, real=0.00 secs] 
Heap after GC invocations=387 (full 2):
 par new generation   total 109248K, used 2289K [0x00000000e0000000, 0x00000000e8000000, 0x00000000e8000000)
  eden space 87424K,   0% used [0x00000000e0000000, 0x00000000e0000000, 0x00000000e5560000)
  from space 21824K,  10% used [0x00000000e6ab0000, 0x00000000e6cec508, 0x00000000e8000000)
  to   space 21824K,   0% used [0x00000000e5560000, 0x00000000e5560000, 0x00000000e6ab0000)
 concurrent mark-sweep generation total 393216K, used 25683K [0x00000000e8000000, 0x0000000100000000, 0x0000000100000000)
 Metaspace       used 40245K, capacity 41206K, committed 41548K, reserved 1085440K
  class space    used 4587K, capacity 4833K, committed 4940K, reserved 1048576K
}
2017-10-31T08:57:49.054-0700: 15673.285: Total time for which application threads were stopped: 0.0041793 seconds, Stopping threads took: 0.0000244 seconds
2017-10-31T08:57:50.701-0700: 15674.932: Total time for which application threads were stopped: 0.0002120 seconds, Stopping threads took: 0.0000284 seconds
{Heap before GC invocations=387 (full 2):
 par new generation   total 109248K, used 89302K [0x00000000e0000000, 0x00000000e8000000, 0x00000000e8000000)
  eden space 87424K,  99% used [0x00000000e0000000, 0x00000000e54f9540, 0x00000000e5560000)
  from space 21824K,  10% used [0x00000000e6ab0000, 0x00000000e6cec508, 0x00000000e8000000)
  to   space 21824K,   0% used [0x00000000e5560000, 0x00000000e5560000, 0x00000000e6ab0000)
 concurrent mark-sweep generation total 393216K, used 25683K [0x00000000e8000000, 0x0000000100000000, 0x0000000100000000)
 Metaspace       used 40245K, capacity 41206K, committed 41548K, reserved 1085440K
  class space    used 4587K, capacity 4833K, committed 4940K, reserved 1048576K
2017-10-31T08:57:52.599-0700: 15676.829: [GC (Allocation Failure) 2017-10-31T08:57:52.599-0700: 15676.829: [ParNew
Desired survivor size 20112992 bytes, new threshold 8 (max 8)
- age   1:    1645808 bytes,    1645808 total
- age   2:      10320 bytes,    1656128 total
- age   3:       7952 bytes,    1664080 total
- age   4:       8184 bytes,    1672264 total
- age   5:       8688 bytes,    1680952 total
- age   6:       8688 bytes,    1689640 total
- age   7:       7336 bytes,    1696976 total
- age   8:       8944 bytes,    1705920 total
: 89302K->2053K(109248K), 0.0041278 secs] 114985K->27744K(502464K), 0.0042138 secs] [Times: user=0.00 sys=0.00, real=0.00 secs] 
Heap after GC invocations=388 (full 2):
 par new generation   total 109248K, used 2053K [0x00000000e0000000, 0x00000000e8000000, 0x00000000e8000000)
  eden space 87424K,   0% used [0x00000000e0000000, 0x00000000e0000000, 0x00000000e5560000)
  from space 21824K,   9% used [0x00000000e5560000, 0x00000000e5761688, 0x00000000e6ab0000)
  to   space 21824K,   0% used [0x00000000e6ab0000, 0x00000000e6ab0000, 0x00000000e8000000)
 concurrent mark-sweep generation total 393216K, used 25691K [0x00000000e8000000, 0x0000000100000000, 0x0000000100000000)
 Metaspace       used 40245K, capacity 41206K, committed 41548K, reserved 1085440K
  class space    used 4587K, capacity 4833K, committed 4940K, reserved 1048576K
}
2017-10-31T08:57:52.603-0700: 15676.834: Total time for which application threads were stopped: 0.0044590 seconds, Stopping threads took: 0.0000223 seconds
2017-10-31T08:57:53.357-0700: 15677.588: Total time for which application threads were stopped: 0.0002289 seconds, Stopping threads took: 0.0000271 seconds
2017-10-31T08:57:56.458-0700: 15680.689: Total time for which application threads were stopped: 0.0002242 seconds, Stopping threads took: 0.0000284 seconds
{Heap before GC invocations=388 (full 2):
 par new generation   total 109248K, used 89477K [0x00000000e0000000, 0x00000000e8000000, 0x00000000e8000000)
  eden space 87424K, 100% used [0x00000000e0000000, 0x00000000e5560000, 0x00000000e5560000)
  from space 21824K,   9% used [0x00000000e5560000, 0x00000000e5761688, 0x00000000e6ab0000)
  to   space 21824K,   0% used [0x00000000e6ab0000, 0x00000000e6ab0000, 0x00000000e8000000)
 concurrent mark-sweep generation total 393216K, used 25691K [0x00000000e8000000, 0x0000000100000000, 0x0000000100000000)
 Metaspace       used 40245K, capacity 41206K, committed 41548K, reserved 1085440K
  class space    used 4587K, capacity 4833K, committed 4940K, reserved 1048576K
2017-10-31T08:57:56.458-0700: 15680.689: [GC (Allocation Failure) 2017-10-31T08:57:56.458-0700: 15680.689: [ParNew
Desired survivor size 20112992 bytes, new threshold 8 (max 8)
- age   1:    1560432 bytes,    1560432 total
- age   2:       9576 bytes,    1570008 total
- age   3:       9408 bytes,    1579416 total
- age   4:       7952 bytes,    1587368 total
- age   5:       7680 bytes,    1595048 total
- age   6:       8256 bytes,    1603304 total
- age   7:       8688 bytes,    1611992 total
- age   8:       7336 bytes,    1619328 total
: 89477K->1757K(109248K), 0.0042220 secs] 115168K->27456K(502464K), 0.0043053 secs] [Times: user=0.00 sys=0.00, real=0.01 secs] 
Heap after GC invocations=389 (full 2):
 par new generation   total 109248K, used 1757K [0x00000000e0000000, 0x00000000e8000000, 0x00000000e8000000)
  eden space 87424K,   0% used [0x00000000e0000000, 0x00000000e0000000, 0x00000000e5560000)
  from space 21824K,   8% used [0x00000000e6ab0000, 0x00000000e6c67700, 0x00000000e8000000)
  to   space 21824K,   0% used [0x00000000e5560000, 0x00000000e5560000, 0x00000000e6ab0000)
 concurrent mark-sweep generation total 393216K, used 25698K [0x00000000e8000000, 0x0000000100000000, 0x0000000100000000)
 Metaspace       used 40245K, capacity 41206K, committed 41548K, reserved 1085440K
  class space    used 4587K, capacity 4833K, committed 4940K, reserved 1048576K
}
2017-10-31T08:57:56.463-0700: 15680.694: Total time for which application threads were stopped: 0.0045633 seconds, Stopping threads took: 0.0000203 seconds
2017-10-31T08:57:59.203-0700: 15683.434: Total time for which application threads were stopped: 0.0002377 seconds, Stopping threads took: 0.0000332 seconds
{Heap before GC invocations=389 (full 2):
 par new generation   total 109248K, used 89170K [0x00000000e0000000, 0x00000000e8000000, 0x00000000e8000000)
  eden space 87424K,  99% used [0x00000000e0000000, 0x00000000e555d138, 0x00000000e5560000)
  from space 21824K,   8% used [0x00000000e6ab0000, 0x00000000e6c67700, 0x00000000e8000000)
  to   space 21824K,   0% used [0x00000000e5560000, 0x00000000e5560000, 0x00000000e6ab0000)
 concurrent mark-sweep generation total 393216K, used 25698K [0x00000000e8000000, 0x0000000100000000, 0x0000000100000000)
 Metaspace       used 40245K, capacity 41206K, committed 41548K, reserved 1085440K
  class space    used 4587K, capacity 4833K, committed 4940K, reserved 1048576K
2017-10-31T08:57:59.245-0700: 15683.475: [GC (Allocation Failure) 2017-10-31T08:57:59.245-0700: 15683.475: [ParNew
Desired survivor size 20112992 bytes, new threshold 8 (max 8)
- age   1:    2279616 bytes,    2279616 total
- age   2:      78576 bytes,    2358192 total
- age   3:       8664 bytes,    2366856 total
- age   4:       9408 bytes,    2376264 total
- age   5:       7520 bytes,    2383784 total
- age   6:       7392 bytes,    2391176 total
- age   7:       8256 bytes,    2399432 total
- age   8:       8688 bytes,    2408120 total
: 89170K->2953K(109248K), 0.0041068 secs] 114868K->28659K(502464K), 0.0042213 secs] [Times: user=0.00 sys=0.00, real=0.00 secs] 
Heap after GC invocations=390 (full 2):
 par new generation   total 109248K, used 2953K [0x00000000e0000000, 0x00000000e8000000, 0x00000000e8000000)
  eden space 87424K,   0% used [0x00000000e0000000, 0x00000000e0000000, 0x00000000e5560000)
  from space 21824K,  13% used [0x00000000e5560000, 0x00000000e5842680, 0x00000000e6ab0000)
  to   space 21824K,   0% used [0x00000000e6ab0000, 0x00000000e6ab0000, 0x00000000e8000000)
 concurrent mark-sweep generation total 393216K, used 25705K [0x00000000e8000000, 0x0000000100000000, 0x0000000100000000)
 Metaspace       used 40245K, capacity 41206K, committed 41548K, reserved 1085440K
  class space    used 4587K, capacity 4833K, committed 4940K, reserved 1048576K
}
2017-10-31T08:57:59.249-0700: 15683.480: Total time for which application threads were stopped: 0.0045620 seconds, Stopping threads took: 0.0000291 seconds
2017-10-31T08:58:01.977-0700: 15686.208: Total time for which application threads were stopped: 0.0002303 seconds, Stopping threads took: 0.0000318 seconds
{Heap before GC invocations=390 (full 2):
 par new generation   total 109248K, used 90170K [0x00000000e0000000, 0x00000000e8000000, 0x00000000e8000000)
  eden space 87424K,  99% used [0x00000000e0000000, 0x00000000e552c518, 0x00000000e5560000)
  from space 21824K,  13% used [0x00000000e5560000, 0x00000000e5842680, 0x00000000e6ab0000)
  to   space 21824K,   0% used [0x00000000e6ab0000, 0x00000000e6ab0000, 0x00000000e8000000)
 concurrent mark-sweep generation total 393216K, used 25705K [0x00000000e8000000, 0x0000000100000000, 0x0000000100000000)
 Metaspace       used 40245K, capacity 41206K, committed 41548K, reserved 1085440K
  class space    used 4587K, capacity 4833K, committed 4940K, reserved 1048576K
2017-10-31T08:58:02.957-0700: 15687.187: [GC (Allocation Failure) 2017-10-31T08:58:02.957-0700: 15687.187: [ParNew
Desired survivor size 20112992 bytes, new threshold 8 (max 8)
- age   1:    1800560 bytes,    1800560 total
- age   2:       9520 bytes,    1810080 total
- age   3:       9384 bytes,    1819464 total
- age   4:       8664 bytes,    1828128 total
- age   5:       8856 bytes,    1836984 total
- age   6:       7232 bytes,    1844216 total
- age   7:       7392 bytes,    1851608 total
- age   8:       8256 bytes,    1859864 total
: 90170K->2447K(109248K), 0.0061379 secs] 115876K->28161K(502464K), 0.0062199 secs] [Times: user=0.00 sys=0.00, real=0.01 secs] 
Heap after GC invocations=391 (full 2):
 par new generation   total 109248K, used 2447K [0x00000000e0000000, 0x00000000e8000000, 0x00000000e8000000)
  eden space 87424K,   0% used [0x00000000e0000000, 0x00000000e0000000, 0x00000000e5560000)
  from space 21824K,  11% used [0x00000000e6ab0000, 0x00000000e6d13f48, 0x00000000e8000000)
  to   space 21824K,   0% used [0x00000000e5560000, 0x00000000e5560000, 0x00000000e6ab0000)
 concurrent mark-sweep generation total 393216K, used 25713K [0x00000000e8000000, 0x0000000100000000, 0x0000000100000000)
 Metaspace       used 40245K, capacity 41206K, committed 41548K, reserved 1085440K
  class space    used 4587K, capacity 4833K, committed 4940K, reserved 1048576K
}
2017-10-31T08:58:02.963-0700: 15687.194: Total time for which application threads were stopped: 0.0064792 seconds, Stopping threads took: 0.0000217 seconds
2017-10-31T08:58:04.638-0700: 15688.868: Total time for which application threads were stopped: 0.0008080 seconds, Stopping threads took: 0.0005906 seconds
2017-10-31T08:58:05.638-0700: 15689.869: Total time for which application threads were stopped: 0.0001300 seconds, Stopping threads took: 0.0000264 seconds
{Heap before GC invocations=391 (full 2):
 par new generation   total 109248K, used 89484K [0x00000000e0000000, 0x00000000e8000000, 0x00000000e8000000)
  eden space 87424K,  99% used [0x00000000e0000000, 0x00000000e54ff148, 0x00000000e5560000)
  from space 21824K,  11% used [0x00000000e6ab0000, 0x00000000e6d13f48, 0x00000000e8000000)
  to   space 21824K,   0% used [0x00000000e5560000, 0x00000000e5560000, 0x00000000e6ab0000)
 concurrent mark-sweep generation total 393216K, used 25713K [0x00000000e8000000, 0x0000000100000000, 0x0000000100000000)
 Metaspace       used 40245K, capacity 41206K, committed 41548K, reserved 1085440K
  class space    used 4587K, capacity 4833K, committed 4940K, reserved 1048576K
2017-10-31T08:58:06.348-0700: 15690.579: [GC (Allocation Failure) 2017-10-31T08:58:06.348-0700: 15690.579: [ParNew
Desired survivor size 20112992 bytes, new threshold 8 (max 8)
- age   1:    1802120 bytes,    1802120 total
- age   2:       9312 bytes,    1811432 total
- age   3:       8480 bytes,    1819912 total
- age   4:       9384 bytes,    1829296 total
- age   5:       8160 bytes,    1837456 total
- age   6:       8616 bytes,    1846072 total
- age   7:       7232 bytes,    1853304 total
- age   8:       7392 bytes,    1860696 total
: 89484K->2035K(109248K), 0.0042342 secs] 115198K->27757K(502464K), 0.0043209 secs] [Times: user=0.00 sys=0.00, real=0.00 secs] 
Heap after GC invocations=392 (full 2):
 par new generation   total 109248K, used 2035K [0x00000000e0000000, 0x00000000e8000000, 0x00000000e8000000)
  eden space 87424K,   0% used [0x00000000e0000000, 0x00000000e0000000, 0x00000000e5560000)
  from space 21824K,   9% used [0x00000000e5560000, 0x00000000e575cda0, 0x00000000e6ab0000)
  to   space 21824K,   0% used [0x00000000e6ab0000, 0x00000000e6ab0000, 0x00000000e8000000)
 concurrent mark-sweep generation total 393216K, used 25722K [0x00000000e8000000, 0x0000000100000000, 0x0000000100000000)
 Metaspace       used 40245K, capacity 41206K, committed 41548K, reserved 1085440K
  class space    used 4587K, capacity 4833K, committed 4940K, reserved 1048576K
}
2017-10-31T08:58:06.352-0700: 15690.583: Total time for which application threads were stopped: 0.0046236 seconds, Stopping threads took: 0.0000318 seconds
2017-10-31T08:58:07.690-0700: 15691.921: Total time for which application threads were stopped: 0.0001910 seconds, Stopping threads took: 0.0000278 seconds
2017-10-31T08:58:08.691-0700: 15692.921: Total time for which application threads were stopped: 0.0001700 seconds, Stopping threads took: 0.0000366 seconds
{Heap before GC invocations=392 (full 2):
 par new generation   total 109248K, used 89043K [0x00000000e0000000, 0x00000000e8000000, 0x00000000e8000000)
  eden space 87424K,  99% used [0x00000000e0000000, 0x00000000e54f8060, 0x00000000e5560000)
  from space 21824K,   9% used [0x00000000e5560000, 0x00000000e575cda0, 0x00000000e6ab0000)
  to   space 21824K,   0% used [0x00000000e6ab0000, 0x00000000e6ab0000, 0x00000000e8000000)
 concurrent mark-sweep generation total 393216K, used 25722K [0x00000000e8000000, 0x0000000100000000, 0x0000000100000000)
 Metaspace       used 40245K, capacity 41206K, committed 41548K, reserved 1085440K
  class space    used 4587K, capacity 4833K, committed 4940K, reserved 1048576K
2017-10-31T08:58:09.653-0700: 15693.884: [GC (Allocation Failure) 2017-10-31T08:58:09.653-0700: 15693.884: [ParNew
Desired survivor size 20112992 bytes, new threshold 8 (max 8)
- age   1:    1836144 bytes,    1836144 total
- age   2:       9336 bytes,    1845480 total
- age   3:       8376 bytes,    1853856 total
- age   4:       8480 bytes,    1862336 total
- age   5:       9024 bytes,    1871360 total
- age   6:       7800 bytes,    1879160 total
- age   7:       8616 bytes,    1887776 total
- age   8:       7232 bytes,    1895008 total
: 89043K->2505K(109248K), 0.0046405 secs] 114765K->28235K(502464K), 0.0047848 secs] [Times: user=0.00 sys=0.00, real=0.00 secs] 
Heap after GC invocations=393 (full 2):
 par new generation   total 109248K, used 2505K [0x00000000e0000000, 0x00000000e8000000, 0x00000000e8000000)
  eden space 87424K,   0% used [0x00000000e0000000, 0x00000000e0000000, 0x00000000e5560000)
  from space 21824K,  11% used [0x00000000e6ab0000, 0x00000000e6d226f8, 0x00000000e8000000)
  to   space 21824K,   0% used [0x00000000e5560000, 0x00000000e5560000, 0x00000000e6ab0000)
 concurrent mark-sweep generation total 393216K, used 25729K [0x00000000e8000000, 0x0000000100000000, 0x0000000100000000)
 Metaspace       used 40245K, capacity 41206K, committed 41548K, reserved 1085440K
  class space    used 4587K, capacity 4833K, committed 4940K, reserved 1048576K
}
2017-10-31T08:58:09.658-0700: 15693.889: Total time for which application threads were stopped: 0.0051315 seconds, Stopping threads took: 0.0000318 seconds
2017-10-31T08:58:10.428-0700: 15694.659: Total time for which application threads were stopped: 0.0002526 seconds, Stopping threads took: 0.0000332 seconds
2017-10-31T08:58:11.429-0700: 15695.659: Total time for which application threads were stopped: 0.0001646 seconds, Stopping threads took: 0.0000345 seconds
{Heap before GC invocations=393 (full 2):
 par new generation   total 109248K, used 89929K [0x00000000e0000000, 0x00000000e8000000, 0x00000000e8000000)
  eden space 87424K, 100% used [0x00000000e0000000, 0x00000000e5560000, 0x00000000e5560000)
  from space 21824K,  11% used [0x00000000e6ab0000, 0x00000000e6d226f8, 0x00000000e8000000)
  to   space 21824K,   0% used [0x00000000e5560000, 0x00000000e5560000, 0x00000000e6ab0000)
 concurrent mark-sweep generation total 393216K, used 25729K [0x00000000e8000000, 0x0000000100000000, 0x0000000100000000)
 Metaspace       used 40245K, capacity 41206K, committed 41548K, reserved 1085440K
  class space    used 4587K, capacity 4833K, committed 4940K, reserved 1048576K
2017-10-31T08:58:13.188-0700: 15697.418: [GC (Allocation Failure) 2017-10-31T08:58:13.188-0700: 15697.418: [ParNew
Desired survivor size 20112992 bytes, new threshold 8 (max 8)
- age   1:    1850376 bytes,    1850376 total
- age   2:       9528 bytes,    1859904 total
- age   3:       8424 bytes,    1868328 total
- age   4:       8376 bytes,    1876704 total
- age   5:       8120 bytes,    1884824 total
- age   6:       8592 bytes,    1893416 total
- age   7:       7800 bytes,    1901216 total
- age   8:       8616 bytes,    1909832 total
: 89929K->2494K(109248K), 0.0044130 secs] 115659K->28230K(502464K), 0.0045173 secs] [Times: user=0.00 sys=0.00, real=0.00 secs] 
Heap after GC invocations=394 (full 2):
 par new generation   total 109248K, used 2494K [0x00000000e0000000, 0x00000000e8000000, 0x00000000e8000000)
  eden space 87424K,   0% used [0x00000000e0000000, 0x00000000e0000000, 0x00000000e5560000)
  from space 21824K,  11% used [0x00000000e5560000, 0x00000000e57cf890, 0x00000000e6ab0000)
  to   space 21824K,   0% used [0x00000000e6ab0000, 0x00000000e6ab0000, 0x00000000e8000000)
 concurrent mark-sweep generation total 393216K, used 25736K [0x00000000e8000000, 0x0000000100000000, 0x0000000100000000)
 Metaspace       used 40245K, capacity 41206K, committed 41548K, reserved 1085440K
  class space    used 4587K, capacity 4833K, committed 4940K, reserved 1048576K
}
2017-10-31T08:58:13.192-0700: 15697.423: Total time for which application threads were stopped: 0.0048417 seconds, Stopping threads took: 0.0000217 seconds
2017-10-31T08:58:13.474-0700: 15697.704: Total time for which application threads were stopped: 0.0012231 seconds, Stopping threads took: 0.0009116 seconds
2017-10-31T08:58:16.207-0700: 15700.437: Total time for which application threads were stopped: 0.0003908 seconds, Stopping threads took: 0.0000718 seconds
{Heap before GC invocations=394 (full 2):
 par new generation   total 109248K, used 89918K [0x00000000e0000000, 0x00000000e8000000, 0x00000000e8000000)
  eden space 87424K, 100% used [0x00000000e0000000, 0x00000000e5560000, 0x00000000e5560000)
  from space 21824K,  11% used [0x00000000e5560000, 0x00000000e57cf890, 0x00000000e6ab0000)
  to   space 21824K,   0% used [0x00000000e6ab0000, 0x00000000e6ab0000, 0x00000000e8000000)
 concurrent mark-sweep generation total 393216K, used 25736K [0x00000000e8000000, 0x0000000100000000, 0x0000000100000000)
 Metaspace       used 40245K, capacity 41206K, committed 41548K, reserved 1085440K
  class space    used 4587K, capacity 4833K, committed 4940K, reserved 1048576K
2017-10-31T08:58:16.280-0700: 15700.511: [GC (Allocation Failure) 2017-10-31T08:58:16.280-0700: 15700.511: [ParNew
Desired survivor size 20112992 bytes, new threshold 8 (max 8)
- age   1:    2441880 bytes,    2441880 total
- age   2:      76400 bytes,    2518280 total
- age   3:       8616 bytes,    2526896 total
- age   4:       8424 bytes,    2535320 total
- age   5:       7944 bytes,    2543264 total
- age   6:       7760 bytes,    2551024 total
- age   7:       8592 bytes,    2559616 total
- age   8:       7800 bytes,    2567416 total
: 89918K->2774K(109248K), 0.0075330 secs] 115654K->28519K(502464K), 0.0077105 secs] [Times: user=0.00 sys=0.00, real=0.01 secs] 
Heap after GC invocations=395 (full 2):
 par new generation   total 109248K, used 2774K [0x00000000e0000000, 0x00000000e8000000, 0x00000000e8000000)
  eden space 87424K,   0% used [0x00000000e0000000, 0x00000000e0000000, 0x00000000e5560000)
  from space 21824K,  12% used [0x00000000e6ab0000, 0x00000000e6d659c0, 0x00000000e8000000)
  to   space 21824K,   0% used [0x00000000e5560000, 0x00000000e5560000, 0x00000000e6ab0000)
 concurrent mark-sweep generation total 393216K, used 25744K [0x00000000e8000000, 0x0000000100000000, 0x0000000100000000)
 Metaspace       used 40245K, capacity 41206K, committed 41548K, reserved 1085440K
  class space    used 4587K, capacity 4833K, committed 4940K, reserved 1048576K
}
2017-10-31T08:58:16.287-0700: 15700.518: Total time for which application threads were stopped: 0.0082712 seconds, Stopping threads took: 0.0000643 seconds
2017-10-31T08:58:18.920-0700: 15703.151: Total time for which application threads were stopped: 0.0002127 seconds, Stopping threads took: 0.0000325 seconds
{Heap before GC invocations=395 (full 2):
 par new generation   total 109248K, used 90129K [0x00000000e0000000, 0x00000000e8000000, 0x00000000e8000000)
  eden space 87424K,  99% used [0x00000000e0000000, 0x00000000e554eb50, 0x00000000e5560000)
  from space 21824K,  12% used [0x00000000e6ab0000, 0x00000000e6d659c0, 0x00000000e8000000)
  to   space 21824K,   0% used [0x00000000e5560000, 0x00000000e5560000, 0x00000000e6ab0000)
 concurrent mark-sweep generation total 393216K, used 25744K [0x00000000e8000000, 0x0000000100000000, 0x0000000100000000)
 Metaspace       used 40245K, capacity 41206K, committed 41548K, reserved 1085440K
  class space    used 4587K, capacity 4833K, committed 4940K, reserved 1048576K
2017-10-31T08:58:19.238-0700: 15703.469: [GC (Allocation Failure) 2017-10-31T08:58:19.238-0700: 15703.469: [ParNew
Desired survivor size 20112992 bytes, new threshold 8 (max 8)
- age   1:    1727672 bytes,    1727672 total
- age   2:      79856 bytes,    1807528 total
- age   3:       8408 bytes,    1815936 total
- age   4:       8616 bytes,    1824552 total
- age   5:       8064 bytes,    1832616 total
- age   6:       7584 bytes,    1840200 total
- age   7:       7760 bytes,    1847960 total
- age   8:       8592 bytes,    1856552 total
: 90129K->2367K(109248K), 0.0041265 secs] 115874K->28119K(502464K), 0.0042105 secs] [Times: user=0.00 sys=0.00, real=0.01 secs] 
Heap after GC invocations=396 (full 2):
 par new generation   total 109248K, used 2367K [0x00000000e0000000, 0x00000000e8000000, 0x00000000e8000000)
  eden space 87424K,   0% used [0x00000000e0000000, 0x00000000e0000000, 0x00000000e5560000)
  from space 21824K,  10% used [0x00000000e5560000, 0x00000000e57afdf0, 0x00000000e6ab0000)
  to   space 21824K,   0% used [0x00000000e6ab0000, 0x00000000e6ab0000, 0x00000000e8000000)
 concurrent mark-sweep generation total 393216K, used 25752K [0x00000000e8000000, 0x0000000100000000, 0x0000000100000000)
 Metaspace       used 40245K, capacity 41206K, committed 41548K, reserved 1085440K
  class space    used 4587K, capacity 4833K, committed 4940K, reserved 1048576K
}
2017-10-31T08:58:19.243-0700: 15703.473: Total time for which application threads were stopped: 0.0044996 seconds, Stopping threads took: 0.0000298 seconds
2017-10-31T08:58:21.797-0700: 15706.028: Total time for which application threads were stopped: 0.0007219 seconds, Stopping threads took: 0.0001510 seconds
{Heap before GC invocations=396 (full 2):
 par new generation   total 109248K, used 89496K [0x00000000e0000000, 0x00000000e8000000, 0x00000000e8000000)
  eden space 87424K,  99% used [0x00000000e0000000, 0x00000000e5516288, 0x00000000e5560000)
  from space 21824K,  10% used [0x00000000e5560000, 0x00000000e57afdf0, 0x00000000e6ab0000)
  to   space 21824K,   0% used [0x00000000e6ab0000, 0x00000000e6ab0000, 0x00000000e8000000)
 concurrent mark-sweep generation total 393216K, used 25752K [0x00000000e8000000, 0x0000000100000000, 0x0000000100000000)
 Metaspace       used 40245K, capacity 41206K, committed 41548K, reserved 1085440K
  class space    used 4587K, capacity 4833K, committed 4940K, reserved 1048576K
2017-10-31T08:58:23.117-0700: 15707.349: [GC (Allocation Failure) 2017-10-31T08:58:23.117-0700: 15707.349: [ParNew
Desired survivor size 20112992 bytes, new threshold 8 (max 8)
- age   1:    1896088 bytes,    1896088 total
- age   2:       8328 bytes,    1904416 total
- age   3:       7752 bytes,    1912168 total
- age   4:       8408 bytes,    1920576 total
- age   5:       8184 bytes,    1928760 total
- age   6:       7632 bytes,    1936392 total
- age   7:       7584 bytes,    1943976 total
- age   8:       7760 bytes,    1951736 total
: 89496K->2749K(109248K), 0.0067176 secs] 115248K->28510K(502464K), 0.0067921 secs] [Times: user=0.06 sys=0.00, real=0.01 secs] 
Heap after GC invocations=397 (full 2):
 par new generation   total 109248K, used 2749K [0x00000000e0000000, 0x00000000e8000000, 0x00000000e8000000)
  eden space 87424K,   0% used [0x00000000e0000000, 0x00000000e0000000, 0x00000000e5560000)
  from space 21824K,  12% used [0x00000000e6ab0000, 0x00000000e6d5f658, 0x00000000e8000000)
  to   space 21824K,   0% used [0x00000000e5560000, 0x00000000e5560000, 0x00000000e6ab0000)
 concurrent mark-sweep generation total 393216K, used 25760K [0x00000000e8000000, 0x0000000100000000, 0x0000000100000000)
 Metaspace       used 40245K, capacity 41206K, committed 41548K, reserved 1085440K
  class space    used 4587K, capacity 4833K, committed 4940K, reserved 1048576K
}
2017-10-31T08:58:23.125-0700: 15707.355: Total time for which application threads were stopped: 0.0070339 seconds, Stopping threads took: 0.0000230 seconds
2017-10-31T08:58:24.659-0700: 15708.890: Total time for which application threads were stopped: 0.0004036 seconds, Stopping threads took: 0.0000630 seconds
{Heap before GC invocations=397 (full 2):
 par new generation   total 109248K, used 89901K [0x00000000e0000000, 0x00000000e8000000, 0x00000000e8000000)
  eden space 87424K,  99% used [0x00000000e0000000, 0x00000000e551be50, 0x00000000e5560000)
  from space 21824K,  12% used [0x00000000e6ab0000, 0x00000000e6d5f658, 0x00000000e8000000)
  to   space 21824K,   0% used [0x00000000e5560000, 0x00000000e5560000, 0x00000000e6ab0000)
 concurrent mark-sweep generation total 393216K, used 25760K [0x00000000e8000000, 0x0000000100000000, 0x0000000100000000)
 Metaspace       used 40245K, capacity 41206K, committed 41548K, reserved 1085440K
  class space    used 4587K, capacity 4833K, committed 4940K, reserved 1048576K
2017-10-31T08:58:26.323-0700: 15710.554: [GC (Allocation Failure) 2017-10-31T08:58:26.323-0700: 15710.554: [ParNew
Desired survivor size 20112992 bytes, new threshold 8 (max 8)
- age   1:    1984560 bytes,    1984560 total
- age   2:       9224 bytes,    1993784 total
- age   3:       7416 bytes,    2001200 total
- age   4:       7752 bytes,    2008952 total
- age   5:       8120 bytes,    2017072 total
- age   6:       7824 bytes,    2024896 total
- age   7:       7632 bytes,    2032528 total
- age   8:       7584 bytes,    2040112 total
: 89901K->2248K(109248K), 0.0073224 secs] 115661K->28017K(502464K), 0.0074206 secs] [Times: user=0.00 sys=0.00, real=0.01 secs] 
Heap after GC invocations=398 (full 2):
 par new generation   total 109248K, used 2248K [0x00000000e0000000, 0x00000000e8000000, 0x00000000e8000000)
  eden space 87424K,   0% used [0x00000000e0000000, 0x00000000e0000000, 0x00000000e5560000)
  from space 21824K,  10% used [0x00000000e5560000, 0x00000000e5792340, 0x00000000e6ab0000)
  to   space 21824K,   0% used [0x00000000e6ab0000, 0x00000000e6ab0000, 0x00000000e8000000)
 concurrent mark-sweep generation total 393216K, used 25768K [0x00000000e8000000, 0x0000000100000000, 0x0000000100000000)
 Metaspace       used 40245K, capacity 41206K, committed 41548K, reserved 1085440K
  class space    used 4587K, capacity 4833K, committed 4940K, reserved 1048576K
}
2017-10-31T08:58:26.331-0700: 15710.562: Total time for which application threads were stopped: 0.0076936 seconds, Stopping threads took: 0.0000217 seconds
2017-10-31T08:58:27.350-0700: 15711.581: Total time for which application threads were stopped: 0.0002682 seconds, Stopping threads took: 0.0000352 seconds
{Heap before GC invocations=398 (full 2):
 par new generation   total 109248K, used 89455K [0x00000000e0000000, 0x00000000e8000000, 0x00000000e8000000)
  eden space 87424K,  99% used [0x00000000e0000000, 0x00000000e55299b8, 0x00000000e5560000)
  from space 21824K,  10% used [0x00000000e5560000, 0x00000000e5792340, 0x00000000e6ab0000)
  to   space 21824K,   0% used [0x00000000e6ab0000, 0x00000000e6ab0000, 0x00000000e8000000)
 concurrent mark-sweep generation total 393216K, used 25768K [0x00000000e8000000, 0x0000000100000000, 0x0000000100000000)
 Metaspace       used 40245K, capacity 41206K, committed 41548K, reserved 1085440K
  class space    used 4587K, capacity 4833K, committed 4940K, reserved 1048576K
2017-10-31T08:58:29.636-0700: 15713.866: [GC (Allocation Failure) 2017-10-31T08:58:29.636-0700: 15713.866: [ParNew
Desired survivor size 20112992 bytes, new threshold 8 (max 8)
- age   1:    2071520 bytes,    2071520 total
- age   2:       9024 bytes,    2080544 total
- age   3:       8280 bytes,    2088824 total
- age   4:       7416 bytes,    2096240 total
- age   5:       7536 bytes,    2103776 total
- age   6:       7616 bytes,    2111392 total
- age   7:       7824 bytes,    2119216 total
- age   8:       7632 bytes,    2126848 total
: 89455K->3017K(109248K), 0.0056909 secs] 115223K->28793K(502464K), 0.0057763 secs] [Times: user=0.00 sys=0.00, real=0.01 secs] 
Heap after GC invocations=399 (full 2):
 par new generation   total 109248K, used 3017K [0x00000000e0000000, 0x00000000e8000000, 0x00000000e8000000)
  eden space 87424K,   0% used [0x00000000e0000000, 0x00000000e0000000, 0x00000000e5560000)
  from space 21824K,  13% used [0x00000000e6ab0000, 0x00000000e6da2690, 0x00000000e8000000)
  to   space 21824K,   0% used [0x00000000e5560000, 0x00000000e5560000, 0x00000000e6ab0000)
 concurrent mark-sweep generation total 393216K, used 25775K [0x00000000e8000000, 0x0000000100000000, 0x0000000100000000)
 Metaspace       used 40245K, capacity 41206K, committed 41548K, reserved 1085440K
  class space    used 4587K, capacity 4833K, committed 4940K, reserved 1048576K
}
2017-10-31T08:58:29.641-0700: 15713.872: Total time for which application threads were stopped: 0.0060268 seconds, Stopping threads took: 0.0000305 seconds
2017-10-31T08:58:30.130-0700: 15714.362: Total time for which application threads were stopped: 0.0002289 seconds, Stopping threads took: 0.0000318 seconds
2017-10-31T08:58:33.205-0700: 15717.435: Total time for which application threads were stopped: 0.0002648 seconds, Stopping threads took: 0.0000271 seconds
{Heap before GC invocations=399 (full 2):
 par new generation   total 109248K, used 90091K [0x00000000e0000000, 0x00000000e8000000, 0x00000000e8000000)
  eden space 87424K,  99% used [0x00000000e0000000, 0x00000000e55087c0, 0x00000000e5560000)
  from space 21824K,  13% used [0x00000000e6ab0000, 0x00000000e6da2690, 0x00000000e8000000)
  to   space 21824K,   0% used [0x00000000e5560000, 0x00000000e5560000, 0x00000000e6ab0000)
 concurrent mark-sweep generation total 393216K, used 25775K [0x00000000e8000000, 0x0000000100000000, 0x0000000100000000)
 Metaspace       used 40245K, capacity 41206K, committed 41548K, reserved 1085440K
  class space    used 4587K, capacity 4833K, committed 4940K, reserved 1048576K
2017-10-31T08:58:33.230-0700: 15717.460: [GC (Allocation Failure) 2017-10-31T08:58:33.230-0700: 15717.461: [ParNew
Desired survivor size 20112992 bytes, new threshold 8 (max 8)
- age   1:    2712232 bytes,    2712232 total
- age   2:      10624 bytes,    2722856 total
- age   3:       8112 bytes,    2730968 total
- age   4:       8256 bytes,    2739224 total
- age   5:       6984 bytes,    2746208 total
- age   6:       7032 bytes,    2753240 total
- age   7:       7616 bytes,    2760856 total
- age   8:       7824 bytes,    2768680 total
: 90091K->3079K(109248K), 0.0044231 secs] 115867K->28862K(502464K), 0.0045159 secs] [Times: user=0.00 sys=0.00, real=0.00 secs] 
Heap after GC invocations=400 (full 2):
 par new generation   total 109248K, used 3079K [0x00000000e0000000, 0x00000000e8000000, 0x00000000e8000000)
  eden space 87424K,   0% used [0x00000000e0000000, 0x00000000e0000000, 0x00000000e5560000)
  from space 21824K,  14% used [0x00000000e5560000, 0x00000000e5861de8, 0x00000000e6ab0000)
  to   space 21824K,   0% used [0x00000000e6ab0000, 0x00000000e6ab0000, 0x00000000e8000000)
 concurrent mark-sweep generation total 393216K, used 25783K [0x00000000e8000000, 0x0000000100000000, 0x0000000100000000)
 Metaspace       used 40245K, capacity 41206K, committed 41548K, reserved 1085440K
  class space    used 4587K, capacity 4833K, committed 4940K, reserved 1048576K
}
2017-10-31T08:58:33.235-0700: 15717.465: Total time for which application threads were stopped: 0.0049006 seconds, Stopping threads took: 0.0000698 seconds
2017-10-31T08:58:36.229-0700: 15720.460: Total time for which application threads were stopped: 0.0006407 seconds, Stopping threads took: 0.0000765 seconds
{Heap before GC invocations=400 (full 2):
 par new generation   total 109248K, used 90503K [0x00000000e0000000, 0x00000000e8000000, 0x00000000e8000000)
  eden space 87424K, 100% used [0x00000000e0000000, 0x00000000e5560000, 0x00000000e5560000)
  from space 21824K,  14% used [0x00000000e5560000, 0x00000000e5861de8, 0x00000000e6ab0000)
  to   space 21824K,   0% used [0x00000000e6ab0000, 0x00000000e6ab0000, 0x00000000e8000000)
 concurrent mark-sweep generation total 393216K, used 25783K [0x00000000e8000000, 0x0000000100000000, 0x0000000100000000)
 Metaspace       used 40245K, capacity 41206K, committed 41548K, reserved 1085440K
  class space    used 4587K, capacity 4833K, committed 4940K, reserved 1048576K
2017-10-31T08:58:36.302-0700: 15720.532: [GC (Allocation Failure) 2017-10-31T08:58:36.302-0700: 15720.532: [ParNew
Desired survivor size 20112992 bytes, new threshold 8 (max 8)
- age   1:    2310528 bytes,    2310528 total
- age   2:     480656 bytes,    2791184 total
- age   3:       9712 bytes,    2800896 total
- age   4:       8112 bytes,    2809008 total
- age   5:       7824 bytes,    2816832 total
- age   6:       6696 bytes,    2823528 total
- age   7:       7032 bytes,    2830560 total
- age   8:       7616 bytes,    2838176 total
: 90503K->3511K(109248K), 0.0046378 secs] 116286K->29302K(502464K), 0.0047644 secs] [Times: user=0.02 sys=0.00, real=0.00 secs] 
Heap after GC invocations=401 (full 2):
 par new generation   total 109248K, used 3511K [0x00000000e0000000, 0x00000000e8000000, 0x00000000e8000000)
  eden space 87424K,   0% used [0x00000000e0000000, 0x00000000e0000000, 0x00000000e5560000)
  from space 21824K,  16% used [0x00000000e6ab0000, 0x00000000e6e1dcc0, 0x00000000e8000000)
  to   space 21824K,   0% used [0x00000000e5560000, 0x00000000e5560000, 0x00000000e6ab0000)
 concurrent mark-sweep generation total 393216K, used 25790K [0x00000000e8000000, 0x0000000100000000, 0x0000000100000000)
 Metaspace       used 40245K, capacity 41206K, committed 41548K, reserved 1085440K
  class space    used 4587K, capacity 4833K, committed 4940K, reserved 1048576K
}
2017-10-31T08:58:36.307-0700: 15720.537: Total time for which application threads were stopped: 0.0051681 seconds, Stopping threads took: 0.0000325 seconds
2017-10-31T08:58:39.190-0700: 15723.421: Total time for which application threads were stopped: 0.0002316 seconds, Stopping threads took: 0.0000291 seconds
{Heap before GC invocations=401 (full 2):
 par new generation   total 109248K, used 90915K [0x00000000e0000000, 0x00000000e8000000, 0x00000000e8000000)
  eden space 87424K,  99% used [0x00000000e0000000, 0x00000000e555aff0, 0x00000000e5560000)
  from space 21824K,  16% used [0x00000000e6ab0000, 0x00000000e6e1dcc0, 0x00000000e8000000)
  to   space 21824K,   0% used [0x00000000e5560000, 0x00000000e5560000, 0x00000000e6ab0000)
 concurrent mark-sweep generation total 393216K, used 25790K [0x00000000e8000000, 0x0000000100000000, 0x0000000100000000)
 Metaspace       used 40245K, capacity 41206K, committed 41548K, reserved 1085440K
  class space    used 4587K, capacity 4833K, committed 4940K, reserved 1048576K
2017-10-31T08:58:39.472-0700: 15723.703: [GC (Allocation Failure) 2017-10-31T08:58:39.472-0700: 15723.703: [ParNew
Desired survivor size 20112992 bytes, new threshold 8 (max 8)
- age   1:    1992720 bytes,    1992720 total
- age   2:      78896 bytes,    2071616 total
- age   3:       8304 bytes,    2079920 total
- age   4:       9712 bytes,    2089632 total
- age   5:       7752 bytes,    2097384 total
- age   6:       7464 bytes,    2104848 total
- age   7:       6696 bytes,    2111544 total
- age   8:       7032 bytes,    2118576 total
: 90915K->2553K(109248K), 0.0046155 secs] 116706K->28352K(502464K), 0.0047177 secs] [Times: user=0.00 sys=0.00, real=0.01 secs] 
Heap after GC invocations=402 (full 2):
 par new generation   total 109248K, used 2553K [0x00000000e0000000, 0x00000000e8000000, 0x00000000e8000000)
  eden space 87424K,   0% used [0x00000000e0000000, 0x00000000e0000000, 0x00000000e5560000)
  from space 21824K,  11% used [0x00000000e5560000, 0x00000000e57de720, 0x00000000e6ab0000)
  to   space 21824K,   0% used [0x00000000e6ab0000, 0x00000000e6ab0000, 0x00000000e8000000)
 concurrent mark-sweep generation total 393216K, used 25798K [0x00000000e8000000, 0x0000000100000000, 0x0000000100000000)
 Metaspace       used 40245K, capacity 41206K, committed 41548K, reserved 1085440K
  class space    used 4587K, capacity 4833K, committed 4940K, reserved 1048576K
}
2017-10-31T08:58:39.477-0700: 15723.707: Total time for which application threads were stopped: 0.0050062 seconds, Stopping threads took: 0.0000386 seconds
2017-10-31T08:58:41.808-0700: 15726.038: Total time for which application threads were stopped: 0.0002411 seconds, Stopping threads took: 0.0000339 seconds
{Heap before GC invocations=402 (full 2):
 par new generation   total 109248K, used 89896K [0x00000000e0000000, 0x00000000e8000000, 0x00000000e8000000)
  eden space 87424K,  99% used [0x00000000e0000000, 0x00000000e554b9d0, 0x00000000e5560000)
  from space 21824K,  11% used [0x00000000e5560000, 0x00000000e57de720, 0x00000000e6ab0000)
  to   space 21824K,   0% used [0x00000000e6ab0000, 0x00000000e6ab0000, 0x00000000e8000000)
 concurrent mark-sweep generation total 393216K, used 25798K [0x00000000e8000000, 0x0000000100000000, 0x0000000100000000)
 Metaspace       used 40245K, capacity 41206K, committed 41548K, reserved 1085440K
  class space    used 4587K, capacity 4833K, committed 4940K, reserved 1048576K
2017-10-31T08:58:43.186-0700: 15727.417: [GC (Allocation Failure) 2017-10-31T08:58:43.186-0700: 15727.417: [ParNew
Desired survivor size 20112992 bytes, new threshold 8 (max 8)
- age   1:    2036392 bytes,    2036392 total
- age   2:       8856 bytes,    2045248 total
- age   3:       6792 bytes,    2052040 total
- age   4:       8304 bytes,    2060344 total
- age   5:       9352 bytes,    2069696 total
- age   6:       7320 bytes,    2077016 total
- age   7:       7464 bytes,    2084480 total
- age   8:       6696 bytes,    2091176 total
: 89896K->2712K(109248K), 0.0045938 secs] 115694K->28518K(502464K), 0.0046933 secs] [Times: user=0.00 sys=0.00, real=0.00 secs] 
Heap after GC invocations=403 (full 2):
 par new generation   total 109248K, used 2712K [0x00000000e0000000, 0x00000000e8000000, 0x00000000e8000000)
  eden space 87424K,   0% used [0x00000000e0000000, 0x00000000e0000000, 0x00000000e5560000)
  from space 21824K,  12% used [0x00000000e6ab0000, 0x00000000e6d563d0, 0x00000000e8000000)
  to   space 21824K,   0% used [0x00000000e5560000, 0x00000000e5560000, 0x00000000e6ab0000)
 concurrent mark-sweep generation total 393216K, used 25805K [0x00000000e8000000, 0x0000000100000000, 0x0000000100000000)
 Metaspace       used 40245K, capacity 41206K, committed 41548K, reserved 1085440K
  class space    used 4587K, capacity 4833K, committed 4940K, reserved 1048576K
}
2017-10-31T08:58:43.191-0700: 15727.422: Total time for which application threads were stopped: 0.0049690 seconds, Stopping threads took: 0.0000217 seconds
2017-10-31T08:58:44.730-0700: 15728.960: Total time for which application threads were stopped: 0.0002797 seconds, Stopping threads took: 0.0000298 seconds
{Heap before GC invocations=403 (full 2):
 par new generation   total 109248K, used 89723K [0x00000000e0000000, 0x00000000e8000000, 0x00000000e8000000)
  eden space 87424K,  99% used [0x00000000e0000000, 0x00000000e54f8bf0, 0x00000000e5560000)
  from space 21824K,  12% used [0x00000000e6ab0000, 0x00000000e6d563d0, 0x00000000e8000000)
  to   space 21824K,   0% used [0x00000000e5560000, 0x00000000e5560000, 0x00000000e6ab0000)
 concurrent mark-sweep generation total 393216K, used 25805K [0x00000000e8000000, 0x0000000100000000, 0x0000000100000000)
 Metaspace       used 40245K, capacity 41206K, committed 41548K, reserved 1085440K
  class space    used 4587K, capacity 4833K, committed 4940K, reserved 1048576K
2017-10-31T08:58:46.289-0700: 15730.520: [GC (Allocation Failure) 2017-10-31T08:58:46.289-0700: 15730.520: [ParNew
Desired survivor size 20112992 bytes, new threshold 8 (max 8)
- age   1:    2162064 bytes,    2162064 total
- age   2:       8968 bytes,    2171032 total
- age   3:       7944 bytes,    2178976 total
- age   4:       6792 bytes,    2185768 total
- age   5:       8016 bytes,    2193784 total
- age   6:       8920 bytes,    2202704 total
- age   7:       7320 bytes,    2210024 total
- age   8:       7464 bytes,    2217488 total
: 89723K->2548K(109248K), 0.0061576 secs] 115529K->28360K(502464K), 0.0062429 secs] [Times: user=0.06 sys=0.00, real=0.01 secs] 
Heap after GC invocations=404 (full 2):
 par new generation   total 109248K, used 2548K [0x00000000e0000000, 0x00000000e8000000, 0x00000000e8000000)
  eden space 87424K,   0% used [0x00000000e0000000, 0x00000000e0000000, 0x00000000e5560000)
  from space 21824K,  11% used [0x00000000e5560000, 0x00000000e57dd310, 0x00000000e6ab0000)
  to   space 21824K,   0% used [0x00000000e6ab0000, 0x00000000e6ab0000, 0x00000000e8000000)
 concurrent mark-sweep generation total 393216K, used 25811K [0x00000000e8000000, 0x0000000100000000, 0x0000000100000000)
 Metaspace       used 40245K, capacity 41206K, committed 41548K, reserved 1085440K
  class space    used 4587K, capacity 4833K, committed 4940K, reserved 1048576K
}
2017-10-31T08:58:46.296-0700: 15730.527: Total time for which application threads were stopped: 0.0064894 seconds, Stopping threads took: 0.0000223 seconds
2017-10-31T08:58:47.331-0700: 15731.562: Total time for which application threads were stopped: 0.0002966 seconds, Stopping threads took: 0.0000488 seconds
{Heap before GC invocations=404 (full 2):
 par new generation   total 109248K, used 89972K [0x00000000e0000000, 0x00000000e8000000, 0x00000000e8000000)
  eden space 87424K, 100% used [0x00000000e0000000, 0x00000000e5560000, 0x00000000e5560000)
  from space 21824K,  11% used [0x00000000e5560000, 0x00000000e57dd310, 0x00000000e6ab0000)
  to   space 21824K,   0% used [0x00000000e6ab0000, 0x00000000e6ab0000, 0x00000000e8000000)
 concurrent mark-sweep generation total 393216K, used 25811K [0x00000000e8000000, 0x0000000100000000, 0x0000000100000000)
 Metaspace       used 40245K, capacity 41206K, committed 41548K, reserved 1085440K
  class space    used 4587K, capacity 4833K, committed 4940K, reserved 1048576K
2017-10-31T08:58:49.633-0700: 15733.863: [GC (Allocation Failure) 2017-10-31T08:58:49.633-0700: 15733.863: [ParNew
Desired survivor size 20112992 bytes, new threshold 8 (max 8)
- age   1:    2048872 bytes,    2048872 total
- age   2:       9504 bytes,    2058376 total
- age   3:       8056 bytes,    2066432 total
- age   4:       7944 bytes,    2074376 total
- age   5:       6576 bytes,    2080952 total
- age   6:       7512 bytes,    2088464 total
- age   7:       8920 bytes,    2097384 total
- age   8:       7320 bytes,    2104704 total
: 89972K->2912K(109248K), 0.0068423 secs] 115784K->28731K(502464K), 0.0069154 secs] [Times: user=0.06 sys=0.00, real=0.01 secs] 
Heap after GC invocations=405 (full 2):
 par new generation   total 109248K, used 2912K [0x00000000e0000000, 0x00000000e8000000, 0x00000000e8000000)
  eden space 87424K,   0% used [0x00000000e0000000, 0x00000000e0000000, 0x00000000e5560000)
  from space 21824K,  13% used [0x00000000e6ab0000, 0x00000000e6d880e8, 0x00000000e8000000)
  to   space 21824K,   0% used [0x00000000e5560000, 0x00000000e5560000, 0x00000000e6ab0000)
 concurrent mark-sweep generation total 393216K, used 25818K [0x00000000e8000000, 0x0000000100000000, 0x0000000100000000)
 Metaspace       used 40245K, capacity 41206K, committed 41548K, reserved 1085440K
  class space    used 4587K, capacity 4833K, committed 4940K, reserved 1048576K
}
2017-10-31T08:58:49.639-0700: 15733.870: Total time for which application threads were stopped: 0.0072208 seconds, Stopping threads took: 0.0000223 seconds
2017-10-31T08:58:50.149-0700: 15734.380: Total time for which application threads were stopped: 0.0001890 seconds, Stopping threads took: 0.0000305 seconds
{Heap before GC invocations=405 (full 2):
 par new generation   total 109248K, used 89830K [0x00000000e0000000, 0x00000000e8000000, 0x00000000e8000000)
  eden space 87424K,  99% used [0x00000000e0000000, 0x00000000e54e1860, 0x00000000e5560000)
  from space 21824K,  13% used [0x00000000e6ab0000, 0x00000000e6d880e8, 0x00000000e8000000)
  to   space 21824K,   0% used [0x00000000e5560000, 0x00000000e5560000, 0x00000000e6ab0000)
 concurrent mark-sweep generation total 393216K, used 25818K [0x00000000e8000000, 0x0000000100000000, 0x0000000100000000)
 Metaspace       used 40245K, capacity 41206K, committed 41548K, reserved 1085440K
  class space    used 4587K, capacity 4833K, committed 4940K, reserved 1048576K
2017-10-31T08:58:52.462-0700: 15736.693: [GC (Allocation Failure) 2017-10-31T08:58:52.462-0700: 15736.693: [ParNew
Desired survivor size 20112992 bytes, new threshold 8 (max 8)
- age   1:    2122408 bytes,    2122408 total
- age   2:       9760 bytes,    2132168 total
- age   3:       8592 bytes,    2140760 total
- age   4:       8016 bytes,    2148776 total
- age   5:       7800 bytes,    2156576 total
- age   6:       6144 bytes,    2162720 total
- age   7:       7512 bytes,    2170232 total
- age   8:       8920 bytes,    2179152 total
: 89830K->2528K(109248K), 0.0045694 secs] 115649K->28354K(502464K), 0.0046581 secs] [Times: user=0.06 sys=0.00, real=0.01 secs] 
Heap after GC invocations=406 (full 2):
 par new generation   total 109248K, used 2528K [0x00000000e0000000, 0x00000000e8000000, 0x00000000e8000000)
  eden space 87424K,   0% used [0x00000000e0000000, 0x00000000e0000000, 0x00000000e5560000)
  from space 21824K,  11% used [0x00000000e5560000, 0x00000000e57d8378, 0x00000000e6ab0000)
  to   space 21824K,   0% used [0x00000000e6ab0000, 0x00000000e6ab0000, 0x00000000e8000000)
 concurrent mark-sweep generation total 393216K, used 25826K [0x00000000e8000000, 0x0000000100000000, 0x0000000100000000)
 Metaspace       used 40245K, capacity 41206K, committed 41548K, reserved 1085440K
  class space    used 4587K, capacity 4833K, committed 4940K, reserved 1048576K
}
2017-10-31T08:58:52.467-0700: 15736.698: Total time for which application threads were stopped: 0.0049256 seconds, Stopping threads took: 0.0000264 seconds
2017-10-31T08:58:52.668-0700: 15736.899: Total time for which application threads were stopped: 0.0002343 seconds, Stopping threads took: 0.0000284 seconds
2017-10-31T08:58:55.484-0700: 15739.714: Total time for which application threads were stopped: 0.0002303 seconds, Stopping threads took: 0.0000284 seconds
{Heap before GC invocations=406 (full 2):
 par new generation   total 109248K, used 89952K [0x00000000e0000000, 0x00000000e8000000, 0x00000000e8000000)
  eden space 87424K, 100% used [0x00000000e0000000, 0x00000000e5560000, 0x00000000e5560000)
  from space 21824K,  11% used [0x00000000e5560000, 0x00000000e57d8378, 0x00000000e6ab0000)
  to   space 21824K,   0% used [0x00000000e6ab0000, 0x00000000e6ab0000, 0x00000000e8000000)
 concurrent mark-sweep generation total 393216K, used 25826K [0x00000000e8000000, 0x0000000100000000, 0x0000000100000000)
 Metaspace       used 40245K, capacity 41206K, committed 41548K, reserved 1085440K
  class space    used 4587K, capacity 4833K, committed 4940K, reserved 1048576K
2017-10-31T08:58:55.512-0700: 15739.742: [GC (Allocation Failure) 2017-10-31T08:58:55.512-0700: 15739.742: [ParNew
Desired survivor size 20112992 bytes, new threshold 8 (max 8)
- age   1:    2695552 bytes,    2695552 total
- age   2:      75672 bytes,    2771224 total
- age   3:       8592 bytes,    2779816 total
- age   4:       8592 bytes,    2788408 total
- age   5:       7800 bytes,    2796208 total
- age   6:       7224 bytes,    2803432 total
- age   7:       6144 bytes,    2809576 total
- age   8:       7512 bytes,    2817088 total
: 89952K->3164K(109248K), 0.0056354 secs] 115778K->28999K(502464K), 0.0057255 secs] [Times: user=0.00 sys=0.00, real=0.01 secs] 
Heap after GC invocations=407 (full 2):
 par new generation   total 109248K, used 3164K [0x00000000e0000000, 0x00000000e8000000, 0x00000000e8000000)
  eden space 87424K,   0% used [0x00000000e0000000, 0x00000000e0000000, 0x00000000e5560000)
  from space 21824K,  14% used [0x00000000e6ab0000, 0x00000000e6dc7340, 0x00000000e8000000)
  to   space 21824K,   0% used [0x00000000e5560000, 0x00000000e5560000, 0x00000000e6ab0000)
 concurrent mark-sweep generation total 393216K, used 25834K [0x00000000e8000000, 0x0000000100000000, 0x0000000100000000)
 Metaspace       used 40245K, capacity 41206K, committed 41548K, reserved 1085440K
  class space    used 4587K, capacity 4833K, committed 4940K, reserved 1048576K
}
2017-10-31T08:58:55.518-0700: 15739.748: Total time for which application threads were stopped: 0.0060404 seconds, Stopping threads took: 0.0000345 seconds
2017-10-31T08:58:58.141-0700: 15742.371: Total time for which application threads were stopped: 0.0002411 seconds, Stopping threads took: 0.0000312 seconds
{Heap before GC invocations=407 (full 2):
 par new generation   total 109248K, used 90223K [0x00000000e0000000, 0x00000000e8000000, 0x00000000e8000000)
  eden space 87424K,  99% used [0x00000000e0000000, 0x00000000e5504a20, 0x00000000e5560000)
  from space 21824K,  14% used [0x00000000e6ab0000, 0x00000000e6dc7340, 0x00000000e8000000)
  to   space 21824K,   0% used [0x00000000e5560000, 0x00000000e5560000, 0x00000000e6ab0000)
 concurrent mark-sweep generation total 393216K, used 25834K [0x00000000e8000000, 0x0000000100000000, 0x0000000100000000)
 Metaspace       used 40245K, capacity 41206K, committed 41548K, reserved 1085440K
  class space    used 4587K, capacity 4833K, committed 4940K, reserved 1048576K
2017-10-31T08:58:58.205-0700: 15742.435: [GC (Allocation Failure) 2017-10-31T08:58:58.205-0700: 15742.436: [ParNew
Desired survivor size 20112992 bytes, new threshold 8 (max 8)
- age   1:    2518616 bytes,    2518616 total
- age   2:     596216 bytes,    3114832 total
- age   3:       7680 bytes,    3122512 total
- age   4:       8592 bytes,    3131104 total
- age   5:       8592 bytes,    3139696 total
- age   6:       7224 bytes,    3146920 total
- age   7:       7224 bytes,    3154144 total
- age   8:       6144 bytes,    3160288 total
: 90223K->3710K(109248K), 0.0043385 secs] 116058K->29553K(502464K), 0.0044407 secs] [Times: user=0.00 sys=0.00, real=0.00 secs] 
Heap after GC invocations=408 (full 2):
 par new generation   total 109248K, used 3710K [0x00000000e0000000, 0x00000000e8000000, 0x00000000e8000000)
  eden space 87424K,   0% used [0x00000000e0000000, 0x00000000e0000000, 0x00000000e5560000)
  from space 21824K,  17% used [0x00000000e5560000, 0x00000000e58ffbe0, 0x00000000e6ab0000)
  to   space 21824K,   0% used [0x00000000e6ab0000, 0x00000000e6ab0000, 0x00000000e8000000)
 concurrent mark-sweep generation total 393216K, used 25842K [0x00000000e8000000, 0x0000000100000000, 0x0000000100000000)
 Metaspace       used 40245K, capacity 41206K, committed 41548K, reserved 1085440K
  class space    used 4587K, capacity 4833K, committed 4940K, reserved 1048576K
}
2017-10-31T08:58:58.209-0700: 15742.440: Total time for which application threads were stopped: 0.0048031 seconds, Stopping threads took: 0.0000393 seconds
2017-10-31T08:59:00.860-0700: 15745.091: Total time for which application threads were stopped: 0.0003000 seconds, Stopping threads took: 0.0000400 seconds
{Heap before GC invocations=408 (full 2):
 par new generation   total 109248K, used 90676K [0x00000000e0000000, 0x00000000e8000000, 0x00000000e8000000)
  eden space 87424K,  99% used [0x00000000e0000000, 0x00000000e54ed770, 0x00000000e5560000)
  from space 21824K,  17% used [0x00000000e5560000, 0x00000000e58ffbe0, 0x00000000e6ab0000)
  to   space 21824K,   0% used [0x00000000e6ab0000, 0x00000000e6ab0000, 0x00000000e8000000)
 concurrent mark-sweep generation total 393216K, used 25842K [0x00000000e8000000, 0x0000000100000000, 0x0000000100000000)
 Metaspace       used 40245K, capacity 41206K, committed 41548K, reserved 1085440K
  class space    used 4587K, capacity 4833K, committed 4940K, reserved 1048576K
2017-10-31T08:59:01.152-0700: 15745.383: [GC (Allocation Failure) 2017-10-31T08:59:01.152-0700: 15745.383: [ParNew
Desired survivor size 20112992 bytes, new threshold 8 (max 8)
- age   1:    1970016 bytes,    1970016 total
- age   2:      82808 bytes,    2052824 total
- age   3:       9640 bytes,    2062464 total
- age   4:       7680 bytes,    2070144 total
- age   5:       8592 bytes,    2078736 total
- age   6:       7872 bytes,    2086608 total
- age   7:       7224 bytes,    2093832 total
- age   8:       7224 bytes,    2101056 total
: 90676K->4010K(109248K), 0.0066425 secs] 116518K->29858K(502464K), 0.0067291 secs] [Times: user=0.00 sys=0.00, real=0.01 secs] 
